2026-03-26 12:24:32,093 - root - ERROR - NaN value detected in oversampled model function.
2026-03-26 12:24:32,095 - root - ERROR - <ParameterSet (values: 17)>
    cont_intercept  =  6563.345574586403
    cont_slope      =  4.390641001106201
    iod_depth       =  0.7699880563759115
    lsf_left_1      =  6.664605788142059
    lsf_left_2      =  -14.256025991338873
    lsf_left_3      =  1.997627046879388
    lsf_left_4      =  -3.8727655254456845
    lsf_left_5      =  0.5967447666436166
    lsf_right1      =  2.4366714799686005
    lsf_right2      =  -18.983092717907656
    lsf_right3      =  1.9681929901344684
    lsf_right4      =  -3.6752596944061406
    lsf_right5      =  0.5975040877735049
    tem_depth       =  0.9157071879941433
    velocity        =  -2615.429352658531
    wave_intercept  =  5127.955384998113
    wave_slope      =  0.015555228439190612
2026-03-26 12:24:32,096 - root - ERROR - Evaluated LSF:
2026-03-26 12:24:32,097 - root - ERROR - [nan nan nan nan nan nan nan nan nan nan nan nan nan nan nan nan nan nan
 nan nan nan nan nan nan nan nan nan nan nan nan nan nan nan nan nan nan
 nan nan nan nan nan nan nan nan nan nan nan nan nan nan nan nan nan nan
 nan nan nan nan nan nan nan nan nan nan nan nan nan nan nan nan nan nan
 nan]
2026-03-26 12:24:34,579 - root - ERROR - NaN value detected in oversampled model function.
2026-03-26 12:24:34,582 - root - ERROR - <ParameterSet (values: 17)>
    cont_intercept  =  7344.226321243939
    cont_slope      =  -1.9686103788662384
    iod_depth       =  0.7536857893123862
    lsf_left_1      =  4.336172592467518
    lsf_left_2      =  -17.482373494005845
    lsf_left_3      =  10.32540133492579
    lsf_left_4      =  -3.9696424936482826
    lsf_left_5      =  1.1398179356966367
    lsf_right1      =  5.5118987836714695
    lsf_right2      =  -18.328258079916644
    lsf_right3      =  3.954694477355764
    lsf_right4      =  -3.654354161798368
    lsf_right5      =  0.8432889565439384
    tem_depth       =  0.9614161803988444
    velocity        =  -2479.761131262331
    wave_intercept  =  5162.815215038124
    wave_slope      =  0.012776602101923546
2026-03-26 12:24:34,584 - root - ERROR - Evaluated LSF:
2026-03-26 12:24:34,586 - root - ERROR - [nan nan nan nan nan nan nan nan nan nan nan nan nan nan nan nan nan nan
 nan nan nan nan nan nan nan nan nan nan nan nan nan nan nan nan nan nan
 nan nan nan nan nan nan nan nan nan nan nan nan nan nan nan nan nan nan
 nan nan nan nan nan nan nan nan nan nan nan nan nan nan nan nan nan nan
 nan]
2026-03-26 12:24:35,212 - root - ERROR - Chunk 29: No Data! Returning LmfitResult with None.
2026-03-26 12:24:35,571 - root - ERROR - Chunk 32: No Data! Returning LmfitResult with None.
2026-03-26 12:24:37,266 - root - ERROR - NaN value detected in oversampled model function.
2026-03-26 12:24:37,268 - root - ERROR - <ParameterSet (values: 17)>
    cont_intercept  =  9289.569654121002
    cont_slope      =  -0.761858108230578
    iod_depth       =  0.8252389554726239
    lsf_left_1      =  4.4509695040396835
    lsf_left_2      =  -16.20124847717755
    lsf_left_3      =  7.2825026006011955
    lsf_left_4      =  -2.138751004678303
    lsf_left_5      =  0.1498006087050666
    lsf_right1      =  8.109884024079442
    lsf_right2      =  -16.95030861799086
    lsf_right3      =  3.315372056948483
    lsf_right4      =  -2.062513467508661
    lsf_right5      =  1.0280782384599532
    tem_depth       =  0.9989546103890892
    velocity        =  -2414.431136549101
    wave_intercept  =  5196.19704240996
    wave_slope      =  0.013725995049873698
2026-03-26 12:24:37,269 - root - ERROR - Evaluated LSF:
2026-03-26 12:24:37,270 - root - ERROR - [nan nan nan nan nan nan nan nan nan nan nan nan nan nan nan nan nan nan
 nan nan nan nan nan nan nan nan nan nan nan nan nan nan nan nan nan nan
 nan nan nan nan nan nan nan nan nan nan nan nan nan nan nan nan nan nan
 nan nan nan nan nan nan nan nan nan nan nan nan nan nan nan nan nan nan
 nan]
2026-03-26 12:24:37,810 - root - ERROR - Chunk 47: No Data! Returning LmfitResult with None.
2026-03-26 12:24:42,266 - root - ERROR - NaN value detected in oversampled model function.
2026-03-26 12:24:42,267 - root - ERROR - <ParameterSet (values: 17)>
    cont_intercept  =  4855.973817360406
    cont_slope      =  8.331866970968903
    iod_depth       =  0.9133205284754914
    lsf_left_1      =  3.0175805431947205
    lsf_left_2      =  -17.79140303263248
    lsf_left_3      =  3.088486588976443
    lsf_left_4      =  -1.4867123682518346
    lsf_left_5      =  0.6190417857516048
    lsf_right1      =  4.740882774083118
    lsf_right2      =  -11.319396520324561
    lsf_right3      =  1.1678878246153153
    lsf_right4      =  -3.7506683003948647
    lsf_right5      =  1.1869315067630226
    tem_depth       =  1.1671235290447726
    velocity        =  -1658.2867979733871
    wave_intercept  =  5249.970182064252
    wave_slope      =  0.01664927299658284
2026-03-26 12:24:42,269 - root - ERROR - Evaluated LSF:
2026-03-26 12:24:42,270 - root - ERROR - [nan nan nan nan nan nan nan nan nan nan nan nan nan nan nan nan nan nan
 nan nan nan nan nan nan nan nan nan nan nan nan nan nan nan nan nan nan
 nan nan nan nan nan nan nan nan nan nan nan nan nan nan nan nan nan nan
 nan nan nan nan nan nan nan nan nan nan nan nan nan nan nan nan nan nan
 nan]
2026-03-26 12:24:42,997 - root - ERROR - NaN value detected in oversampled model function.
2026-03-26 12:24:43,000 - root - ERROR - <ParameterSet (values: 17)>
    cont_intercept  =  8851.22749270795
    cont_slope      =  4.856710140052006
    iod_depth       =  0.8988263989583761
    lsf_left_1      =  4.122149876861313
    lsf_left_2      =  -13.463683238624842
    lsf_left_3      =  1.561195605250736
    lsf_left_4      =  -0.6835197240039368
    lsf_left_5      =  0.19766473307900226
    lsf_right1      =  4.221616376174962
    lsf_right2      =  -14.886406023429425
    lsf_right3      =  6.6498466287700975
    lsf_right4      =  -1.987855587333855
    lsf_right5      =  0.16652440672264104
    tem_depth       =  0.8065740804510049
    velocity        =  -3101.099984452519
    wave_intercept  =  5260.5780164083135
    wave_slope      =  0.015905682687055632
2026-03-26 12:24:43,001 - root - ERROR - Evaluated LSF:
2026-03-26 12:24:43,002 - root - ERROR - [nan nan nan nan nan nan nan nan nan nan nan nan nan nan nan nan nan nan
 nan nan nan nan nan nan nan nan nan nan nan nan nan nan nan nan nan nan
 nan nan nan nan nan nan nan nan nan nan nan nan nan nan nan nan nan nan
 nan nan nan nan nan nan nan nan nan nan nan nan nan nan nan nan nan nan
 nan]
2026-03-26 12:24:43,588 - root - ERROR - NaN value detected in oversampled model function.
2026-03-26 12:24:43,589 - root - ERROR - <ParameterSet (values: 17)>
    cont_intercept  =  10792.689638658407
    cont_slope      =  -1.3872107859217675
    iod_depth       =  0.8631162302124252
    lsf_left_1      =  4.192709104524447
    lsf_left_2      =  -13.737651109292576
    lsf_left_3      =  1.9888661738325788
    lsf_left_4      =  -3.6627366583007075
    lsf_left_5      =  1.0650334743035799
    lsf_right1      =  4.725674191020676
    lsf_right2      =  -13.309844857476405
    lsf_right3      =  2.30033435220595
    lsf_right4      =  -3.0217945720175345
    lsf_right5      =  1.1490539952696992
    tem_depth       =  0.9602344132372231
    velocity        =  -2409.659694777719
    wave_intercept  =  5272.63074076225
    wave_slope      =  0.014987556730504331
2026-03-26 12:24:43,590 - root - ERROR - Evaluated LSF:
2026-03-26 12:24:43,591 - root - ERROR - [nan nan nan nan nan nan nan nan nan nan nan nan nan nan nan nan nan nan
 nan nan nan nan nan nan nan nan nan nan nan nan nan nan nan nan nan nan
 nan nan nan nan nan nan nan nan nan nan nan nan nan nan nan nan nan nan
 nan nan nan nan nan nan nan nan nan nan nan nan nan nan nan nan nan nan
 nan]
2026-03-26 12:24:43,596 - root - ERROR - Chunk 87: No Data! Returning LmfitResult with None.
2026-03-26 12:24:51,625 - root - ERROR - NaN value detected in oversampled model function.
2026-03-26 12:24:51,626 - root - ERROR - <ParameterSet (values: 17)>
    cont_intercept  =  10010.14158240614
    cont_slope      =  7.0427977563456885
    iod_depth       =  0.8955832795995936
    lsf_left_1      =  2.7463596100749506
    lsf_left_2      =  -12.896239621099273
    lsf_left_3      =  6.1903269252706155
    lsf_left_4      =  -3.1586337672577045
    lsf_left_5      =  1.1499257176181947
    lsf_right1      =  5.104491471322859
    lsf_right2      =  -19.253614872757684
    lsf_right3      =  1.5294654581952372
    lsf_right4      =  -3.7043289172120994
    lsf_right5      =  0.9129754884076775
    tem_depth       =  0.9708741253874261
    velocity        =  -2972.4959899964083
    wave_intercept  =  5352.879523533976
    wave_slope      =  0.0161246835803967
2026-03-26 12:24:51,628 - root - ERROR - Evaluated LSF:
2026-03-26 12:24:51,629 - root - ERROR - [nan nan nan nan nan nan nan nan nan nan nan nan nan nan nan nan nan nan
 nan nan nan nan nan nan nan nan nan nan nan nan nan nan nan nan nan nan
 nan nan nan nan nan nan nan nan nan nan nan nan nan nan nan nan nan nan
 nan nan nan nan nan nan nan nan nan nan nan nan nan nan nan nan nan nan
 nan]
2026-03-26 12:25:03,448 - root - ERROR - NaN value detected in oversampled model function.
2026-03-26 12:25:03,450 - root - ERROR - <ParameterSet (values: 17)>
    cont_intercept  =  10829.425209881341
    cont_slope      =  -5.495888485227441
    iod_depth       =  0.8660250513856121
    lsf_left_1      =  2.2964220637365997
    lsf_left_2      =  -19.027518216632135
    lsf_left_3      =  4.358932477118634
    lsf_left_4      =  -1.120318364403969
    lsf_left_5      =  0.19549494330060274
    lsf_right1      =  3.5841975931323997
    lsf_right2      =  -16.791317603929162
    lsf_right3      =  3.186791521667961
    lsf_right4      =  -0.5877982309515062
    lsf_right5      =  0.1445405850078865
    tem_depth       =  0.9932052769366542
    velocity        =  -2347.0450420961893
    wave_intercept  =  5481.908842364477
    wave_slope      =  0.013839461612178501
2026-03-26 12:25:03,452 - root - ERROR - Evaluated LSF:
2026-03-26 12:25:03,453 - root - ERROR - [nan nan nan nan nan nan nan nan nan nan nan nan nan nan nan nan nan nan
 nan nan nan nan nan nan nan nan nan nan nan nan nan nan nan nan nan nan
 nan nan nan nan nan nan nan nan nan nan nan nan nan nan nan nan nan nan
 nan nan nan nan nan nan nan nan nan nan nan nan nan nan nan nan nan nan
 nan]
2026-03-26 12:25:06,293 - root - ERROR - NaN value detected in oversampled model function.
2026-03-26 12:25:06,295 - root - ERROR - <ParameterSet (values: 17)>
    cont_intercept  =  14901.734965779253
    cont_slope      =  3.4590310519233425
    iod_depth       =  0.7766507174121242
    lsf_left_1      =  2.1439068094152356
    lsf_left_2      =  -18.31342600575619
    lsf_left_3      =  2.798530208847982
    lsf_left_4      =  -3.5981167231841544
    lsf_left_5      =  0.13921681099066277
    lsf_right1      =  2.3479945322517786
    lsf_right2      =  -16.165086994640333
    lsf_right3      =  5.26356007552417
    lsf_right4      =  -1.6914080683692547
    lsf_right5      =  0.15544225179873872
    tem_depth       =  1.02302920416574
    velocity        =  -2631.007151512632
    wave_intercept  =  5514.1581634934155
    wave_slope      =  0.015407121972029938
2026-03-26 12:25:06,296 - root - ERROR - Evaluated LSF:
2026-03-26 12:25:06,297 - root - ERROR - [nan nan nan nan nan nan nan nan nan nan nan nan nan nan nan nan nan nan
 nan nan nan nan nan nan nan nan nan nan nan nan nan nan nan nan nan nan
 nan nan nan nan nan nan nan nan nan nan nan nan nan nan nan nan nan nan
 nan nan nan nan nan nan nan nan nan nan nan nan nan nan nan nan nan nan
 nan]
2026-03-26 12:25:13,486 - root - ERROR - NaN value detected in oversampled model function.
2026-03-26 12:25:13,489 - root - ERROR - <ParameterSet (values: 17)>
    cont_intercept  =  9611.75059713638
    cont_slope      =  9.215076016533038
    iod_depth       =  0.7774105479412111
    lsf_left_1      =  7.339460064455965
    lsf_left_2      =  -12.758010294215046
    lsf_left_3      =  4.212322463299777
    lsf_left_4      =  -3.7043365318974217
    lsf_left_5      =  1.0976426372579589
    lsf_right1      =  2.204605713629334
    lsf_right2      =  -12.068013321175414
    lsf_right3      =  3.1561203915855187
    lsf_right4      =  -3.666458211589978
    lsf_right5      =  0.5672879812755373
    tem_depth       =  0.9792215016849779
    velocity        =  -2620.576118080361
    wave_intercept  =  5593.978951016363
    wave_slope      =  0.01724707930840597
2026-03-26 12:25:13,490 - root - ERROR - Evaluated LSF:
2026-03-26 12:25:13,491 - root - ERROR - [nan nan nan nan nan nan nan nan nan nan nan nan nan nan nan nan nan nan
 nan nan nan nan nan nan nan nan nan nan nan nan nan nan nan nan nan nan
 nan nan nan nan nan nan nan nan nan nan nan nan nan nan nan nan nan nan
 nan nan nan nan nan nan nan nan nan nan nan nan nan nan nan nan nan nan
 nan]
2026-03-26 12:25:13,711 - root - ERROR - NaN value detected in oversampled model function.
2026-03-26 12:25:13,712 - root - ERROR - <ParameterSet (values: 17)>
    cont_intercept  =  12469.03049200856
    cont_slope      =  3.5468197195876994
    iod_depth       =  0.8174974436137474
    lsf_left_1      =  2.9477925000865266
    lsf_left_2      =  -18.363874485130022
    lsf_left_3      =  8.223491017613494
    lsf_left_4      =  -3.7375998062295337
    lsf_left_5      =  0.590206490020338
    lsf_right1      =  11.550887822569798
    lsf_right2      =  -19.189608123982335
    lsf_right3      =  7.358740591562556
    lsf_right4      =  -3.851129142073523
    lsf_right5      =  0.1724979425569534
    tem_depth       =  0.184019882013559
    velocity        =  -10484.703048660818
    wave_intercept  =  5600.605807609422
    wave_slope      =  0.01668611001465285
2026-03-26 12:25:13,713 - root - ERROR - Evaluated LSF:
2026-03-26 12:25:13,714 - root - ERROR - [nan nan nan nan nan nan nan nan nan nan nan nan nan nan nan nan nan nan
 nan nan nan nan nan nan nan nan nan nan nan nan nan nan nan nan nan nan
 nan nan nan nan nan nan nan nan nan nan nan nan nan nan nan nan nan nan
 nan nan nan nan nan nan nan nan nan nan nan nan nan nan nan nan nan nan
 nan]
2026-03-26 12:25:18,810 - root - ERROR - NaN value detected in oversampled model function.
2026-03-26 12:25:18,811 - root - ERROR - <ParameterSet (values: 17)>
    cont_intercept  =  14120.255825588596
    cont_slope      =  4.926213685991389
    iod_depth       =  0.7919575956027163
    lsf_left_1      =  3.806287461665515
    lsf_left_2      =  -16.597922405444287
    lsf_left_3      =  4.659021688805526
    lsf_left_4      =  -1.7905748572856748
    lsf_left_5      =  0.13586393566215207
    lsf_right1      =  6.029729643943778
    lsf_right2      =  -15.33131586402808
    lsf_right3      =  8.434540247256495
    lsf_right4      =  -3.7008478327881176
    lsf_right5      =  1.1977761798525914
    tem_depth       =  0.9859462362951167
    velocity        =  -2278.125672988745
    wave_intercept  =  5658.972871015453
    wave_slope      =  0.016427246096124084
2026-03-26 12:25:18,813 - root - ERROR - Evaluated LSF:
2026-03-26 12:25:18,814 - root - ERROR - [nan nan nan nan nan nan nan nan nan nan nan nan nan nan nan nan nan nan
 nan nan nan nan nan nan nan nan nan nan nan nan nan nan nan nan nan nan
 nan nan nan nan nan nan nan nan nan nan nan nan nan nan nan nan nan nan
 nan nan nan nan nan nan nan nan nan nan nan nan nan nan nan nan nan nan
 nan]
2026-03-26 12:25:18,935 - root - ERROR - Chunk 286: No Data! Returning LmfitResult with None.
2026-03-26 12:25:20,465 - root - ERROR - NaN value detected in oversampled model function.
2026-03-26 12:25:20,468 - root - ERROR - <ParameterSet (values: 17)>
    cont_intercept  =  13151.83367020645
    cont_slope      =  -4.252453994014032
    iod_depth       =  0.9934521405428799
    lsf_left_1      =  4.4778899457000145
    lsf_left_2      =  -16.65701791518708
    lsf_left_3      =  7.612173693760431
    lsf_left_4      =  -3.875403410233264
    lsf_left_5      =  0.42571695364155476
    lsf_right1      =  4.198394490007695
    lsf_right2      =  -16.99356897474076
    lsf_right3      =  1.5480937006043503
    lsf_right4      =  -1.6561725535428802
    lsf_right5      =  0.5716226243999512
    tem_depth       =  1.053457553154595
    velocity        =  -1530.4180883276345
    wave_intercept  =  5684.941034422873
    wave_slope      =  0.014307367570788715
2026-03-26 12:25:20,469 - root - ERROR - Evaluated LSF:
2026-03-26 12:25:20,470 - root - ERROR - [nan nan nan nan nan nan nan nan nan nan nan nan nan nan nan nan nan nan
 nan nan nan nan nan nan nan nan nan nan nan nan nan nan nan nan nan nan
 nan nan nan nan nan nan nan nan nan nan nan nan nan nan nan nan nan nan
 nan nan nan nan nan nan nan nan nan nan nan nan nan nan nan nan nan nan
 nan]
2026-03-26 12:25:23,866 - root - ERROR - NaN value detected in oversampled model function.
2026-03-26 12:25:23,867 - root - ERROR - <ParameterSet (values: 17)>
    cont_intercept  =  18498.08218217168
    cont_slope      =  -3.323541678897962
    iod_depth       =  0.8120593887932601
    lsf_left_1      =  2.1439317601179093
    lsf_left_2      =  -14.517382049927559
    lsf_left_3      =  6.29304754689167
    lsf_left_4      =  -3.3935294089970824
    lsf_left_5      =  0.41531413063631845
    lsf_right1      =  5.575062805803178
    lsf_right2      =  -12.914490295422157
    lsf_right3      =  2.346420359365519
    lsf_right4      =  -2.554875702360955
    lsf_right5      =  1.1629546133833082
    tem_depth       =  1.0637186758560506
    velocity        =  -2666.034961244689
    wave_intercept  =  5728.392299063142
    wave_slope      =  0.015261924510211298
2026-03-26 12:25:23,868 - root - ERROR - Evaluated LSF:
2026-03-26 12:25:23,869 - root - ERROR - [nan nan nan nan nan nan nan nan nan nan nan nan nan nan nan nan nan nan
 nan nan nan nan nan nan nan nan nan nan nan nan nan nan nan nan nan nan
 nan nan nan nan nan nan nan nan nan nan nan nan nan nan nan nan nan nan
 nan nan nan nan nan nan nan nan nan nan nan nan nan nan nan nan nan nan
 nan]
2026-03-26 12:25:27,671 - root - ERROR - Chunk 343: No Data! Returning LmfitResult with None.
2026-03-26 12:25:31,650 - root - ERROR - NaN value detected in oversampled model function.
2026-03-26 12:25:31,651 - root - ERROR - <ParameterSet (values: 17)>
    cont_intercept  =  21125.55265107451
    cont_slope      =  -7.983206848738149
    iod_depth       =  0.9669663478428528
    lsf_left_1      =  5.926166576051054
    lsf_left_2      =  -19.317325024986072
    lsf_left_3      =  5.523060123582462
    lsf_left_4      =  -2.4823402279646105
    lsf_left_5      =  0.21628999782784158
    lsf_right1      =  10.23247059565401
    lsf_right2      =  -18.774920037693846
    lsf_right3      =  2.107750596353808
    lsf_right4      =  -1.7990158252005855
    lsf_right5      =  0.553028187831567
    tem_depth       =  -0.13072081604790053
    velocity        =  -17108.83449241227
    wave_intercept  =  5837.508529568134
    wave_slope      =  0.01564584492427134
2026-03-26 12:25:31,653 - root - ERROR - Evaluated LSF:
2026-03-26 12:25:31,654 - root - ERROR - [nan nan nan nan nan nan nan nan nan nan nan nan nan nan nan nan nan nan
 nan nan nan nan nan nan nan nan nan nan nan nan nan nan nan nan nan nan
 nan nan nan nan nan nan nan nan nan nan nan nan nan nan nan nan nan nan
 nan nan nan nan nan nan nan nan nan nan nan nan nan nan nan nan nan nan
 nan]
2026-03-26 12:25:32,081 - root - ERROR - NaN value detected in oversampled model function.
2026-03-26 12:25:32,082 - root - ERROR - <ParameterSet (values: 17)>
    cont_intercept  =  17344.22050833057
    cont_slope      =  -6.917082390196262
    iod_depth       =  0.9519129636171542
    lsf_left_1      =  3.2843370391612483
    lsf_left_2      =  -19.318000919276635
    lsf_left_3      =  1.2899962805739364
    lsf_left_4      =  -2.270010085196124
    lsf_left_5      =  1.0039941373801113
    lsf_right1      =  2.2038166591910504
    lsf_right2      =  -5.217386445036727
    lsf_right3      =  2.301965950698098
    lsf_right4      =  -3.8279965858031115
    lsf_right5      =  0.5321878286417138
    tem_depth       =  -0.15203448148700693
    velocity        =  -11337.22678115811
    wave_intercept  =  5845.428137479223
    wave_slope      =  0.014950785304700691
2026-03-26 12:25:32,083 - root - ERROR - Evaluated LSF:
2026-03-26 12:25:32,084 - root - ERROR - [nan nan nan nan nan nan nan nan nan nan nan nan nan nan nan nan nan nan
 nan nan nan nan nan nan nan nan nan nan nan nan nan nan nan nan nan nan
 nan nan nan nan nan nan nan nan nan nan nan nan nan nan nan nan nan nan
 nan nan nan nan nan nan nan nan nan nan nan nan nan nan nan nan nan nan
 nan]
2026-03-26 12:25:33,363 - root - ERROR - NaN value detected in oversampled model function.
2026-03-26 12:25:33,364 - root - ERROR - <ParameterSet (values: 17)>
    cont_intercept  =  13052.060123942065
    cont_slope      =  9.018962616279659
    iod_depth       =  0.9088993632162712
    lsf_left_1      =  2.3461958909628406
    lsf_left_2      =  -13.849199380576064
    lsf_left_3      =  6.184484703863787
    lsf_left_4      =  -2.6298707711264235
    lsf_left_5      =  0.36463744293976075
    lsf_right1      =  2.1518170163554173
    lsf_right2      =  -15.183236322008456
    lsf_right3      =  9.109962626142977
    lsf_right4      =  -3.801294585836524
    lsf_right5      =  1.0268967863783076
    tem_depth       =  1.1053011959054548
    velocity        =  -2730.658738446425
    wave_intercept  =  5862.928605148619
    wave_slope      =  0.01811345097131779
2026-03-26 12:25:33,365 - root - ERROR - Evaluated LSF:
2026-03-26 12:25:33,367 - root - ERROR - [nan nan nan nan nan nan nan nan nan nan nan nan nan nan nan nan nan nan
 nan nan nan nan nan nan nan nan nan nan nan nan nan nan nan nan nan nan
 nan nan nan nan nan nan nan nan nan nan nan nan nan nan nan nan nan nan
 nan nan nan nan nan nan nan nan nan nan nan nan nan nan nan nan nan nan
 nan]
2026-03-26 12:25:34,429 - root - ERROR - NaN value detected in oversampled model function.
2026-03-26 12:25:34,432 - root - ERROR - <ParameterSet (values: 17)>
    cont_intercept  =  19846.183050404496
    cont_slope      =  -2.5708744587592496
    iod_depth       =  0.9473176127911892
    lsf_left_1      =  4.91650270255305
    lsf_left_2      =  -14.496410092992184
    lsf_left_3      =  8.550812205939268
    lsf_left_4      =  -3.8863243207826663
    lsf_left_5      =  0.19286523427572566
    lsf_right1      =  5.324342202917576
    lsf_right2      =  -18.74079486003612
    lsf_right3      =  7.763558050681122
    lsf_right4      =  -3.813626737912087
    lsf_right5      =  0.21390441118073944
    tem_depth       =  -0.02006780757310351
    velocity        =  -17262.692316559504
    wave_intercept  =  5883.163612226939
    wave_slope      =  0.016527568044154683
2026-03-26 12:25:34,433 - root - ERROR - Evaluated LSF:
2026-03-26 12:25:34,434 - root - ERROR - [nan nan nan nan nan nan nan nan nan nan nan nan nan nan nan nan nan nan
 nan nan nan nan nan nan nan nan nan nan nan nan nan nan nan nan nan nan
 nan nan nan nan nan nan nan nan nan nan nan nan nan nan nan nan nan nan
 nan nan nan nan nan nan nan nan nan nan nan nan nan nan nan nan nan nan
 nan]
2026-03-26 12:25:37,165 - root - ERROR - NaN value detected in oversampled model function.
2026-03-26 12:25:37,168 - root - ERROR - <ParameterSet (values: 17)>
    cont_intercept  =  15411.984648361444
    cont_slope      =  15.355205201211128
    iod_depth       =  0.9596600016920278
    lsf_left_1      =  2.6095984308927793
    lsf_left_2      =  -11.373251140979617
    lsf_left_3      =  1.522800846618169
    lsf_left_4      =  -2.6786137369302185
    lsf_left_5      =  1.0748210829467246
    lsf_right1      =  10.574255084762928
    lsf_right2      =  -17.594020820269193
    lsf_right3      =  1.784495692567703
    lsf_right4      =  -2.195387517783673
    lsf_right5      =  0.5580678490650894
    tem_depth       =  -0.492375153284639
    velocity        =  -15625.310195727789
    wave_intercept  =  5924.55423633427
    wave_slope      =  0.017885276301005684
2026-03-26 12:25:37,171 - root - ERROR - Evaluated LSF:
2026-03-26 12:25:37,178 - root - ERROR - [nan nan nan nan nan nan nan nan nan nan nan nan nan nan nan nan nan nan
 nan nan nan nan nan nan nan nan nan nan nan nan nan nan nan nan nan nan
 nan nan nan nan nan nan nan nan nan nan nan nan nan nan nan nan nan nan
 nan nan nan nan nan nan nan nan nan nan nan nan nan nan nan nan nan nan
 nan]
2026-03-26 12:25:38,215 - root - ERROR - NaN value detected in oversampled model function.
2026-03-26 12:25:38,217 - root - ERROR - <ParameterSet (values: 17)>
    cont_intercept  =  22135.949639763276
    cont_slope      =  -6.1035201795343115
    iod_depth       =  0.8613724186489673
    lsf_left_1      =  8.720347238919196
    lsf_left_2      =  -19.25802206540057
    lsf_left_3      =  1.8609515589670393
    lsf_left_4      =  -3.6975560563903804
    lsf_left_5      =  0.20918372858965603
    lsf_right1      =  2.1509599730598032
    lsf_right2      =  -12.456607093736517
    lsf_right3      =  3.464255600168521
    lsf_right4      =  -3.717798588196238
    lsf_right5      =  0.6359379208632612
    tem_depth       =  -0.14405639335186582
    velocity        =  -16164.826429247887
    wave_intercept  =  5940.27924389008
    wave_slope      =  0.016642235844350286
2026-03-26 12:25:38,218 - root - ERROR - Evaluated LSF:
2026-03-26 12:25:38,219 - root - ERROR - [nan nan nan nan nan nan nan nan nan nan nan nan nan nan nan nan nan nan
 nan nan nan nan nan nan nan nan nan nan nan nan nan nan nan nan nan nan
 nan nan nan nan nan nan nan nan nan nan nan nan nan nan nan nan nan nan
 nan nan nan nan nan nan nan nan nan nan nan nan nan nan nan nan nan nan
 nan]
2026-03-26 12:25:38,238 - root - ERROR - NaN value detected in oversampled model function.
2026-03-26 12:25:38,240 - root - ERROR - <ParameterSet (values: 17)>
    cont_intercept  =  21957.370998471353
    cont_slope      =  0.9236381414148291
    iod_depth       =  0.7914576974619032
    lsf_left_1      =  7.982402514881143
    lsf_left_2      =  -17.733272393599098
    lsf_left_3      =  2.7778349637324533
    lsf_left_4      =  -3.8047309506104567
    lsf_left_5      =  0.7299239234956659
    lsf_right1      =  3.5971055687284315
    lsf_right2      =  -10.90334009328239
    lsf_right3      =  7.128818872556286
    lsf_right4      =  -3.7216656346840953
    lsf_right5      =  1.166823211267815
    tem_depth       =  0.8731840413005381
    velocity        =  -2265.930226922385
    wave_intercept  =  5942.435070441705
    wave_slope      =  0.01658806104272427
2026-03-26 12:25:38,241 - root - ERROR - Evaluated LSF:
2026-03-26 12:25:38,242 - root - ERROR - [nan nan nan nan nan nan nan nan nan nan nan nan nan nan nan nan nan nan
 nan nan nan nan nan nan nan nan nan nan nan nan nan nan nan nan nan nan
 nan nan nan nan nan nan nan nan nan nan nan nan nan nan nan nan nan nan
 nan nan nan nan nan nan nan nan nan nan nan nan nan nan nan nan nan nan
 nan]
2026-03-26 12:25:43,662 - root - ERROR - Chunk 444: No Data! Returning LmfitResult with None.
2026-03-26 12:25:46,235 - root - ERROR - NaN value detected in oversampled model function.
2026-03-26 12:25:46,237 - root - ERROR - <ParameterSet (values: 17)>
    cont_intercept  =  20225.540302702368
    cont_slope      =  7.176694327541797
    iod_depth       =  0.8821624949606903
    lsf_left_1      =  5.2584757102636885
    lsf_left_2      =  -8.484686177923397
    lsf_left_3      =  2.643804634036089
    lsf_left_4      =  -3.9160208117485977
    lsf_left_5      =  0.251093481366982
    lsf_right1      =  2.5132635835575226
    lsf_right2      =  -18.54152832710685
    lsf_right3      =  7.753985311256668
    lsf_right4      =  -3.081472025804125
    lsf_right5      =  0.2524565249023334
    tem_depth       =  0.685873144570796
    velocity        =  -1106.1878024254088
    wave_intercept  =  6048.886313993372
    wave_slope      =  0.017715746728920272
2026-03-26 12:25:46,238 - root - ERROR - Evaluated LSF:
2026-03-26 12:25:46,239 - root - ERROR - [nan nan nan nan nan nan nan nan nan nan nan nan nan nan nan nan nan nan
 nan nan nan nan nan nan nan nan nan nan nan nan nan nan nan nan nan nan
 nan nan nan nan nan nan nan nan nan nan nan nan nan nan nan nan nan nan
 nan nan nan nan nan nan nan nan nan nan nan nan nan nan nan nan nan nan
 nan]
2026-03-26 12:25:47,612 - root - ERROR - NaN value detected in oversampled model function.
2026-03-26 12:25:47,613 - root - ERROR - <ParameterSet (values: 17)>
    cont_intercept  =  21990.247250497836
    cont_slope      =  -1.2367455326432246
    iod_depth       =  0.5576551493537787
    lsf_left_1      =  2.146644606412008
    lsf_left_2      =  -11.855940139158871
    lsf_left_3      =  6.270241349726743
    lsf_left_4      =  -3.9534902050303593
    lsf_left_5      =  1.1971653066675183
    lsf_right1      =  2.1439094457490455
    lsf_right2      =  -10.511658731563875
    lsf_right3      =  1.1749515541328102
    lsf_right4      =  -0.621736778586357
    lsf_right5      =  0.32520307724363423
    tem_depth       =  1.0273024294470234
    velocity        =  -2806.169957528749
    wave_intercept  =  6066.563264292794
    wave_slope      =  0.01627988744234355
2026-03-26 12:25:47,615 - root - ERROR - Evaluated LSF:
2026-03-26 12:25:47,616 - root - ERROR - [nan nan nan nan nan nan nan nan nan nan nan nan nan nan nan nan nan nan
 nan nan nan nan nan nan nan nan nan nan nan nan nan nan nan nan nan nan
 nan nan nan nan nan nan nan nan nan nan nan nan nan nan nan nan nan nan
 nan nan nan nan nan nan nan nan nan nan nan nan nan nan nan nan nan nan
 nan]
2026-03-26 12:25:50,065 - root - ERROR - NaN value detected in oversampled model function.
2026-03-26 12:25:50,067 - root - ERROR - <ParameterSet (values: 17)>
    cont_intercept  =  20271.55350554187
    cont_slope      =  6.575892713861429
    iod_depth       =  1.1204882687473452
    lsf_left_1      =  2.353012765136716
    lsf_left_2      =  -7.188681178931178
    lsf_left_3      =  5.776484212410543
    lsf_left_4      =  -3.259034989943964
    lsf_left_5      =  0.8739489826886846
    lsf_right1      =  4.2971062940638145
    lsf_right2      =  -19.31178410198887
    lsf_right3      =  4.443292548734249
    lsf_right4      =  -1.7108097814467742
    lsf_right5      =  0.1577924583182723
    tem_depth       =  0.3682263177723408
    velocity        =  -9483.878990182176
    wave_intercept  =  6107.037510733847
    wave_slope      =  0.017907823433704815
2026-03-26 12:25:50,068 - root - ERROR - Evaluated LSF:
2026-03-26 12:25:50,069 - root - ERROR - [nan nan nan nan nan nan nan nan nan nan nan nan nan nan nan nan nan nan
 nan nan nan nan nan nan nan nan nan nan nan nan nan nan nan nan nan nan
 nan nan nan nan nan nan nan nan nan nan nan nan nan nan nan nan nan nan
 nan nan nan nan nan nan nan nan nan nan nan nan nan nan nan nan nan nan
 nan]
2026-03-26 12:25:50,469 - root - ERROR - NaN value detected in oversampled model function.
2026-03-26 12:25:50,470 - root - ERROR - <ParameterSet (values: 17)>
    cont_intercept  =  21559.484472268075
    cont_slope      =  3.2276800892084836
    iod_depth       =  0.6873146239429676
    lsf_left_1      =  7.212483148040229
    lsf_left_2      =  -18.829908209536615
    lsf_left_3      =  3.966058913994654
    lsf_left_4      =  -2.8214415664705372
    lsf_left_5      =  0.1332761951020695
    lsf_right1      =  5.365708386971148
    lsf_right2      =  -15.377293819542196
    lsf_right3      =  4.578124891241934
    lsf_right4      =  -0.8246866422678281
    lsf_right5      =  0.14043013179433045
    tem_depth       =  1.0570875823428425
    velocity        =  -2842.617827966596
    wave_intercept  =  6116.234342379727
    wave_slope      =  0.017328001624734583
2026-03-26 12:25:50,471 - root - ERROR - Evaluated LSF:
2026-03-26 12:25:50,472 - root - ERROR - [nan nan nan nan nan nan nan nan nan nan nan nan nan nan nan nan nan nan
 nan nan nan nan nan nan nan nan nan nan nan nan nan nan nan nan nan nan
 nan nan nan nan nan nan nan nan nan nan nan nan nan nan nan nan nan nan
 nan nan nan nan nan nan nan nan nan nan nan nan nan nan nan nan nan nan
 nan]
2026-03-26 12:25:53,491 - root - ERROR - NaN value detected in oversampled model function.
2026-03-26 12:25:53,493 - root - ERROR - <ParameterSet (values: 17)>
    cont_intercept  =  18594.862652648844
    cont_slope      =  5.779251105732115
    iod_depth       =  0.5386384707011858
    lsf_left_1      =  7.390556523809978
    lsf_left_2      =  -18.4619382050736
    lsf_left_3      =  5.424246211353629
    lsf_left_4      =  -3.19274799920539
    lsf_left_5      =  0.1336362501014364
    lsf_right1      =  8.08655077017352
    lsf_right2      =  -18.99089725444848
    lsf_right3      =  6.321396957169352
    lsf_right4      =  -3.9292467865398244
    lsf_right5      =  0.18549484570804264
    tem_depth       =  0.991459389779941
    velocity        =  -2611.2651466936786
    wave_intercept  =  6166.33891193835
    wave_slope      =  0.01845303854748171
2026-03-26 12:25:53,494 - root - ERROR - Evaluated LSF:
2026-03-26 12:25:53,495 - root - ERROR - [nan nan nan nan nan nan nan nan nan nan nan nan nan nan nan nan nan nan
 nan nan nan nan nan nan nan nan nan nan nan nan nan nan nan nan nan nan
 nan nan nan nan nan nan nan nan nan nan nan nan nan nan nan nan nan nan
 nan nan nan nan nan nan nan nan nan nan nan nan nan nan nan nan nan nan
 nan]
2026-03-26 12:25:53,804 - root - ERROR - NaN value detected in oversampled model function.
2026-03-26 12:25:53,806 - root - ERROR - <ParameterSet (values: 17)>
    cont_intercept  =  19147.00737351048
    cont_slope      =  3.209990774238926
    iod_depth       =  0.7290008785372613
    lsf_left_1      =  2.7982732650178095
    lsf_left_2      =  -9.931160075281502
    lsf_left_3      =  7.987440056358631
    lsf_left_4      =  -3.410958039936765
    lsf_left_5      =  0.8916709179790007
    lsf_right1      =  2.143860135076318
    lsf_right2      =  -7.559599047898368
    lsf_right3      =  2.828533908846447
    lsf_right4      =  -0.6802739907196522
    lsf_right5      =  0.13611510414920264
    tem_depth       =  0.997712993312079
    velocity        =  -2524.470555245855
    wave_intercept  =  6171.088122920823
    wave_slope      =  0.01807177511215296
2026-03-26 12:25:53,807 - root - ERROR - Evaluated LSF:
2026-03-26 12:25:53,809 - root - ERROR - [nan nan nan nan nan nan nan nan nan nan nan nan nan nan nan nan nan nan
 nan nan nan nan nan nan nan nan nan nan nan nan nan nan nan nan nan nan
 nan nan nan nan nan nan nan nan nan nan nan nan nan nan nan nan nan nan
 nan nan nan nan nan nan nan nan nan nan nan nan nan nan nan nan nan nan
 nan]
2026-03-26 12:25:55,812 - root - ERROR - NaN value detected in oversampled model function.
2026-03-26 12:25:55,813 - root - ERROR - <ParameterSet (values: 17)>
    cont_intercept  =  19264.02392636229
    cont_slope      =  -2.469257072938463
    iod_depth       =  1.3476978655769216
    lsf_left_1      =  10.643791194239068
    lsf_left_2      =  -18.58378029988357
    lsf_left_3      =  5.459744762447536
    lsf_left_4      =  -3.712282941196295
    lsf_left_5      =  1.1403491013085705
    lsf_right1      =  4.347482348062681
    lsf_right2      =  -17.242003160851795
    lsf_right3      =  1.4443844129688403
    lsf_right4      =  -0.4459665087208311
    lsf_right5      =  0.1953225016555952
    tem_depth       =  2.1218581265149257
    velocity        =  -9914.153276900715
    wave_intercept  =  6193.422229487565
    wave_slope      =  0.01641361017976475
2026-03-26 12:25:55,814 - root - ERROR - Evaluated LSF:
2026-03-26 12:25:55,815 - root - ERROR - [nan nan nan nan nan nan nan nan nan nan nan nan nan nan nan nan nan nan
 nan nan nan nan nan nan nan nan nan nan nan nan nan nan nan nan nan nan
 nan nan nan nan nan nan nan nan nan nan nan nan nan nan nan nan nan nan
 nan nan nan nan nan nan nan nan nan nan nan nan nan nan nan nan nan nan
 nan]
2026-03-26 12:25:55,820 - root - ERROR - Chunk 519: No Data! Returning LmfitResult with None.
2026-03-26 12:25:57,219 - root - ERROR - Chunk 529: No Data! Returning LmfitResult with None.
2026-03-26 12:25:57,295 - root - ERROR - NaN value detected in oversampled model function.
2026-03-26 12:25:57,297 - root - ERROR - <ParameterSet (values: 17)>
    cont_intercept  =  18111.00369466847
    cont_slope      =  7.483529965027341
    iod_depth       =  0.07184777882532754
    lsf_left_1      =  2.1494605696436877
    lsf_left_2      =  -19.215460698514878
    lsf_left_3      =  7.450101632541346
    lsf_left_4      =  -2.4371008324476024
    lsf_left_5      =  0.7822077844135126
    lsf_right1      =  6.683961026183842
    lsf_right2      =  -19.27796773445395
    lsf_right3      =  9.20546380383637
    lsf_right4      =  -3.469610572198188
    lsf_right5      =  0.841976943484964
    tem_depth       =  0.8489641169581482
    velocity        =  -1305.7301665417235
    wave_intercept  =  6226.81265469984
    wave_slope      =  0.02003211272451496
2026-03-26 12:25:57,299 - root - ERROR - Evaluated LSF:
2026-03-26 12:25:57,300 - root - ERROR - [nan nan nan nan nan nan nan nan nan nan nan nan nan nan nan nan nan nan
 nan nan nan nan nan nan nan nan nan nan nan nan nan nan nan nan nan nan
 nan nan nan nan nan nan nan nan nan nan nan nan nan nan nan nan nan nan
 nan nan nan nan nan nan nan nan nan nan nan nan nan nan nan nan nan nan
 nan]
2026-03-26 12:25:59,392 - root - ERROR - NaN value detected in oversampled model function.
2026-03-26 12:25:59,394 - root - ERROR - <ParameterSet (values: 17)>
    cont_intercept  =  19956.317620764403
    cont_slope      =  -4.510311894837828
    iod_depth       =  0.1899136098261244
    lsf_left_1      =  3.4302696633240672
    lsf_left_2      =  -12.872704116272285
    lsf_left_3      =  1.1748731059053878
    lsf_left_4      =  -0.4417621474219011
    lsf_left_5      =  0.13889910472705194
    lsf_right1      =  7.70709140730087
    lsf_right2      =  -19.312438446150686
    lsf_right3      =  9.523270622789434
    lsf_right4      =  -2.258527344044269
    lsf_right5      =  0.20404293658947203
    tem_depth       =  0.9941606103647067
    velocity        =  -2514.404787843247
    wave_intercept  =  6258.723834107947
    wave_slope      =  0.017111508242928685
2026-03-26 12:25:59,396 - root - ERROR - Evaluated LSF:
2026-03-26 12:25:59,397 - root - ERROR - [nan nan nan nan nan nan nan nan nan nan nan nan nan nan nan nan nan nan
 nan nan nan nan nan nan nan nan nan nan nan nan nan nan nan nan nan nan
 nan nan nan nan nan nan nan nan nan nan nan nan nan nan nan nan nan nan
 nan nan nan nan nan nan nan nan nan nan nan nan nan nan nan nan nan nan
 nan]
2026-03-26 12:25:59,910 - root - ERROR - Chunk 549: No Data! Returning LmfitResult with None.
2026-03-26 12:26:01,023 - root - ERROR - Chunk 557: No Data! Returning LmfitResult with None.
2026-03-26 12:26:01,384 - root - ERROR - NaN value detected in oversampled model function.
2026-03-26 12:26:01,386 - root - ERROR - <ParameterSet (values: 17)>
    cont_intercept  =  20149.851686576818
    cont_slope      =  -1.4629389234204622
    iod_depth       =  0.7889029116683213
    lsf_left_1      =  3.3265650949076155
    lsf_left_2      =  -9.488148497311997
    lsf_left_3      =  2.9377881885468335
    lsf_left_4      =  -0.748160162634627
    lsf_left_5      =  0.15680736737723983
    lsf_right1      =  2.1438399763520395
    lsf_right2      =  -19.327445531991295
    lsf_right3      =  1.8215984661063889
    lsf_right4      =  -3.5234228735497535
    lsf_right5      =  1.00042612513389
    tem_depth       =  1.0722507446782312
    velocity        =  -1889.7974888494473
    wave_intercept  =  6303.042879419495
    wave_slope      =  0.01877893175622101
2026-03-26 12:26:01,387 - root - ERROR - Evaluated LSF:
2026-03-26 12:26:01,388 - root - ERROR - [nan nan nan nan nan nan nan nan nan nan nan nan nan nan nan nan nan nan
 nan nan nan nan nan nan nan nan nan nan nan nan nan nan nan nan nan nan
 nan nan nan nan nan nan nan nan nan nan nan nan nan nan nan nan nan nan
 nan nan nan nan nan nan nan nan nan nan nan nan nan nan nan nan nan nan
 nan]
2026-03-26 12:26:02,412 - root - ERROR - NaN value detected in oversampled model function.
2026-03-26 12:26:02,414 - root - ERROR - <ParameterSet (values: 17)>
    cont_intercept  =  22162.309037881856
    cont_slope      =  -1.314427156091862
    iod_depth       =  0.5222898688362068
    lsf_left_1      =  2.2768801818873445
    lsf_left_2      =  -13.880359940761362
    lsf_left_3      =  6.08758556390068
    lsf_left_4      =  -3.328399277728881
    lsf_left_5      =  0.9425740920637145
    lsf_right1      =  2.2121817080662485
    lsf_right2      =  -18.07058447136129
    lsf_right3      =  7.068965031975985
    lsf_right4      =  -3.2467525813289426
    lsf_right5      =  0.8706583072357041
    tem_depth       =  1.0365641748356682
    velocity        =  -1761.7929928249066
    wave_intercept  =  6314.552182555209
    wave_slope      =  0.01778637070223516
2026-03-26 12:26:02,415 - root - ERROR - Evaluated LSF:
2026-03-26 12:26:02,416 - root - ERROR - [nan nan nan nan nan nan nan nan nan nan nan nan nan nan nan nan nan nan
 nan nan nan nan nan nan nan nan nan nan nan nan nan nan nan nan nan nan
 nan nan nan nan nan nan nan nan nan nan nan nan nan nan nan nan nan nan
 nan nan nan nan nan nan nan nan nan nan nan nan nan nan nan nan nan nan
 nan]
2026-03-26 12:26:03,435 - root - ERROR - NaN value detected in oversampled model function.
2026-03-26 12:26:03,437 - root - ERROR - <ParameterSet (values: 17)>
    cont_intercept  =  18165.1949833974
    cont_slope      =  -6.513894288604677
    iod_depth       =  0.7189754856115315
    lsf_left_1      =  2.596787709531342
    lsf_left_2      =  -8.213086103219752
    lsf_left_3      =  2.743548322219599
    lsf_left_4      =  -3.3598080040713185
    lsf_left_5      =  0.28460285232925275
    lsf_right1      =  7.864511440306287
    lsf_right2      =  -19.321753688975964
    lsf_right3      =  6.679680335857716
    lsf_right4      =  -3.4596915681527363
    lsf_right5      =  0.6292106593728599
    tem_depth       =  0.12180149795575854
    velocity        =  -5083.6505260389
    wave_intercept  =  6329.576909606871
    wave_slope      =  0.01592563342632837
2026-03-26 12:26:03,438 - root - ERROR - Evaluated LSF:
2026-03-26 12:26:03,439 - root - ERROR - [nan nan nan nan nan nan nan nan nan nan nan nan nan nan nan nan nan nan
 nan nan nan nan nan nan nan nan nan nan nan nan nan nan nan nan nan nan
 nan nan nan nan nan nan nan nan nan nan nan nan nan nan nan nan nan nan
 nan nan nan nan nan nan nan nan nan nan nan nan nan nan nan nan nan nan
 nan]
2026-03-26 13:12:37,591 - root - ERROR - NaN value detected in oversampled model function.
2026-03-26 13:12:37,592 - root - ERROR - <ParameterSet (values: 17)>
    cont_intercept  =  6563.345574586403
    cont_slope      =  4.390641001106201
    iod_depth       =  0.7699880563759115
    lsf_left_1      =  6.664605788142059
    lsf_left_2      =  -14.256025991338873
    lsf_left_3      =  1.997627046879388
    lsf_left_4      =  -3.8727655254456845
    lsf_left_5      =  0.5967447666436166
    lsf_right1      =  2.4366714799686005
    lsf_right2      =  -18.983092717907656
    lsf_right3      =  1.9681929901344684
    lsf_right4      =  -3.6752596944061406
    lsf_right5      =  0.5975040877735049
    tem_depth       =  0.9157071879941433
    velocity        =  -2615.429352658531
    wave_intercept  =  5127.955384998113
    wave_slope      =  0.015555228439190612
2026-03-26 13:12:37,594 - root - ERROR - Evaluated LSF:
2026-03-26 13:12:37,595 - root - ERROR - [nan nan nan nan nan nan nan nan nan nan nan nan nan nan nan nan nan nan
 nan nan nan nan nan nan nan nan nan nan nan nan nan nan nan nan nan nan
 nan nan nan nan nan nan nan nan nan nan nan nan nan nan nan nan nan nan
 nan nan nan nan nan nan nan nan nan nan nan nan nan nan nan nan nan nan
 nan]
2026-03-26 13:12:39,883 - root - ERROR - NaN value detected in oversampled model function.
2026-03-26 13:12:39,884 - root - ERROR - <ParameterSet (values: 17)>
    cont_intercept  =  7344.226321243939
    cont_slope      =  -1.9686103788662384
    iod_depth       =  0.7536857893123862
    lsf_left_1      =  4.336172592467518
    lsf_left_2      =  -17.482373494005845
    lsf_left_3      =  10.32540133492579
    lsf_left_4      =  -3.9696424936482826
    lsf_left_5      =  1.1398179356966367
    lsf_right1      =  5.5118987836714695
    lsf_right2      =  -18.328258079916644
    lsf_right3      =  3.954694477355764
    lsf_right4      =  -3.654354161798368
    lsf_right5      =  0.8432889565439384
    tem_depth       =  0.9614161803988444
    velocity        =  -2479.761131262331
    wave_intercept  =  5162.815215038124
    wave_slope      =  0.012776602101923546
2026-03-26 13:12:39,886 - root - ERROR - Evaluated LSF:
2026-03-26 13:12:39,887 - root - ERROR - [nan nan nan nan nan nan nan nan nan nan nan nan nan nan nan nan nan nan
 nan nan nan nan nan nan nan nan nan nan nan nan nan nan nan nan nan nan
 nan nan nan nan nan nan nan nan nan nan nan nan nan nan nan nan nan nan
 nan nan nan nan nan nan nan nan nan nan nan nan nan nan nan nan nan nan
 nan]
2026-03-26 13:12:40,464 - root - ERROR - Chunk 29: No Data! Returning LmfitResult with None.
2026-03-26 13:12:40,820 - root - ERROR - Chunk 32: No Data! Returning LmfitResult with None.
2026-03-26 13:12:42,465 - root - ERROR - NaN value detected in oversampled model function.
2026-03-26 13:12:42,466 - root - ERROR - <ParameterSet (values: 17)>
    cont_intercept  =  9289.569654121002
    cont_slope      =  -0.761858108230578
    iod_depth       =  0.8252389554726239
    lsf_left_1      =  4.4509695040396835
    lsf_left_2      =  -16.20124847717755
    lsf_left_3      =  7.2825026006011955
    lsf_left_4      =  -2.138751004678303
    lsf_left_5      =  0.1498006087050666
    lsf_right1      =  8.109884024079442
    lsf_right2      =  -16.95030861799086
    lsf_right3      =  3.315372056948483
    lsf_right4      =  -2.062513467508661
    lsf_right5      =  1.0280782384599532
    tem_depth       =  0.9989546103890892
    velocity        =  -2414.431136549101
    wave_intercept  =  5196.19704240996
    wave_slope      =  0.013725995049873698
2026-03-26 13:12:42,468 - root - ERROR - Evaluated LSF:
2026-03-26 13:12:42,469 - root - ERROR - [nan nan nan nan nan nan nan nan nan nan nan nan nan nan nan nan nan nan
 nan nan nan nan nan nan nan nan nan nan nan nan nan nan nan nan nan nan
 nan nan nan nan nan nan nan nan nan nan nan nan nan nan nan nan nan nan
 nan nan nan nan nan nan nan nan nan nan nan nan nan nan nan nan nan nan
 nan]
2026-03-26 13:12:43,032 - root - ERROR - Chunk 47: No Data! Returning LmfitResult with None.
2026-03-26 13:12:47,385 - root - ERROR - NaN value detected in oversampled model function.
2026-03-26 13:12:47,388 - root - ERROR - <ParameterSet (values: 17)>
    cont_intercept  =  4855.973817360406
    cont_slope      =  8.331866970968903
    iod_depth       =  0.9133205284754914
    lsf_left_1      =  3.0175805431947205
    lsf_left_2      =  -17.79140303263248
    lsf_left_3      =  3.088486588976443
    lsf_left_4      =  -1.4867123682518346
    lsf_left_5      =  0.6190417857516048
    lsf_right1      =  4.740882774083118
    lsf_right2      =  -11.319396520324561
    lsf_right3      =  1.1678878246153153
    lsf_right4      =  -3.7506683003948647
    lsf_right5      =  1.1869315067630226
    tem_depth       =  1.1671235290447726
    velocity        =  -1658.2867979733871
    wave_intercept  =  5249.970182064252
    wave_slope      =  0.01664927299658284
2026-03-26 13:12:47,389 - root - ERROR - Evaluated LSF:
2026-03-26 13:12:47,391 - root - ERROR - [nan nan nan nan nan nan nan nan nan nan nan nan nan nan nan nan nan nan
 nan nan nan nan nan nan nan nan nan nan nan nan nan nan nan nan nan nan
 nan nan nan nan nan nan nan nan nan nan nan nan nan nan nan nan nan nan
 nan nan nan nan nan nan nan nan nan nan nan nan nan nan nan nan nan nan
 nan]
2026-03-26 13:12:48,123 - root - ERROR - NaN value detected in oversampled model function.
2026-03-26 13:12:48,125 - root - ERROR - <ParameterSet (values: 17)>
    cont_intercept  =  8851.22749270795
    cont_slope      =  4.856710140052006
    iod_depth       =  0.8988263989583761
    lsf_left_1      =  4.122149876861313
    lsf_left_2      =  -13.463683238624842
    lsf_left_3      =  1.561195605250736
    lsf_left_4      =  -0.6835197240039368
    lsf_left_5      =  0.19766473307900226
    lsf_right1      =  4.221616376174962
    lsf_right2      =  -14.886406023429425
    lsf_right3      =  6.6498466287700975
    lsf_right4      =  -1.987855587333855
    lsf_right5      =  0.16652440672264104
    tem_depth       =  0.8065740804510049
    velocity        =  -3101.099984452519
    wave_intercept  =  5260.5780164083135
    wave_slope      =  0.015905682687055632
2026-03-26 13:12:48,126 - root - ERROR - Evaluated LSF:
2026-03-26 13:12:48,127 - root - ERROR - [nan nan nan nan nan nan nan nan nan nan nan nan nan nan nan nan nan nan
 nan nan nan nan nan nan nan nan nan nan nan nan nan nan nan nan nan nan
 nan nan nan nan nan nan nan nan nan nan nan nan nan nan nan nan nan nan
 nan nan nan nan nan nan nan nan nan nan nan nan nan nan nan nan nan nan
 nan]
2026-03-26 13:12:48,673 - root - ERROR - NaN value detected in oversampled model function.
2026-03-26 13:12:48,675 - root - ERROR - <ParameterSet (values: 17)>
    cont_intercept  =  10792.689638658407
    cont_slope      =  -1.3872107859217675
    iod_depth       =  0.8631162302124252
    lsf_left_1      =  4.192709104524447
    lsf_left_2      =  -13.737651109292576
    lsf_left_3      =  1.9888661738325788
    lsf_left_4      =  -3.6627366583007075
    lsf_left_5      =  1.0650334743035799
    lsf_right1      =  4.725674191020676
    lsf_right2      =  -13.309844857476405
    lsf_right3      =  2.30033435220595
    lsf_right4      =  -3.0217945720175345
    lsf_right5      =  1.1490539952696992
    tem_depth       =  0.9602344132372231
    velocity        =  -2409.659694777719
    wave_intercept  =  5272.63074076225
    wave_slope      =  0.014987556730504331
2026-03-26 13:12:48,676 - root - ERROR - Evaluated LSF:
2026-03-26 13:12:48,677 - root - ERROR - [nan nan nan nan nan nan nan nan nan nan nan nan nan nan nan nan nan nan
 nan nan nan nan nan nan nan nan nan nan nan nan nan nan nan nan nan nan
 nan nan nan nan nan nan nan nan nan nan nan nan nan nan nan nan nan nan
 nan nan nan nan nan nan nan nan nan nan nan nan nan nan nan nan nan nan
 nan]
2026-03-26 13:12:48,682 - root - ERROR - Chunk 87: No Data! Returning LmfitResult with None.
2026-03-26 13:12:55,798 - root - ERROR - NaN value detected in oversampled model function.
2026-03-26 13:12:55,800 - root - ERROR - <ParameterSet (values: 17)>
    cont_intercept  =  10010.14158240614
    cont_slope      =  7.0427977563456885
    iod_depth       =  0.8955832795995936
    lsf_left_1      =  2.7463596100749506
    lsf_left_2      =  -12.896239621099273
    lsf_left_3      =  6.1903269252706155
    lsf_left_4      =  -3.1586337672577045
    lsf_left_5      =  1.1499257176181947
    lsf_right1      =  5.104491471322859
    lsf_right2      =  -19.253614872757684
    lsf_right3      =  1.5294654581952372
    lsf_right4      =  -3.7043289172120994
    lsf_right5      =  0.9129754884076775
    tem_depth       =  0.9708741253874261
    velocity        =  -2972.4959899964083
    wave_intercept  =  5352.879523533976
    wave_slope      =  0.0161246835803967
2026-03-26 13:12:55,801 - root - ERROR - Evaluated LSF:
2026-03-26 13:12:55,802 - root - ERROR - [nan nan nan nan nan nan nan nan nan nan nan nan nan nan nan nan nan nan
 nan nan nan nan nan nan nan nan nan nan nan nan nan nan nan nan nan nan
 nan nan nan nan nan nan nan nan nan nan nan nan nan nan nan nan nan nan
 nan nan nan nan nan nan nan nan nan nan nan nan nan nan nan nan nan nan
 nan]
2026-03-26 13:13:06,771 - root - ERROR - NaN value detected in oversampled model function.
2026-03-26 13:13:06,773 - root - ERROR - <ParameterSet (values: 17)>
    cont_intercept  =  10829.425209881341
    cont_slope      =  -5.495888485227441
    iod_depth       =  0.8660250513856121
    lsf_left_1      =  2.2964220637365997
    lsf_left_2      =  -19.027518216632135
    lsf_left_3      =  4.358932477118634
    lsf_left_4      =  -1.120318364403969
    lsf_left_5      =  0.19549494330060274
    lsf_right1      =  3.5841975931323997
    lsf_right2      =  -16.791317603929162
    lsf_right3      =  3.186791521667961
    lsf_right4      =  -0.5877982309515062
    lsf_right5      =  0.1445405850078865
    tem_depth       =  0.9932052769366542
    velocity        =  -2347.0450420961893
    wave_intercept  =  5481.908842364477
    wave_slope      =  0.013839461612178501
2026-03-26 13:13:06,775 - root - ERROR - Evaluated LSF:
2026-03-26 13:13:06,776 - root - ERROR - [nan nan nan nan nan nan nan nan nan nan nan nan nan nan nan nan nan nan
 nan nan nan nan nan nan nan nan nan nan nan nan nan nan nan nan nan nan
 nan nan nan nan nan nan nan nan nan nan nan nan nan nan nan nan nan nan
 nan nan nan nan nan nan nan nan nan nan nan nan nan nan nan nan nan nan
 nan]
2026-03-26 13:13:09,415 - root - ERROR - NaN value detected in oversampled model function.
2026-03-26 13:13:09,417 - root - ERROR - <ParameterSet (values: 17)>
    cont_intercept  =  14901.734965779253
    cont_slope      =  3.4590310519233425
    iod_depth       =  0.7766507174121242
    lsf_left_1      =  2.1439068094152356
    lsf_left_2      =  -18.31342600575619
    lsf_left_3      =  2.798530208847982
    lsf_left_4      =  -3.5981167231841544
    lsf_left_5      =  0.13921681099066277
    lsf_right1      =  2.3479945322517786
    lsf_right2      =  -16.165086994640333
    lsf_right3      =  5.26356007552417
    lsf_right4      =  -1.6914080683692547
    lsf_right5      =  0.15544225179873872
    tem_depth       =  1.02302920416574
    velocity        =  -2631.007151512632
    wave_intercept  =  5514.1581634934155
    wave_slope      =  0.015407121972029938
2026-03-26 13:13:09,418 - root - ERROR - Evaluated LSF:
2026-03-26 13:13:09,420 - root - ERROR - [nan nan nan nan nan nan nan nan nan nan nan nan nan nan nan nan nan nan
 nan nan nan nan nan nan nan nan nan nan nan nan nan nan nan nan nan nan
 nan nan nan nan nan nan nan nan nan nan nan nan nan nan nan nan nan nan
 nan nan nan nan nan nan nan nan nan nan nan nan nan nan nan nan nan nan
 nan]
2026-03-26 13:13:15,521 - root - ERROR - NaN value detected in oversampled model function.
2026-03-26 13:13:15,523 - root - ERROR - <ParameterSet (values: 17)>
    cont_intercept  =  9611.75059713638
    cont_slope      =  9.215076016533038
    iod_depth       =  0.7774105479412111
    lsf_left_1      =  7.339460064455965
    lsf_left_2      =  -12.758010294215046
    lsf_left_3      =  4.212322463299777
    lsf_left_4      =  -3.7043365318974217
    lsf_left_5      =  1.0976426372579589
    lsf_right1      =  2.204605713629334
    lsf_right2      =  -12.068013321175414
    lsf_right3      =  3.1561203915855187
    lsf_right4      =  -3.666458211589978
    lsf_right5      =  0.5672879812755373
    tem_depth       =  0.9792215016849779
    velocity        =  -2620.576118080361
    wave_intercept  =  5593.978951016363
    wave_slope      =  0.01724707930840597
2026-03-26 13:13:15,524 - root - ERROR - Evaluated LSF:
2026-03-26 13:13:15,525 - root - ERROR - [nan nan nan nan nan nan nan nan nan nan nan nan nan nan nan nan nan nan
 nan nan nan nan nan nan nan nan nan nan nan nan nan nan nan nan nan nan
 nan nan nan nan nan nan nan nan nan nan nan nan nan nan nan nan nan nan
 nan nan nan nan nan nan nan nan nan nan nan nan nan nan nan nan nan nan
 nan]
2026-03-26 13:13:15,675 - root - ERROR - NaN value detected in oversampled model function.
2026-03-26 13:13:15,677 - root - ERROR - <ParameterSet (values: 17)>
    cont_intercept  =  12469.03049200856
    cont_slope      =  3.5468197195876994
    iod_depth       =  0.8174974436137474
    lsf_left_1      =  2.9477925000865266
    lsf_left_2      =  -18.363874485130022
    lsf_left_3      =  8.223491017613494
    lsf_left_4      =  -3.7375998062295337
    lsf_left_5      =  0.590206490020338
    lsf_right1      =  11.550887822569798
    lsf_right2      =  -19.189608123982335
    lsf_right3      =  7.358740591562556
    lsf_right4      =  -3.851129142073523
    lsf_right5      =  0.1724979425569534
    tem_depth       =  0.184019882013559
    velocity        =  -10484.703048660818
    wave_intercept  =  5600.605807609422
    wave_slope      =  0.01668611001465285
2026-03-26 13:13:15,679 - root - ERROR - Evaluated LSF:
2026-03-26 13:13:15,680 - root - ERROR - [nan nan nan nan nan nan nan nan nan nan nan nan nan nan nan nan nan nan
 nan nan nan nan nan nan nan nan nan nan nan nan nan nan nan nan nan nan
 nan nan nan nan nan nan nan nan nan nan nan nan nan nan nan nan nan nan
 nan nan nan nan nan nan nan nan nan nan nan nan nan nan nan nan nan nan
 nan]
2026-03-26 13:13:20,258 - root - ERROR - NaN value detected in oversampled model function.
2026-03-26 13:13:20,260 - root - ERROR - <ParameterSet (values: 17)>
    cont_intercept  =  14120.255825588596
    cont_slope      =  4.926213685991389
    iod_depth       =  0.7919575956027163
    lsf_left_1      =  3.806287461665515
    lsf_left_2      =  -16.597922405444287
    lsf_left_3      =  4.659021688805526
    lsf_left_4      =  -1.7905748572856748
    lsf_left_5      =  0.13586393566215207
    lsf_right1      =  6.029729643943778
    lsf_right2      =  -15.33131586402808
    lsf_right3      =  8.434540247256495
    lsf_right4      =  -3.7008478327881176
    lsf_right5      =  1.1977761798525914
    tem_depth       =  0.9859462362951167
    velocity        =  -2278.125672988745
    wave_intercept  =  5658.972871015453
    wave_slope      =  0.016427246096124084
2026-03-26 13:13:20,261 - root - ERROR - Evaluated LSF:
2026-03-26 13:13:20,263 - root - ERROR - [nan nan nan nan nan nan nan nan nan nan nan nan nan nan nan nan nan nan
 nan nan nan nan nan nan nan nan nan nan nan nan nan nan nan nan nan nan
 nan nan nan nan nan nan nan nan nan nan nan nan nan nan nan nan nan nan
 nan nan nan nan nan nan nan nan nan nan nan nan nan nan nan nan nan nan
 nan]
2026-03-26 13:13:20,381 - root - ERROR - Chunk 286: No Data! Returning LmfitResult with None.
2026-03-26 13:13:21,826 - root - ERROR - NaN value detected in oversampled model function.
2026-03-26 13:13:21,828 - root - ERROR - <ParameterSet (values: 17)>
    cont_intercept  =  13151.83367020645
    cont_slope      =  -4.252453994014032
    iod_depth       =  0.9934521405428799
    lsf_left_1      =  4.4778899457000145
    lsf_left_2      =  -16.65701791518708
    lsf_left_3      =  7.612173693760431
    lsf_left_4      =  -3.875403410233264
    lsf_left_5      =  0.42571695364155476
    lsf_right1      =  4.198394490007695
    lsf_right2      =  -16.99356897474076
    lsf_right3      =  1.5480937006043503
    lsf_right4      =  -1.6561725535428802
    lsf_right5      =  0.5716226243999512
    tem_depth       =  1.053457553154595
    velocity        =  -1530.4180883276345
    wave_intercept  =  5684.941034422873
    wave_slope      =  0.014307367570788715
2026-03-26 13:13:21,830 - root - ERROR - Evaluated LSF:
2026-03-26 13:13:21,831 - root - ERROR - [nan nan nan nan nan nan nan nan nan nan nan nan nan nan nan nan nan nan
 nan nan nan nan nan nan nan nan nan nan nan nan nan nan nan nan nan nan
 nan nan nan nan nan nan nan nan nan nan nan nan nan nan nan nan nan nan
 nan nan nan nan nan nan nan nan nan nan nan nan nan nan nan nan nan nan
 nan]
2026-03-26 13:13:25,177 - root - ERROR - NaN value detected in oversampled model function.
2026-03-26 13:13:25,179 - root - ERROR - <ParameterSet (values: 17)>
    cont_intercept  =  18498.08218217168
    cont_slope      =  -3.323541678897962
    iod_depth       =  0.8120593887932601
    lsf_left_1      =  2.1439317601179093
    lsf_left_2      =  -14.517382049927559
    lsf_left_3      =  6.29304754689167
    lsf_left_4      =  -3.3935294089970824
    lsf_left_5      =  0.41531413063631845
    lsf_right1      =  5.575062805803178
    lsf_right2      =  -12.914490295422157
    lsf_right3      =  2.346420359365519
    lsf_right4      =  -2.554875702360955
    lsf_right5      =  1.1629546133833082
    tem_depth       =  1.0637186758560506
    velocity        =  -2666.034961244689
    wave_intercept  =  5728.392299063142
    wave_slope      =  0.015261924510211298
2026-03-26 13:13:25,181 - root - ERROR - Evaluated LSF:
2026-03-26 13:13:25,182 - root - ERROR - [nan nan nan nan nan nan nan nan nan nan nan nan nan nan nan nan nan nan
 nan nan nan nan nan nan nan nan nan nan nan nan nan nan nan nan nan nan
 nan nan nan nan nan nan nan nan nan nan nan nan nan nan nan nan nan nan
 nan nan nan nan nan nan nan nan nan nan nan nan nan nan nan nan nan nan
 nan]
2026-03-26 13:13:28,820 - root - ERROR - Chunk 343: No Data! Returning LmfitResult with None.
2026-03-26 13:13:32,356 - root - ERROR - NaN value detected in oversampled model function.
2026-03-26 13:13:32,357 - root - ERROR - <ParameterSet (values: 17)>
    cont_intercept  =  21125.55265107451
    cont_slope      =  -7.983206848738149
    iod_depth       =  0.9669663478428528
    lsf_left_1      =  5.926166576051054
    lsf_left_2      =  -19.317325024986072
    lsf_left_3      =  5.523060123582462
    lsf_left_4      =  -2.4823402279646105
    lsf_left_5      =  0.21628999782784158
    lsf_right1      =  10.23247059565401
    lsf_right2      =  -18.774920037693846
    lsf_right3      =  2.107750596353808
    lsf_right4      =  -1.7990158252005855
    lsf_right5      =  0.553028187831567
    tem_depth       =  -0.13072081604790053
    velocity        =  -17108.83449241227
    wave_intercept  =  5837.508529568134
    wave_slope      =  0.01564584492427134
2026-03-26 13:13:32,359 - root - ERROR - Evaluated LSF:
2026-03-26 13:13:32,360 - root - ERROR - [nan nan nan nan nan nan nan nan nan nan nan nan nan nan nan nan nan nan
 nan nan nan nan nan nan nan nan nan nan nan nan nan nan nan nan nan nan
 nan nan nan nan nan nan nan nan nan nan nan nan nan nan nan nan nan nan
 nan nan nan nan nan nan nan nan nan nan nan nan nan nan nan nan nan nan
 nan]
2026-03-26 13:13:32,766 - root - ERROR - NaN value detected in oversampled model function.
2026-03-26 13:13:32,768 - root - ERROR - <ParameterSet (values: 17)>
    cont_intercept  =  17344.22050833057
    cont_slope      =  -6.917082390196262
    iod_depth       =  0.9519129636171542
    lsf_left_1      =  3.2843370391612483
    lsf_left_2      =  -19.318000919276635
    lsf_left_3      =  1.2899962805739364
    lsf_left_4      =  -2.270010085196124
    lsf_left_5      =  1.0039941373801113
    lsf_right1      =  2.2038166591910504
    lsf_right2      =  -5.217386445036727
    lsf_right3      =  2.301965950698098
    lsf_right4      =  -3.8279965858031115
    lsf_right5      =  0.5321878286417138
    tem_depth       =  -0.15203448148700693
    velocity        =  -11337.22678115811
    wave_intercept  =  5845.428137479223
    wave_slope      =  0.014950785304700691
2026-03-26 13:13:32,769 - root - ERROR - Evaluated LSF:
2026-03-26 13:13:32,770 - root - ERROR - [nan nan nan nan nan nan nan nan nan nan nan nan nan nan nan nan nan nan
 nan nan nan nan nan nan nan nan nan nan nan nan nan nan nan nan nan nan
 nan nan nan nan nan nan nan nan nan nan nan nan nan nan nan nan nan nan
 nan nan nan nan nan nan nan nan nan nan nan nan nan nan nan nan nan nan
 nan]
2026-03-26 13:13:33,963 - root - ERROR - NaN value detected in oversampled model function.
2026-03-26 13:13:33,965 - root - ERROR - <ParameterSet (values: 17)>
    cont_intercept  =  13052.060123942065
    cont_slope      =  9.018962616279659
    iod_depth       =  0.9088993632162712
    lsf_left_1      =  2.3461958909628406
    lsf_left_2      =  -13.849199380576064
    lsf_left_3      =  6.184484703863787
    lsf_left_4      =  -2.6298707711264235
    lsf_left_5      =  0.36463744293976075
    lsf_right1      =  2.1518170163554173
    lsf_right2      =  -15.183236322008456
    lsf_right3      =  9.109962626142977
    lsf_right4      =  -3.801294585836524
    lsf_right5      =  1.0268967863783076
    tem_depth       =  1.1053011959054548
    velocity        =  -2730.658738446425
    wave_intercept  =  5862.928605148619
    wave_slope      =  0.01811345097131779
2026-03-26 13:13:33,966 - root - ERROR - Evaluated LSF:
2026-03-26 13:13:33,967 - root - ERROR - [nan nan nan nan nan nan nan nan nan nan nan nan nan nan nan nan nan nan
 nan nan nan nan nan nan nan nan nan nan nan nan nan nan nan nan nan nan
 nan nan nan nan nan nan nan nan nan nan nan nan nan nan nan nan nan nan
 nan nan nan nan nan nan nan nan nan nan nan nan nan nan nan nan nan nan
 nan]
2026-03-26 13:13:34,969 - root - ERROR - NaN value detected in oversampled model function.
2026-03-26 13:13:34,971 - root - ERROR - <ParameterSet (values: 17)>
    cont_intercept  =  19846.183050404496
    cont_slope      =  -2.5708744587592496
    iod_depth       =  0.9473176127911892
    lsf_left_1      =  4.91650270255305
    lsf_left_2      =  -14.496410092992184
    lsf_left_3      =  8.550812205939268
    lsf_left_4      =  -3.8863243207826663
    lsf_left_5      =  0.19286523427572566
    lsf_right1      =  5.324342202917576
    lsf_right2      =  -18.74079486003612
    lsf_right3      =  7.763558050681122
    lsf_right4      =  -3.813626737912087
    lsf_right5      =  0.21390441118073944
    tem_depth       =  -0.02006780757310351
    velocity        =  -17262.692316559504
    wave_intercept  =  5883.163612226939
    wave_slope      =  0.016527568044154683
2026-03-26 13:13:34,972 - root - ERROR - Evaluated LSF:
2026-03-26 13:13:34,973 - root - ERROR - [nan nan nan nan nan nan nan nan nan nan nan nan nan nan nan nan nan nan
 nan nan nan nan nan nan nan nan nan nan nan nan nan nan nan nan nan nan
 nan nan nan nan nan nan nan nan nan nan nan nan nan nan nan nan nan nan
 nan nan nan nan nan nan nan nan nan nan nan nan nan nan nan nan nan nan
 nan]
2026-03-26 13:13:37,550 - root - ERROR - NaN value detected in oversampled model function.
2026-03-26 13:13:37,551 - root - ERROR - <ParameterSet (values: 17)>
    cont_intercept  =  15411.984648361444
    cont_slope      =  15.355205201211128
    iod_depth       =  0.9596600016920278
    lsf_left_1      =  2.6095984308927793
    lsf_left_2      =  -11.373251140979617
    lsf_left_3      =  1.522800846618169
    lsf_left_4      =  -2.6786137369302185
    lsf_left_5      =  1.0748210829467246
    lsf_right1      =  10.574255084762928
    lsf_right2      =  -17.594020820269193
    lsf_right3      =  1.784495692567703
    lsf_right4      =  -2.195387517783673
    lsf_right5      =  0.5580678490650894
    tem_depth       =  -0.492375153284639
    velocity        =  -15625.310195727789
    wave_intercept  =  5924.55423633427
    wave_slope      =  0.017885276301005684
2026-03-26 13:13:37,552 - root - ERROR - Evaluated LSF:
2026-03-26 13:13:37,553 - root - ERROR - [nan nan nan nan nan nan nan nan nan nan nan nan nan nan nan nan nan nan
 nan nan nan nan nan nan nan nan nan nan nan nan nan nan nan nan nan nan
 nan nan nan nan nan nan nan nan nan nan nan nan nan nan nan nan nan nan
 nan nan nan nan nan nan nan nan nan nan nan nan nan nan nan nan nan nan
 nan]
2026-03-26 13:13:38,373 - root - ERROR - NaN value detected in oversampled model function.
2026-03-26 13:13:38,374 - root - ERROR - <ParameterSet (values: 17)>
    cont_intercept  =  22135.949639763276
    cont_slope      =  -6.1035201795343115
    iod_depth       =  0.8613724186489673
    lsf_left_1      =  8.720347238919196
    lsf_left_2      =  -19.25802206540057
    lsf_left_3      =  1.8609515589670393
    lsf_left_4      =  -3.6975560563903804
    lsf_left_5      =  0.20918372858965603
    lsf_right1      =  2.1509599730598032
    lsf_right2      =  -12.456607093736517
    lsf_right3      =  3.464255600168521
    lsf_right4      =  -3.717798588196238
    lsf_right5      =  0.6359379208632612
    tem_depth       =  -0.14405639335186582
    velocity        =  -16164.826429247887
    wave_intercept  =  5940.27924389008
    wave_slope      =  0.016642235844350286
2026-03-26 13:13:38,376 - root - ERROR - Evaluated LSF:
2026-03-26 13:13:38,377 - root - ERROR - [nan nan nan nan nan nan nan nan nan nan nan nan nan nan nan nan nan nan
 nan nan nan nan nan nan nan nan nan nan nan nan nan nan nan nan nan nan
 nan nan nan nan nan nan nan nan nan nan nan nan nan nan nan nan nan nan
 nan nan nan nan nan nan nan nan nan nan nan nan nan nan nan nan nan nan
 nan]
2026-03-26 13:13:38,395 - root - ERROR - NaN value detected in oversampled model function.
2026-03-26 13:13:38,397 - root - ERROR - <ParameterSet (values: 17)>
    cont_intercept  =  21957.370998471353
    cont_slope      =  0.9236381414148291
    iod_depth       =  0.7914576974619032
    lsf_left_1      =  7.982402514881143
    lsf_left_2      =  -17.733272393599098
    lsf_left_3      =  2.7778349637324533
    lsf_left_4      =  -3.8047309506104567
    lsf_left_5      =  0.7299239234956659
    lsf_right1      =  3.5971055687284315
    lsf_right2      =  -10.90334009328239
    lsf_right3      =  7.128818872556286
    lsf_right4      =  -3.7216656346840953
    lsf_right5      =  1.166823211267815
    tem_depth       =  0.8731840413005381
    velocity        =  -2265.930226922385
    wave_intercept  =  5942.435070441705
    wave_slope      =  0.01658806104272427
2026-03-26 13:13:38,399 - root - ERROR - Evaluated LSF:
2026-03-26 13:13:38,400 - root - ERROR - [nan nan nan nan nan nan nan nan nan nan nan nan nan nan nan nan nan nan
 nan nan nan nan nan nan nan nan nan nan nan nan nan nan nan nan nan nan
 nan nan nan nan nan nan nan nan nan nan nan nan nan nan nan nan nan nan
 nan nan nan nan nan nan nan nan nan nan nan nan nan nan nan nan nan nan
 nan]
2026-03-26 13:13:43,049 - root - ERROR - Chunk 444: No Data! Returning LmfitResult with None.
2026-03-26 13:13:45,492 - root - ERROR - NaN value detected in oversampled model function.
2026-03-26 13:13:45,494 - root - ERROR - <ParameterSet (values: 17)>
    cont_intercept  =  20225.540302702368
    cont_slope      =  7.176694327541797
    iod_depth       =  0.8821624949606903
    lsf_left_1      =  5.2584757102636885
    lsf_left_2      =  -8.484686177923397
    lsf_left_3      =  2.643804634036089
    lsf_left_4      =  -3.9160208117485977
    lsf_left_5      =  0.251093481366982
    lsf_right1      =  2.5132635835575226
    lsf_right2      =  -18.54152832710685
    lsf_right3      =  7.753985311256668
    lsf_right4      =  -3.081472025804125
    lsf_right5      =  0.2524565249023334
    tem_depth       =  0.685873144570796
    velocity        =  -1106.1878024254088
    wave_intercept  =  6048.886313993372
    wave_slope      =  0.017715746728920272
2026-03-26 13:13:45,495 - root - ERROR - Evaluated LSF:
2026-03-26 13:13:45,496 - root - ERROR - [nan nan nan nan nan nan nan nan nan nan nan nan nan nan nan nan nan nan
 nan nan nan nan nan nan nan nan nan nan nan nan nan nan nan nan nan nan
 nan nan nan nan nan nan nan nan nan nan nan nan nan nan nan nan nan nan
 nan nan nan nan nan nan nan nan nan nan nan nan nan nan nan nan nan nan
 nan]
2026-03-26 13:13:46,821 - root - ERROR - NaN value detected in oversampled model function.
2026-03-26 13:13:46,822 - root - ERROR - <ParameterSet (values: 17)>
    cont_intercept  =  21990.247250497836
    cont_slope      =  -1.2367455326432246
    iod_depth       =  0.5576551493537787
    lsf_left_1      =  2.146644606412008
    lsf_left_2      =  -11.855940139158871
    lsf_left_3      =  6.270241349726743
    lsf_left_4      =  -3.9534902050303593
    lsf_left_5      =  1.1971653066675183
    lsf_right1      =  2.1439094457490455
    lsf_right2      =  -10.511658731563875
    lsf_right3      =  1.1749515541328102
    lsf_right4      =  -0.621736778586357
    lsf_right5      =  0.32520307724363423
    tem_depth       =  1.0273024294470234
    velocity        =  -2806.169957528749
    wave_intercept  =  6066.563264292794
    wave_slope      =  0.01627988744234355
2026-03-26 13:13:46,823 - root - ERROR - Evaluated LSF:
2026-03-26 13:13:46,824 - root - ERROR - [nan nan nan nan nan nan nan nan nan nan nan nan nan nan nan nan nan nan
 nan nan nan nan nan nan nan nan nan nan nan nan nan nan nan nan nan nan
 nan nan nan nan nan nan nan nan nan nan nan nan nan nan nan nan nan nan
 nan nan nan nan nan nan nan nan nan nan nan nan nan nan nan nan nan nan
 nan]
2026-03-26 13:13:49,088 - root - ERROR - NaN value detected in oversampled model function.
2026-03-26 13:13:49,090 - root - ERROR - <ParameterSet (values: 17)>
    cont_intercept  =  20271.55350554187
    cont_slope      =  6.575892713861429
    iod_depth       =  1.1204882687473452
    lsf_left_1      =  2.353012765136716
    lsf_left_2      =  -7.188681178931178
    lsf_left_3      =  5.776484212410543
    lsf_left_4      =  -3.259034989943964
    lsf_left_5      =  0.8739489826886846
    lsf_right1      =  4.2971062940638145
    lsf_right2      =  -19.31178410198887
    lsf_right3      =  4.443292548734249
    lsf_right4      =  -1.7108097814467742
    lsf_right5      =  0.1577924583182723
    tem_depth       =  0.3682263177723408
    velocity        =  -9483.878990182176
    wave_intercept  =  6107.037510733847
    wave_slope      =  0.017907823433704815
2026-03-26 13:13:49,091 - root - ERROR - Evaluated LSF:
2026-03-26 13:13:49,092 - root - ERROR - [nan nan nan nan nan nan nan nan nan nan nan nan nan nan nan nan nan nan
 nan nan nan nan nan nan nan nan nan nan nan nan nan nan nan nan nan nan
 nan nan nan nan nan nan nan nan nan nan nan nan nan nan nan nan nan nan
 nan nan nan nan nan nan nan nan nan nan nan nan nan nan nan nan nan nan
 nan]
2026-03-26 13:13:49,499 - root - ERROR - NaN value detected in oversampled model function.
2026-03-26 13:13:49,500 - root - ERROR - <ParameterSet (values: 17)>
    cont_intercept  =  21559.484472268075
    cont_slope      =  3.2276800892084836
    iod_depth       =  0.6873146239429676
    lsf_left_1      =  7.212483148040229
    lsf_left_2      =  -18.829908209536615
    lsf_left_3      =  3.966058913994654
    lsf_left_4      =  -2.8214415664705372
    lsf_left_5      =  0.1332761951020695
    lsf_right1      =  5.365708386971148
    lsf_right2      =  -15.377293819542196
    lsf_right3      =  4.578124891241934
    lsf_right4      =  -0.8246866422678281
    lsf_right5      =  0.14043013179433045
    tem_depth       =  1.0570875823428425
    velocity        =  -2842.617827966596
    wave_intercept  =  6116.234342379727
    wave_slope      =  0.017328001624734583
2026-03-26 13:13:49,502 - root - ERROR - Evaluated LSF:
2026-03-26 13:13:49,503 - root - ERROR - [nan nan nan nan nan nan nan nan nan nan nan nan nan nan nan nan nan nan
 nan nan nan nan nan nan nan nan nan nan nan nan nan nan nan nan nan nan
 nan nan nan nan nan nan nan nan nan nan nan nan nan nan nan nan nan nan
 nan nan nan nan nan nan nan nan nan nan nan nan nan nan nan nan nan nan
 nan]
2026-03-26 13:13:52,376 - root - ERROR - NaN value detected in oversampled model function.
2026-03-26 13:13:52,378 - root - ERROR - <ParameterSet (values: 17)>
    cont_intercept  =  18594.862652648844
    cont_slope      =  5.779251105732115
    iod_depth       =  0.5386384707011858
    lsf_left_1      =  7.390556523809978
    lsf_left_2      =  -18.4619382050736
    lsf_left_3      =  5.424246211353629
    lsf_left_4      =  -3.19274799920539
    lsf_left_5      =  0.1336362501014364
    lsf_right1      =  8.08655077017352
    lsf_right2      =  -18.99089725444848
    lsf_right3      =  6.321396957169352
    lsf_right4      =  -3.9292467865398244
    lsf_right5      =  0.18549484570804264
    tem_depth       =  0.991459389779941
    velocity        =  -2611.2651466936786
    wave_intercept  =  6166.33891193835
    wave_slope      =  0.01845303854748171
2026-03-26 13:13:52,379 - root - ERROR - Evaluated LSF:
2026-03-26 13:13:52,380 - root - ERROR - [nan nan nan nan nan nan nan nan nan nan nan nan nan nan nan nan nan nan
 nan nan nan nan nan nan nan nan nan nan nan nan nan nan nan nan nan nan
 nan nan nan nan nan nan nan nan nan nan nan nan nan nan nan nan nan nan
 nan nan nan nan nan nan nan nan nan nan nan nan nan nan nan nan nan nan
 nan]
2026-03-26 13:13:52,626 - root - ERROR - NaN value detected in oversampled model function.
2026-03-26 13:13:52,628 - root - ERROR - <ParameterSet (values: 17)>
    cont_intercept  =  19147.00737351048
    cont_slope      =  3.209990774238926
    iod_depth       =  0.7290008785372613
    lsf_left_1      =  2.7982732650178095
    lsf_left_2      =  -9.931160075281502
    lsf_left_3      =  7.987440056358631
    lsf_left_4      =  -3.410958039936765
    lsf_left_5      =  0.8916709179790007
    lsf_right1      =  2.143860135076318
    lsf_right2      =  -7.559599047898368
    lsf_right3      =  2.828533908846447
    lsf_right4      =  -0.6802739907196522
    lsf_right5      =  0.13611510414920264
    tem_depth       =  0.997712993312079
    velocity        =  -2524.470555245855
    wave_intercept  =  6171.088122920823
    wave_slope      =  0.01807177511215296
2026-03-26 13:13:52,629 - root - ERROR - Evaluated LSF:
2026-03-26 13:13:52,630 - root - ERROR - [nan nan nan nan nan nan nan nan nan nan nan nan nan nan nan nan nan nan
 nan nan nan nan nan nan nan nan nan nan nan nan nan nan nan nan nan nan
 nan nan nan nan nan nan nan nan nan nan nan nan nan nan nan nan nan nan
 nan nan nan nan nan nan nan nan nan nan nan nan nan nan nan nan nan nan
 nan]
2026-03-26 13:13:54,523 - root - ERROR - NaN value detected in oversampled model function.
2026-03-26 13:13:54,525 - root - ERROR - <ParameterSet (values: 17)>
    cont_intercept  =  19264.02392636229
    cont_slope      =  -2.469257072938463
    iod_depth       =  1.3476978655769216
    lsf_left_1      =  10.643791194239068
    lsf_left_2      =  -18.58378029988357
    lsf_left_3      =  5.459744762447536
    lsf_left_4      =  -3.712282941196295
    lsf_left_5      =  1.1403491013085705
    lsf_right1      =  4.347482348062681
    lsf_right2      =  -17.242003160851795
    lsf_right3      =  1.4443844129688403
    lsf_right4      =  -0.4459665087208311
    lsf_right5      =  0.1953225016555952
    tem_depth       =  2.1218581265149257
    velocity        =  -9914.153276900715
    wave_intercept  =  6193.422229487565
    wave_slope      =  0.01641361017976475
2026-03-26 13:13:54,527 - root - ERROR - Evaluated LSF:
2026-03-26 13:13:54,528 - root - ERROR - [nan nan nan nan nan nan nan nan nan nan nan nan nan nan nan nan nan nan
 nan nan nan nan nan nan nan nan nan nan nan nan nan nan nan nan nan nan
 nan nan nan nan nan nan nan nan nan nan nan nan nan nan nan nan nan nan
 nan nan nan nan nan nan nan nan nan nan nan nan nan nan nan nan nan nan
 nan]
2026-03-26 13:13:54,533 - root - ERROR - Chunk 519: No Data! Returning LmfitResult with None.
2026-03-26 13:13:55,867 - root - ERROR - Chunk 529: No Data! Returning LmfitResult with None.
2026-03-26 13:13:55,940 - root - ERROR - NaN value detected in oversampled model function.
2026-03-26 13:13:55,941 - root - ERROR - <ParameterSet (values: 17)>
    cont_intercept  =  18111.00369466847
    cont_slope      =  7.483529965027341
    iod_depth       =  0.07184777882532754
    lsf_left_1      =  2.1494605696436877
    lsf_left_2      =  -19.215460698514878
    lsf_left_3      =  7.450101632541346
    lsf_left_4      =  -2.4371008324476024
    lsf_left_5      =  0.7822077844135126
    lsf_right1      =  6.683961026183842
    lsf_right2      =  -19.27796773445395
    lsf_right3      =  9.20546380383637
    lsf_right4      =  -3.469610572198188
    lsf_right5      =  0.841976943484964
    tem_depth       =  0.8489641169581482
    velocity        =  -1305.7301665417235
    wave_intercept  =  6226.81265469984
    wave_slope      =  0.02003211272451496
2026-03-26 13:13:55,943 - root - ERROR - Evaluated LSF:
2026-03-26 13:13:55,944 - root - ERROR - [nan nan nan nan nan nan nan nan nan nan nan nan nan nan nan nan nan nan
 nan nan nan nan nan nan nan nan nan nan nan nan nan nan nan nan nan nan
 nan nan nan nan nan nan nan nan nan nan nan nan nan nan nan nan nan nan
 nan nan nan nan nan nan nan nan nan nan nan nan nan nan nan nan nan nan
 nan]
2026-03-26 13:13:57,916 - root - ERROR - NaN value detected in oversampled model function.
2026-03-26 13:13:57,917 - root - ERROR - <ParameterSet (values: 17)>
    cont_intercept  =  19956.317620764403
    cont_slope      =  -4.510311894837828
    iod_depth       =  0.1899136098261244
    lsf_left_1      =  3.4302696633240672
    lsf_left_2      =  -12.872704116272285
    lsf_left_3      =  1.1748731059053878
    lsf_left_4      =  -0.4417621474219011
    lsf_left_5      =  0.13889910472705194
    lsf_right1      =  7.70709140730087
    lsf_right2      =  -19.312438446150686
    lsf_right3      =  9.523270622789434
    lsf_right4      =  -2.258527344044269
    lsf_right5      =  0.20404293658947203
    tem_depth       =  0.9941606103647067
    velocity        =  -2514.404787843247
    wave_intercept  =  6258.723834107947
    wave_slope      =  0.017111508242928685
2026-03-26 13:13:57,919 - root - ERROR - Evaluated LSF:
2026-03-26 13:13:57,920 - root - ERROR - [nan nan nan nan nan nan nan nan nan nan nan nan nan nan nan nan nan nan
 nan nan nan nan nan nan nan nan nan nan nan nan nan nan nan nan nan nan
 nan nan nan nan nan nan nan nan nan nan nan nan nan nan nan nan nan nan
 nan nan nan nan nan nan nan nan nan nan nan nan nan nan nan nan nan nan
 nan]
2026-03-26 13:13:58,353 - root - ERROR - Chunk 549: No Data! Returning LmfitResult with None.
2026-03-26 13:13:59,465 - root - ERROR - Chunk 557: No Data! Returning LmfitResult with None.
2026-03-26 13:13:59,818 - root - ERROR - NaN value detected in oversampled model function.
2026-03-26 13:13:59,820 - root - ERROR - <ParameterSet (values: 17)>
    cont_intercept  =  20149.851686576818
    cont_slope      =  -1.4629389234204622
    iod_depth       =  0.7889029116683213
    lsf_left_1      =  3.3265650949076155
    lsf_left_2      =  -9.488148497311997
    lsf_left_3      =  2.9377881885468335
    lsf_left_4      =  -0.748160162634627
    lsf_left_5      =  0.15680736737723983
    lsf_right1      =  2.1438399763520395
    lsf_right2      =  -19.327445531991295
    lsf_right3      =  1.8215984661063889
    lsf_right4      =  -3.5234228735497535
    lsf_right5      =  1.00042612513389
    tem_depth       =  1.0722507446782312
    velocity        =  -1889.7974888494473
    wave_intercept  =  6303.042879419495
    wave_slope      =  0.01877893175622101
2026-03-26 13:13:59,821 - root - ERROR - Evaluated LSF:
2026-03-26 13:13:59,822 - root - ERROR - [nan nan nan nan nan nan nan nan nan nan nan nan nan nan nan nan nan nan
 nan nan nan nan nan nan nan nan nan nan nan nan nan nan nan nan nan nan
 nan nan nan nan nan nan nan nan nan nan nan nan nan nan nan nan nan nan
 nan nan nan nan nan nan nan nan nan nan nan nan nan nan nan nan nan nan
 nan]
2026-03-26 13:14:00,778 - root - ERROR - NaN value detected in oversampled model function.
2026-03-26 13:14:00,780 - root - ERROR - <ParameterSet (values: 17)>
    cont_intercept  =  22162.309037881856
    cont_slope      =  -1.314427156091862
    iod_depth       =  0.5222898688362068
    lsf_left_1      =  2.2768801818873445
    lsf_left_2      =  -13.880359940761362
    lsf_left_3      =  6.08758556390068
    lsf_left_4      =  -3.328399277728881
    lsf_left_5      =  0.9425740920637145
    lsf_right1      =  2.2121817080662485
    lsf_right2      =  -18.07058447136129
    lsf_right3      =  7.068965031975985
    lsf_right4      =  -3.2467525813289426
    lsf_right5      =  0.8706583072357041
    tem_depth       =  1.0365641748356682
    velocity        =  -1761.7929928249066
    wave_intercept  =  6314.552182555209
    wave_slope      =  0.01778637070223516
2026-03-26 13:14:00,781 - root - ERROR - Evaluated LSF:
2026-03-26 13:14:00,782 - root - ERROR - [nan nan nan nan nan nan nan nan nan nan nan nan nan nan nan nan nan nan
 nan nan nan nan nan nan nan nan nan nan nan nan nan nan nan nan nan nan
 nan nan nan nan nan nan nan nan nan nan nan nan nan nan nan nan nan nan
 nan nan nan nan nan nan nan nan nan nan nan nan nan nan nan nan nan nan
 nan]
2026-03-26 13:14:01,779 - root - ERROR - NaN value detected in oversampled model function.
2026-03-26 13:14:01,781 - root - ERROR - <ParameterSet (values: 17)>
    cont_intercept  =  18165.1949833974
    cont_slope      =  -6.513894288604677
    iod_depth       =  0.7189754856115315
    lsf_left_1      =  2.596787709531342
    lsf_left_2      =  -8.213086103219752
    lsf_left_3      =  2.743548322219599
    lsf_left_4      =  -3.3598080040713185
    lsf_left_5      =  0.28460285232925275
    lsf_right1      =  7.864511440306287
    lsf_right2      =  -19.321753688975964
    lsf_right3      =  6.679680335857716
    lsf_right4      =  -3.4596915681527363
    lsf_right5      =  0.6292106593728599
    tem_depth       =  0.12180149795575854
    velocity        =  -5083.6505260389
    wave_intercept  =  6329.576909606871
    wave_slope      =  0.01592563342632837
2026-03-26 13:14:01,782 - root - ERROR - Evaluated LSF:
2026-03-26 13:14:01,783 - root - ERROR - [nan nan nan nan nan nan nan nan nan nan nan nan nan nan nan nan nan nan
 nan nan nan nan nan nan nan nan nan nan nan nan nan nan nan nan nan nan
 nan nan nan nan nan nan nan nan nan nan nan nan nan nan nan nan nan nan
 nan nan nan nan nan nan nan nan nan nan nan nan nan nan nan nan nan nan
 nan]
