2026-03-26 14:59:59,667 - root - ERROR - NaN value detected in oversampled model function.
2026-03-26 14:59:59,671 - root - ERROR - <ParameterSet (values: 17)>
    cont_intercept  =  7904.962415011859
    cont_slope      =  -7.706135485815149
    iod_depth       =  0.7090963993360963
    lsf_left_1      =  2.295755466249725
    lsf_left_2      =  -11.652688974152557
    lsf_left_3      =  1.1541439427293079
    lsf_left_4      =  -3.6711198735181156
    lsf_left_5      =  1.0711251506326471
    lsf_right1      =  7.904094859160166
    lsf_right2      =  -19.220984790371684
    lsf_right3      =  10.329649966256959
    lsf_right4      =  -3.740659206454619
    lsf_right5      =  0.32369709956884996
    tem_depth       =  -0.25002190446328326
    velocity        =  -14246.858854513317
    wave_intercept  =  5145.304606310745
    wave_slope      =  0.014121319572011546
2026-03-26 14:59:59,672 - root - ERROR - Evaluated LSF:
2026-03-26 14:59:59,673 - root - ERROR - [nan nan nan nan nan nan nan nan nan nan nan nan nan nan nan nan nan nan
 nan nan nan nan nan nan nan nan nan nan nan nan nan nan nan nan nan nan
 nan nan nan nan nan nan nan nan nan nan nan nan nan nan nan nan nan nan
 nan nan nan nan nan nan nan nan nan nan nan nan nan nan nan nan nan nan
 nan]
2026-03-26 15:00:02,160 - root - ERROR - Chunk 29: No Data! Returning LmfitResult with None.
2026-03-26 15:00:04,564 - root - ERROR - NaN value detected in oversampled model function.
2026-03-26 15:00:04,565 - root - ERROR - <ParameterSet (values: 17)>
    cont_intercept  =  8725.714489955175
    cont_slope      =  12.284030181731492
    iod_depth       =  1.0342251023747486
    lsf_left_1      =  5.473112719252994
    lsf_left_2      =  -12.05227888459377
    lsf_left_3      =  3.72179936838128
    lsf_left_4      =  -3.8470730920125202
    lsf_left_5      =  0.9583238180579655
    lsf_right1      =  2.1403726727378536
    lsf_right2      =  -19.268151731022204
    lsf_right3      =  8.905065184449995
    lsf_right4      =  -3.969332674372116
    lsf_right5      =  0.6263404471841442
    tem_depth       =  0.14925862072274088
    velocity        =  -13103.44899632444
    wave_intercept  =  5194.403863122705
    wave_slope      =  0.014035350771689069
2026-03-26 15:00:04,567 - root - ERROR - Evaluated LSF:
2026-03-26 15:00:04,568 - root - ERROR - [nan nan nan nan nan nan nan nan nan nan nan nan nan nan nan nan nan nan
 nan nan nan nan nan nan nan nan nan nan nan nan nan nan nan nan nan nan
 nan nan nan nan nan nan nan nan nan nan nan nan nan nan nan nan nan nan
 nan nan nan nan nan nan nan nan nan nan nan nan nan nan nan nan nan nan
 nan]
2026-03-26 15:00:06,106 - root - ERROR - NaN value detected in oversampled model function.
2026-03-26 15:00:06,107 - root - ERROR - <ParameterSet (values: 17)>
    cont_intercept  =  3856.141110925666
    cont_slope      =  3.0369423475680177
    iod_depth       =  1.0192801699894467
    lsf_left_1      =  4.183040428613101
    lsf_left_2      =  -17.15270203419157
    lsf_left_3      =  6.533616418651913
    lsf_left_4      =  -2.325918279962969
    lsf_left_5      =  0.16633970510146434
    lsf_right1      =  2.903104383186355
    lsf_right2      =  -15.89918324224092
    lsf_right3      =  4.980614539001601
    lsf_right4      =  -3.732332794503508
    lsf_right5      =  0.5648891324689415
    tem_depth       =  0.897675226522176
    velocity        =  -5695.086024106671
    wave_intercept  =  5209.362840580288
    wave_slope      =  0.016435808892205774
2026-03-26 15:00:06,108 - root - ERROR - Evaluated LSF:
2026-03-26 15:00:06,110 - root - ERROR - [nan nan nan nan nan nan nan nan nan nan nan nan nan nan nan nan nan nan
 nan nan nan nan nan nan nan nan nan nan nan nan nan nan nan nan nan nan
 nan nan nan nan nan nan nan nan nan nan nan nan nan nan nan nan nan nan
 nan nan nan nan nan nan nan nan nan nan nan nan nan nan nan nan nan nan
 nan]
2026-03-26 15:00:07,044 - root - ERROR - NaN value detected in oversampled model function.
2026-03-26 15:00:07,046 - root - ERROR - <ParameterSet (values: 17)>
    cont_intercept  =  7053.919469994909
    cont_slope      =  3.4494626192578286
    iod_depth       =  0.673361621764093
    lsf_left_1      =  2.2508075470126108
    lsf_left_2      =  -17.624146582285164
    lsf_left_3      =  2.2551933390784535
    lsf_left_4      =  -1.9196868831680414
    lsf_left_5      =  0.29589414808373393
    lsf_right1      =  10.571887089892622
    lsf_right2      =  -15.214213392417186
    lsf_right3      =  2.381188567190761
    lsf_right4      =  -2.744854278459095
    lsf_right5      =  0.23825502781202135
    tem_depth       =  0.8859179604647277
    velocity        =  -2044.8405615997926
    wave_intercept  =  5227.587906845486
    wave_slope      =  0.014646056796691414
2026-03-26 15:00:07,047 - root - ERROR - Evaluated LSF:
2026-03-26 15:00:07,048 - root - ERROR - [nan nan nan nan nan nan nan nan nan nan nan nan nan nan nan nan nan nan
 nan nan nan nan nan nan nan nan nan nan nan nan nan nan nan nan nan nan
 nan nan nan nan nan nan nan nan nan nan nan nan nan nan nan nan nan nan
 nan nan nan nan nan nan nan nan nan nan nan nan nan nan nan nan nan nan
 nan]
2026-03-26 15:00:07,215 - root - ERROR - Chunk 63: No Data! Returning LmfitResult with None.
2026-03-26 15:00:08,209 - root - ERROR - NaN value detected in oversampled model function.
2026-03-26 15:00:08,211 - root - ERROR - <ParameterSet (values: 17)>
    cont_intercept  =  7532.203023867411
    cont_slope      =  -13.232957831856758
    iod_depth       =  1.1846089328791372
    lsf_left_1      =  6.419101969994758
    lsf_left_2      =  -19.038011796761065
    lsf_left_3      =  9.875015978666095
    lsf_left_4      =  -3.959409452317054
    lsf_left_5      =  1.1710794311598904
    lsf_right1      =  4.5011027436002715
    lsf_right2      =  -17.600213091570158
    lsf_right3      =  9.989829999759237
    lsf_right4      =  -3.7716265576280126
    lsf_right5      =  1.1209151475683792
    tem_depth       =  -0.0779104589119036
    velocity        =  -24106.256006308246
    wave_intercept  =  5247.636355343585
    wave_slope      =  0.013218918320982017
2026-03-26 15:00:08,213 - root - ERROR - Evaluated LSF:
2026-03-26 15:00:08,214 - root - ERROR - [nan nan nan nan nan nan nan nan nan nan nan nan nan nan nan nan nan nan
 nan nan nan nan nan nan nan nan nan nan nan nan nan nan nan nan nan nan
 nan nan nan nan nan nan nan nan nan nan nan nan nan nan nan nan nan nan
 nan nan nan nan nan nan nan nan nan nan nan nan nan nan nan nan nan nan
 nan]
2026-03-26 15:00:08,449 - root - ERROR - NaN value detected in oversampled model function.
2026-03-26 15:00:08,451 - root - ERROR - <ParameterSet (values: 17)>
    cont_intercept  =  3926.8049732232544
    cont_slope      =  6.00710747553372
    iod_depth       =  0.931382745945913
    lsf_left_1      =  2.3403686284046086
    lsf_left_2      =  -9.44205845291701
    lsf_left_3      =  1.3062871317186695
    lsf_left_4      =  -3.8563654886326084
    lsf_left_5      =  0.13338656388622347
    lsf_right1      =  4.869414295612835
    lsf_right2      =  -13.723802700275897
    lsf_right3      =  9.65970729731071
    lsf_right4      =  -3.3414840318239207
    lsf_right5      =  0.49258614638506465
    tem_depth       =  1.0852991819339872
    velocity        =  -2197.8727060981823
    wave_intercept  =  5249.956070826453
    wave_slope      =  0.016691676840013048
2026-03-26 15:00:08,454 - root - ERROR - Evaluated LSF:
2026-03-26 15:00:08,455 - root - ERROR - [nan nan nan nan nan nan nan nan nan nan nan nan nan nan nan nan nan nan
 nan nan nan nan nan nan nan nan nan nan nan nan nan nan nan nan nan nan
 nan nan nan nan nan nan nan nan nan nan nan nan nan nan nan nan nan nan
 nan nan nan nan nan nan nan nan nan nan nan nan nan nan nan nan nan nan
 nan]
2026-03-26 15:00:12,767 - root - ERROR - NaN value detected in oversampled model function.
2026-03-26 15:00:12,768 - root - ERROR - <ParameterSet (values: 17)>
    cont_intercept  =  4382.937147212623
    cont_slope      =  4.644609211531405
    iod_depth       =  0.6361138798075933
    lsf_left_1      =  2.1418582761901805
    lsf_left_2      =  -4.816572087421436
    lsf_left_3      =  2.6918117919077424
    lsf_left_4      =  -3.8409211283924023
    lsf_left_5      =  0.7313106845431385
    lsf_right1      =  3.9336864039103383
    lsf_right2      =  -18.161682548072235
    lsf_right3      =  4.070782262750843
    lsf_right4      =  -3.5611999443296565
    lsf_right5      =  1.1918799721560966
    tem_depth       =  0.9105089746867887
    velocity        =  -2631.3076997735016
    wave_intercept  =  5297.819892192029
    wave_slope      =  0.016724068861772592
2026-03-26 15:00:12,770 - root - ERROR - Evaluated LSF:
2026-03-26 15:00:12,771 - root - ERROR - [nan nan nan nan nan nan nan nan nan nan nan nan nan nan nan nan nan nan
 nan nan nan nan nan nan nan nan nan nan nan nan nan nan nan nan nan nan
 nan nan nan nan nan nan nan nan nan nan nan nan nan nan nan nan nan nan
 nan nan nan nan nan nan nan nan nan nan nan nan nan nan nan nan nan nan
 nan]
2026-03-26 15:00:13,865 - root - ERROR - NaN value detected in oversampled model function.
2026-03-26 15:00:13,867 - root - ERROR - <ParameterSet (values: 17)>
    cont_intercept  =  9612.708454921167
    cont_slope      =  3.7695706626530834
    iod_depth       =  0.9079655786709335
    lsf_left_1      =  13.034015216474257
    lsf_left_2      =  -19.11456871078744
    lsf_left_3      =  1.58419644180673
    lsf_left_4      =  -0.613562965906143
    lsf_left_5      =  0.3163125957654075
    lsf_right1      =  3.0128872954349006
    lsf_right2      =  -19.267091785111173
    lsf_right3      =  3.597214292128322
    lsf_right4      =  -0.4814449454835601
    lsf_right5      =  0.17732647819552902
    tem_depth       =  1.0177685562063223
    velocity        =  -3389.0486381249198
    wave_intercept  =  5314.502540814062
    wave_slope      =  0.015433522584142064
2026-03-26 15:00:13,868 - root - ERROR - Evaluated LSF:
2026-03-26 15:00:13,869 - root - ERROR - [nan nan nan nan nan nan nan nan nan nan nan nan nan nan nan nan nan nan
 nan nan nan nan nan nan nan nan nan nan nan nan nan nan nan nan nan nan
 nan nan nan nan nan nan nan nan nan nan nan nan nan nan nan nan nan nan
 nan nan nan nan nan nan nan nan nan nan nan nan nan nan nan nan nan nan
 nan]
2026-03-26 15:00:16,175 - root - ERROR - NaN value detected in oversampled model function.
2026-03-26 15:00:16,178 - root - ERROR - <ParameterSet (values: 17)>
    cont_intercept  =  4444.9022928276
    cont_slope      =  4.978938185665661
    iod_depth       =  0.7626651631623026
    lsf_left_1      =  2.4627572715557187
    lsf_left_2      =  -19.11611463881116
    lsf_left_3      =  6.122953695105324
    lsf_left_4      =  -3.7126646922070576
    lsf_left_5      =  0.16451913637403842
    lsf_right1      =  2.6821001427048916
    lsf_right2      =  -16.466163968068635
    lsf_right3      =  6.124711087344647
    lsf_right4      =  -2.6706624235993175
    lsf_right5      =  0.32856478702196334
    tem_depth       =  0.9684800488676243
    velocity        =  -2334.9975882038925
    wave_intercept  =  5342.075821555561
    wave_slope      =  0.016950807300316287
2026-03-26 15:00:16,179 - root - ERROR - Evaluated LSF:
2026-03-26 15:00:16,180 - root - ERROR - [nan nan nan nan nan nan nan nan nan nan nan nan nan nan nan nan nan nan
 nan nan nan nan nan nan nan nan nan nan nan nan nan nan nan nan nan nan
 nan nan nan nan nan nan nan nan nan nan nan nan nan nan nan nan nan nan
 nan nan nan nan nan nan nan nan nan nan nan nan nan nan nan nan nan nan
 nan]
2026-03-26 15:00:20,646 - root - ERROR - NaN value detected in oversampled model function.
2026-03-26 15:00:20,648 - root - ERROR - <ParameterSet (values: 17)>
    cont_intercept  =  5542.230084063786
    cont_slope      =  5.232529904401968
    iod_depth       =  0.7802509601028073
    lsf_left_1      =  8.573257850844964
    lsf_left_2      =  -18.802428338086514
    lsf_left_3      =  1.154511913886608
    lsf_left_4      =  -2.090442622558795
    lsf_left_5      =  0.9955931645924362
    lsf_right1      =  5.912645177309987
    lsf_right2      =  -17.562202593224168
    lsf_right3      =  2.135776842492264
    lsf_right4      =  -2.598582183525141
    lsf_right5      =  0.22492005552629443
    tem_depth       =  0.9146767201207342
    velocity        =  -2362.2671116974257
    wave_intercept  =  5393.77956750991
    wave_slope      =  0.016872201478054474
2026-03-26 15:00:20,649 - root - ERROR - Evaluated LSF:
2026-03-26 15:00:20,650 - root - ERROR - [nan nan nan nan nan nan nan nan nan nan nan nan nan nan nan nan nan nan
 nan nan nan nan nan nan nan nan nan nan nan nan nan nan nan nan nan nan
 nan nan nan nan nan nan nan nan nan nan nan nan nan nan nan nan nan nan
 nan nan nan nan nan nan nan nan nan nan nan nan nan nan nan nan nan nan
 nan]
2026-03-26 15:00:22,264 - root - ERROR - NaN value detected in oversampled model function.
2026-03-26 15:00:22,265 - root - ERROR - <ParameterSet (values: 17)>
    cont_intercept  =  11616.732607265345
    cont_slope      =  1.13695646323385
    iod_depth       =  1.0470527677949
    lsf_left_1      =  6.444487169128507
    lsf_left_2      =  -19.31852962413174
    lsf_left_3      =  1.6501603574743013
    lsf_left_4      =  -0.8579062595669606
    lsf_left_5      =  0.3524451040985823
    lsf_right1      =  8.205190063796211
    lsf_right2      =  -17.976746190060958
    lsf_right3      =  3.274170749683026
    lsf_right4      =  -3.6159851150242566
    lsf_right5      =  0.13332420613658563
    tem_depth       =  0.5730493028890723
    velocity        =  -50391.84417184067
    wave_intercept  =  5422.345572093634
    wave_slope      =  0.014596552742646771
2026-03-26 15:00:22,267 - root - ERROR - Evaluated LSF:
2026-03-26 15:00:22,268 - root - ERROR - [nan nan nan nan nan nan nan nan nan nan nan nan nan nan nan nan nan nan
 nan nan nan nan nan nan nan nan nan nan nan nan nan nan nan nan nan nan
 nan nan nan nan nan nan nan nan nan nan nan nan nan nan nan nan nan nan
 nan nan nan nan nan nan nan nan nan nan nan nan nan nan nan nan nan nan
 nan]
2026-03-26 15:00:26,190 - root - ERROR - Chunk 190: No Data! Returning LmfitResult with None.
2026-03-26 15:00:26,536 - root - ERROR - NaN value detected in oversampled model function.
2026-03-26 15:00:26,538 - root - ERROR - <ParameterSet (values: 17)>
    cont_intercept  =  11038.95291465455
    cont_slope      =  -2.1844046628113336
    iod_depth       =  0.7842396442190928
    lsf_left_1      =  2.2660402660777135
    lsf_left_2      =  -17.09561129882003
    lsf_left_3      =  9.953154578695539
    lsf_left_4      =  -3.9507856426995036
    lsf_left_5      =  1.197819254126482
    lsf_right1      =  7.995012605779851
    lsf_right2      =  -19.197453772977777
    lsf_right3      =  5.359923649123376
    lsf_right4      =  -3.7829983034309858
    lsf_right5      =  0.9037474393076514
    tem_depth       =  1.0565545124802482
    velocity        =  -3050.017528974484
    wave_intercept  =  5474.545800985055
    wave_slope      =  0.014497903605865638
2026-03-26 15:00:26,539 - root - ERROR - Evaluated LSF:
2026-03-26 15:00:26,540 - root - ERROR - [nan nan nan nan nan nan nan nan nan nan nan nan nan nan nan nan nan nan
 nan nan nan nan nan nan nan nan nan nan nan nan nan nan nan nan nan nan
 nan nan nan nan nan nan nan nan nan nan nan nan nan nan nan nan nan nan
 nan nan nan nan nan nan nan nan nan nan nan nan nan nan nan nan nan nan
 nan]
2026-03-26 15:00:27,770 - root - ERROR - NaN value detected in oversampled model function.
2026-03-26 15:00:27,772 - root - ERROR - <ParameterSet (values: 17)>
    cont_intercept  =  6598.963811973745
    cont_slope      =  6.0193125976994395
    iod_depth       =  1.1751931038845156
    lsf_left_1      =  2.1874601639635696
    lsf_left_2      =  -19.310762529748413
    lsf_left_3      =  4.756006997575529
    lsf_left_4      =  -3.35725726716733
    lsf_left_5      =  1.195887452894811
    lsf_right1      =  3.7325583072571886
    lsf_right2      =  -8.231072926916434
    lsf_right3      =  4.8878999378549075
    lsf_right4      =  -3.216087839725554
    lsf_right5      =  0.5365554351727579
    tem_depth       =  0.011169883091510582
    velocity        =  -28789.306715144827
    wave_intercept  =  5490.963392134218
    wave_slope      =  0.01712927365581531
2026-03-26 15:00:27,773 - root - ERROR - Evaluated LSF:
2026-03-26 15:00:27,774 - root - ERROR - [nan nan nan nan nan nan nan nan nan nan nan nan nan nan nan nan nan nan
 nan nan nan nan nan nan nan nan nan nan nan nan nan nan nan nan nan nan
 nan nan nan nan nan nan nan nan nan nan nan nan nan nan nan nan nan nan
 nan nan nan nan nan nan nan nan nan nan nan nan nan nan nan nan nan nan
 nan]
2026-03-26 15:00:27,894 - root - ERROR - NaN value detected in oversampled model function.
2026-03-26 15:00:27,896 - root - ERROR - <ParameterSet (values: 17)>
    cont_intercept  =  7259.510531565858
    cont_slope      =  0.509698444538336
    iod_depth       =  0.777027030149494
    lsf_left_1      =  4.520193791416856
    lsf_left_2      =  -9.62052307289241
    lsf_left_3      =  6.435274865024891
    lsf_left_4      =  -3.7904425021822417
    lsf_left_5      =  1.1948247419804936
    lsf_right1      =  2.3761006495805095
    lsf_right2      =  -18.26511210471354
    lsf_right3      =  10.160378553694972
    lsf_right4      =  -3.954471723815093
    lsf_right5      =  0.6069785826483673
    tem_depth       =  -0.25552627850083814
    velocity        =  -12413.080072337372
    wave_intercept  =  5493.193674551637
    wave_slope      =  0.017028899934692875
2026-03-26 15:00:27,898 - root - ERROR - Evaluated LSF:
2026-03-26 15:00:27,899 - root - ERROR - [nan nan nan nan nan nan nan nan nan nan nan nan nan nan nan nan nan nan
 nan nan nan nan nan nan nan nan nan nan nan nan nan nan nan nan nan nan
 nan nan nan nan nan nan nan nan nan nan nan nan nan nan nan nan nan nan
 nan nan nan nan nan nan nan nan nan nan nan nan nan nan nan nan nan nan
 nan]
2026-03-26 15:00:29,193 - root - ERROR - NaN value detected in oversampled model function.
2026-03-26 15:00:29,194 - root - ERROR - <ParameterSet (values: 17)>
    cont_intercept  =  9687.816774941426
    cont_slope      =  6.5474589545100805
    iod_depth       =  0.8433823814171629
    lsf_left_1      =  5.036060850551914
    lsf_left_2      =  -18.476008320730195
    lsf_left_3      =  2.077219667839641
    lsf_left_4      =  -3.8252593447968084
    lsf_left_5      =  1.1846997825609473
    lsf_right1      =  2.140395765474252
    lsf_right2      =  -3.265138418089638
    lsf_right3      =  1.1527462685698262
    lsf_right4      =  -2.946006137902626
    lsf_right5      =  0.40388824713332444
    tem_depth       =  0.9065087550141907
    velocity        =  -2685.1128418251233
    wave_intercept  =  5508.088854004951
    wave_slope      =  0.015788874960089672
2026-03-26 15:00:29,195 - root - ERROR - Evaluated LSF:
2026-03-26 15:00:29,196 - root - ERROR - [nan nan nan nan nan nan nan nan nan nan nan nan nan nan nan nan nan nan
 nan nan nan nan nan nan nan nan nan nan nan nan nan nan nan nan nan nan
 nan nan nan nan nan nan nan nan nan nan nan nan nan nan nan nan nan nan
 nan nan nan nan nan nan nan nan nan nan nan nan nan nan nan nan nan nan
 nan]
2026-03-26 15:00:29,565 - root - ERROR - Chunk 214: No Data! Returning LmfitResult with None.
2026-03-26 15:00:32,041 - root - ERROR - NaN value detected in oversampled model function.
2026-03-26 15:00:32,042 - root - ERROR - <ParameterSet (values: 17)>
    cont_intercept  =  7541.878662087316
    cont_slope      =  4.720109158584906
    iod_depth       =  0.7700703072844435
    lsf_left_1      =  5.738995264452452
    lsf_left_2      =  -18.051081046722544
    lsf_left_3      =  2.660661340713414
    lsf_left_4      =  -3.9693328365645866
    lsf_left_5      =  0.3642107199173295
    lsf_right1      =  4.85730331272877
    lsf_right2      =  -18.74127702624925
    lsf_right3      =  10.252263624323142
    lsf_right4      =  -2.737219047089329
    lsf_right5      =  0.17866627822194858
    tem_depth       =  1.0527293292022124
    velocity        =  -2414.4845453171192
    wave_intercept  =  5543.139026941397
    wave_slope      =  0.017005045890081973
2026-03-26 15:00:32,044 - root - ERROR - Evaluated LSF:
2026-03-26 15:00:32,045 - root - ERROR - [nan nan nan nan nan nan nan nan nan nan nan nan nan nan nan nan nan nan
 nan nan nan nan nan nan nan nan nan nan nan nan nan nan nan nan nan nan
 nan nan nan nan nan nan nan nan nan nan nan nan nan nan nan nan nan nan
 nan nan nan nan nan nan nan nan nan nan nan nan nan nan nan nan nan nan
 nan]
2026-03-26 15:00:33,307 - root - ERROR - NaN value detected in oversampled model function.
2026-03-26 15:00:33,308 - root - ERROR - <ParameterSet (values: 17)>
    cont_intercept  =  11410.369049751316
    cont_slope      =  -0.143355485344768
    iod_depth       =  0.9017292214896035
    lsf_left_1      =  2.9643917318188304
    lsf_left_2      =  -12.951027488112995
    lsf_left_3      =  2.9140631446495124
    lsf_left_4      =  -1.6570769013653859
    lsf_left_5      =  0.17926462675817678
    lsf_right1      =  5.386236395471496
    lsf_right2      =  -12.284572398733705
    lsf_right3      =  4.654364517466845
    lsf_right4      =  -2.101759540158338
    lsf_right5      =  0.6876517110023632
    tem_depth       =  0.9700993223512979
    velocity        =  -3252.290816349783
    wave_intercept  =  5560.236541609924
    wave_slope      =  0.015769547538776615
2026-03-26 15:00:33,310 - root - ERROR - Evaluated LSF:
2026-03-26 15:00:33,311 - root - ERROR - [nan nan nan nan nan nan nan nan nan nan nan nan nan nan nan nan nan nan
 nan nan nan nan nan nan nan nan nan nan nan nan nan nan nan nan nan nan
 nan nan nan nan nan nan nan nan nan nan nan nan nan nan nan nan nan nan
 nan nan nan nan nan nan nan nan nan nan nan nan nan nan nan nan nan nan
 nan]
2026-03-26 15:00:33,621 - root - ERROR - NaN value detected in oversampled model function.
2026-03-26 15:00:33,623 - root - ERROR - <ParameterSet (values: 17)>
    cont_intercept  =  12849.12889086922
    cont_slope      =  -1.1227432470285308
    iod_depth       =  0.9115536822481668
    lsf_left_1      =  4.817628267936595
    lsf_left_2      =  -10.425756889618384
    lsf_left_3      =  4.878271653333125
    lsf_left_4      =  -3.7689422930415177
    lsf_left_5      =  0.5947510011415205
    lsf_right1      =  2.8288186971581517
    lsf_right2      =  -17.800805046867183
    lsf_right3      =  1.3161971456242822
    lsf_right4      =  -1.4703817565641057
    lsf_right5      =  0.7484661540114288
    tem_depth       =  1.0371560728644902
    velocity        =  -2574.4328592603797
    wave_intercept  =  5568.264641072414
    wave_slope      =  0.015166888407416744
2026-03-26 15:00:33,624 - root - ERROR - Evaluated LSF:
2026-03-26 15:00:33,625 - root - ERROR - [nan nan nan nan nan nan nan nan nan nan nan nan nan nan nan nan nan nan
 nan nan nan nan nan nan nan nan nan nan nan nan nan nan nan nan nan nan
 nan nan nan nan nan nan nan nan nan nan nan nan nan nan nan nan nan nan
 nan nan nan nan nan nan nan nan nan nan nan nan nan nan nan nan nan nan
 nan]
2026-03-26 15:00:35,558 - root - ERROR - NaN value detected in oversampled model function.
2026-03-26 15:00:35,559 - root - ERROR - <ParameterSet (values: 17)>
    cont_intercept  =  8892.484274178354
    cont_slope      =  3.0324953044373695
    iod_depth       =  0.7957620450514901
    lsf_left_1      =  9.59432338018965
    lsf_left_2      =  -15.997115202462423
    lsf_left_3      =  1.2332827164196063
    lsf_left_4      =  -3.960172173356635
    lsf_left_5      =  0.14766540052427815
    lsf_right1      =  2.3688677837725716
    lsf_right2      =  -13.201530449956053
    lsf_right3      =  9.030570193398535
    lsf_right4      =  -3.733706950566741
    lsf_right5      =  0.5840615746207674
    tem_depth       =  0.9390003534052593
    velocity        =  -2780.4038724124675
    wave_intercept  =  5598.439479553716
    wave_slope      =  0.01696360162470161
2026-03-26 15:00:35,561 - root - ERROR - Evaluated LSF:
2026-03-26 15:00:35,562 - root - ERROR - [nan nan nan nan nan nan nan nan nan nan nan nan nan nan nan nan nan nan
 nan nan nan nan nan nan nan nan nan nan nan nan nan nan nan nan nan nan
 nan nan nan nan nan nan nan nan nan nan nan nan nan nan nan nan nan nan
 nan nan nan nan nan nan nan nan nan nan nan nan nan nan nan nan nan nan
 nan]
2026-03-26 15:00:42,636 - root - ERROR - Chunk 296: No Data! Returning LmfitResult with None.
2026-03-26 15:00:42,828 - root - ERROR - NaN value detected in oversampled model function.
2026-03-26 15:00:42,830 - root - ERROR - <ParameterSet (values: 17)>
    cont_intercept  =  9803.390015107527
    cont_slope      =  -4.45437106643968
    iod_depth       =  0.8277227636296065
    lsf_left_1      =  3.655936100997399
    lsf_left_2      =  -13.30731930061339
    lsf_left_3      =  4.407290825841893
    lsf_left_4      =  -3.882987682655897
    lsf_left_5      =  0.4719838551210946
    lsf_right1      =  3.276823421023569
    lsf_right2      =  -13.49148284373293
    lsf_right3      =  4.314798373314865
    lsf_right4      =  -3.886058904101782
    lsf_right5      =  0.3219220804945184
    tem_depth       =  0.951434574265011
    velocity        =  -2758.460997293524
    wave_intercept  =  5686.789170073214
    wave_slope      =  0.014187112052926559
2026-03-26 15:00:42,831 - root - ERROR - Evaluated LSF:
2026-03-26 15:00:42,832 - root - ERROR - [nan nan nan nan nan nan nan nan nan nan nan nan nan nan nan nan nan nan
 nan nan nan nan nan nan nan nan nan nan nan nan nan nan nan nan nan nan
 nan nan nan nan nan nan nan nan nan nan nan nan nan nan nan nan nan nan
 nan nan nan nan nan nan nan nan nan nan nan nan nan nan nan nan nan nan
 nan]
2026-03-26 15:00:51,738 - root - ERROR - Chunk 357: No Data! Returning LmfitResult with None.
2026-03-26 15:00:52,789 - root - ERROR - Chunk 366: No Data! Returning LmfitResult with None.
2026-03-26 15:00:56,153 - root - ERROR - NaN value detected in oversampled model function.
2026-03-26 15:00:56,154 - root - ERROR - <ParameterSet (values: 17)>
    cont_intercept  =  14851.64983250265
    cont_slope      =  -0.7296093715084376
    iod_depth       =  0.890783882852848
    lsf_left_1      =  3.468339732787876
    lsf_left_2      =  -17.993570947667276
    lsf_left_3      =  7.089805506949068
    lsf_left_4      =  -3.9256297481594142
    lsf_left_5      =  0.7614043651499354
    lsf_right1      =  2.207453427335907
    lsf_right2      =  -17.124040532974046
    lsf_right3      =  1.6034342556519552
    lsf_right4      =  -3.94949253621483
    lsf_right5      =  0.36419597982199003
    tem_depth       =  0.8752594018479762
    velocity        =  -2785.9053303349383
    wave_intercept  =  5880.993010116391
    wave_slope      =  0.016659467804226225
2026-03-26 15:00:56,156 - root - ERROR - Evaluated LSF:
2026-03-26 15:00:56,157 - root - ERROR - [nan nan nan nan nan nan nan nan nan nan nan nan nan nan nan nan nan nan
 nan nan nan nan nan nan nan nan nan nan nan nan nan nan nan nan nan nan
 nan nan nan nan nan nan nan nan nan nan nan nan nan nan nan nan nan nan
 nan nan nan nan nan nan nan nan nan nan nan nan nan nan nan nan nan nan
 nan]
2026-03-26 15:01:04,137 - root - ERROR - NaN value detected in oversampled model function.
2026-03-26 15:01:04,138 - root - ERROR - <ParameterSet (values: 17)>
    cont_intercept  =  14284.413195513016
    cont_slope      =  6.772178445412089
    iod_depth       =  1.000833120812076
    lsf_left_1      =  7.528698535243465
    lsf_left_2      =  -14.989995726016515
    lsf_left_3      =  8.718421868421988
    lsf_left_4      =  -3.6645959652960554
    lsf_left_5      =  0.8017563303066377
    lsf_right1      =  2.570654547890307
    lsf_right2      =  -11.727554014939193
    lsf_right3      =  1.183769666274845
    lsf_right4      =  -2.5236848756178922
    lsf_right5      =  0.28188940329116097
    tem_depth       =  0.15735780562488877
    velocity        =  -6359.632759215077
    wave_intercept  =  5991.86711896397
    wave_slope      =  0.01704858904211615
2026-03-26 15:01:04,140 - root - ERROR - Evaluated LSF:
2026-03-26 15:01:04,141 - root - ERROR - [nan nan nan nan nan nan nan nan nan nan nan nan nan nan nan nan nan nan
 nan nan nan nan nan nan nan nan nan nan nan nan nan nan nan nan nan nan
 nan nan nan nan nan nan nan nan nan nan nan nan nan nan nan nan nan nan
 nan nan nan nan nan nan nan nan nan nan nan nan nan nan nan nan nan nan
 nan]
2026-03-26 15:01:05,815 - root - ERROR - NaN value detected in oversampled model function.
2026-03-26 15:01:05,816 - root - ERROR - <ParameterSet (values: 17)>
    cont_intercept  =  13646.49007757484
    cont_slope      =  -1.2135297329175918
    iod_depth       =  0.9775052531566278
    lsf_left_1      =  2.6584617088224696
    lsf_left_2      =  -18.922625393304727
    lsf_left_3      =  6.461896513487703
    lsf_left_4      =  -3.945861966702197
    lsf_left_5      =  0.8124950515883632
    lsf_right1      =  10.435339853492994
    lsf_right2      =  -16.842963856148838
    lsf_right3      =  1.8838445151167131
    lsf_right4      =  -3.9655416351037402
    lsf_right5      =  0.7869848384241344
    tem_depth       =  1.0055645323895028
    velocity        =  -3446.954008319154
    wave_intercept  =  6017.324359914704
    wave_slope      =  0.01537986948540808
2026-03-26 15:01:05,818 - root - ERROR - Evaluated LSF:
2026-03-26 15:01:05,819 - root - ERROR - [nan nan nan nan nan nan nan nan nan nan nan nan nan nan nan nan nan nan
 nan nan nan nan nan nan nan nan nan nan nan nan nan nan nan nan nan nan
 nan nan nan nan nan nan nan nan nan nan nan nan nan nan nan nan nan nan
 nan nan nan nan nan nan nan nan nan nan nan nan nan nan nan nan nan nan
 nan]
2026-03-26 15:01:10,551 - root - ERROR - Chunk 470: No Data! Returning LmfitResult with None.
2026-03-26 15:01:11,043 - root - ERROR - NaN value detected in oversampled model function.
2026-03-26 15:01:11,044 - root - ERROR - <ParameterSet (values: 17)>
    cont_intercept  =  11541.171777008301
    cont_slope      =  -5.3444543998563905
    iod_depth       =  0.6855269712713651
    lsf_left_1      =  2.469420438055956
    lsf_left_2      =  -13.551153430971535
    lsf_left_3      =  1.9413331444202275
    lsf_left_4      =  -3.9660558800469423
    lsf_left_5      =  1.1287381284966607
    lsf_right1      =  3.3157405278415997
    lsf_right2      =  -18.455689717265233
    lsf_right3      =  9.293455224853627
    lsf_right4      =  -3.0367694135909034
    lsf_right5      =  0.13740378484400484
    tem_depth       =  0.9649087011537834
    velocity        =  -3057.5062971004845
    wave_intercept  =  6082.862767599884
    wave_slope      =  0.015112935018327134
2026-03-26 15:01:11,045 - root - ERROR - Evaluated LSF:
2026-03-26 15:01:11,046 - root - ERROR - [nan nan nan nan nan nan nan nan nan nan nan nan nan nan nan nan nan nan
 nan nan nan nan nan nan nan nan nan nan nan nan nan nan nan nan nan nan
 nan nan nan nan nan nan nan nan nan nan nan nan nan nan nan nan nan nan
 nan nan nan nan nan nan nan nan nan nan nan nan nan nan nan nan nan nan
 nan]
2026-03-26 15:01:14,200 - root - ERROR - NaN value detected in oversampled model function.
2026-03-26 15:01:14,203 - root - ERROR - <ParameterSet (values: 17)>
    cont_intercept  =  11973.4711591791
    cont_slope      =  7.511870829440086
    iod_depth       =  0.7178864709745219
    lsf_left_1      =  5.300357459460745
    lsf_left_2      =  -19.311875786624917
    lsf_left_3      =  3.533935124581998
    lsf_left_4      =  -1.423094849016317
    lsf_left_5      =  0.29796553913393786
    lsf_right1      =  8.541294377977332
    lsf_right2      =  -18.074337867440644
    lsf_right3      =  1.321599454761639
    lsf_right4      =  -3.855206306654125
    lsf_right5      =  0.9730965168815211
    tem_depth       =  1.0218591036836988
    velocity        =  -2568.288373211469
    wave_intercept  =  6102.304533489803
    wave_slope      =  0.018522879313993074
2026-03-26 15:01:14,205 - root - ERROR - Evaluated LSF:
2026-03-26 15:01:14,206 - root - ERROR - [nan nan nan nan nan nan nan nan nan nan nan nan nan nan nan nan nan nan
 nan nan nan nan nan nan nan nan nan nan nan nan nan nan nan nan nan nan
 nan nan nan nan nan nan nan nan nan nan nan nan nan nan nan nan nan nan
 nan nan nan nan nan nan nan nan nan nan nan nan nan nan nan nan nan nan
 nan]
2026-03-26 15:01:22,656 - root - ERROR - NaN value detected in oversampled model function.
2026-03-26 15:01:22,658 - root - ERROR - <ParameterSet (values: 17)>
    cont_intercept  =  13834.565286992325
    cont_slope      =  4.7447598851691035
    iod_depth       =  0.5373339674849233
    lsf_left_1      =  2.6685229891245092
    lsf_left_2      =  -16.356174904624186
    lsf_left_3      =  1.1525472554769314
    lsf_left_4      =  -2.8183559027140355
    lsf_left_5      =  0.580232812920974
    lsf_right1      =  9.117790309440785
    lsf_right2      =  -17.310607708788762
    lsf_right3      =  1.3755351100932323
    lsf_right4      =  -1.3956941791950896
    lsf_right5      =  0.21964283780427954
    tem_depth       =  1.060431421210064
    velocity        =  -2197.408010981453
    wave_intercept  =  6229.258160255758
    wave_slope      =  0.0187395035760475
2026-03-26 15:01:22,660 - root - ERROR - Evaluated LSF:
2026-03-26 15:01:22,661 - root - ERROR - [nan nan nan nan nan nan nan nan nan nan nan nan nan nan nan nan nan nan
 nan nan nan nan nan nan nan nan nan nan nan nan nan nan nan nan nan nan
 nan nan nan nan nan nan nan nan nan nan nan nan nan nan nan nan nan nan
 nan nan nan nan nan nan nan nan nan nan nan nan nan nan nan nan nan nan
 nan]
2026-03-26 15:01:23,659 - root - ERROR - Chunk 537: No Data! Returning LmfitResult with None.
2026-03-26 15:01:24,854 - root - ERROR - Chunk 544: No Data! Returning LmfitResult with None.
2026-03-26 15:01:25,049 - root - ERROR - NaN value detected in oversampled model function.
2026-03-26 15:01:25,050 - root - ERROR - <ParameterSet (values: 17)>
    cont_intercept  =  14279.883398287466
    cont_slope      =  -5.966195934318327
    iod_depth       =  0.8723894147109394
    lsf_left_1      =  4.0513118403693555
    lsf_left_2      =  -17.883492383205045
    lsf_left_3      =  1.7602002377767398
    lsf_left_4      =  -1.322703690557975
    lsf_left_5      =  0.5580217724767066
    lsf_right1      =  3.0698493949302272
    lsf_right2      =  -18.87159334151608
    lsf_right3      =  9.244815730260537
    lsf_right4      =  -3.894089534288925
    lsf_right5      =  0.17781120616318924
    tem_depth       =  0.5464054320639116
    velocity        =  -861.9056511296426
    wave_intercept  =  6262.9295966793
    wave_slope      =  0.016073919631600316
2026-03-26 15:01:25,051 - root - ERROR - Evaluated LSF:
2026-03-26 15:01:25,052 - root - ERROR - [nan nan nan nan nan nan nan nan nan nan nan nan nan nan nan nan nan nan
 nan nan nan nan nan nan nan nan nan nan nan nan nan nan nan nan nan nan
 nan nan nan nan nan nan nan nan nan nan nan nan nan nan nan nan nan nan
 nan nan nan nan nan nan nan nan nan nan nan nan nan nan nan nan nan nan
 nan]
2026-03-26 15:01:28,538 - root - ERROR - Chunk 569: No Data! Returning LmfitResult with None.
2026-03-26 15:01:28,539 - root - ERROR - Chunk 570: No Data! Returning LmfitResult with None.
2026-03-26 15:01:28,735 - root - ERROR - NaN value detected in oversampled model function.
2026-03-26 15:01:28,736 - root - ERROR - <ParameterSet (values: 17)>
    cont_intercept  =  12252.465931858342
    cont_slope      =  -5.2919300128092575
    iod_depth       =  0.5116532841449423
    lsf_left_1      =  2.1580129279633287
    lsf_left_2      =  -15.589393342880907
    lsf_left_3      =  8.032048159425855
    lsf_left_4      =  -3.796598324500571
    lsf_left_5      =  1.1295634204042453
    lsf_right1      =  2.8047609679617724
    lsf_right2      =  -16.189646081582485
    lsf_right3      =  4.105304807526772
    lsf_right4      =  -3.5354270702972244
    lsf_right5      =  0.8168481788692551
    tem_depth       =  0.9135183770363582
    velocity        =  -94.63902372299039
    wave_intercept  =  6331.776613686944
    wave_slope      =  0.015339293644156583
2026-03-26 15:01:28,738 - root - ERROR - Evaluated LSF:
2026-03-26 15:01:28,738 - root - ERROR - [nan nan nan nan nan nan nan nan nan nan nan nan nan nan nan nan nan nan
 nan nan nan nan nan nan nan nan nan nan nan nan nan nan nan nan nan nan
 nan nan nan nan nan nan nan nan nan nan nan nan nan nan nan nan nan nan
 nan nan nan nan nan nan nan nan nan nan nan nan nan nan nan nan nan nan
 nan]
