INFO - 
INFO - Branch: master
INFO - Hash: c2a71ac
INFO - ---------------------------
INFO - Working on: /Users/jaklusmeyer/SONG/reduce/UT260321/sciencestar/HD185144_ec_260319.0255.fits
INFO - 
INFO - Median flux of the observation: 7064
INFO - Loading template from file: /Users/jaklusmeyer/SONG/reduce/0007_sigdra_temp_results_v1/obs_temp_highsnr_test.h5
INFO - 
INFO - Order correction: 0
INFO - 
INFO - Measured velocity rel. to reference spectrum: 29.612 km/s
INFO - Template velocity: 38.044 km/s
INFO - Velocity guess: -8.432 km/s (relative to template)

INFO - (Barycentric velocity of observation: -2.415 km/s)
INFO - (Barycentric velocity of template: -4.628 km/s)

INFO - 
INFO - Barycentric redshift between template and observation: 
INFO - v = -2213.428351876417, z = -7.383202254795939e-06

INFO - Startpixel (order 26, chunk 29): -65
INFO - -> Correcting to 0.
INFO - Startpixel (order 27, chunk 63): -65
INFO - -> Correcting to 0.
INFO - Startpixel (order 32, chunk 190): -65
INFO - -> Correcting to 0.
INFO - Startpixel (order 33, chunk 214): -65
INFO - -> Correcting to 0.
INFO - Startpixel (order 36, chunk 296): -65
INFO - -> Correcting to 0.
INFO - Startpixel (order 39, chunk 357): -65
INFO - -> Correcting to 0.
INFO - Startpixel (order 39, chunk 366): -65
INFO - -> Correcting to 0.
INFO - Startpixel (order 43, chunk 470): -65
INFO - -> Correcting to 0.
INFO - Startpixel (order 46, chunk 537): -65
INFO - -> Correcting to 0.
INFO - Startpixel (order 46, chunk 544): -65
INFO - -> Correcting to 0.
INFO - Startpixel (order 47, chunk 569): -65
INFO - -> Correcting to 0.
INFO - Startpixel (order 47, chunk 570): -65
INFO - -> Correcting to 0.
INFO - 
INFO - Total number of chunks: 575
INFO - Nr. chunks in order 0: 25
INFO - First and last covered pixel of chunks in order 0: 14, 3262
INFO - Orders: 25 - 47 (23 in total)
INFO - 
INFO - ----------------------
INFO - RUN 0
INFO - ----------------------
INFO - 
INFO - Constraining parameters for RUN 0
WARNING - Chunk 29:
WARNING - (xb<=x[0]) failed for 1st keyword xb: curfit:xb=nan
WARNING - Chunk 63:
WARNING - (xb<=x[0]) failed for 1st keyword xb: curfit:xb=nan
WARNING - Chunk 190:
WARNING - (xb<=x[0]) failed for 1st keyword xb: curfit:xb=nan
WARNING - Chunk 214:
WARNING - (xb<=x[0]) failed for 1st keyword xb: curfit:xb=nan
WARNING - Chunk 296:
WARNING - (xb<=x[0]) failed for 1st keyword xb: curfit:xb=nan
WARNING - Chunk 357:
WARNING - (xb<=x[0]) failed for 1st keyword xb: curfit:xb=nan
WARNING - Chunk 366:
WARNING - (xb<=x[0]) failed for 1st keyword xb: curfit:xb=nan
WARNING - Chunk 470:
WARNING - (xb<=x[0]) failed for 1st keyword xb: curfit:xb=nan
WARNING - Chunk 537:
WARNING - (xb<=x[0]) failed for 1st keyword xb: curfit:xb=nan
WARNING - Chunk 544:
WARNING - (xb<=x[0]) failed for 1st keyword xb: curfit:xb=nan
WARNING - Chunk 569:
WARNING - (xb<=x[0]) failed for 1st keyword xb: curfit:xb=nan
WARNING - Chunk 570:
WARNING - (xb<=x[0]) failed for 1st keyword xb: curfit:xb=nan
INFO - 
INFO - Number of chunks with no uncertainties: 0
INFO - Number of chunks with outliers: 0
INFO - Number of chunks with nan fitted red. Chi2: 12
INFO - 
INFO - Creating analysis plots...
INFO - 
INFO - ----------------------
INFO - RUN 1
INFO - ----------------------
INFO - 
INFO - Constraining parameters for RUN 1
INFO - 
INFO - Fitted LSF parameters:
INFO - <ParameterSet (values: 10)>
    left_1  =  10.607882081451322
    left_2  =  -10.759824942403888
    left_3  =  5.7217013719390595
    left_4  =  -2.2037963899674997
    left_5  =  0.6651979171715907
    right1  =  10.607877249163558
    right2  =  -10.759822004741599
    right3  =  5.721699520838414
    right4  =  -2.203795679251767
    right5  =  0.6651976884354138
ERROR - Chunk 29: No Data! Returning LmfitResult with None.
ERROR - NaN value detected in oversampled model function.
ERROR - <ParameterSet (values: 17)>
    cont_intercept  =  3983.553698320117
    cont_slope      =  2.439114053111456
    iod_depth       =  0.5634050354221957
    lsf_left_1      =  6.355902912782157
    lsf_left_2      =  -17.997554380593783
    lsf_left_3      =  3.9972446084010467
    lsf_left_4      =  -0.5278494196522754
    lsf_left_5      =  0.19432633907479463
    lsf_right1      =  6.830671127053327
    lsf_right2      =  -18.26642170057061
    lsf_right3      =  1.1970125702306846
    lsf_right4      =  -3.6756295759527475
    lsf_right5      =  1.1858630798525034
    tem_depth       =  0.8123107753145825
    velocity        =  -2755.4922854732636
    wave_intercept  =  5173.445129385029
    wave_slope      =  0.01537870398464602
ERROR - Evaluated LSF:
ERROR - [nan nan nan nan nan nan nan nan nan nan nan nan nan nan nan nan nan nan
 nan nan nan nan nan nan nan nan nan nan nan nan nan nan nan nan nan nan
 nan nan nan nan nan nan nan nan nan nan nan nan nan nan nan nan nan nan
 nan nan nan nan nan nan nan nan nan nan nan nan nan nan nan nan nan nan
 nan]
WARNING - Chunk 31:
WARNING - NaN values detected in your input data or the output of your objective/model function - fitting algorithms cannot handle this! Please read https://lmfit.github.io/lmfit-py/faq.html#i-get-errors-from-nan-in-my-fit-what-can-i-do for more information.
ERROR - NaN value detected in oversampled model function.
ERROR - <ParameterSet (values: 17)>
    cont_intercept  =  7363.942072703618
    cont_slope      =  0.03851168505716751
    iod_depth       =  0.7509065809900144
    lsf_left_1      =  3.596429065426551
    lsf_left_2      =  -19.07220537562874
    lsf_left_3      =  4.1213727735658265
    lsf_left_4      =  -3.6185288000926947
    lsf_left_5      =  0.925386882474278
    lsf_right1      =  2.208812257706858
    lsf_right2      =  -5.348599136445294
    lsf_right3      =  2.2294888856425645
    lsf_right4      =  -3.922100962304997
    lsf_right5      =  0.13696773929184433
    tem_depth       =  0.7721567064113457
    velocity        =  -2980.8121852757445
    wave_intercept  =  5181.338362346369
    wave_slope      =  0.014905153610974222
ERROR - Evaluated LSF:
ERROR - [nan nan nan nan nan nan nan nan nan nan nan nan nan nan nan nan nan nan
 nan nan nan nan nan nan nan nan nan nan nan nan nan nan nan nan nan nan
 nan nan nan nan nan nan nan nan nan nan nan nan nan nan nan nan nan nan
 nan nan nan nan nan nan nan nan nan nan nan nan nan nan nan nan nan nan
 nan]
WARNING - Chunk 35:
WARNING - NaN values detected in your input data or the output of your objective/model function - fitting algorithms cannot handle this! Please read https://lmfit.github.io/lmfit-py/faq.html#i-get-errors-from-nan-in-my-fit-what-can-i-do for more information.
ERROR - NaN value detected in oversampled model function.
ERROR - <ParameterSet (values: 17)>
    cont_intercept  =  15440.106060172135
    cont_slope      =  11.818707331491444
    iod_depth       =  0.8970861257398518
    lsf_left_1      =  9.836196057386584
    lsf_left_2      =  -17.19907138543489
    lsf_left_3      =  2.154407323046679
    lsf_left_4      =  -1.7935362119960283
    lsf_left_5      =  1.0491181929401876
    lsf_right1      =  2.4193931163201046
    lsf_right2      =  -16.16557334543669
    lsf_right3      =  4.165180862371759
    lsf_right4      =  -3.0588417336798797
    lsf_right5      =  0.639599487872043
    tem_depth       =  -0.41498008659983604
    velocity        =  -9308.843631402235
    wave_intercept  =  5201.329259027141
    wave_slope      =  0.013157128007682714
ERROR - Evaluated LSF:
ERROR - [nan nan nan nan nan nan nan nan nan nan nan nan nan nan nan nan nan nan
 nan nan nan nan nan nan nan nan nan nan nan nan nan nan nan nan nan nan
 nan nan nan nan nan nan nan nan nan nan nan nan nan nan nan nan nan nan
 nan nan nan nan nan nan nan nan nan nan nan nan nan nan nan nan nan nan
 nan]
WARNING - Chunk 46:
WARNING - NaN values detected in your input data or the output of your objective/model function - fitting algorithms cannot handle this! Please read https://lmfit.github.io/lmfit-py/faq.html#i-get-errors-from-nan-in-my-fit-what-can-i-do for more information.
ERROR - NaN value detected in oversampled model function.
ERROR - <ParameterSet (values: 17)>
    cont_intercept  =  3708.9012164484407
    cont_slope      =  4.828944028493365
    iod_depth       =  0.8333358417215179
    lsf_left_1      =  3.9437942237929393
    lsf_left_2      =  -16.058351789762423
    lsf_left_3      =  4.507595394594498
    lsf_left_4      =  -3.679861761655637
    lsf_left_5      =  0.5853256544348475
    lsf_right1      =  2.182216545832865
    lsf_right2      =  -16.74685793024806
    lsf_right3      =  1.4381608068875562
    lsf_right4      =  -3.6579236958482166
    lsf_right5      =  0.23656011762643472
    tem_depth       =  0.8757196654148405
    velocity        =  -2205.3482878408113
    wave_intercept  =  5205.108600651587
    wave_slope      =  0.016715997294680353
ERROR - Evaluated LSF:
ERROR - [nan nan nan nan nan nan nan nan nan nan nan nan nan nan nan nan nan nan
 nan nan nan nan nan nan nan nan nan nan nan nan nan nan nan nan nan nan
 nan nan nan nan nan nan nan nan nan nan nan nan nan nan nan nan nan nan
 nan nan nan nan nan nan nan nan nan nan nan nan nan nan nan nan nan nan
 nan]
WARNING - Chunk 50:
WARNING - NaN values detected in your input data or the output of your objective/model function - fitting algorithms cannot handle this! Please read https://lmfit.github.io/lmfit-py/faq.html#i-get-errors-from-nan-in-my-fit-what-can-i-do for more information.
ERROR - NaN value detected in oversampled model function.
ERROR - <ParameterSet (values: 17)>
    cont_intercept  =  6327.404637880426
    cont_slope      =  5.047453732253484
    iod_depth       =  0.7853173594797794
    lsf_left_1      =  5.177389505535776
    lsf_left_2      =  -12.369410893609066
    lsf_left_3      =  1.834626257491411
    lsf_left_4      =  -2.1757862373092287
    lsf_left_5      =  1.0450210911166506
    lsf_right1      =  2.3804906049920227
    lsf_right2      =  -14.61543926261761
    lsf_right3      =  1.3694181585098948
    lsf_right4      =  -1.45169266471382
    lsf_right5      =  0.20376834661962606
    tem_depth       =  0.7942767595972956
    velocity        =  -2320.862390643168
    wave_intercept  =  5213.573821132029
    wave_slope      =  0.015966251570795335
ERROR - Evaluated LSF:
ERROR - [nan nan nan nan nan nan nan nan nan nan nan nan nan nan nan nan nan nan
 nan nan nan nan nan nan nan nan nan nan nan nan nan nan nan nan nan nan
 nan nan nan nan nan nan nan nan nan nan nan nan nan nan nan nan nan nan
 nan nan nan nan nan nan nan nan nan nan nan nan nan nan nan nan nan nan
 nan]
WARNING - Chunk 54:
WARNING - NaN values detected in your input data or the output of your objective/model function - fitting algorithms cannot handle this! Please read https://lmfit.github.io/lmfit-py/faq.html#i-get-errors-from-nan-in-my-fit-what-can-i-do for more information.
ERROR - Chunk 63: No Data! Returning LmfitResult with None.
ERROR - NaN value detected in oversampled model function.
ERROR - <ParameterSet (values: 17)>
    cont_intercept  =  7194.254164802698
    cont_slope      =  3.1036640661946064
    iod_depth       =  0.8454018999207048
    lsf_left_1      =  2.8361940699044172
    lsf_left_2      =  -19.191276517365775
    lsf_left_3      =  5.235813895841839
    lsf_left_4      =  -3.662097142482687
    lsf_left_5      =  1.138293295580046
    lsf_right1      =  7.002759214780007
    lsf_right2      =  -17.65587229936826
    lsf_right3      =  9.667727793941925
    lsf_right4      =  -3.591328586626704
    lsf_right5      =  0.28673413253072366
    tem_depth       =  0.9623626651209386
    velocity        =  -2330.0471545848427
    wave_intercept  =  5262.647712991197
    wave_slope      =  0.015744963967399137
ERROR - Evaluated LSF:
ERROR - [nan nan nan nan nan nan nan nan nan nan nan nan nan nan nan nan nan nan
 nan nan nan nan nan nan nan nan nan nan nan nan nan nan nan nan nan nan
 nan nan nan nan nan nan nan nan nan nan nan nan nan nan nan nan nan nan
 nan nan nan nan nan nan nan nan nan nan nan nan nan nan nan nan nan nan
 nan]
WARNING - Chunk 81:
WARNING - NaN values detected in your input data or the output of your objective/model function - fitting algorithms cannot handle this! Please read https://lmfit.github.io/lmfit-py/faq.html#i-get-errors-from-nan-in-my-fit-what-can-i-do for more information.
ERROR - NaN value detected in oversampled model function.
ERROR - <ParameterSet (values: 17)>
    cont_intercept  =  7012.690188238847
    cont_slope      =  -0.5884824390972578
    iod_depth       =  0.7655561117081896
    lsf_left_1      =  3.0924615836403078
    lsf_left_2      =  -19.33312394391968
    lsf_left_3      =  4.253982906999659
    lsf_left_4      =  -3.5004980237238867
    lsf_left_5      =  0.2908098628152688
    lsf_right1      =  2.8723216360184667
    lsf_right2      =  -16.360851005269176
    lsf_right3      =  5.212472355202992
    lsf_right4      =  -1.6183521271153616
    lsf_right5      =  0.182428994745982
    tem_depth       =  0.9517309073876133
    velocity        =  -2324.362375145666
    wave_intercept  =  5270.67434829094
    wave_slope      =  0.015110439142797484
ERROR - Evaluated LSF:
ERROR - [nan nan nan nan nan nan nan nan nan nan nan nan nan nan nan nan nan nan
 nan nan nan nan nan nan nan nan nan nan nan nan nan nan nan nan nan nan
 nan nan nan nan nan nan nan nan nan nan nan nan nan nan nan nan nan nan
 nan nan nan nan nan nan nan nan nan nan nan nan nan nan nan nan nan nan
 nan]
WARNING - Chunk 85:
WARNING - NaN values detected in your input data or the output of your objective/model function - fitting algorithms cannot handle this! Please read https://lmfit.github.io/lmfit-py/faq.html#i-get-errors-from-nan-in-my-fit-what-can-i-do for more information.
ERROR - NaN value detected in oversampled model function.
ERROR - <ParameterSet (values: 17)>
    cont_intercept  =  4669.344538274821
    cont_slope      =  5.317234048044044
    iod_depth       =  0.7045998860606962
    lsf_left_1      =  3.690184828784569
    lsf_left_2      =  -15.111226737549881
    lsf_left_3      =  5.737155123951641
    lsf_left_4      =  -3.945304768929792
    lsf_left_5      =  0.8945686593278872
    lsf_right1      =  6.811200940938603
    lsf_right2      =  -15.925698175792107
    lsf_right3      =  1.3574344622820544
    lsf_right4      =  -0.4572383555571897
    lsf_right5      =  0.4908487815642713
    tem_depth       =  0.9516676338294554
    velocity        =  -2284.71399920448
    wave_intercept  =  5297.824245022616
    wave_slope      =  0.016729368410712153
ERROR - Evaluated LSF:
ERROR - [nan nan nan nan nan nan nan nan nan nan nan nan nan nan nan nan nan nan
 nan nan nan nan nan nan nan nan nan nan nan nan nan nan nan nan nan nan
 nan nan nan nan nan nan nan nan nan nan nan nan nan nan nan nan nan nan
 nan nan nan nan nan nan nan nan nan nan nan nan nan nan nan nan nan nan
 nan]
WARNING - Chunk 101:
WARNING - NaN values detected in your input data or the output of your objective/model function - fitting algorithms cannot handle this! Please read https://lmfit.github.io/lmfit-py/faq.html#i-get-errors-from-nan-in-my-fit-what-can-i-do for more information.
ERROR - NaN value detected in oversampled model function.
ERROR - <ParameterSet (values: 17)>
    cont_intercept  =  5701.928012279151
    cont_slope      =  6.391374334384833
    iod_depth       =  0.7125922673906527
    lsf_left_1      =  7.124499622142673
    lsf_left_2      =  -15.256696144671194
    lsf_left_3      =  5.199793133569405
    lsf_left_4      =  -3.950272562994112
    lsf_left_5      =  0.5255315843952397
    lsf_right1      =  2.4700196346677026
    lsf_right2      =  -19.33144663995224
    lsf_right3      =  10.17963963846059
    lsf_right4      =  -2.544917605104671
    lsf_right5      =  0.23234973149235488
    tem_depth       =  0.9452049434462686
    velocity        =  -2356.607546558388
    wave_intercept  =  5344.303102061773
    wave_slope      =  0.016884375048654324
ERROR - Evaluated LSF:
ERROR - [nan nan nan nan nan nan nan nan nan nan nan nan nan nan nan nan nan nan
 nan nan nan nan nan nan nan nan nan nan nan nan nan nan nan nan nan nan
 nan nan nan nan nan nan nan nan nan nan nan nan nan nan nan nan nan nan
 nan nan nan nan nan nan nan nan nan nan nan nan nan nan nan nan nan nan
 nan]
WARNING - Chunk 126:
WARNING - NaN values detected in your input data or the output of your objective/model function - fitting algorithms cannot handle this! Please read https://lmfit.github.io/lmfit-py/faq.html#i-get-errors-from-nan-in-my-fit-what-can-i-do for more information.
ERROR - NaN value detected in oversampled model function.
ERROR - <ParameterSet (values: 17)>
    cont_intercept  =  5833.403268102425
    cont_slope      =  5.70975444219961
    iod_depth       =  0.8528405104478209
    lsf_left_1      =  5.206364218961566
    lsf_left_2      =  -15.4089888753433
    lsf_left_3      =  7.956316317264087
    lsf_left_4      =  -3.95560365738805
    lsf_left_5      =  1.075183391725196
    lsf_right1      =  7.237662614395431
    lsf_right2      =  -19.34498483777139
    lsf_right3      =  7.926037860257687
    lsf_right4      =  -1.373647855017306
    lsf_right5      =  0.14382815314365732
    tem_depth       =  1.0176091595603498
    velocity        =  -1905.2765864982807
    wave_intercept  =  5346.468523752464
    wave_slope      =  0.016690423604871985
ERROR - Evaluated LSF:
ERROR - [nan nan nan nan nan nan nan nan nan nan nan nan nan nan nan nan nan nan
 nan nan nan nan nan nan nan nan nan nan nan nan nan nan nan nan nan nan
 nan nan nan nan nan nan nan nan nan nan nan nan nan nan nan nan nan nan
 nan nan nan nan nan nan nan nan nan nan nan nan nan nan nan nan nan nan
 nan]
WARNING - Chunk 127:
WARNING - NaN values detected in your input data or the output of your objective/model function - fitting algorithms cannot handle this! Please read https://lmfit.github.io/lmfit-py/faq.html#i-get-errors-from-nan-in-my-fit-what-can-i-do for more information.
ERROR - NaN value detected in oversampled model function.
ERROR - <ParameterSet (values: 17)>
    cont_intercept  =  9381.342881190938
    cont_slope      =  -0.48220665986231664
    iod_depth       =  0.9279803449610351
    lsf_left_1      =  6.401368886422495
    lsf_left_2      =  -18.659474920328528
    lsf_left_3      =  2.8752964113285615
    lsf_left_4      =  -3.9433278365040305
    lsf_left_5      =  1.1625703684678526
    lsf_right1      =  5.256893175724613
    lsf_right2      =  -14.94057087744688
    lsf_right3      =  3.850249612482395
    lsf_right4      =  -3.5106621739515247
    lsf_right5      =  0.15466259312018374
    tem_depth       =  0.9629451944293406
    velocity        =  -2022.3376865688183
    wave_intercept  =  5371.003594179546
    wave_slope      =  0.014760048724812987
ERROR - Evaluated LSF:
ERROR - [nan nan nan nan nan nan nan nan nan nan nan nan nan nan nan nan nan nan
 nan nan nan nan nan nan nan nan nan nan nan nan nan nan nan nan nan nan
 nan nan nan nan nan nan nan nan nan nan nan nan nan nan nan nan nan nan
 nan nan nan nan nan nan nan nan nan nan nan nan nan nan nan nan nan nan
 nan]
WARNING - Chunk 139:
WARNING - NaN values detected in your input data or the output of your objective/model function - fitting algorithms cannot handle this! Please read https://lmfit.github.io/lmfit-py/faq.html#i-get-errors-from-nan-in-my-fit-what-can-i-do for more information.
ERROR - NaN value detected in oversampled model function.
ERROR - <ParameterSet (values: 17)>
    cont_intercept  =  11919.953926669554
    cont_slope      =  -0.9913575238499633
    iod_depth       =  0.8272227339395707
    lsf_left_1      =  5.069033026142287
    lsf_left_2      =  -18.733240544829044
    lsf_left_3      =  8.203717594133622
    lsf_left_4      =  -1.7179672751221644
    lsf_left_5      =  0.13866179965583142
    lsf_right1      =  3.1327194484764718
    lsf_right2      =  -15.98955955142392
    lsf_right3      =  1.1662899561574827
    lsf_right4      =  -3.7947604264136086
    lsf_right5      =  0.47703851968490363
    tem_depth       =  0.9751960142592447
    velocity        =  -2392.111593557432
    wave_intercept  =  5424.240893247618
    wave_slope      =  0.014490688052369518
ERROR - Evaluated LSF:
ERROR - [nan nan nan nan nan nan nan nan nan nan nan nan nan nan nan nan nan nan
 nan nan nan nan nan nan nan nan nan nan nan nan nan nan nan nan nan nan
 nan nan nan nan nan nan nan nan nan nan nan nan nan nan nan nan nan nan
 nan nan nan nan nan nan nan nan nan nan nan nan nan nan nan nan nan nan
 nan]
WARNING - Chunk 167:
WARNING - NaN values detected in your input data or the output of your objective/model function - fitting algorithms cannot handle this! Please read https://lmfit.github.io/lmfit-py/faq.html#i-get-errors-from-nan-in-my-fit-what-can-i-do for more information.
ERROR - NaN value detected in oversampled model function.
ERROR - <ParameterSet (values: 17)>
    cont_intercept  =  10152.80585178171
    cont_slope      =  -3.9308135668713637
    iod_depth       =  0.7389201103982245
    lsf_left_1      =  3.1618006902364275
    lsf_left_2      =  -6.777781286729814
    lsf_left_3      =  4.449181374096497
    lsf_left_4      =  -2.82826826782408
    lsf_left_5      =  0.39444924926513975
    lsf_right1      =  5.01942277762382
    lsf_right2      =  -19.258745468236032
    lsf_right3      =  4.7831313078696684
    lsf_right4      =  -3.4112613797619082
    lsf_right5      =  0.2736399865814306
    tem_depth       =  0.9513221479953483
    velocity        =  -2646.2172318145635
    wave_intercept  =  5429.792639872588
    wave_slope      =  0.01404047859425112
ERROR - Evaluated LSF:
ERROR - [nan nan nan nan nan nan nan nan nan nan nan nan nan nan nan nan nan nan
 nan nan nan nan nan nan nan nan nan nan nan nan nan nan nan nan nan nan
 nan nan nan nan nan nan nan nan nan nan nan nan nan nan nan nan nan nan
 nan nan nan nan nan nan nan nan nan nan nan nan nan nan nan nan nan nan
 nan]
WARNING - Chunk 170:
WARNING - NaN values detected in your input data or the output of your objective/model function - fitting algorithms cannot handle this! Please read https://lmfit.github.io/lmfit-py/faq.html#i-get-errors-from-nan-in-my-fit-what-can-i-do for more information.
ERROR - NaN value detected in oversampled model function.
ERROR - <ParameterSet (values: 17)>
    cont_intercept  =  6120.308610447354
    cont_slope      =  5.8959015921244955
    iod_depth       =  0.7613090343560661
    lsf_left_1      =  10.925516340521808
    lsf_left_2      =  -17.48968496654213
    lsf_left_3      =  4.095632939267388
    lsf_left_4      =  -3.9045361673105194
    lsf_left_5      =  1.1593331368277715
    lsf_right1      =  3.7119020179604973
    lsf_right2      =  -17.138944472597476
    lsf_right3      =  1.2024197697731729
    lsf_right4      =  -2.3404382029007573
    lsf_right5      =  0.9911249765612322
    tem_depth       =  0.9366741397312657
    velocity        =  -402.65718904729795
    wave_intercept  =  5439.742097691338
    wave_slope      =  0.01711565541698288
ERROR - Evaluated LSF:
ERROR - [nan nan nan nan nan nan nan nan nan nan nan nan nan nan nan nan nan nan
 nan nan nan nan nan nan nan nan nan nan nan nan nan nan nan nan nan nan
 nan nan nan nan nan nan nan nan nan nan nan nan nan nan nan nan nan nan
 nan nan nan nan nan nan nan nan nan nan nan nan nan nan nan nan nan nan
 nan]
WARNING - Chunk 176:
WARNING - NaN values detected in your input data or the output of your objective/model function - fitting algorithms cannot handle this! Please read https://lmfit.github.io/lmfit-py/faq.html#i-get-errors-from-nan-in-my-fit-what-can-i-do for more information.
ERROR - NaN value detected in oversampled model function.
ERROR - <ParameterSet (values: 17)>
    cont_intercept  =  7813.476464087989
    cont_slope      =  4.575773538875119
    iod_depth       =  0.7745533994265069
    lsf_left_1      =  6.403606303975954
    lsf_left_2      =  -11.90248104799311
    lsf_left_3      =  1.8813014482175308
    lsf_left_4      =  -3.843560835284332
    lsf_left_5      =  0.9256612822671076
    lsf_right1      =  8.07365213523224
    lsf_right2      =  -19.035258760387975
    lsf_right3      =  1.1459112063235357
    lsf_right4      =  -3.2349262655994546
    lsf_right5      =  0.20172932186062018
    tem_depth       =  0.3540565815562751
    velocity        =  -10179.117270450484
    wave_intercept  =  5444.153913230948
    wave_slope      =  0.016801411886089152
ERROR - Evaluated LSF:
ERROR - [nan nan nan nan nan nan nan nan nan nan nan nan nan nan nan nan nan nan
 nan nan nan nan nan nan nan nan nan nan nan nan nan nan nan nan nan nan
 nan nan nan nan nan nan nan nan nan nan nan nan nan nan nan nan nan nan
 nan nan nan nan nan nan nan nan nan nan nan nan nan nan nan nan nan nan
 nan]
WARNING - Chunk 178:
WARNING - NaN values detected in your input data or the output of your objective/model function - fitting algorithms cannot handle this! Please read https://lmfit.github.io/lmfit-py/faq.html#i-get-errors-from-nan-in-my-fit-what-can-i-do for more information.
ERROR - Chunk 190: No Data! Returning LmfitResult with None.
ERROR - NaN value detected in oversampled model function.
ERROR - <ParameterSet (values: 17)>
    cont_intercept  =  7901.800001565533
    cont_slope      =  1.0666333734727838
    iod_depth       =  0.8137486428583307
    lsf_left_1      =  6.895033619940695
    lsf_left_2      =  -18.859085139488087
    lsf_left_3      =  1.9879472623042431
    lsf_left_4      =  -0.9895918261591974
    lsf_left_5      =  0.5507804113003544
    lsf_right1      =  2.1331364121177763
    lsf_right2      =  -18.392868266329994
    lsf_right3      =  2.861278410733501
    lsf_right4      =  -2.7656909778400802
    lsf_right5      =  0.7516524810035795
    tem_depth       =  -0.2206149912709569
    velocity        =  -6235.931133545355
    wave_intercept  =  5493.243618631053
    wave_slope      =  0.017011658689234543
ERROR - Evaluated LSF:
ERROR - [nan nan nan nan nan nan nan nan nan nan nan nan nan nan nan nan nan nan
 nan nan nan nan nan nan nan nan nan nan nan nan nan nan nan nan nan nan
 nan nan nan nan nan nan nan nan nan nan nan nan nan nan nan nan nan nan
 nan nan nan nan nan nan nan nan nan nan nan nan nan nan nan nan nan nan
 nan]
WARNING - Chunk 203:
WARNING - NaN values detected in your input data or the output of your objective/model function - fitting algorithms cannot handle this! Please read https://lmfit.github.io/lmfit-py/faq.html#i-get-errors-from-nan-in-my-fit-what-can-i-do for more information.
ERROR - NaN value detected in oversampled model function.
ERROR - <ParameterSet (values: 17)>
    cont_intercept  =  10747.351281037234
    cont_slope      =  4.896207662900389
    iod_depth       =  0.8564488967958577
    lsf_left_1      =  11.474934189462846
    lsf_left_2      =  -18.488019600782863
    lsf_left_3      =  1.1448139716017778
    lsf_left_4      =  -1.822345671209729
    lsf_left_5      =  0.6454960376064987
    lsf_right1      =  2.5907920097541344
    lsf_right2      =  -19.358652458819968
    lsf_right3      =  4.584202928694868
    lsf_right4      =  -3.8625281522800807
    lsf_right5      =  0.13361135914468558
    tem_depth       =  0.940001200401409
    velocity        =  -2367.730316619266
    wave_intercept  =  5508.0944382310845
    wave_slope      =  0.015787852205209327
ERROR - Evaluated LSF:
ERROR - [nan nan nan nan nan nan nan nan nan nan nan nan nan nan nan nan nan nan
 nan nan nan nan nan nan nan nan nan nan nan nan nan nan nan nan nan nan
 nan nan nan nan nan nan nan nan nan nan nan nan nan nan nan nan nan nan
 nan nan nan nan nan nan nan nan nan nan nan nan nan nan nan nan nan nan
 nan]
WARNING - Chunk 210:
WARNING - NaN values detected in your input data or the output of your objective/model function - fitting algorithms cannot handle this! Please read https://lmfit.github.io/lmfit-py/faq.html#i-get-errors-from-nan-in-my-fit-what-can-i-do for more information.
ERROR - NaN value detected in oversampled model function.
ERROR - <ParameterSet (values: 17)>
    cont_intercept  =  12480.889879364253
    cont_slope      =  4.637383644783979
    iod_depth       =  0.8136214353022205
    lsf_left_1      =  2.5438513226335178
    lsf_left_2      =  -7.162239723491799
    lsf_left_3      =  1.2282322091883684
    lsf_left_4      =  -3.179686960203512
    lsf_left_5      =  0.16540284683087733
    lsf_right1      =  5.59270255510954
    lsf_right2      =  -17.84769678091112
    lsf_right3      =  1.665743176450069
    lsf_right4      =  -0.5072923607869311
    lsf_right5      =  0.14611386855664804
    tem_depth       =  1.001581034484556
    velocity        =  -2306.1077326307363
    wave_intercept  =  5514.163654306356
    wave_slope      =  0.015421274786460297
ERROR - Evaluated LSF:
ERROR - [nan nan nan nan nan nan nan nan nan nan nan nan nan nan nan nan nan nan
 nan nan nan nan nan nan nan nan nan nan nan nan nan nan nan nan nan nan
 nan nan nan nan nan nan nan nan nan nan nan nan nan nan nan nan nan nan
 nan nan nan nan nan nan nan nan nan nan nan nan nan nan nan nan nan nan
 nan]
WARNING - Chunk 213:
WARNING - NaN values detected in your input data or the output of your objective/model function - fitting algorithms cannot handle this! Please read https://lmfit.github.io/lmfit-py/faq.html#i-get-errors-from-nan-in-my-fit-what-can-i-do for more information.
ERROR - Chunk 214: No Data! Returning LmfitResult with None.
ERROR - NaN value detected in oversampled model function.
ERROR - <ParameterSet (values: 17)>
    cont_intercept  =  10898.413643619855
    cont_slope      =  -3.53808899786206
    iod_depth       =  0.8280852502219699
    lsf_left_1      =  2.3305444202127306
    lsf_left_2      =  -17.507207933162316
    lsf_left_3      =  5.891576668975716
    lsf_left_4      =  -3.5230487328284568
    lsf_left_5      =  0.18795513358094673
    lsf_right1      =  3.2698048109626097
    lsf_right2      =  -11.132875610872686
    lsf_right3      =  2.7433951862979953
    lsf_right4      =  -0.625498421950522
    lsf_right5      =  0.13306570939370665
    tem_depth       =  0.9824696211508047
    velocity        =  -2491.265955536188
    wave_intercept  =  5583.40312400511
    wave_slope      =  0.013959101067715786
ERROR - Evaluated LSF:
ERROR - [nan nan nan nan nan nan nan nan nan nan nan nan nan nan nan nan nan nan
 nan nan nan nan nan nan nan nan nan nan nan nan nan nan nan nan nan nan
 nan nan nan nan nan nan nan nan nan nan nan nan nan nan nan nan nan nan
 nan nan nan nan nan nan nan nan nan nan nan nan nan nan nan nan nan nan
 nan]
WARNING - Chunk 248:
WARNING - NaN values detected in your input data or the output of your objective/model function - fitting algorithms cannot handle this! Please read https://lmfit.github.io/lmfit-py/faq.html#i-get-errors-from-nan-in-my-fit-what-can-i-do for more information.
ERROR - NaN value detected in oversampled model function.
ERROR - <ParameterSet (values: 17)>
    cont_intercept  =  12105.013615728278
    cont_slope      =  -3.5443227881006845
    iod_depth       =  0.8247456272983026
    lsf_left_1      =  2.684285535607441
    lsf_left_2      =  -7.233622304692458
    lsf_left_3      =  1.6894658572135555
    lsf_left_4      =  -2.6189183360408155
    lsf_left_5      =  1.1749173007630491
    lsf_right1      =  2.212650348176704
    lsf_right2      =  -5.845687137763591
    lsf_right3      =  1.1571652201802067
    lsf_right4      =  -3.7200439500435283
    lsf_right5      =  1.1865951809582946
    tem_depth       =  0.6645891056744511
    velocity        =  -401.78269765154084
    wave_intercept  =  5632.781690524644
    wave_slope      =  0.014224847032683164
ERROR - Evaluated LSF:
ERROR - [nan nan nan nan nan nan nan nan nan nan nan nan nan nan nan nan nan nan
 nan nan nan nan nan nan nan nan nan nan nan nan nan nan nan nan nan nan
 nan nan nan nan nan nan nan nan nan nan nan nan nan nan nan nan nan nan
 nan nan nan nan nan nan nan nan nan nan nan nan nan nan nan nan nan nan
 nan]
WARNING - Chunk 272:
WARNING - NaN values detected in your input data or the output of your objective/model function - fitting algorithms cannot handle this! Please read https://lmfit.github.io/lmfit-py/faq.html#i-get-errors-from-nan-in-my-fit-what-can-i-do for more information.
ERROR - Chunk 296: No Data! Returning LmfitResult with None.
ERROR - NaN value detected in oversampled model function.
ERROR - <ParameterSet (values: 17)>
    cont_intercept  =  8437.411510479977
    cont_slope      =  14.195458086806614
    iod_depth       =  0.40109215150543437
    lsf_left_1      =  2.575999835359583
    lsf_left_2      =  -7.452202841847525
    lsf_left_3      =  1.7802089161429369
    lsf_left_4      =  -2.1614756416134617
    lsf_left_5      =  0.3988810589593091
    lsf_right1      =  2.6374367576839903
    lsf_right2      =  -11.341779465989077
    lsf_right3      =  5.567050056947423
    lsf_right4      =  -3.9166289663709364
    lsf_right5      =  0.9275736292644617
    tem_depth       =  -0.1192315787490752
    velocity        =  -10070.141003606142
    wave_intercept  =  5696.267756919494
    wave_slope      =  0.017746342316606146
ERROR - Evaluated LSF:
ERROR - [nan nan nan nan nan nan nan nan nan nan nan nan nan nan nan nan nan nan
 nan nan nan nan nan nan nan nan nan nan nan nan nan nan nan nan nan nan
 nan nan nan nan nan nan nan nan nan nan nan nan nan nan nan nan nan nan
 nan nan nan nan nan nan nan nan nan nan nan nan nan nan nan nan nan nan
 nan]
WARNING - Chunk 302:
WARNING - NaN values detected in your input data or the output of your objective/model function - fitting algorithms cannot handle this! Please read https://lmfit.github.io/lmfit-py/faq.html#i-get-errors-from-nan-in-my-fit-what-can-i-do for more information.
ERROR - NaN value detected in oversampled model function.
ERROR - <ParameterSet (values: 17)>
    cont_intercept  =  14787.832261182173
    cont_slope      =  -3.8840833424628274
    iod_depth       =  0.8183956987381008
    lsf_left_1      =  2.161152570883945
    lsf_left_2      =  -17.993264266123255
    lsf_left_3      =  6.190657033204764
    lsf_left_4      =  -3.3314001271077704
    lsf_left_5      =  0.3633839494276086
    lsf_right1      =  2.361319715780261
    lsf_right2      =  -13.422314446784032
    lsf_right3      =  1.7470006442408101
    lsf_right4      =  -1.3184248741061273
    lsf_right5      =  0.5975941000132792
    tem_depth       =  1.0580635053671748
    velocity        =  -2616.356180163727
    wave_intercept  =  5734.255774851152
    wave_slope      =  0.014798398323429517
ERROR - Evaluated LSF:
ERROR - [nan nan nan nan nan nan nan nan nan nan nan nan nan nan nan nan nan nan
 nan nan nan nan nan nan nan nan nan nan nan nan nan nan nan nan nan nan
 nan nan nan nan nan nan nan nan nan nan nan nan nan nan nan nan nan nan
 nan nan nan nan nan nan nan nan nan nan nan nan nan nan nan nan nan nan
 nan]
WARNING - Chunk 320:
WARNING - NaN values detected in your input data or the output of your objective/model function - fitting algorithms cannot handle this! Please read https://lmfit.github.io/lmfit-py/faq.html#i-get-errors-from-nan-in-my-fit-what-can-i-do for more information.
ERROR - NaN value detected in oversampled model function.
ERROR - <ParameterSet (values: 17)>
    cont_intercept  =  8924.975818165527
    cont_slope      =  8.437241609461521
    iod_depth       =  0.8745451908471196
    lsf_left_1      =  2.443507994657075
    lsf_left_2      =  -18.531040581158486
    lsf_left_3      =  4.642511218976024
    lsf_left_4      =  -1.484710543189737
    lsf_left_5      =  0.15669907420925078
    lsf_right1      =  3.6783433179986957
    lsf_right2      =  -12.512673758869038
    lsf_right3      =  1.202536906123263
    lsf_right4      =  -3.6027772139144054
    lsf_right5      =  0.45253460616298863
    tem_depth       =  -0.31355880993649854
    velocity        =  -15380.379475710046
    wave_intercept  =  5802.403041671193
    wave_slope      =  0.018236546727469133
ERROR - Evaluated LSF:
ERROR - [nan nan nan nan nan nan nan nan nan nan nan nan nan nan nan nan nan nan
 nan nan nan nan nan nan nan nan nan nan nan nan nan nan nan nan nan nan
 nan nan nan nan nan nan nan nan nan nan nan nan nan nan nan nan nan nan
 nan nan nan nan nan nan nan nan nan nan nan nan nan nan nan nan nan nan
 nan]
WARNING - Chunk 351:
WARNING - NaN values detected in your input data or the output of your objective/model function - fitting algorithms cannot handle this! Please read https://lmfit.github.io/lmfit-py/faq.html#i-get-errors-from-nan-in-my-fit-what-can-i-do for more information.
ERROR - Chunk 357: No Data! Returning LmfitResult with None.
ERROR - Chunk 366: No Data! Returning LmfitResult with None.
ERROR - NaN value detected in oversampled model function.
ERROR - <ParameterSet (values: 17)>
    cont_intercept  =  7710.787136398814
    cont_slope      =  9.569951877069133
    iod_depth       =  0.856398585630023
    lsf_left_1      =  2.5811096760511836
    lsf_left_2      =  -19.241494156851132
    lsf_left_3      =  9.503820813332903
    lsf_left_4      =  -3.5823378638112713
    lsf_left_5      =  0.35727780642191287
    lsf_right1      =  7.736497780142203
    lsf_right2      =  -16.86535209567858
    lsf_right3      =  1.6194599372758074
    lsf_right4      =  -3.8835988934264263
    lsf_right5      =  0.4152659515806864
    tem_depth       =  1.1168311080291866
    velocity        =  -2329.990220116749
    wave_intercept  =  5855.7881822072095
    wave_slope      =  0.018658532800614764
ERROR - Evaluated LSF:
ERROR - [nan nan nan nan nan nan nan nan nan nan nan nan nan nan nan nan nan nan
 nan nan nan nan nan nan nan nan nan nan nan nan nan nan nan nan nan nan
 nan nan nan nan nan nan nan nan nan nan nan nan nan nan nan nan nan nan
 nan nan nan nan nan nan nan nan nan nan nan nan nan nan nan nan nan nan
 nan]
WARNING - Chunk 375:
WARNING - NaN values detected in your input data or the output of your objective/model function - fitting algorithms cannot handle this! Please read https://lmfit.github.io/lmfit-py/faq.html#i-get-errors-from-nan-in-my-fit-what-can-i-do for more information.
ERROR - NaN value detected in oversampled model function.
ERROR - <ParameterSet (values: 17)>
    cont_intercept  =  10854.123860116817
    cont_slope      =  6.742927228573295
    iod_depth       =  0.8358402144757776
    lsf_left_1      =  7.224496371817646
    lsf_left_2      =  -18.84945171077807
    lsf_left_3      =  8.125937789919224
    lsf_left_4      =  -3.739986295475086
    lsf_left_5      =  0.2565014362855284
    lsf_right1      =  2.1217171814577447
    lsf_right2      =  -18.87768730960012
    lsf_right3      =  6.161162256938976
    lsf_right4      =  -3.8492101487698225
    lsf_right5      =  1.0226032957678965
    tem_depth       =  1.0588549947826817
    velocity        =  -2673.5715965575487
    wave_intercept  =  5862.949470722564
    wave_slope      =  0.018111085830976516
ERROR - Evaluated LSF:
ERROR - [nan nan nan nan nan nan nan nan nan nan nan nan nan nan nan nan nan nan
 nan nan nan nan nan nan nan nan nan nan nan nan nan nan nan nan nan nan
 nan nan nan nan nan nan nan nan nan nan nan nan nan nan nan nan nan nan
 nan nan nan nan nan nan nan nan nan nan nan nan nan nan nan nan nan nan
 nan]
WARNING - Chunk 378:
WARNING - NaN values detected in your input data or the output of your objective/model function - fitting algorithms cannot handle this! Please read https://lmfit.github.io/lmfit-py/faq.html#i-get-errors-from-nan-in-my-fit-what-can-i-do for more information.
ERROR - NaN value detected in oversampled model function.
ERROR - <ParameterSet (values: 17)>
    cont_intercept  =  16220.290421991207
    cont_slope      =  4.18391308124961
    iod_depth       =  0.836122150252216
    lsf_left_1      =  5.298943241062428
    lsf_left_2      =  -9.449244706286542
    lsf_left_3      =  1.485051933399567
    lsf_left_4      =  -1.2905515362213147
    lsf_left_5      =  0.4913458947036592
    lsf_right1      =  5.042773457538731
    lsf_right2      =  -14.973267099069759
    lsf_right3      =  1.3872104967933807
    lsf_right4      =  -2.362052564563717
    lsf_right5      =  1.1137785131264224
    tem_depth       =  1.0146215499494942
    velocity        =  -1076.1527526419866
    wave_intercept  =  5874.403813397448
    wave_slope      =  0.017133057786743754
ERROR - Evaluated LSF:
ERROR - [nan nan nan nan nan nan nan nan nan nan nan nan nan nan nan nan nan nan
 nan nan nan nan nan nan nan nan nan nan nan nan nan nan nan nan nan nan
 nan nan nan nan nan nan nan nan nan nan nan nan nan nan nan nan nan nan
 nan nan nan nan nan nan nan nan nan nan nan nan nan nan nan nan nan nan
 nan]
WARNING - Chunk 383:
WARNING - NaN values detected in your input data or the output of your objective/model function - fitting algorithms cannot handle this! Please read https://lmfit.github.io/lmfit-py/faq.html#i-get-errors-from-nan-in-my-fit-what-can-i-do for more information.
ERROR - NaN value detected in oversampled model function.
ERROR - <ParameterSet (values: 17)>
    cont_intercept  =  16177.717240197839
    cont_slope      =  -1.0878692724742858
    iod_depth       =  0.9127045463991932
    lsf_left_1      =  7.549095725401458
    lsf_left_2      =  -18.175399014651376
    lsf_left_3      =  8.15217601178464
    lsf_left_4      =  -3.549533532849059
    lsf_left_5      =  1.133941314291761
    lsf_right1      =  6.875643017310121
    lsf_right2      =  -16.824967940277453
    lsf_right3      =  2.554836302459806
    lsf_right4      =  -0.8254070930128661
    lsf_right5      =  0.18117402255341808
    tem_depth       =  0.5997654912457893
    velocity        =  -927.0847481594692
    wave_intercept  =  5883.1633952477405
    wave_slope      =  0.01652368062943862
ERROR - Evaluated LSF:
ERROR - [nan nan nan nan nan nan nan nan nan nan nan nan nan nan nan nan nan nan
 nan nan nan nan nan nan nan nan nan nan nan nan nan nan nan nan nan nan
 nan nan nan nan nan nan nan nan nan nan nan nan nan nan nan nan nan nan
 nan nan nan nan nan nan nan nan nan nan nan nan nan nan nan nan nan nan
 nan]
WARNING - Chunk 387:
WARNING - NaN values detected in your input data or the output of your objective/model function - fitting algorithms cannot handle this! Please read https://lmfit.github.io/lmfit-py/faq.html#i-get-errors-from-nan-in-my-fit-what-can-i-do for more information.
ERROR - NaN value detected in oversampled model function.
ERROR - <ParameterSet (values: 17)>
    cont_intercept  =  12153.710565240573
    cont_slope      =  0.9620286791112245
    iod_depth       =  0.9742391689946096
    lsf_left_1      =  2.1263667608109906
    lsf_left_2      =  -16.39584412493576
    lsf_left_3      =  6.45001172845596
    lsf_left_4      =  -3.285288477621469
    lsf_left_5      =  0.9633529741198016
    lsf_right1      =  2.8396173592456417
    lsf_right2      =  -17.287860074608016
    lsf_right3      =  8.24670740453023
    lsf_right4      =  -2.093094477976533
    lsf_right5      =  0.34166045200598505
    tem_depth       =  0.9954581607014837
    velocity        =  -2053.6597242109347
    wave_intercept  =  5889.504045178693
    wave_slope      =  0.01610695957573338
ERROR - Evaluated LSF:
ERROR - [nan nan nan nan nan nan nan nan nan nan nan nan nan nan nan nan nan nan
 nan nan nan nan nan nan nan nan nan nan nan nan nan nan nan nan nan nan
 nan nan nan nan nan nan nan nan nan nan nan nan nan nan nan nan nan nan
 nan nan nan nan nan nan nan nan nan nan nan nan nan nan nan nan nan nan
 nan]
WARNING - Chunk 390:
WARNING - NaN values detected in your input data or the output of your objective/model function - fitting algorithms cannot handle this! Please read https://lmfit.github.io/lmfit-py/faq.html#i-get-errors-from-nan-in-my-fit-what-can-i-do for more information.
ERROR - NaN value detected in oversampled model function.
ERROR - <ParameterSet (values: 17)>
    cont_intercept  =  18679.74719348074
    cont_slope      =  2.8769309474348366
    iod_depth       =  0.8592072528612454
    lsf_left_1      =  2.4230202775594614
    lsf_left_2      =  -17.627212047778762
    lsf_left_3      =  8.676524684376238
    lsf_left_4      =  -3.458903243047269
    lsf_left_5      =  0.280280041424936
    lsf_right1      =  2.5620732729734614
    lsf_right2      =  -12.6465840601658
    lsf_right3      =  10.003685159293415
    lsf_right4      =  -3.9668003231591293
    lsf_right5      =  0.8101265805959362
    tem_depth       =  -0.4104803581728258
    velocity        =  -26345.680762337855
    wave_intercept  =  5946.6584467102375
    wave_slope      =  0.01613342671507489
ERROR - Evaluated LSF:
ERROR - [nan nan nan nan nan nan nan nan nan nan nan nan nan nan nan nan nan nan
 nan nan nan nan nan nan nan nan nan nan nan nan nan nan nan nan nan nan
 nan nan nan nan nan nan nan nan nan nan nan nan nan nan nan nan nan nan
 nan nan nan nan nan nan nan nan nan nan nan nan nan nan nan nan nan nan
 nan]
WARNING - Chunk 415:
WARNING - NaN values detected in your input data or the output of your objective/model function - fitting algorithms cannot handle this! Please read https://lmfit.github.io/lmfit-py/faq.html#i-get-errors-from-nan-in-my-fit-what-can-i-do for more information.
ERROR - NaN value detected in oversampled model function.
ERROR - <ParameterSet (values: 17)>
    cont_intercept  =  14044.48834714955
    cont_slope      =  -3.4829670593544244
    iod_depth       =  0.4144312204766683
    lsf_left_1      =  2.17004943375631
    lsf_left_2      =  -11.198887123006578
    lsf_left_3      =  8.979447677011269
    lsf_left_4      =  -3.3534978277536958
    lsf_left_5      =  0.6350592118612456
    lsf_right1      =  2.2483486730612423
    lsf_right2      =  -17.141992287190675
    lsf_right3      =  5.113708370936211
    lsf_right4      =  -3.491453523879218
    lsf_right5      =  0.23175413473701723
    tem_depth       =  1.0585193919101963
    velocity        =  -1813.0152319605165
    wave_intercept  =  5958.919496235397
    wave_slope      =  0.015177179356272876
ERROR - Evaluated LSF:
ERROR - [nan nan nan nan nan nan nan nan nan nan nan nan nan nan nan nan nan nan
 nan nan nan nan nan nan nan nan nan nan nan nan nan nan nan nan nan nan
 nan nan nan nan nan nan nan nan nan nan nan nan nan nan nan nan nan nan
 nan nan nan nan nan nan nan nan nan nan nan nan nan nan nan nan nan nan
 nan]
WARNING - Chunk 421:
WARNING - NaN values detected in your input data or the output of your objective/model function - fitting algorithms cannot handle this! Please read https://lmfit.github.io/lmfit-py/faq.html#i-get-errors-from-nan-in-my-fit-what-can-i-do for more information.
ERROR - NaN value detected in oversampled model function.
ERROR - <ParameterSet (values: 17)>
    cont_intercept  =  15242.54095246976
    cont_slope      =  -6.632819801141805
    iod_depth       =  0.25627874228113046
    lsf_left_1      =  8.59657409151524
    lsf_left_2      =  -16.519183121568908
    lsf_left_3      =  2.2694695946127554
    lsf_left_4      =  -0.5482969603785
    lsf_left_5      =  0.15409649644650766
    lsf_right1      =  5.39509998995846
    lsf_right2      =  -13.860097946501568
    lsf_right3      =  1.7485012510871414
    lsf_right4      =  -3.0296527678203375
    lsf_right5      =  0.2864842060971676
    tem_depth       =  1.005815939818465
    velocity        =  -1433.7454815465203
    wave_intercept  =  6017.368617428777
    wave_slope      =  0.014968937674884551
ERROR - Evaluated LSF:
ERROR - [nan nan nan nan nan nan nan nan nan nan nan nan nan nan nan nan nan nan
 nan nan nan nan nan nan nan nan nan nan nan nan nan nan nan nan nan nan
 nan nan nan nan nan nan nan nan nan nan nan nan nan nan nan nan nan nan
 nan nan nan nan nan nan nan nan nan nan nan nan nan nan nan nan nan nan
 nan]
WARNING - Chunk 446:
WARNING - NaN values detected in your input data or the output of your objective/model function - fitting algorithms cannot handle this! Please read https://lmfit.github.io/lmfit-py/faq.html#i-get-errors-from-nan-in-my-fit-what-can-i-do for more information.
ERROR - NaN value detected in oversampled model function.
ERROR - <ParameterSet (values: 17)>
    cont_intercept  =  13269.841975049007
    cont_slope      =  -7.312164679012509
    iod_depth       =  0.8841999354871082
    lsf_left_1      =  4.5937289813030535
    lsf_left_2      =  -16.41043044321642
    lsf_left_3      =  5.877887509842291
    lsf_left_4      =  -3.5461592219282396
    lsf_left_5      =  1.1892996722830138
    lsf_right1      =  2.3167878984329957
    lsf_right2      =  -17.372285257094827
    lsf_right3      =  9.717265559544252
    lsf_right4      =  -3.472890933204093
    lsf_right5      =  0.4505623244122028
    tem_depth       =  1.0252123605490404
    velocity        =  -2060.4501638285465
    wave_intercept  =  6021.32105619479
    wave_slope      =  0.014735937841597312
ERROR - Evaluated LSF:
ERROR - [nan nan nan nan nan nan nan nan nan nan nan nan nan nan nan nan nan nan
 nan nan nan nan nan nan nan nan nan nan nan nan nan nan nan nan nan nan
 nan nan nan nan nan nan nan nan nan nan nan nan nan nan nan nan nan nan
 nan nan nan nan nan nan nan nan nan nan nan nan nan nan nan nan nan nan
 nan]
WARNING - Chunk 448:
WARNING - NaN values detected in your input data or the output of your objective/model function - fitting algorithms cannot handle this! Please read https://lmfit.github.io/lmfit-py/faq.html#i-get-errors-from-nan-in-my-fit-what-can-i-do for more information.
ERROR - NaN value detected in oversampled model function.
ERROR - <ParameterSet (values: 17)>
    cont_intercept  =  17858.962229793862
    cont_slope      =  0.7524291110372601
    iod_depth       =  0.6616201376114731
    lsf_left_1      =  4.140924957846686
    lsf_left_2      =  -18.952733842308568
    lsf_left_3      =  5.040810374498356
    lsf_left_4      =  -1.4786006145948387
    lsf_left_5      =  0.1331377386853878
    lsf_right1      =  9.942151845645657
    lsf_right2      =  -17.567992635254853
    lsf_right3      =  3.1983758095283417
    lsf_right4      =  -2.609089429917117
    lsf_right5      =  1.0917903560247946
    tem_depth       =  1.0020840045020138
    velocity        =  -2680.35643983794
    wave_intercept  =  6055.687092075689
    wave_slope      =  0.01719004414541328
ERROR - Evaluated LSF:
ERROR - [nan nan nan nan nan nan nan nan nan nan nan nan nan nan nan nan nan nan
 nan nan nan nan nan nan nan nan nan nan nan nan nan nan nan nan nan nan
 nan nan nan nan nan nan nan nan nan nan nan nan nan nan nan nan nan nan
 nan nan nan nan nan nan nan nan nan nan nan nan nan nan nan nan nan nan
 nan]
WARNING - Chunk 461:
WARNING - NaN values detected in your input data or the output of your objective/model function - fitting algorithms cannot handle this! Please read https://lmfit.github.io/lmfit-py/faq.html#i-get-errors-from-nan-in-my-fit-what-can-i-do for more information.
ERROR - NaN value detected in oversampled model function.
ERROR - <ParameterSet (values: 17)>
    cont_intercept  =  19122.064682472133
    cont_slope      =  0.02265722916945135
    iod_depth       =  0.8650533938493862
    lsf_left_1      =  3.7460867305033196
    lsf_left_2      =  -14.143220710206736
    lsf_left_3      =  5.133924938635384
    lsf_left_4      =  -3.8300022830458578
    lsf_left_5      =  1.062512467358523
    lsf_right1      =  7.444423765201129
    lsf_right2      =  -19.35452593959208
    lsf_right3      =  5.471608937779289
    lsf_right4      =  -3.625348736610765
    lsf_right5      =  0.13457702365993415
    tem_depth       =  -0.32493626130730724
    velocity        =  -13302.501964053527
    wave_intercept  =  6060.11526876045
    wave_slope      =  0.016868028531407585
ERROR - Evaluated LSF:
ERROR - [nan nan nan nan nan nan nan nan nan nan nan nan nan nan nan nan nan nan
 nan nan nan nan nan nan nan nan nan nan nan nan nan nan nan nan nan nan
 nan nan nan nan nan nan nan nan nan nan nan nan nan nan nan nan nan nan
 nan nan nan nan nan nan nan nan nan nan nan nan nan nan nan nan nan nan
 nan]
WARNING - Chunk 463:
WARNING - NaN values detected in your input data or the output of your objective/model function - fitting algorithms cannot handle this! Please read https://lmfit.github.io/lmfit-py/faq.html#i-get-errors-from-nan-in-my-fit-what-can-i-do for more information.
ERROR - NaN value detected in oversampled model function.
ERROR - <ParameterSet (values: 17)>
    cont_intercept  =  16573.974454291205
    cont_slope      =  -4.778407497418795
    iod_depth       =  0.9005990472491844
    lsf_left_1      =  10.134013670808919
    lsf_left_2      =  -19.29699895310397
    lsf_left_3      =  6.743679685119143
    lsf_left_4      =  -1.7154387459365479
    lsf_left_5      =  0.3742228092433515
    lsf_right1      =  2.4615268241977297
    lsf_right2      =  -13.134122150001
    lsf_right3      =  1.7598547089541692
    lsf_right4      =  -2.1029729650072433
    lsf_right5      =  0.9826064754571833
    tem_depth       =  0.007901231271489895
    velocity        =  -8106.334713289685
    wave_intercept  =  6072.845663186608
    wave_slope      =  0.0158541977589797
ERROR - Evaluated LSF:
ERROR - [nan nan nan nan nan nan nan nan nan nan nan nan nan nan nan nan nan nan
 nan nan nan nan nan nan nan nan nan nan nan nan nan nan nan nan nan nan
 nan nan nan nan nan nan nan nan nan nan nan nan nan nan nan nan nan nan
 nan nan nan nan nan nan nan nan nan nan nan nan nan nan nan nan nan nan
 nan]
WARNING - Chunk 469:
WARNING - NaN values detected in your input data or the output of your objective/model function - fitting algorithms cannot handle this! Please read https://lmfit.github.io/lmfit-py/faq.html#i-get-errors-from-nan-in-my-fit-what-can-i-do for more information.
ERROR - Chunk 470: No Data! Returning LmfitResult with None.
ERROR - NaN value detected in oversampled model function.
ERROR - <ParameterSet (values: 17)>
    cont_intercept  =  14070.314399502968
    cont_slope      =  -7.605649082146787
    iod_depth       =  0.7610462169166763
    lsf_left_1      =  2.1351161010357727
    lsf_left_2      =  -18.965320037303766
    lsf_left_3      =  8.698632966021535
    lsf_left_4      =  -3.5932568225080055
    lsf_left_5      =  1.0921055325017517
    lsf_right1      =  7.942889903712417
    lsf_right2      =  -12.836709900169275
    lsf_right3      =  1.3143540604975996
    lsf_right4      =  -3.9123990284964987
    lsf_right5      =  1.0283123792859528
    tem_depth       =  1.003809873868958
    velocity        =  -2465.655716862101
    wave_intercept  =  6141.246458424047
    wave_slope      =  0.015481663081305764
ERROR - Evaluated LSF:
ERROR - [nan nan nan nan nan nan nan nan nan nan nan nan nan nan nan nan nan nan
 nan nan nan nan nan nan nan nan nan nan nan nan nan nan nan nan nan nan
 nan nan nan nan nan nan nan nan nan nan nan nan nan nan nan nan nan nan
 nan nan nan nan nan nan nan nan nan nan nan nan nan nan nan nan nan nan
 nan]
WARNING - Chunk 498:
WARNING - NaN values detected in your input data or the output of your objective/model function - fitting algorithms cannot handle this! Please read https://lmfit.github.io/lmfit-py/faq.html#i-get-errors-from-nan-in-my-fit-what-can-i-do for more information.
ERROR - NaN value detected in oversampled model function.
ERROR - <ParameterSet (values: 17)>
    cont_intercept  =  13762.180073688081
    cont_slope      =  -5.5545230975676345
    iod_depth       =  1.127102037821011
    lsf_left_1      =  6.871965157455256
    lsf_left_2      =  -18.470136987807564
    lsf_left_3      =  3.154928452125846
    lsf_left_4      =  -3.5503234713342966
    lsf_left_5      =  0.23863890487149814
    lsf_right1      =  2.741185931227668
    lsf_right2      =  -18.055974299101642
    lsf_right3      =  1.167457419221983
    lsf_right4      =  -1.5553921647578233
    lsf_right5      =  1.1406634391271868
    tem_depth       =  1.0388216246771276
    velocity        =  -2402.1940104847563
    wave_intercept  =  6143.706086828574
    wave_slope      =  0.015226887737727218
ERROR - Evaluated LSF:
ERROR - [nan nan nan nan nan nan nan nan nan nan nan nan nan nan nan nan nan nan
 nan nan nan nan nan nan nan nan nan nan nan nan nan nan nan nan nan nan
 nan nan nan nan nan nan nan nan nan nan nan nan nan nan nan nan nan nan
 nan nan nan nan nan nan nan nan nan nan nan nan nan nan nan nan nan nan
 nan]
WARNING - Chunk 499:
WARNING - NaN values detected in your input data or the output of your objective/model function - fitting algorithms cannot handle this! Please read https://lmfit.github.io/lmfit-py/faq.html#i-get-errors-from-nan-in-my-fit-what-can-i-do for more information.
ERROR - NaN value detected in oversampled model function.
ERROR - <ParameterSet (values: 17)>
    cont_intercept  =  15299.110886414397
    cont_slope      =  5.320130180894204
    iod_depth       =  0.4442695297487853
    lsf_left_1      =  5.902324847441898
    lsf_left_2      =  -19.361574077506006
    lsf_left_3      =  1.3931472367262803
    lsf_left_4      =  -3.8433594889161755
    lsf_left_5      =  0.9338597041054573
    lsf_right1      =  8.580282336666645
    lsf_right2      =  -18.02011995161491
    lsf_right3      =  1.162317414406461
    lsf_right4      =  -3.57648919374612
    lsf_right5      =  0.7614577838131763
    tem_depth       =  0.9758642130095646
    velocity        =  -2471.123876787186
    wave_intercept  =  6166.358475711693
    wave_slope      =  0.01844265148409116
ERROR - Evaluated LSF:
ERROR - [nan nan nan nan nan nan nan nan nan nan nan nan nan nan nan nan nan nan
 nan nan nan nan nan nan nan nan nan nan nan nan nan nan nan nan nan nan
 nan nan nan nan nan nan nan nan nan nan nan nan nan nan nan nan nan nan
 nan nan nan nan nan nan nan nan nan nan nan nan nan nan nan nan nan nan
 nan]
WARNING - Chunk 506:
WARNING - NaN values detected in your input data or the output of your objective/model function - fitting algorithms cannot handle this! Please read https://lmfit.github.io/lmfit-py/faq.html#i-get-errors-from-nan-in-my-fit-what-can-i-do for more information.
ERROR - NaN value detected in oversampled model function.
ERROR - <ParameterSet (values: 17)>
    cont_intercept  =  10343.92433890275
    cont_slope      =  8.668792743795663
    iod_depth       =  0.4574289689849892
    lsf_left_1      =  4.548766033721793
    lsf_left_2      =  -18.626423583926236
    lsf_left_3      =  2.3335246441759305
    lsf_left_4      =  -0.9602037597551725
    lsf_left_5      =  0.6989003737343689
    lsf_right1      =  7.20920467386354
    lsf_right2      =  -17.918628112063576
    lsf_right3      =  3.346998573022674
    lsf_right4      =  -0.4601467520355005
    lsf_right5      =  0.15416366976823748
    tem_depth       =  0.9636249516114446
    velocity        =  -2051.1783652266904
    wave_intercept  =  6216.8953798640905
    wave_slope      =  0.01966795785481456
ERROR - Evaluated LSF:
ERROR - [nan nan nan nan nan nan nan nan nan nan nan nan nan nan nan nan nan nan
 nan nan nan nan nan nan nan nan nan nan nan nan nan nan nan nan nan nan
 nan nan nan nan nan nan nan nan nan nan nan nan nan nan nan nan nan nan
 nan nan nan nan nan nan nan nan nan nan nan nan nan nan nan nan nan nan
 nan]
WARNING - Chunk 526:
WARNING - NaN values detected in your input data or the output of your objective/model function - fitting algorithms cannot handle this! Please read https://lmfit.github.io/lmfit-py/faq.html#i-get-errors-from-nan-in-my-fit-what-can-i-do for more information.
ERROR - NaN value detected in oversampled model function.
ERROR - <ParameterSet (values: 17)>
    cont_intercept  =  14779.3996415972
    cont_slope      =  3.4106660743044372
    iod_depth       =  0.35637151384576043
    lsf_left_1      =  5.815450876143222
    lsf_left_2      =  -19.254885837482316
    lsf_left_3      =  2.5173856822334253
    lsf_left_4      =  -3.541270730722829
    lsf_left_5      =  1.0320120059716942
    lsf_right1      =  6.843899950171884
    lsf_right2      =  -18.381598136673485
    lsf_right3      =  8.549458499256284
    lsf_right4      =  -3.9082056100157523
    lsf_right5      =  0.8821146063973587
    tem_depth       =  -0.17046706578536466
    velocity        =  -14094.461126704993
    wave_intercept  =  6226.792006748747
    wave_slope      =  0.018674726996483523
ERROR - Evaluated LSF:
ERROR - [nan nan nan nan nan nan nan nan nan nan nan nan nan nan nan nan nan nan
 nan nan nan nan nan nan nan nan nan nan nan nan nan nan nan nan nan nan
 nan nan nan nan nan nan nan nan nan nan nan nan nan nan nan nan nan nan
 nan nan nan nan nan nan nan nan nan nan nan nan nan nan nan nan nan nan
 nan]
WARNING - Chunk 530:
WARNING - NaN values detected in your input data or the output of your objective/model function - fitting algorithms cannot handle this! Please read https://lmfit.github.io/lmfit-py/faq.html#i-get-errors-from-nan-in-my-fit-what-can-i-do for more information.
ERROR - NaN value detected in oversampled model function.
ERROR - <ParameterSet (values: 17)>
    cont_intercept  =  15334.454115113522
    cont_slope      =  6.730410445279514
    iod_depth       =  0.49498412089242827
    lsf_left_1      =  2.1974578444746538
    lsf_left_2      =  -19.175866239328045
    lsf_left_3      =  4.687071783578954
    lsf_left_4      =  -3.5395389853166948
    lsf_left_5      =  1.079951755793155
    lsf_right1      =  6.221055895785691
    lsf_right2      =  -11.85895681354305
    lsf_right3      =  4.202333380496034
    lsf_right4      =  -2.8287237628226762
    lsf_right5      =  0.1360041912579086
    tem_depth       =  1.0023425464679119
    velocity        =  -2521.0119380384567
    wave_intercept  =  6231.688883914009
    wave_slope      =  0.01846027947664133
ERROR - Evaluated LSF:
ERROR - [nan nan nan nan nan nan nan nan nan nan nan nan nan nan nan nan nan nan
 nan nan nan nan nan nan nan nan nan nan nan nan nan nan nan nan nan nan
 nan nan nan nan nan nan nan nan nan nan nan nan nan nan nan nan nan nan
 nan nan nan nan nan nan nan nan nan nan nan nan nan nan nan nan nan nan
 nan]
WARNING - Chunk 532:
WARNING - NaN values detected in your input data or the output of your objective/model function - fitting algorithms cannot handle this! Please read https://lmfit.github.io/lmfit-py/faq.html#i-get-errors-from-nan-in-my-fit-what-can-i-do for more information.
ERROR - NaN value detected in oversampled model function.
ERROR - <ParameterSet (values: 17)>
    cont_intercept  =  16433.097005464893
    cont_slope      =  2.842901123547251
    iod_depth       =  0.4648246162936389
    lsf_left_1      =  6.92899266467665
    lsf_left_2      =  -16.82361067326213
    lsf_left_3      =  8.611225517489684
    lsf_left_4      =  -2.8297048530273656
    lsf_left_5      =  0.27489339834008464
    lsf_right1      =  7.710102497848465
    lsf_right2      =  -17.822142991294665
    lsf_right3      =  1.2112122945574306
    lsf_right4      =  -2.674819548874752
    lsf_right5      =  0.14648377204010177
    tem_depth       =  0.960519694461342
    velocity        =  -2010.9969066656895
    wave_intercept  =  6234.077732987826
    wave_slope      =  0.018103452957038524
ERROR - Evaluated LSF:
ERROR - [nan nan nan nan nan nan nan nan nan nan nan nan nan nan nan nan nan nan
 nan nan nan nan nan nan nan nan nan nan nan nan nan nan nan nan nan nan
 nan nan nan nan nan nan nan nan nan nan nan nan nan nan nan nan nan nan
 nan nan nan nan nan nan nan nan nan nan nan nan nan nan nan nan nan nan
 nan]
WARNING - Chunk 533:
WARNING - NaN values detected in your input data or the output of your objective/model function - fitting algorithms cannot handle this! Please read https://lmfit.github.io/lmfit-py/faq.html#i-get-errors-from-nan-in-my-fit-what-can-i-do for more information.
ERROR - Chunk 537: No Data! Returning LmfitResult with None.
ERROR - Chunk 544: No Data! Returning LmfitResult with None.
ERROR - NaN value detected in oversampled model function.
ERROR - <ParameterSet (values: 17)>
    cont_intercept  =  16547.31440977107
    cont_slope      =  -2.723654194434432
    iod_depth       =  0.5957512190835867
    lsf_left_1      =  2.1407099022732514
    lsf_left_2      =  -18.508377736958717
    lsf_left_3      =  2.041199897618596
    lsf_left_4      =  -3.235645330464084
    lsf_left_5      =  0.8810300286030887
    lsf_right1      =  3.9573575798882334
    lsf_right2      =  -9.813041354126291
    lsf_right3      =  4.961871095660555
    lsf_right4      =  -1.7967143076842649
    lsf_right5      =  0.43841372505217485
    tem_depth       =  1.0141843596498994
    velocity        =  -2206.9905501012827
    wave_intercept  =  6260.855661318983
    wave_slope      =  0.016122644278959666
ERROR - Evaluated LSF:
ERROR - [nan nan nan nan nan nan nan nan nan nan nan nan nan nan nan nan nan nan
 nan nan nan nan nan nan nan nan nan nan nan nan nan nan nan nan nan nan
 nan nan nan nan nan nan nan nan nan nan nan nan nan nan nan nan nan nan
 nan nan nan nan nan nan nan nan nan nan nan nan nan nan nan nan nan nan
 nan]
WARNING - Chunk 545:
WARNING - NaN values detected in your input data or the output of your objective/model function - fitting algorithms cannot handle this! Please read https://lmfit.github.io/lmfit-py/faq.html#i-get-errors-from-nan-in-my-fit-what-can-i-do for more information.
ERROR - NaN value detected in oversampled model function.
ERROR - <ParameterSet (values: 17)>
    cont_intercept  =  18578.71934667902
    cont_slope      =  1.011964340092946
    iod_depth       =  0.5884414194856595
    lsf_left_1      =  4.943942694615754
    lsf_left_2      =  -19.268192672448667
    lsf_left_3      =  1.7222406518654965
    lsf_left_4      =  -2.4360465379860607
    lsf_left_5      =  0.48778563923826385
    lsf_right1      =  2.528983997908567
    lsf_right2      =  -14.250296460508233
    lsf_right3      =  8.887943114933321
    lsf_right4      =  -3.960842272943105
    lsf_right5      =  0.8248448752070751
    tem_depth       =  0.9948356039963113
    velocity        =  -2728.7291395649804
    wave_intercept  =  6312.260802763058
    wave_slope      =  0.017388205407690403
ERROR - Evaluated LSF:
ERROR - [nan nan nan nan nan nan nan nan nan nan nan nan nan nan nan nan nan nan
 nan nan nan nan nan nan nan nan nan nan nan nan nan nan nan nan nan nan
 nan nan nan nan nan nan nan nan nan nan nan nan nan nan nan nan nan nan
 nan nan nan nan nan nan nan nan nan nan nan nan nan nan nan nan nan nan
 nan]
WARNING - Chunk 564:
WARNING - NaN values detected in your input data or the output of your objective/model function - fitting algorithms cannot handle this! Please read https://lmfit.github.io/lmfit-py/faq.html#i-get-errors-from-nan-in-my-fit-what-can-i-do for more information.
ERROR - Chunk 569: No Data! Returning LmfitResult with None.
ERROR - Chunk 570: No Data! Returning LmfitResult with None.
ERROR - NaN value detected in oversampled model function.
ERROR - <ParameterSet (values: 17)>
    cont_intercept  =  15463.149545423714
    cont_slope      =  -2.845273381482549
    iod_depth       =  0.17509526636343686
    lsf_left_1      =  2.1381345718974654
    lsf_left_2      =  -11.952448626894117
    lsf_left_3      =  6.790496101487302
    lsf_left_4      =  -1.8137099773920538
    lsf_left_5      =  0.33744410172463807
    lsf_right1      =  2.6266335088264867
    lsf_right2      =  -11.950559046964802
    lsf_right3      =  7.5564773334169555
    lsf_right4      =  -2.1399714497128692
    lsf_right5      =  0.1548973196398032
    tem_depth       =  1.0585405601739164
    velocity        =  -2995.3165782069123
    wave_intercept  =  6327.498354791574
    wave_slope      =  0.015693436511309233
ERROR - Evaluated LSF:
ERROR - [nan nan nan nan nan nan nan nan nan nan nan nan nan nan nan nan nan nan
 nan nan nan nan nan nan nan nan nan nan nan nan nan nan nan nan nan nan
 nan nan nan nan nan nan nan nan nan nan nan nan nan nan nan nan nan nan
 nan nan nan nan nan nan nan nan nan nan nan nan nan nan nan nan nan nan
 nan]
WARNING - Chunk 571:
WARNING - NaN values detected in your input data or the output of your objective/model function - fitting algorithms cannot handle this! Please read https://lmfit.github.io/lmfit-py/faq.html#i-get-errors-from-nan-in-my-fit-what-can-i-do for more information.
INFO - 
INFO - Number of chunks with no uncertainties: 0
INFO - Number of chunks with outliers: 0
INFO - Number of chunks with nan fitted red. Chi2: 57
INFO - 
INFO - Creating analysis plots...
ERROR - NaN value detected in iodine function.
ERROR - Chunk could not be plotted
Traceback (most recent call last):
  File "/Users/jaklusmeyer/SONG/pyodine/pyodine/plot_lib.py", line 62, in plot_chunkmodel
    sp = fit_results[chunk_nr].fitted_spectrum
  File "/Users/jaklusmeyer/SONG/pyodine/pyodine/fitters/base.py", line 45, in fitted_spectrum
    return self.model.eval_spectrum(self.chunk, self.params, chunk_ind=self.chunk_ind)
  File "/Users/jaklusmeyer/SONG/pyodine/pyodine/models/base.py", line 79, in eval_spectrum
    flux = self.eval(chunk, params, chunk_ind=chunk_ind, **kwargs)
  File "/Users/jaklusmeyer/SONG/pyodine/pyodine/models/spectrum.py", line 138, in eval
    tck = splrep(tem.wave * doppler, flux_tem, s=0)
  File "/Users/jaklusmeyer/miniconda/envs/pyodine_env/lib/python3.9/site-packages/scipy/interpolate/_fitpack_py.py", line 295, in splrep
    res = _impl.splrep(x, y, w, xb, xe, k, task, s, t, full_output, per, quiet)
  File "/Users/jaklusmeyer/miniconda/envs/pyodine_env/lib/python3.9/site-packages/scipy/interpolate/_fitpack_impl.py", line 276, in splrep
    n, c, fp, ier = dfitpack.curfit(task, x, y, w, t, wrk, iwrk,
dfitpack.error: (xb<=x[0]) failed for 1st keyword xb: curfit:xb=nan
INFO - Velocity robust mean: -2339.560036738112
INFO - Velocity robust std: 560.9390553877091
INFO - 
INFO - Velocity error robust mean: 183.26137604152382
INFO - Velocity error robust std: 168.96090044458325
INFO - 
INFO - Minimum error: 61.48005437110547 in chunk 257
INFO - Maximum error: 73878.12472304035 in chunk 440
INFO - 
INFO - Chunks with nan velocities: [ 29  31  35  46  50  54  63  81  85 101 126 127 139 167 170 176 178 190
 203 210 213 214 248 272 296 302 320 351 357 366 375 378 383 387 390 415
 421 446 448 461 463 469 470 498 499 506 526 530 532 533 537 544 545 564
 569 570 571]
INFO - Chunks with nan velocity errors: [ 29  31  35  46  50  54  63  81  85 101 126 127 139 167 170 176 178 190
 203 210 213 214 248 272 296 302 320 351 357 366 375 378 383 387 390 415
 421 446 448 461 463 469 470 498 499 506 526 530 532 533 537 544 545 564
 569 570 571]
INFO - Velocity error at percentile 80: 579.3340138302503
INFO - 
INFO - Time to model this observation: 131.79443311691284
