INFO - 
INFO - Branch: master
INFO - Hash: c2a71ac
INFO - ---------------------------
INFO - Working on: /Users/jaklusmeyer/SONG/reduce/UT260321/sciencestar/HD185144_ec_260308.0243.fits
INFO - 
INFO - Median flux of the observation: 10401
INFO - Loading template from file: /Users/jaklusmeyer/SONG/reduce/0007_sigdra_temp_results_v1/obs_temp_highsnr_test.h5
INFO - 
INFO - Order correction: 0
INFO - 
INFO - Measured velocity rel. to reference spectrum: 30.164 km/s
INFO - Template velocity: 38.044 km/s
INFO - Velocity guess: -7.880 km/s (relative to template)

INFO - (Barycentric velocity of observation: -3.121 km/s)
INFO - (Barycentric velocity of template: -4.628 km/s)

INFO - 
INFO - Barycentric redshift between template and observation: 
INFO - v = -1507.0392740056495, z = -5.026941918617744e-06

INFO - Startpixel (order 26, chunk 29): -65
INFO - -> Correcting to 0.
INFO - Startpixel (order 27, chunk 63): -65
INFO - -> Correcting to 0.
INFO - Startpixel (order 32, chunk 190): -65
INFO - -> Correcting to 0.
INFO - Startpixel (order 33, chunk 214): -65
INFO - -> Correcting to 0.
INFO - Startpixel (order 36, chunk 296): -65
INFO - -> Correcting to 0.
INFO - Startpixel (order 39, chunk 357): -65
INFO - -> Correcting to 0.
INFO - Startpixel (order 39, chunk 366): -65
INFO - -> Correcting to 0.
INFO - Startpixel (order 43, chunk 470): -65
INFO - -> Correcting to 0.
INFO - Startpixel (order 46, chunk 537): -65
INFO - -> Correcting to 0.
INFO - Startpixel (order 46, chunk 544): -65
INFO - -> Correcting to 0.
INFO - Startpixel (order 47, chunk 569): -65
INFO - -> Correcting to 0.
INFO - Startpixel (order 47, chunk 570): -65
INFO - -> Correcting to 0.
INFO - 
INFO - Total number of chunks: 575
INFO - Nr. chunks in order 0: 25
INFO - First and last covered pixel of chunks in order 0: 17, 3266
INFO - Orders: 25 - 47 (23 in total)
INFO - 
INFO - ----------------------
INFO - RUN 0
INFO - ----------------------
INFO - 
INFO - Constraining parameters for RUN 0
WARNING - Chunk 29:
WARNING - (xb<=x[0]) failed for 1st keyword xb: curfit:xb=nan
WARNING - Chunk 63:
WARNING - (xb<=x[0]) failed for 1st keyword xb: curfit:xb=nan
WARNING - Chunk 190:
WARNING - (xb<=x[0]) failed for 1st keyword xb: curfit:xb=nan
WARNING - Chunk 214:
WARNING - (xb<=x[0]) failed for 1st keyword xb: curfit:xb=nan
WARNING - Chunk 296:
WARNING - (xb<=x[0]) failed for 1st keyword xb: curfit:xb=nan
WARNING - Chunk 357:
WARNING - (xb<=x[0]) failed for 1st keyword xb: curfit:xb=nan
WARNING - Chunk 366:
WARNING - (xb<=x[0]) failed for 1st keyword xb: curfit:xb=nan
WARNING - Chunk 470:
WARNING - (xb<=x[0]) failed for 1st keyword xb: curfit:xb=nan
WARNING - Chunk 537:
WARNING - (xb<=x[0]) failed for 1st keyword xb: curfit:xb=nan
WARNING - Chunk 544:
WARNING - (xb<=x[0]) failed for 1st keyword xb: curfit:xb=nan
WARNING - Chunk 569:
WARNING - (xb<=x[0]) failed for 1st keyword xb: curfit:xb=nan
WARNING - Chunk 570:
WARNING - (xb<=x[0]) failed for 1st keyword xb: curfit:xb=nan
INFO - 
INFO - Number of chunks with no uncertainties: 1
INFO - Number of chunks with outliers: 0
INFO - Number of chunks with nan fitted red. Chi2: 12
INFO - 
INFO - Creating analysis plots...
INFO - 
INFO - ----------------------
INFO - RUN 1
INFO - ----------------------
INFO - 
INFO - Constraining parameters for RUN 1
INFO - 
INFO - Fitted LSF parameters:
INFO - <ParameterSet (values: 10)>
    left_1  =  10.550500559393859
    left_2  =  -10.767901454192065
    left_3  =  5.710731159405726
    left_4  =  -2.2026876374217603
    left_5  =  0.6647902262995302
    right1  =  10.550504865122138
    right2  =  -10.767904700742779
    right3  =  5.710733374046724
    right4  =  -2.2026886733815902
    right5  =  0.6647905891775717
ERROR - NaN value detected in oversampled model function.
ERROR - <ParameterSet (values: 17)>
    cont_intercept  =  11495.228151939922
    cont_slope      =  0.03182282751745894
    iod_depth       =  0.7248193370306903
    lsf_left_1      =  8.07875367922883
    lsf_left_2      =  -18.07405210462344
    lsf_left_3      =  1.8093307161599634
    lsf_left_4      =  -3.0603663894258566
    lsf_left_5      =  1.1965610781455678
    lsf_right1      =  3.947645450178411
    lsf_right2      =  -9.665343803586689
    lsf_right3      =  2.181784831890882
    lsf_right4      =  -2.5602692491015038
    lsf_right5      =  0.29214943699056806
    tem_depth       =  0.8572173491601551
    velocity        =  -1701.1651465422171
    wave_intercept  =  5143.48420683283
    wave_slope      =  0.014349617170172073
ERROR - Evaluated LSF:
ERROR - [nan nan nan nan nan nan nan nan nan nan nan nan nan nan nan nan nan nan
 nan nan nan nan nan nan nan nan nan nan nan nan nan nan nan nan nan nan
 nan nan nan nan nan nan nan nan nan nan nan nan nan nan nan nan nan nan
 nan nan nan nan nan nan nan nan nan nan nan nan nan nan nan nan nan nan
 nan]
WARNING - Chunk 13:
WARNING - NaN values detected in your input data or the output of your objective/model function - fitting algorithms cannot handle this! Please read https://lmfit.github.io/lmfit-py/faq.html#i-get-errors-from-nan-in-my-fit-what-can-i-do for more information.
ERROR - NaN value detected in oversampled model function.
ERROR - <ParameterSet (values: 17)>
    cont_intercept  =  5456.642881763628
    cont_slope      =  5.883457892348476
    iod_depth       =  0.5689729447315603
    lsf_left_1      =  2.3436309519083043
    lsf_left_2      =  -11.36357621251546
    lsf_left_3      =  6.096040068990099
    lsf_left_4      =  -3.654609008510519
    lsf_left_5      =  0.8144953752888635
    lsf_right1      =  9.534957425610626
    lsf_right2      =  -18.91354436586604
    lsf_right3      =  1.3189170360626035
    lsf_right4      =  -1.4285860035901274
    lsf_right5      =  1.0643680280211054
    tem_depth       =  0.749747845716601
    velocity        =  -828.2789716979582
    wave_intercept  =  5161.013510065571
    wave_slope      =  0.01664828056906708
ERROR - Evaluated LSF:
ERROR - [nan nan nan nan nan nan nan nan nan nan nan nan nan nan nan nan nan nan
 nan nan nan nan nan nan nan nan nan nan nan nan nan nan nan nan nan nan
 nan nan nan nan nan nan nan nan nan nan nan nan nan nan nan nan nan nan
 nan nan nan nan nan nan nan nan nan nan nan nan nan nan nan nan nan nan
 nan]
WARNING - Chunk 25:
WARNING - NaN values detected in your input data or the output of your objective/model function - fitting algorithms cannot handle this! Please read https://lmfit.github.io/lmfit-py/faq.html#i-get-errors-from-nan-in-my-fit-what-can-i-do for more information.
ERROR - NaN value detected in oversampled model function.
ERROR - <ParameterSet (values: 17)>
    cont_intercept  =  6447.044248204242
    cont_slope      =  6.513329539717769
    iod_depth       =  0.681936585878557
    lsf_left_1      =  2.198795822331167
    lsf_left_2      =  -17.1829842420231
    lsf_left_3      =  2.400997449388953
    lsf_left_4      =  -2.808271894844273
    lsf_left_5      =  0.5071088752706738
    lsf_right1      =  2.112657105042384
    lsf_right2      =  -11.27286490783785
    lsf_right3      =  2.3730013448697918
    lsf_right4      =  -2.6086437188463845
    lsf_right5      =  0.88706794416963
    tem_depth       =  0.806399420587197
    velocity        =  -1612.279667842596
    wave_intercept  =  5165.244629259303
    wave_slope      =  0.0160746585584231
ERROR - Evaluated LSF:
ERROR - [nan nan nan nan nan nan nan nan nan nan nan nan nan nan nan nan nan nan
 nan nan nan nan nan nan nan nan nan nan nan nan nan nan nan nan nan nan
 nan nan nan nan nan nan nan nan nan nan nan nan nan nan nan nan nan nan
 nan nan nan nan nan nan nan nan nan nan nan nan nan nan nan nan nan nan
 nan]
WARNING - Chunk 27:
WARNING - NaN values detected in your input data or the output of your objective/model function - fitting algorithms cannot handle this! Please read https://lmfit.github.io/lmfit-py/faq.html#i-get-errors-from-nan-in-my-fit-what-can-i-do for more information.
ERROR - Chunk 29: No Data! Returning LmfitResult with None.
ERROR - NaN value detected in oversampled model function.
ERROR - <ParameterSet (values: 17)>
    cont_intercept  =  9998.400660396917
    cont_slope      =  22.561117509063255
    iod_depth       =  0.7924450748839496
    lsf_left_1      =  2.2817678225215374
    lsf_left_2      =  -12.643141276856902
    lsf_left_3      =  1.1545952220342237
    lsf_left_4      =  -3.3875745023576176
    lsf_left_5      =  1.1876495570946095
    lsf_right1      =  9.026784172824325
    lsf_right2      =  -19.327866056916054
    lsf_right3      =  6.059986656788928
    lsf_right4      =  -3.9231070906315244
    lsf_right5      =  1.1706680793303241
    tem_depth       =  -0.3147305901629804
    velocity        =  -11398.923169774138
    wave_intercept  =  5175.469210462683
    wave_slope      =  0.015406224218519688
ERROR - Evaluated LSF:
ERROR - [nan nan nan nan nan nan nan nan nan nan nan nan nan nan nan nan nan nan
 nan nan nan nan nan nan nan nan nan nan nan nan nan nan nan nan nan nan
 nan nan nan nan nan nan nan nan nan nan nan nan nan nan nan nan nan nan
 nan nan nan nan nan nan nan nan nan nan nan nan nan nan nan nan nan nan
 nan]
WARNING - Chunk 32:
WARNING - NaN values detected in your input data or the output of your objective/model function - fitting algorithms cannot handle this! Please read https://lmfit.github.io/lmfit-py/faq.html#i-get-errors-from-nan-in-my-fit-what-can-i-do for more information.
ERROR - NaN value detected in oversampled model function.
ERROR - <ParameterSet (values: 17)>
    cont_intercept  =  13074.616709585525
    cont_slope      =  0.4433523750629883
    iod_depth       =  0.7328391990801736
    lsf_left_1      =  4.434757329215368
    lsf_left_2      =  -12.813492944117716
    lsf_left_3      =  1.236468726181423
    lsf_left_4      =  -1.0159051946478663
    lsf_left_5      =  0.40340064422841476
    lsf_right1      =  4.43483984657478
    lsf_right2      =  -14.75657425543244
    lsf_right3      =  4.615762966808559
    lsf_right4      =  -1.5542368881227642
    lsf_right5      =  0.43228595079421817
    tem_depth       =  0.9140309261513404
    velocity        =  -1812.2823620709646
    wave_intercept  =  5188.927772164051
    wave_slope      =  0.014265762603977489
ERROR - Evaluated LSF:
ERROR - [nan nan nan nan nan nan nan nan nan nan nan nan nan nan nan nan nan nan
 nan nan nan nan nan nan nan nan nan nan nan nan nan nan nan nan nan nan
 nan nan nan nan nan nan nan nan nan nan nan nan nan nan nan nan nan nan
 nan nan nan nan nan nan nan nan nan nan nan nan nan nan nan nan nan nan
 nan]
WARNING - Chunk 39:
WARNING - NaN values detected in your input data or the output of your objective/model function - fitting algorithms cannot handle this! Please read https://lmfit.github.io/lmfit-py/faq.html#i-get-errors-from-nan-in-my-fit-what-can-i-do for more information.
ERROR - NaN value detected in oversampled model function.
ERROR - <ParameterSet (values: 17)>
    cont_intercept  =  13701.997698979547
    cont_slope      =  20.40861884170518
    iod_depth       =  0.9897085112734113
    lsf_left_1      =  3.7432736903047665
    lsf_left_2      =  -15.78008585606403
    lsf_left_3      =  2.7815768116338635
    lsf_left_4      =  -3.0364512901164384
    lsf_left_5      =  0.4471367706518486
    lsf_right1      =  3.4831589356859833
    lsf_right2      =  -18.683717971108912
    lsf_right3      =  3.8511053363685948
    lsf_right4      =  -2.5877532476283998
    lsf_right5      =  0.13586142434435639
    tem_depth       =  0.17568319570179614
    velocity        =  -11970.640133668749
    wave_intercept  =  5194.418852074957
    wave_slope      =  0.013704972172566877
ERROR - Evaluated LSF:
ERROR - [nan nan nan nan nan nan nan nan nan nan nan nan nan nan nan nan nan nan
 nan nan nan nan nan nan nan nan nan nan nan nan nan nan nan nan nan nan
 nan nan nan nan nan nan nan nan nan nan nan nan nan nan nan nan nan nan
 nan nan nan nan nan nan nan nan nan nan nan nan nan nan nan nan nan nan
 nan]
WARNING - Chunk 42:
WARNING - NaN values detected in your input data or the output of your objective/model function - fitting algorithms cannot handle this! Please read https://lmfit.github.io/lmfit-py/faq.html#i-get-errors-from-nan-in-my-fit-what-can-i-do for more information.
ERROR - NaN value detected in oversampled model function.
ERROR - <ParameterSet (values: 17)>
    cont_intercept  =  8920.502288293934
    cont_slope      =  6.848362790765918
    iod_depth       =  0.6454588031057671
    lsf_left_1      =  2.1113703954799705
    lsf_left_2      =  -18.49264120909593
    lsf_left_3      =  10.174533410691026
    lsf_left_4      =  -3.9608366902000696
    lsf_left_5      =  1.1383295324454008
    lsf_right1      =  2.1519892844703437
    lsf_right2      =  -18.01650670880089
    lsf_right3      =  2.218994188332525
    lsf_right4      =  -1.430839469505313
    lsf_right5      =  0.5135522001340889
    tem_depth       =  0.8269140190759742
    velocity        =  -2420.4581829349454
    wave_intercept  =  5215.641315409941
    wave_slope      =  0.015711271741846708
ERROR - Evaluated LSF:
ERROR - [nan nan nan nan nan nan nan nan nan nan nan nan nan nan nan nan nan nan
 nan nan nan nan nan nan nan nan nan nan nan nan nan nan nan nan nan nan
 nan nan nan nan nan nan nan nan nan nan nan nan nan nan nan nan nan nan
 nan nan nan nan nan nan nan nan nan nan nan nan nan nan nan nan nan nan
 nan]
WARNING - Chunk 55:
WARNING - NaN values detected in your input data or the output of your objective/model function - fitting algorithms cannot handle this! Please read https://lmfit.github.io/lmfit-py/faq.html#i-get-errors-from-nan-in-my-fit-what-can-i-do for more information.
ERROR - Chunk 63: No Data! Returning LmfitResult with None.
ERROR - NaN value detected in oversampled model function.
ERROR - <ParameterSet (values: 17)>
    cont_intercept  =  12415.305255087265
    cont_slope      =  -3.0410497060732844
    iod_depth       =  0.7016042524363263
    lsf_left_1      =  2.4877152518190027
    lsf_left_2      =  -16.250439749606592
    lsf_left_3      =  1.1506475178195252
    lsf_left_4      =  -1.9143987829681097
    lsf_left_5      =  0.6507449195746297
    lsf_right1      =  2.251593635393397
    lsf_right2      =  -9.300548794779246
    lsf_right3      =  2.2679387298818448
    lsf_right4      =  -3.2745961764787936
    lsf_right5      =  0.9341194051903893
    tem_depth       =  0.9358314690884038
    velocity        =  -1607.0236311555664
    wave_intercept  =  5247.670115291285
    wave_slope      =  0.013242817900042695
ERROR - Evaluated LSF:
ERROR - [nan nan nan nan nan nan nan nan nan nan nan nan nan nan nan nan nan nan
 nan nan nan nan nan nan nan nan nan nan nan nan nan nan nan nan nan nan
 nan nan nan nan nan nan nan nan nan nan nan nan nan nan nan nan nan nan
 nan nan nan nan nan nan nan nan nan nan nan nan nan nan nan nan nan nan
 nan]
WARNING - Chunk 72:
WARNING - NaN values detected in your input data or the output of your objective/model function - fitting algorithms cannot handle this! Please read https://lmfit.github.io/lmfit-py/faq.html#i-get-errors-from-nan-in-my-fit-what-can-i-do for more information.
ERROR - NaN value detected in oversampled model function.
ERROR - <ParameterSet (values: 17)>
    cont_intercept  =  12077.648234185352
    cont_slope      =  -6.357472204704721
    iod_depth       =  0.7111676407521487
    lsf_left_1      =  6.957665889230313
    lsf_left_2      =  -12.585380607263696
    lsf_left_3      =  2.6996746771037428
    lsf_left_4      =  -3.5894860239340582
    lsf_left_5      =  1.0432814874530487
    lsf_right1      =  2.505835905270571
    lsf_right2      =  -10.014609566594299
    lsf_right3      =  3.455629788343545
    lsf_right4      =  -3.9340067226194857
    lsf_right5      =  0.14314864876139416
    tem_depth       =  0.938096244922381
    velocity        =  -1817.099239565589
    wave_intercept  =  5296.3489068617155
    wave_slope      =  0.013076659116793902
ERROR - Evaluated LSF:
ERROR - [nan nan nan nan nan nan nan nan nan nan nan nan nan nan nan nan nan nan
 nan nan nan nan nan nan nan nan nan nan nan nan nan nan nan nan nan nan
 nan nan nan nan nan nan nan nan nan nan nan nan nan nan nan nan nan nan
 nan nan nan nan nan nan nan nan nan nan nan nan nan nan nan nan nan nan
 nan]
WARNING - Chunk 99:
WARNING - NaN values detected in your input data or the output of your objective/model function - fitting algorithms cannot handle this! Please read https://lmfit.github.io/lmfit-py/faq.html#i-get-errors-from-nan-in-my-fit-what-can-i-do for more information.
ERROR - NaN value detected in oversampled model function.
ERROR - <ParameterSet (values: 17)>
    cont_intercept  =  16730.971966316654
    cont_slope      =  4.527175297333011
    iod_depth       =  0.7700644943793684
    lsf_left_1      =  7.755790804420934
    lsf_left_2      =  -18.575459420650912
    lsf_left_3      =  2.2914393824599992
    lsf_left_4      =  -3.095184943862418
    lsf_left_5      =  0.7300115539436796
    lsf_right1      =  3.292543038336023
    lsf_right2      =  -11.522018435941046
    lsf_right3      =  5.363039522311496
    lsf_right4      =  -3.933464340774471
    lsf_right5      =  0.35790981354093
    tem_depth       =  0.9198643134123422
    velocity        =  -1757.1003091716407
    wave_intercept  =  5365.154722592803
    wave_slope      =  0.015272159863628034
ERROR - Evaluated LSF:
ERROR - [nan nan nan nan nan nan nan nan nan nan nan nan nan nan nan nan nan nan
 nan nan nan nan nan nan nan nan nan nan nan nan nan nan nan nan nan nan
 nan nan nan nan nan nan nan nan nan nan nan nan nan nan nan nan nan nan
 nan nan nan nan nan nan nan nan nan nan nan nan nan nan nan nan nan nan
 nan]
WARNING - Chunk 136:
WARNING - NaN values detected in your input data or the output of your objective/model function - fitting algorithms cannot handle this! Please read https://lmfit.github.io/lmfit-py/faq.html#i-get-errors-from-nan-in-my-fit-what-can-i-do for more information.
ERROR - NaN value detected in oversampled model function.
ERROR - <ParameterSet (values: 17)>
    cont_intercept  =  15815.326822492418
    cont_slope      =  -5.987625947645728
    iod_depth       =  0.7948352325935162
    lsf_left_1      =  3.432401255032646
    lsf_left_2      =  -13.39637367531978
    lsf_left_3      =  9.860613231229877
    lsf_left_4      =  -3.8070671367837208
    lsf_left_5      =  0.5249306637546203
    lsf_right1      =  2.584427849958813
    lsf_right2      =  -14.556600684165026
    lsf_right3      =  4.293074774368485
    lsf_right4      =  -1.8237961805160263
    lsf_right5      =  0.8039968276872675
    tem_depth       =  -0.21068785553429048
    velocity        =  8079.8152579999705
    wave_intercept  =  5385.7568752875
    wave_slope      =  0.013620220893484391
ERROR - Evaluated LSF:
ERROR - [nan nan nan nan nan nan nan nan nan nan nan nan nan nan nan nan nan nan
 nan nan nan nan nan nan nan nan nan nan nan nan nan nan nan nan nan nan
 nan nan nan nan nan nan nan nan nan nan nan nan nan nan nan nan nan nan
 nan nan nan nan nan nan nan nan nan nan nan nan nan nan nan nan nan nan
 nan]
WARNING - Chunk 147:
WARNING - NaN values detected in your input data or the output of your objective/model function - fitting algorithms cannot handle this! Please read https://lmfit.github.io/lmfit-py/faq.html#i-get-errors-from-nan-in-my-fit-what-can-i-do for more information.
ERROR - NaN value detected in oversampled model function.
ERROR - <ParameterSet (values: 17)>
    cont_intercept  =  11979.794854721024
    cont_slope      =  -1.793087868522742
    iod_depth       =  0.6651662139824783
    lsf_left_1      =  2.738736128525784
    lsf_left_2      =  -17.25686432838114
    lsf_left_3      =  3.984604294652513
    lsf_left_4      =  -0.4851776505945913
    lsf_left_5      =  0.2200134663326084
    lsf_right1      =  4.6787019498590645
    lsf_right2      =  -17.821551954399308
    lsf_right3      =  1.3554209306154346
    lsf_right4      =  -2.8147234546425146
    lsf_right5      =  1.1486636602701108
    tem_depth       =  0.8580433347910061
    velocity        =  -2352.251479507925
    wave_intercept  =  5389.257308527099
    wave_slope      =  0.01328820169728824
ERROR - Evaluated LSF:
ERROR - [nan nan nan nan nan nan nan nan nan nan nan nan nan nan nan nan nan nan
 nan nan nan nan nan nan nan nan nan nan nan nan nan nan nan nan nan nan
 nan nan nan nan nan nan nan nan nan nan nan nan nan nan nan nan nan nan
 nan nan nan nan nan nan nan nan nan nan nan nan nan nan nan nan nan nan
 nan]
WARNING - Chunk 149:
WARNING - NaN values detected in your input data or the output of your objective/model function - fitting algorithms cannot handle this! Please read https://lmfit.github.io/lmfit-py/faq.html#i-get-errors-from-nan-in-my-fit-what-can-i-do for more information.
ERROR - NaN value detected in oversampled model function.
ERROR - <ParameterSet (values: 17)>
    cont_intercept  =  17879.030841046304
    cont_slope      =  0.4995799712783846
    iod_depth       =  0.707075481361821
    lsf_left_1      =  9.55080164148502
    lsf_left_2      =  -19.34578317900891
    lsf_left_3      =  1.9485035423542107
    lsf_left_4      =  -3.155046441669811
    lsf_left_5      =  0.7846205175471633
    lsf_right1      =  4.7806973743949825
    lsf_right2      =  -18.667170911017266
    lsf_right3      =  9.106275446549802
    lsf_right4      =  -3.956601872244341
    lsf_right5      =  1.1283771323821947
    tem_depth       =  1.0451434825677541
    velocity        =  -1546.4086521420954
    wave_intercept  =  5464.969768346094
    wave_slope      =  0.015153229828652087
ERROR - Evaluated LSF:
ERROR - [nan nan nan nan nan nan nan nan nan nan nan nan nan nan nan nan nan nan
 nan nan nan nan nan nan nan nan nan nan nan nan nan nan nan nan nan nan
 nan nan nan nan nan nan nan nan nan nan nan nan nan nan nan nan nan nan
 nan nan nan nan nan nan nan nan nan nan nan nan nan nan nan nan nan nan
 nan]
WARNING - Chunk 188:
WARNING - NaN values detected in your input data or the output of your objective/model function - fitting algorithms cannot handle this! Please read https://lmfit.github.io/lmfit-py/faq.html#i-get-errors-from-nan-in-my-fit-what-can-i-do for more information.
ERROR - Chunk 190: No Data! Returning LmfitResult with None.
ERROR - NaN value detected in oversampled model function.
ERROR - <ParameterSet (values: 17)>
    cont_intercept  =  11408.122992162776
    cont_slope      =  3.455022931755647
    iod_depth       =  0.8069115647814659
    lsf_left_1      =  5.13193134304729
    lsf_left_2      =  -16.05364644407877
    lsf_left_3      =  1.6878010976955031
    lsf_left_4      =  -2.8015565759210688
    lsf_left_5      =  0.13941545650814105
    lsf_right1      =  8.914955830015945
    lsf_right2      =  -16.59522701479489
    lsf_right3      =  3.475795456340859
    lsf_right4      =  -2.303819551863847
    lsf_right5      =  1.1110948027708496
    tem_depth       =  -0.0918427718646758
    velocity        =  -10629.978438561246
    wave_intercept  =  5493.2096347290735
    wave_slope      =  0.01707800523704465
ERROR - Evaluated LSF:
ERROR - [nan nan nan nan nan nan nan nan nan nan nan nan nan nan nan nan nan nan
 nan nan nan nan nan nan nan nan nan nan nan nan nan nan nan nan nan nan
 nan nan nan nan nan nan nan nan nan nan nan nan nan nan nan nan nan nan
 nan nan nan nan nan nan nan nan nan nan nan nan nan nan nan nan nan nan
 nan]
WARNING - Chunk 203:
WARNING - NaN values detected in your input data or the output of your objective/model function - fitting algorithms cannot handle this! Please read https://lmfit.github.io/lmfit-py/faq.html#i-get-errors-from-nan-in-my-fit-what-can-i-do for more information.
ERROR - Chunk 214: No Data! Returning LmfitResult with None.
ERROR - NaN value detected in oversampled model function.
ERROR - <ParameterSet (values: 17)>
    cont_intercept  =  15638.32436086235
    cont_slope      =  -7.344390663741039
    iod_depth       =  0.7239426470399676
    lsf_left_1      =  4.882465217371344
    lsf_left_2      =  -17.341928889443587
    lsf_left_3      =  4.174360826917781
    lsf_left_4      =  -3.7598911959405714
    lsf_left_5      =  0.3396820836346315
    lsf_right1      =  2.120996648391963
    lsf_right2      =  -13.926846052614469
    lsf_right3      =  2.7618190651222867
    lsf_right4      =  -3.9450477391828422
    lsf_right5      =  0.9579021676375776
    tem_depth       =  0.9635574647937061
    velocity        =  -2754.6660565797815
    wave_intercept  =  5529.482951738408
    wave_slope      =  0.014195825646797612
ERROR - Evaluated LSF:
ERROR - [nan nan nan nan nan nan nan nan nan nan nan nan nan nan nan nan nan nan
 nan nan nan nan nan nan nan nan nan nan nan nan nan nan nan nan nan nan
 nan nan nan nan nan nan nan nan nan nan nan nan nan nan nan nan nan nan
 nan nan nan nan nan nan nan nan nan nan nan nan nan nan nan nan nan nan
 nan]
WARNING - Chunk 221:
WARNING - NaN values detected in your input data or the output of your objective/model function - fitting algorithms cannot handle this! Please read https://lmfit.github.io/lmfit-py/faq.html#i-get-errors-from-nan-in-my-fit-what-can-i-do for more information.
ERROR - NaN value detected in oversampled model function.
ERROR - <ParameterSet (values: 17)>
    cont_intercept  =  10548.724552567337
    cont_slope      =  10.123116029592877
    iod_depth       =  0.7456711537106026
    lsf_left_1      =  2.2911678694371296
    lsf_left_2      =  -15.969205211087457
    lsf_left_3      =  8.551824842259197
    lsf_left_4      =  -3.6827352073560125
    lsf_left_5      =  0.6678413541869854
    lsf_right1      =  2.942070455570697
    lsf_right2      =  -18.371402120862534
    lsf_right3      =  1.4977766329084807
    lsf_right4      =  -3.960852074500109
    lsf_right5      =  0.17631786606394825
    tem_depth       =  0.882501077450017
    velocity        =  -2192.4182137095313
    wave_intercept  =  5591.755033495685
    wave_slope      =  0.017435770149185972
ERROR - Evaluated LSF:
ERROR - [nan nan nan nan nan nan nan nan nan nan nan nan nan nan nan nan nan nan
 nan nan nan nan nan nan nan nan nan nan nan nan nan nan nan nan nan nan
 nan nan nan nan nan nan nan nan nan nan nan nan nan nan nan nan nan nan
 nan nan nan nan nan nan nan nan nan nan nan nan nan nan nan nan nan nan
 nan]
WARNING - Chunk 252:
WARNING - NaN values detected in your input data or the output of your objective/model function - fitting algorithms cannot handle this! Please read https://lmfit.github.io/lmfit-py/faq.html#i-get-errors-from-nan-in-my-fit-what-can-i-do for more information.
ERROR - NaN value detected in oversampled model function.
ERROR - <ParameterSet (values: 17)>
    cont_intercept  =  18698.032968831576
    cont_slope      =  -4.61155739377107
    iod_depth       =  0.835980330304571
    lsf_left_1      =  3.6661097728377676
    lsf_left_2      =  -18.999295346704006
    lsf_left_3      =  10.053810639672186
    lsf_left_4      =  -3.3840011395738903
    lsf_left_5      =  0.6959525569284938
    lsf_right1      =  2.4355730090299206
    lsf_right2      =  -17.90638705593301
    lsf_right3      =  9.673866678335298
    lsf_right4      =  -2.826729566441139
    lsf_right5      =  0.17249557513978123
    tem_depth       =  0.9919969403163093
    velocity        =  -1339.0788764001763
    wave_intercept  =  5627.164839804615
    wave_slope      =  0.014663512350296013
ERROR - Evaluated LSF:
ERROR - [nan nan nan nan nan nan nan nan nan nan nan nan nan nan nan nan nan nan
 nan nan nan nan nan nan nan nan nan nan nan nan nan nan nan nan nan nan
 nan nan nan nan nan nan nan nan nan nan nan nan nan nan nan nan nan nan
 nan nan nan nan nan nan nan nan nan nan nan nan nan nan nan nan nan nan
 nan]
WARNING - Chunk 269:
WARNING - NaN values detected in your input data or the output of your objective/model function - fitting algorithms cannot handle this! Please read https://lmfit.github.io/lmfit-py/faq.html#i-get-errors-from-nan-in-my-fit-what-can-i-do for more information.
ERROR - NaN value detected in oversampled model function.
ERROR - <ParameterSet (values: 17)>
    cont_intercept  =  17838.82351779261
    cont_slope      =  7.08346671807513
    iod_depth       =  0.719773417286245
    lsf_left_1      =  2.9095544161534557
    lsf_left_2      =  -19.368449127346175
    lsf_left_3      =  2.21193119210343
    lsf_left_4      =  -3.690978329390053
    lsf_left_5      =  0.3777649238997982
    lsf_right1      =  8.505803552855603
    lsf_right2      =  -19.381547228046923
    lsf_right3      =  7.529847330416727
    lsf_right4      =  -3.7907705182090243
    lsf_right5      =  1.1804124165786372
    tem_depth       =  -0.2365579845193112
    velocity        =  -11899.280011788125
    wave_intercept  =  5629.06889515273
    wave_slope      =  0.014474922697445047
ERROR - Evaluated LSF:
ERROR - [nan nan nan nan nan nan nan nan nan nan nan nan nan nan nan nan nan nan
 nan nan nan nan nan nan nan nan nan nan nan nan nan nan nan nan nan nan
 nan nan nan nan nan nan nan nan nan nan nan nan nan nan nan nan nan nan
 nan nan nan nan nan nan nan nan nan nan nan nan nan nan nan nan nan nan
 nan]
WARNING - Chunk 270:
WARNING - NaN values detected in your input data or the output of your objective/model function - fitting algorithms cannot handle this! Please read https://lmfit.github.io/lmfit-py/faq.html#i-get-errors-from-nan-in-my-fit-what-can-i-do for more information.
ERROR - Chunk 296: No Data! Returning LmfitResult with None.
ERROR - NaN value detected in oversampled model function.
ERROR - <ParameterSet (values: 17)>
    cont_intercept  =  18778.635535431193
    cont_slope      =  -7.656618950008267
    iod_depth       =  0.7943877633445026
    lsf_left_1      =  2.6007168848705238
    lsf_left_2      =  -13.599077884995623
    lsf_left_3      =  5.70817136680298
    lsf_left_4      =  -1.4925112299931982
    lsf_left_5      =  0.2856549529733171
    lsf_right1      =  4.53921057112127
    lsf_right2      =  -19.138745425012704
    lsf_right3      =  5.737295606691412
    lsf_right4      =  -2.2839945045100642
    lsf_right5      =  0.8959017447363773
    tem_depth       =  0.9847211524311175
    velocity        =  -1585.1053473560987
    wave_intercept  =  5792.211901079043
    wave_slope      =  0.014610912863738484
ERROR - Evaluated LSF:
ERROR - [nan nan nan nan nan nan nan nan nan nan nan nan nan nan nan nan nan nan
 nan nan nan nan nan nan nan nan nan nan nan nan nan nan nan nan nan nan
 nan nan nan nan nan nan nan nan nan nan nan nan nan nan nan nan nan nan
 nan nan nan nan nan nan nan nan nan nan nan nan nan nan nan nan nan nan
 nan]
WARNING - Chunk 347:
WARNING - NaN values detected in your input data or the output of your objective/model function - fitting algorithms cannot handle this! Please read https://lmfit.github.io/lmfit-py/faq.html#i-get-errors-from-nan-in-my-fit-what-can-i-do for more information.
ERROR - NaN value detected in oversampled model function.
ERROR - <ParameterSet (values: 17)>
    cont_intercept  =  18336.905995894256
    cont_slope      =  -6.944293880632744
    iod_depth       =  0.7270858109003162
    lsf_left_1      =  3.142502934450677
    lsf_left_2      =  -11.095625172905907
    lsf_left_3      =  7.857289106115974
    lsf_left_4      =  -3.176934961705394
    lsf_left_5      =  0.2919045337900876
    lsf_right1      =  5.663750287639887
    lsf_right2      =  -18.9668315355212
    lsf_right3      =  7.210735453369203
    lsf_right4      =  -2.8795718885461996
    lsf_right5      =  0.32082874696128255
    tem_depth       =  0.8936265337386761
    velocity        =  -1826.1368133438202
    wave_intercept  =  5794.102099475173
    wave_slope      =  0.014487322624335606
ERROR - Evaluated LSF:
ERROR - [nan nan nan nan nan nan nan nan nan nan nan nan nan nan nan nan nan nan
 nan nan nan nan nan nan nan nan nan nan nan nan nan nan nan nan nan nan
 nan nan nan nan nan nan nan nan nan nan nan nan nan nan nan nan nan nan
 nan nan nan nan nan nan nan nan nan nan nan nan nan nan nan nan nan nan
 nan]
WARNING - Chunk 348:
WARNING - NaN values detected in your input data or the output of your objective/model function - fitting algorithms cannot handle this! Please read https://lmfit.github.io/lmfit-py/faq.html#i-get-errors-from-nan-in-my-fit-what-can-i-do for more information.
ERROR - NaN value detected in oversampled model function.
ERROR - <ParameterSet (values: 17)>
    cont_intercept  =  12874.85816246914
    cont_slope      =  12.822849036319841
    iod_depth       =  0.7281220172351205
    lsf_left_1      =  4.055435330242801
    lsf_left_2      =  -16.34467604519451
    lsf_left_3      =  1.1657722455203374
    lsf_left_4      =  -2.3725929236758185
    lsf_left_5      =  0.32368594147004603
    lsf_right1      =  6.079457019096113
    lsf_right2      =  -13.166707495578382
    lsf_right3      =  1.3767495148214923
    lsf_right4      =  -0.7541037681071949
    lsf_right5      =  0.4924916930277128
    tem_depth       =  0.4415934018478309
    velocity        =  -3359.7918463714173
    wave_intercept  =  5802.410539761112
    wave_slope      =  0.018319281725927013
ERROR - Evaluated LSF:
ERROR - [nan nan nan nan nan nan nan nan nan nan nan nan nan nan nan nan nan nan
 nan nan nan nan nan nan nan nan nan nan nan nan nan nan nan nan nan nan
 nan nan nan nan nan nan nan nan nan nan nan nan nan nan nan nan nan nan
 nan nan nan nan nan nan nan nan nan nan nan nan nan nan nan nan nan nan
 nan]
WARNING - Chunk 351:
WARNING - NaN values detected in your input data or the output of your objective/model function - fitting algorithms cannot handle this! Please read https://lmfit.github.io/lmfit-py/faq.html#i-get-errors-from-nan-in-my-fit-what-can-i-do for more information.
ERROR - Chunk 357: No Data! Returning LmfitResult with None.
ERROR - NaN value detected in oversampled model function.
ERROR - <ParameterSet (values: 17)>
    cont_intercept  =  25121.888693759236
    cont_slope      =  0.06715455064297773
    iod_depth       =  0.899556498665397
    lsf_left_1      =  12.023659127019611
    lsf_left_2      =  -19.07422462464352
    lsf_left_3      =  5.260862655315387
    lsf_left_4      =  -3.0003080203046757
    lsf_left_5      =  0.19813706351301924
    lsf_right1      =  3.260334373439061
    lsf_right2      =  -19.350785437976803
    lsf_right3      =  2.410017523435277
    lsf_right4      =  -3.94201967707131
    lsf_right5      =  0.5779573712411864
    tem_depth       =  0.9272668299879023
    velocity        =  -1443.6233756643485
    wave_intercept  =  5831.3699686197215
    wave_slope      =  0.01604133772623464
ERROR - Evaluated LSF:
ERROR - [nan nan nan nan nan nan nan nan nan nan nan nan nan nan nan nan nan nan
 nan nan nan nan nan nan nan nan nan nan nan nan nan nan nan nan nan nan
 nan nan nan nan nan nan nan nan nan nan nan nan nan nan nan nan nan nan
 nan nan nan nan nan nan nan nan nan nan nan nan nan nan nan nan nan nan
 nan]
WARNING - Chunk 364:
WARNING - NaN values detected in your input data or the output of your objective/model function - fitting algorithms cannot handle this! Please read https://lmfit.github.io/lmfit-py/faq.html#i-get-errors-from-nan-in-my-fit-what-can-i-do for more information.
ERROR - Chunk 366: No Data! Returning LmfitResult with None.
ERROR - NaN value detected in oversampled model function.
ERROR - <ParameterSet (values: 17)>
    cont_intercept  =  17467.886050351433
    cont_slope      =  12.677517906980713
    iod_depth       =  0.9029443093554905
    lsf_left_1      =  3.529856735417715
    lsf_left_2      =  -18.59104722283926
    lsf_left_3      =  1.9250646350478964
    lsf_left_4      =  -2.2454644665214047
    lsf_left_5      =  0.6107266607390971
    lsf_right1      =  7.961319162375053
    lsf_right2      =  -19.002261794644085
    lsf_right3      =  6.251782003551063
    lsf_right4      =  -3.686284088039788
    lsf_right5      =  0.21529834843308895
    tem_depth       =  0.1844389280830614
    velocity        =  -16114.236353411128
    wave_intercept  =  5865.304191395668
    wave_slope      =  0.01787078124490461
ERROR - Evaluated LSF:
ERROR - [nan nan nan nan nan nan nan nan nan nan nan nan nan nan nan nan nan nan
 nan nan nan nan nan nan nan nan nan nan nan nan nan nan nan nan nan nan
 nan nan nan nan nan nan nan nan nan nan nan nan nan nan nan nan nan nan
 nan nan nan nan nan nan nan nan nan nan nan nan nan nan nan nan nan nan
 nan]
WARNING - Chunk 379:
WARNING - NaN values detected in your input data or the output of your objective/model function - fitting algorithms cannot handle this! Please read https://lmfit.github.io/lmfit-py/faq.html#i-get-errors-from-nan-in-my-fit-what-can-i-do for more information.
ERROR - NaN value detected in oversampled model function.
ERROR - <ParameterSet (values: 17)>
    cont_intercept  =  23230.90477392289
    cont_slope      =  2.2620775683521592
    iod_depth       =  0.608322278019977
    lsf_left_1      =  3.6583848361414235
    lsf_left_2      =  -8.825587825956593
    lsf_left_3      =  1.4337287924770379
    lsf_left_4      =  -2.1252425520226392
    lsf_left_5      =  1.0596340705198914
    lsf_right1      =  5.225657520297357
    lsf_right2      =  -18.571894268138735
    lsf_right3      =  1.2071973923613712
    lsf_right4      =  -3.6417370065183308
    lsf_right5      =  0.7526546376096612
    tem_depth       =  1.2018991562492578
    velocity        =  -3546.7882147532646
    wave_intercept  =  5874.4271045539845
    wave_slope      =  0.01733419637263545
ERROR - Evaluated LSF:
ERROR - [nan nan nan nan nan nan nan nan nan nan nan nan nan nan nan nan nan nan
 nan nan nan nan nan nan nan nan nan nan nan nan nan nan nan nan nan nan
 nan nan nan nan nan nan nan nan nan nan nan nan nan nan nan nan nan nan
 nan nan nan nan nan nan nan nan nan nan nan nan nan nan nan nan nan nan
 nan]
WARNING - Chunk 383:
WARNING - NaN values detected in your input data or the output of your objective/model function - fitting algorithms cannot handle this! Please read https://lmfit.github.io/lmfit-py/faq.html#i-get-errors-from-nan-in-my-fit-what-can-i-do for more information.
ERROR - NaN value detected in oversampled model function.
ERROR - <ParameterSet (values: 17)>
    cont_intercept  =  22484.06548497986
    cont_slope      =  0.9084195187533901
    iod_depth       =  0.8771958036592101
    lsf_left_1      =  8.69358485348925
    lsf_left_2      =  -19.37293897789124
    lsf_left_3      =  7.421595236064114
    lsf_left_4      =  -3.356801501020721
    lsf_left_5      =  0.36584629475907465
    lsf_right1      =  6.21492434469892
    lsf_right2      =  -15.830631398490898
    lsf_right3      =  4.53671889634373
    lsf_right4      =  -3.6348946658466614
    lsf_right5      =  1.105786012243279
    tem_depth       =  0.9592024933078375
    velocity        =  -2108.400518734432
    wave_intercept  =  5885.320807358152
    wave_slope      =  0.016410952526809453
ERROR - Evaluated LSF:
ERROR - [nan nan nan nan nan nan nan nan nan nan nan nan nan nan nan nan nan nan
 nan nan nan nan nan nan nan nan nan nan nan nan nan nan nan nan nan nan
 nan nan nan nan nan nan nan nan nan nan nan nan nan nan nan nan nan nan
 nan nan nan nan nan nan nan nan nan nan nan nan nan nan nan nan nan nan
 nan]
WARNING - Chunk 388:
WARNING - NaN values detected in your input data or the output of your objective/model function - fitting algorithms cannot handle this! Please read https://lmfit.github.io/lmfit-py/faq.html#i-get-errors-from-nan-in-my-fit-what-can-i-do for more information.
ERROR - NaN value detected in oversampled model function.
ERROR - <ParameterSet (values: 17)>
    cont_intercept  =  21182.96178765593
    cont_slope      =  -1.8670728731979016
    iod_depth       =  0.7697512672777126
    lsf_left_1      =  2.1659342284301863
    lsf_left_2      =  -11.752176556567395
    lsf_left_3      =  6.94128366438674
    lsf_left_4      =  -2.5638833838819974
    lsf_left_5      =  0.14730718481637226
    lsf_right1      =  5.331367861918679
    lsf_right2      =  -17.5189803315541
    lsf_right3      =  9.991562409263139
    lsf_right4      =  -3.563329467222077
    lsf_right5      =  0.19290622672515295
    tem_depth       =  -0.46056875144651666
    velocity        =  -15190.78929989472
    wave_intercept  =  5903.600063756948
    wave_slope      =  0.014815241959471467
ERROR - Evaluated LSF:
ERROR - [nan nan nan nan nan nan nan nan nan nan nan nan nan nan nan nan nan nan
 nan nan nan nan nan nan nan nan nan nan nan nan nan nan nan nan nan nan
 nan nan nan nan nan nan nan nan nan nan nan nan nan nan nan nan nan nan
 nan nan nan nan nan nan nan nan nan nan nan nan nan nan nan nan nan nan
 nan]
WARNING - Chunk 397:
WARNING - NaN values detected in your input data or the output of your objective/model function - fitting algorithms cannot handle this! Please read https://lmfit.github.io/lmfit-py/faq.html#i-get-errors-from-nan-in-my-fit-what-can-i-do for more information.
ERROR - NaN value detected in oversampled model function.
ERROR - <ParameterSet (values: 17)>
    cont_intercept  =  21623.270705178013
    cont_slope      =  -4.965020680482195
    iod_depth       =  0.8297896320181447
    lsf_left_1      =  2.401846385965721
    lsf_left_2      =  -8.85612364969687
    lsf_left_3      =  6.84089793269472
    lsf_left_4      =  -3.5609336530603377
    lsf_left_5      =  0.4248474175011446
    lsf_right1      =  7.40411098772644
    lsf_right2      =  -18.3818960692437
    lsf_right3      =  5.155670319220792
    lsf_right4      =  -2.54228116696968
    lsf_right5      =  0.5286472173745752
    tem_depth       =  0.9540735389264982
    velocity        =  -1868.0367628232937
    wave_intercept  =  5956.954822777824
    wave_slope      =  0.015380554505264444
ERROR - Evaluated LSF:
ERROR - [nan nan nan nan nan nan nan nan nan nan nan nan nan nan nan nan nan nan
 nan nan nan nan nan nan nan nan nan nan nan nan nan nan nan nan nan nan
 nan nan nan nan nan nan nan nan nan nan nan nan nan nan nan nan nan nan
 nan nan nan nan nan nan nan nan nan nan nan nan nan nan nan nan nan nan
 nan]
WARNING - Chunk 420:
WARNING - NaN values detected in your input data or the output of your objective/model function - fitting algorithms cannot handle this! Please read https://lmfit.github.io/lmfit-py/faq.html#i-get-errors-from-nan-in-my-fit-what-can-i-do for more information.
ERROR - NaN value detected in oversampled model function.
ERROR - <ParameterSet (values: 17)>
    cont_intercept  =  16588.840926709272
    cont_slope      =  11.088600299513423
    iod_depth       =  0.7352123441539504
    lsf_left_1      =  2.6223723677002138
    lsf_left_2      =  -17.027950124809845
    lsf_left_3      =  3.907193784485291
    lsf_left_4      =  -3.3865007174258928
    lsf_left_5      =  0.3794007179881999
    lsf_right1      =  2.1448684898917434
    lsf_right2      =  -5.0468757669224225
    lsf_right3      =  5.1161577514218095
    lsf_right4      =  -3.0331471887583508
    lsf_right5      =  0.18699152980010175
    tem_depth       =  0.9865814287520512
    velocity        =  -1758.1747541133468
    wave_intercept  =  5977.925422547728
    wave_slope      =  0.01849072597260435
ERROR - Evaluated LSF:
ERROR - [nan nan nan nan nan nan nan nan nan nan nan nan nan nan nan nan nan nan
 nan nan nan nan nan nan nan nan nan nan nan nan nan nan nan nan nan nan
 nan nan nan nan nan nan nan nan nan nan nan nan nan nan nan nan nan nan
 nan nan nan nan nan nan nan nan nan nan nan nan nan nan nan nan nan nan
 nan]
WARNING - Chunk 428:
WARNING - NaN values detected in your input data or the output of your objective/model function - fitting algorithms cannot handle this! Please read https://lmfit.github.io/lmfit-py/faq.html#i-get-errors-from-nan-in-my-fit-what-can-i-do for more information.
ERROR - NaN value detected in oversampled model function.
ERROR - <ParameterSet (values: 17)>
    cont_intercept  =  18622.736688936573
    cont_slope      =  9.934891885437953
    iod_depth       =  0.7020248639974713
    lsf_left_1      =  2.2408501280928883
    lsf_left_2      =  -13.85708264657616
    lsf_left_3      =  1.1459863443411225
    lsf_left_4      =  -1.1229109263774317
    lsf_left_5      =  0.42950411697975244
    lsf_right1      =  9.054528617137573
    lsf_right2      =  -18.643799767303342
    lsf_right3      =  3.11099508685335
    lsf_right4      =  -2.791236427927552
    lsf_right5      =  0.15847362665773052
    tem_depth       =  1.4452323634188025
    velocity        =  -4062.30741146148
    wave_intercept  =  5980.293975893064
    wave_slope      =  0.01841292083534246
ERROR - Evaluated LSF:
ERROR - [nan nan nan nan nan nan nan nan nan nan nan nan nan nan nan nan nan nan
 nan nan nan nan nan nan nan nan nan nan nan nan nan nan nan nan nan nan
 nan nan nan nan nan nan nan nan nan nan nan nan nan nan nan nan nan nan
 nan nan nan nan nan nan nan nan nan nan nan nan nan nan nan nan nan nan
 nan]
WARNING - Chunk 429:
WARNING - NaN values detected in your input data or the output of your objective/model function - fitting algorithms cannot handle this! Please read https://lmfit.github.io/lmfit-py/faq.html#i-get-errors-from-nan-in-my-fit-what-can-i-do for more information.
ERROR - NaN value detected in oversampled model function.
ERROR - <ParameterSet (values: 17)>
    cont_intercept  =  24459.586654873645
    cont_slope      =  4.419859413782921
    iod_depth       =  0.24055123971612236
    lsf_left_1      =  2.2573504606597807
    lsf_left_2      =  -11.021965341658808
    lsf_left_3      =  10.220706600400788
    lsf_left_4      =  -3.964837747359159
    lsf_left_5      =  0.1960858244053778
    lsf_right1      =  2.110100973034189
    lsf_right2      =  -19.356954335188792
    lsf_right3      =  4.417177979282257
    lsf_right4      =  -3.380175183703532
    lsf_right5      =  1.1317028721564324
    tem_depth       =  1.7196040764036407
    velocity        =  -3155.539303601155
    wave_intercept  =  5989.585566677807
    wave_slope      =  0.017631515350663974
ERROR - Evaluated LSF:
ERROR - [nan nan nan nan nan nan nan nan nan nan nan nan nan nan nan nan nan nan
 nan nan nan nan nan nan nan nan nan nan nan nan nan nan nan nan nan nan
 nan nan nan nan nan nan nan nan nan nan nan nan nan nan nan nan nan nan
 nan nan nan nan nan nan nan nan nan nan nan nan nan nan nan nan nan nan
 nan]
WARNING - Chunk 433:
WARNING - NaN values detected in your input data or the output of your objective/model function - fitting algorithms cannot handle this! Please read https://lmfit.github.io/lmfit-py/faq.html#i-get-errors-from-nan-in-my-fit-what-can-i-do for more information.
ERROR - NaN value detected in oversampled model function.
ERROR - <ParameterSet (values: 17)>
    cont_intercept  =  24657.707982425844
    cont_slope      =  -12.354590395336457
    iod_depth       =  0.07418510546095208
    lsf_left_1      =  3.934600555907814
    lsf_left_2      =  -19.382219272154373
    lsf_left_3      =  1.9063505087549337
    lsf_left_4      =  -3.812829867911054
    lsf_left_5      =  0.5339902893914426
    lsf_right1      =  11.766664289627231
    lsf_right2      =  -19.00426445746223
    lsf_right3      =  1.49312354393754
    lsf_right4      =  -2.942011614926188
    lsf_right5      =  0.9950044300989123
    tem_depth       =  1.110756673487095
    velocity        =  -6667.495033017582
    wave_intercept  =  5991.805581038316
    wave_slope      =  0.01722130508875775
ERROR - Evaluated LSF:
ERROR - [nan nan nan nan nan nan nan nan nan nan nan nan nan nan nan nan nan nan
 nan nan nan nan nan nan nan nan nan nan nan nan nan nan nan nan nan nan
 nan nan nan nan nan nan nan nan nan nan nan nan nan nan nan nan nan nan
 nan nan nan nan nan nan nan nan nan nan nan nan nan nan nan nan nan nan
 nan]
WARNING - Chunk 434:
WARNING - NaN values detected in your input data or the output of your objective/model function - fitting algorithms cannot handle this! Please read https://lmfit.github.io/lmfit-py/faq.html#i-get-errors-from-nan-in-my-fit-what-can-i-do for more information.
ERROR - NaN value detected in oversampled model function.
ERROR - <ParameterSet (values: 17)>
    cont_intercept  =  24482.146036794034
    cont_slope      =  1.8436189291170564
    iod_depth       =  0.8192740083654764
    lsf_left_1      =  2.6774335156514715
    lsf_left_2      =  -18.171947519944172
    lsf_left_3      =  6.097612137906003
    lsf_left_4      =  -2.7904324517262653
    lsf_left_5      =  0.8786676657479674
    lsf_right1      =  5.009300266942461
    lsf_right2      =  -14.180297399497547
    lsf_right3      =  7.90419695268406
    lsf_right4      =  -3.9646684350680936
    lsf_right5      =  1.1355249434287944
    tem_depth       =  1.1421083688175018
    velocity        =  -1498.171679610267
    wave_intercept  =  5996.344814591494
    wave_slope      =  0.017042881613354627
ERROR - Evaluated LSF:
ERROR - [nan nan nan nan nan nan nan nan nan nan nan nan nan nan nan nan nan nan
 nan nan nan nan nan nan nan nan nan nan nan nan nan nan nan nan nan nan
 nan nan nan nan nan nan nan nan nan nan nan nan nan nan nan nan nan nan
 nan nan nan nan nan nan nan nan nan nan nan nan nan nan nan nan nan nan
 nan]
WARNING - Chunk 436:
WARNING - NaN values detected in your input data or the output of your objective/model function - fitting algorithms cannot handle this! Please read https://lmfit.github.io/lmfit-py/faq.html#i-get-errors-from-nan-in-my-fit-what-can-i-do for more information.
ERROR - NaN value detected in oversampled model function.
ERROR - <ParameterSet (values: 17)>
    cont_intercept  =  22463.15784702062
    cont_slope      =  -6.269466346916712
    iod_depth       =  0.3722444043399527
    lsf_left_1      =  5.8028254173715315
    lsf_left_2      =  -19.068242764422234
    lsf_left_3      =  1.8246984639724384
    lsf_left_4      =  -1.7664278976993804
    lsf_left_5      =  1.0068561837925651
    lsf_right1      =  2.152238052054588
    lsf_right2      =  -18.327383143726586
    lsf_right3      =  10.093655885658851
    lsf_right4      =  -3.802771473933904
    lsf_right5      =  0.8283786067468023
    tem_depth       =  0.9629071790332194
    velocity        =  -1828.5894987864392
    wave_intercept  =  6017.3546165467305
    wave_slope      =  0.015589176838605952
ERROR - Evaluated LSF:
ERROR - [nan nan nan nan nan nan nan nan nan nan nan nan nan nan nan nan nan nan
 nan nan nan nan nan nan nan nan nan nan nan nan nan nan nan nan nan nan
 nan nan nan nan nan nan nan nan nan nan nan nan nan nan nan nan nan nan
 nan nan nan nan nan nan nan nan nan nan nan nan nan nan nan nan nan nan
 nan]
WARNING - Chunk 446:
WARNING - NaN values detected in your input data or the output of your objective/model function - fitting algorithms cannot handle this! Please read https://lmfit.github.io/lmfit-py/faq.html#i-get-errors-from-nan-in-my-fit-what-can-i-do for more information.
ERROR - NaN value detected in oversampled model function.
ERROR - <ParameterSet (values: 17)>
    cont_intercept  =  22414.704569586218
    cont_slope      =  -7.344653473206295
    iod_depth       =  0.8816011497371777
    lsf_left_1      =  2.2759463584201534
    lsf_left_2      =  -16.28256553833186
    lsf_left_3      =  3.782066862090862
    lsf_left_4      =  -3.7317612418834214
    lsf_left_5      =  0.20323652173644274
    lsf_right1      =  7.4684622898464035
    lsf_right2      =  -14.040001907389646
    lsf_right3      =  1.289034233504531
    lsf_right4      =  -3.27353728880335
    lsf_right5      =  1.1928521740924636
    tem_depth       =  -0.02978774995656025
    velocity        =  -21704.980420026153
    wave_intercept  =  6019.356331377325
    wave_slope      =  0.015217710070473995
ERROR - Evaluated LSF:
ERROR - [nan nan nan nan nan nan nan nan nan nan nan nan nan nan nan nan nan nan
 nan nan nan nan nan nan nan nan nan nan nan nan nan nan nan nan nan nan
 nan nan nan nan nan nan nan nan nan nan nan nan nan nan nan nan nan nan
 nan nan nan nan nan nan nan nan nan nan nan nan nan nan nan nan nan nan
 nan]
WARNING - Chunk 447:
WARNING - NaN values detected in your input data or the output of your objective/model function - fitting algorithms cannot handle this! Please read https://lmfit.github.io/lmfit-py/faq.html#i-get-errors-from-nan-in-my-fit-what-can-i-do for more information.
ERROR - NaN value detected in oversampled model function.
ERROR - <ParameterSet (values: 17)>
    cont_intercept  =  26577.80041770057
    cont_slope      =  -4.045143901322335
    iod_depth       =  0.579194097648438
    lsf_left_1      =  6.025652545273587
    lsf_left_2      =  -18.14509140049193
    lsf_left_3      =  1.1604084115813327
    lsf_left_4      =  -1.3395599581755282
    lsf_left_5      =  0.4750168208903132
    lsf_right1      =  3.6139889804889402
    lsf_right2      =  -13.044710564115988
    lsf_right3      =  3.234975272024156
    lsf_right4      =  -2.126614102921709
    lsf_right5      =  0.3054466697284678
    tem_depth       =  0.994142045808202
    velocity        =  -1630.416195060342
    wave_intercept  =  6066.597137899701
    wave_slope      =  0.01638486758949206
ERROR - Evaluated LSF:
ERROR - [nan nan nan nan nan nan nan nan nan nan nan nan nan nan nan nan nan nan
 nan nan nan nan nan nan nan nan nan nan nan nan nan nan nan nan nan nan
 nan nan nan nan nan nan nan nan nan nan nan nan nan nan nan nan nan nan
 nan nan nan nan nan nan nan nan nan nan nan nan nan nan nan nan nan nan
 nan]
WARNING - Chunk 466:
WARNING - NaN values detected in your input data or the output of your objective/model function - fitting algorithms cannot handle this! Please read https://lmfit.github.io/lmfit-py/faq.html#i-get-errors-from-nan-in-my-fit-what-can-i-do for more information.
ERROR - Chunk 470: No Data! Returning LmfitResult with None.
ERROR - NaN value detected in oversampled model function.
ERROR - <ParameterSet (values: 17)>
    cont_intercept  =  14900.388629346675
    cont_slope      =  14.486337973106329
    iod_depth       =  0.18094602398987772
    lsf_left_1      =  12.79727601929285
    lsf_left_2      =  -17.94916216696616
    lsf_left_3      =  1.2747753814751495
    lsf_left_4      =  -3.8655481151021314
    lsf_left_5      =  0.6055554662558538
    lsf_right1      =  2.469205252503802
    lsf_right2      =  -18.424498186281756
    lsf_right3      =  4.620154274626991
    lsf_right4      =  -1.230027386595974
    lsf_right5      =  0.5802422452871719
    tem_depth       =  1.0872651284339798
    velocity        =  -2393.3661002497306
    wave_intercept  =  6154.084836334277
    wave_slope      =  0.019034296826162925
ERROR - Evaluated LSF:
ERROR - [nan nan nan nan nan nan nan nan nan nan nan nan nan nan nan nan nan nan
 nan nan nan nan nan nan nan nan nan nan nan nan nan nan nan nan nan nan
 nan nan nan nan nan nan nan nan nan nan nan nan nan nan nan nan nan nan
 nan nan nan nan nan nan nan nan nan nan nan nan nan nan nan nan nan nan
 nan]
WARNING - Chunk 501:
WARNING - NaN values detected in your input data or the output of your objective/model function - fitting algorithms cannot handle this! Please read https://lmfit.github.io/lmfit-py/faq.html#i-get-errors-from-nan-in-my-fit-what-can-i-do for more information.
ERROR - NaN value detected in oversampled model function.
ERROR - <ParameterSet (values: 17)>
    cont_intercept  =  28247.209626817446
    cont_slope      =  2.985845967352068
    iod_depth       =  0.7073639386338226
    lsf_left_1      =  6.283979796970057
    lsf_left_2      =  -18.201113928344647
    lsf_left_3      =  6.543019088815785
    lsf_left_4      =  -3.135068471303385
    lsf_left_5      =  0.7027927763311173
    lsf_right1      =  4.846701133053054
    lsf_right2      =  -13.895158637927903
    lsf_right3      =  1.1608689435540955
    lsf_right4      =  -1.4520146810836505
    lsf_right5      =  0.1743288432629028
    tem_depth       =  -0.28781683308706735
    velocity        =  -12805.308100757704
    wave_intercept  =  6182.421590708758
    wave_slope      =  0.01723668232965724
ERROR - Evaluated LSF:
ERROR - [nan nan nan nan nan nan nan nan nan nan nan nan nan nan nan nan nan nan
 nan nan nan nan nan nan nan nan nan nan nan nan nan nan nan nan nan nan
 nan nan nan nan nan nan nan nan nan nan nan nan nan nan nan nan nan nan
 nan nan nan nan nan nan nan nan nan nan nan nan nan nan nan nan nan nan
 nan]
WARNING - Chunk 513:
WARNING - NaN values detected in your input data or the output of your objective/model function - fitting algorithms cannot handle this! Please read https://lmfit.github.io/lmfit-py/faq.html#i-get-errors-from-nan-in-my-fit-what-can-i-do for more information.
ERROR - NaN value detected in oversampled model function.
ERROR - <ParameterSet (values: 17)>
    cont_intercept  =  24886.36610688681
    cont_slope      =  -10.649090985882154
    iod_depth       =  0.5361128991993088
    lsf_left_1      =  6.476398504824003
    lsf_left_2      =  -12.705024798223576
    lsf_left_3      =  5.0775161285525225
    lsf_left_4      =  -2.1160113602968256
    lsf_left_5      =  0.6689376480459842
    lsf_right1      =  3.301984992472075
    lsf_right2      =  -18.36889106978094
    lsf_right3      =  1.220298946839301
    lsf_right4      =  -3.963292058716543
    lsf_right5      =  0.13372226444741084
    tem_depth       =  1.290610694528082
    velocity        =  -4242.215817307609
    wave_intercept  =  6195.532656536458
    wave_slope      =  0.01605552406581406
ERROR - Evaluated LSF:
ERROR - [nan nan nan nan nan nan nan nan nan nan nan nan nan nan nan nan nan nan
 nan nan nan nan nan nan nan nan nan nan nan nan nan nan nan nan nan nan
 nan nan nan nan nan nan nan nan nan nan nan nan nan nan nan nan nan nan
 nan nan nan nan nan nan nan nan nan nan nan nan nan nan nan nan nan nan
 nan]
WARNING - Chunk 519:
WARNING - NaN values detected in your input data or the output of your objective/model function - fitting algorithms cannot handle this! Please read https://lmfit.github.io/lmfit-py/faq.html#i-get-errors-from-nan-in-my-fit-what-can-i-do for more information.
ERROR - NaN value detected in oversampled model function.
ERROR - <ParameterSet (values: 17)>
    cont_intercept  =  20284.55866498675
    cont_slope      =  10.858356653427919
    iod_depth       =  0.6812515185286666
    lsf_left_1      =  6.3953261047118515
    lsf_left_2      =  -18.55908595557352
    lsf_left_3      =  1.700942803832215
    lsf_left_4      =  -3.1484991080775773
    lsf_left_5      =  0.40130483315382204
    lsf_right1      =  2.1333390676651165
    lsf_right2      =  -13.498143700403986
    lsf_right3      =  8.863503269378455
    lsf_right4      =  -3.8752557439332684
    lsf_right5      =  0.49164535405998855
    tem_depth       =  1.064283255884487
    velocity        =  -1499.2803388562934
    wave_intercept  =  6224.41055596203
    wave_slope      =  0.01917697051116172
ERROR - Evaluated LSF:
ERROR - [nan nan nan nan nan nan nan nan nan nan nan nan nan nan nan nan nan nan
 nan nan nan nan nan nan nan nan nan nan nan nan nan nan nan nan nan nan
 nan nan nan nan nan nan nan nan nan nan nan nan nan nan nan nan nan nan
 nan nan nan nan nan nan nan nan nan nan nan nan nan nan nan nan nan nan
 nan]
WARNING - Chunk 529:
WARNING - NaN values detected in your input data or the output of your objective/model function - fitting algorithms cannot handle this! Please read https://lmfit.github.io/lmfit-py/faq.html#i-get-errors-from-nan-in-my-fit-what-can-i-do for more information.
ERROR - NaN value detected in oversampled model function.
ERROR - <ParameterSet (values: 17)>
    cont_intercept  =  21496.085792323585
    cont_slope      =  5.899660173489589
    iod_depth       =  -1.3880683216429908
    lsf_left_1      =  4.886892134790523
    lsf_left_2      =  -18.31152281122985
    lsf_left_3      =  1.1558306333352568
    lsf_left_4      =  -0.6474785999550554
    lsf_left_5      =  0.615571204267342
    lsf_right1      =  6.526738932180863
    lsf_right2      =  -19.381165616747943
    lsf_right3      =  2.289043667128199
    lsf_right4      =  -3.74962887531686
    lsf_right5      =  1.1649623697352167
    tem_depth       =  0.08975129733418008
    velocity        =  -69418.58065028522
    wave_intercept  =  6226.920756410664
    wave_slope      =  0.018464568442484876
ERROR - Evaluated LSF:
ERROR - [nan nan nan nan nan nan nan nan nan nan nan nan nan nan nan nan nan nan
 nan nan nan nan nan nan nan nan nan nan nan nan nan nan nan nan nan nan
 nan nan nan nan nan nan nan nan nan nan nan nan nan nan nan nan nan nan
 nan nan nan nan nan nan nan nan nan nan nan nan nan nan nan nan nan nan
 nan]
WARNING - Chunk 530:
WARNING - NaN values detected in your input data or the output of your objective/model function - fitting algorithms cannot handle this! Please read https://lmfit.github.io/lmfit-py/faq.html#i-get-errors-from-nan-in-my-fit-what-can-i-do for more information.
ERROR - Chunk 537: No Data! Returning LmfitResult with None.
ERROR - NaN value detected in oversampled model function.
ERROR - <ParameterSet (values: 17)>
    cont_intercept  =  25306.26550229089
    cont_slope      =  1.4107261422738566
    iod_depth       =  0.458304679295908
    lsf_left_1      =  4.489584985073911
    lsf_left_2      =  -14.22555795251353
    lsf_left_3      =  4.858124785090254
    lsf_left_4      =  -2.406963496355535
    lsf_left_5      =  0.5591067709365254
    lsf_right1      =  5.659494834144045
    lsf_right2      =  -11.8164336076394
    lsf_right3      =  5.527933226917467
    lsf_right4      =  -2.212892619187362
    lsf_right5      =  0.6844986983619484
    tem_depth       =  1.1496063957292413
    velocity        =  -3366.524441016502
    wave_intercept  =  6245.641612266997
    wave_slope      =  0.017213408389899168
ERROR - Evaluated LSF:
ERROR - [nan nan nan nan nan nan nan nan nan nan nan nan nan nan nan nan nan nan
 nan nan nan nan nan nan nan nan nan nan nan nan nan nan nan nan nan nan
 nan nan nan nan nan nan nan nan nan nan nan nan nan nan nan nan nan nan
 nan nan nan nan nan nan nan nan nan nan nan nan nan nan nan nan nan nan
 nan]
WARNING - Chunk 538:
WARNING - NaN values detected in your input data or the output of your objective/model function - fitting algorithms cannot handle this! Please read https://lmfit.github.io/lmfit-py/faq.html#i-get-errors-from-nan-in-my-fit-what-can-i-do for more information.
ERROR - NaN value detected in oversampled model function.
ERROR - <ParameterSet (values: 17)>
    cont_intercept  =  26101.551549323296
    cont_slope      =  -1.5473560464628937
    iod_depth       =  0.6024166021319552
    lsf_left_1      =  7.463031170537105
    lsf_left_2      =  -18.670591256587752
    lsf_left_3      =  5.1266778000221045
    lsf_left_4      =  -2.6302191709324236
    lsf_left_5      =  1.1817362954981592
    lsf_right1      =  4.5812374311461
    lsf_right2      =  -16.603226196433283
    lsf_right3      =  1.544805604582214
    lsf_right4      =  -1.9435090454138413
    lsf_right5      =  0.21659223427881297
    tem_depth       =  0.9768142146194425
    velocity        =  -2137.737605045377
    wave_intercept  =  6252.296683884453
    wave_slope      =  0.01676915540254405
ERROR - Evaluated LSF:
ERROR - [nan nan nan nan nan nan nan nan nan nan nan nan nan nan nan nan nan nan
 nan nan nan nan nan nan nan nan nan nan nan nan nan nan nan nan nan nan
 nan nan nan nan nan nan nan nan nan nan nan nan nan nan nan nan nan nan
 nan nan nan nan nan nan nan nan nan nan nan nan nan nan nan nan nan nan
 nan]
WARNING - Chunk 541:
WARNING - NaN values detected in your input data or the output of your objective/model function - fitting algorithms cannot handle this! Please read https://lmfit.github.io/lmfit-py/faq.html#i-get-errors-from-nan-in-my-fit-what-can-i-do for more information.
ERROR - NaN value detected in oversampled model function.
ERROR - <ParameterSet (values: 17)>
    cont_intercept  =  25650.04773924257
    cont_slope      =  -3.530157056050091
    iod_depth       =  0.7298050989761617
    lsf_left_1      =  7.6051214912874245
    lsf_left_2      =  -11.178269301170383
    lsf_left_3      =  2.259813744056527
    lsf_left_4      =  -3.874775433447143
    lsf_left_5      =  0.13348864591399803
    lsf_right1      =  3.389210087085521
    lsf_right2      =  -19.3808369066086
    lsf_right3      =  5.134551018265096
    lsf_right4      =  -3.2652326002055014
    lsf_right5      =  0.4640314008357704
    tem_depth       =  1.013682914493387
    velocity        =  -1495.4924763974266
    wave_intercept  =  6256.637130636571
    wave_slope      =  0.01654058351277674
ERROR - Evaluated LSF:
ERROR - [nan nan nan nan nan nan nan nan nan nan nan nan nan nan nan nan nan nan
 nan nan nan nan nan nan nan nan nan nan nan nan nan nan nan nan nan nan
 nan nan nan nan nan nan nan nan nan nan nan nan nan nan nan nan nan nan
 nan nan nan nan nan nan nan nan nan nan nan nan nan nan nan nan nan nan
 nan]
WARNING - Chunk 543:
WARNING - NaN values detected in your input data or the output of your objective/model function - fitting algorithms cannot handle this! Please read https://lmfit.github.io/lmfit-py/faq.html#i-get-errors-from-nan-in-my-fit-what-can-i-do for more information.
ERROR - Chunk 544: No Data! Returning LmfitResult with None.
ERROR - NaN value detected in oversampled model function.
ERROR - <ParameterSet (values: 17)>
    cont_intercept  =  23897.24181510512
    cont_slope      =  -5.61361931642144
    iod_depth       =  0.6043030940149436
    lsf_left_1      =  2.3561176998606324
    lsf_left_2      =  -6.983004692972301
    lsf_left_3      =  3.7884213859722577
    lsf_left_4      =  -3.2047605890357973
    lsf_left_5      =  0.1601109529244196
    lsf_right1      =  3.2581172952608712
    lsf_right2      =  -19.159838878225667
    lsf_right3      =  2.4939234757402495
    lsf_right4      =  -0.8729775256945218
    lsf_right5      =  0.6404427986498247
    tem_depth       =  0.5228336992470621
    velocity        =  -7215.189581340028
    wave_intercept  =  6262.930375525377
    wave_slope      =  0.016138077374113793
ERROR - Evaluated LSF:
ERROR - [nan nan nan nan nan nan nan nan nan nan nan nan nan nan nan nan nan nan
 nan nan nan nan nan nan nan nan nan nan nan nan nan nan nan nan nan nan
 nan nan nan nan nan nan nan nan nan nan nan nan nan nan nan nan nan nan
 nan nan nan nan nan nan nan nan nan nan nan nan nan nan nan nan nan nan
 nan]
WARNING - Chunk 546:
WARNING - NaN values detected in your input data or the output of your objective/model function - fitting algorithms cannot handle this! Please read https://lmfit.github.io/lmfit-py/faq.html#i-get-errors-from-nan-in-my-fit-what-can-i-do for more information.
ERROR - NaN value detected in oversampled model function.
ERROR - <ParameterSet (values: 17)>
    cont_intercept  =  24186.931030078926
    cont_slope      =  4.569504652316111
    iod_depth       =  0.6909808044080111
    lsf_left_1      =  5.5401525315460365
    lsf_left_2      =  -12.782434081975822
    lsf_left_3      =  1.7640198622184156
    lsf_left_4      =  -2.428277858685466
    lsf_left_5      =  0.9053635529458225
    lsf_right1      =  2.1218201350311015
    lsf_right2      =  -8.739064260400562
    lsf_right3      =  8.665293541184006
    lsf_right4      =  -3.964839612086266
    lsf_right5      =  0.13295811783552375
    tem_depth       =  1.1147601596129997
    velocity        =  -2077.5784821126567
    wave_intercept  =  6295.9635376633805
    wave_slope      =  0.018660192466618576
ERROR - Evaluated LSF:
ERROR - [nan nan nan nan nan nan nan nan nan nan nan nan nan nan nan nan nan nan
 nan nan nan nan nan nan nan nan nan nan nan nan nan nan nan nan nan nan
 nan nan nan nan nan nan nan nan nan nan nan nan nan nan nan nan nan nan
 nan nan nan nan nan nan nan nan nan nan nan nan nan nan nan nan nan nan
 nan]
WARNING - Chunk 557:
WARNING - NaN values detected in your input data or the output of your objective/model function - fitting algorithms cannot handle this! Please read https://lmfit.github.io/lmfit-py/faq.html#i-get-errors-from-nan-in-my-fit-what-can-i-do for more information.
ERROR - NaN value detected in oversampled model function.
ERROR - <ParameterSet (values: 17)>
    cont_intercept  =  24762.524981447143
    cont_slope      =  1.3676993334188285
    iod_depth       =  0.8849359078796164
    lsf_left_1      =  2.165203816045554
    lsf_left_2      =  -16.256400690915868
    lsf_left_3      =  4.032251207560407
    lsf_left_4      =  -3.247902857211967
    lsf_left_5      =  0.14034555713018887
    lsf_right1      =  2.1431850384383733
    lsf_right2      =  -18.603121519790026
    lsf_right3      =  3.3725537704667317
    lsf_right4      =  -3.5378282783013604
    lsf_right5      =  0.16461854819988112
    tem_depth       =  0.98981535915646
    velocity        =  -2702.750029084215
    wave_intercept  =  6300.721872824845
    wave_slope      =  0.018291669059547752
ERROR - Evaluated LSF:
ERROR - [nan nan nan nan nan nan nan nan nan nan nan nan nan nan nan nan nan nan
 nan nan nan nan nan nan nan nan nan nan nan nan nan nan nan nan nan nan
 nan nan nan nan nan nan nan nan nan nan nan nan nan nan nan nan nan nan
 nan nan nan nan nan nan nan nan nan nan nan nan nan nan nan nan nan nan
 nan]
WARNING - Chunk 559:
WARNING - NaN values detected in your input data or the output of your objective/model function - fitting algorithms cannot handle this! Please read https://lmfit.github.io/lmfit-py/faq.html#i-get-errors-from-nan-in-my-fit-what-can-i-do for more information.
ERROR - Chunk 569: No Data! Returning LmfitResult with None.
ERROR - Chunk 570: No Data! Returning LmfitResult with None.
ERROR - NaN value detected in oversampled model function.
ERROR - <ParameterSet (values: 17)>
    cont_intercept  =  22923.599359679814
    cont_slope      =  -6.693113588712957
    iod_depth       =  0.4394180577977739
    lsf_left_1      =  2.940003307268912
    lsf_left_2      =  -18.22152895595499
    lsf_left_3      =  3.4668128095865454
    lsf_left_4      =  -3.805212123053801
    lsf_left_5      =  0.546155449077963
    lsf_right1      =  8.805154658622138
    lsf_right2      =  -18.692734634980745
    lsf_right3      =  1.9375705322325336
    lsf_right4      =  -2.997446265456165
    lsf_right5      =  1.195255740697596
    tem_depth       =  1.0434953364397572
    velocity        =  -1266.0485929198965
    wave_intercept  =  6327.50687753513
    wave_slope      =  0.016533101545333696
ERROR - Evaluated LSF:
ERROR - [nan nan nan nan nan nan nan nan nan nan nan nan nan nan nan nan nan nan
 nan nan nan nan nan nan nan nan nan nan nan nan nan nan nan nan nan nan
 nan nan nan nan nan nan nan nan nan nan nan nan nan nan nan nan nan nan
 nan nan nan nan nan nan nan nan nan nan nan nan nan nan nan nan nan nan
 nan]
WARNING - Chunk 571:
WARNING - NaN values detected in your input data or the output of your objective/model function - fitting algorithms cannot handle this! Please read https://lmfit.github.io/lmfit-py/faq.html#i-get-errors-from-nan-in-my-fit-what-can-i-do for more information.
INFO - 
INFO - Number of chunks with no uncertainties: 0
INFO - Number of chunks with outliers: 0
INFO - Number of chunks with nan fitted red. Chi2: 59
INFO - 
INFO - Creating analysis plots...
INFO - Velocity robust mean: -1932.9325710682108
INFO - Velocity robust std: 602.5610971517567
INFO - 
INFO - Velocity error robust mean: 201.97085161268967
INFO - Velocity error robust std: 179.2729169197601
INFO - 
INFO - Minimum error: 58.527685922712 in chunk 18
INFO - Maximum error: 58221.88955221726 in chunk 440
INFO - 
INFO - Chunks with nan velocities: [ 13  25  27  29  32  39  42  55  63  72  99 136 147 149 188 190 203 214
 221 252 269 270 296 347 348 351 357 364 366 379 383 388 397 420 428 429
 433 434 436 446 447 466 470 501 513 519 529 530 537 538 541 543 544 546
 557 559 569 570 571]
INFO - Chunks with nan velocity errors: [ 13  25  27  29  32  39  42  55  63  72  99 136 147 149 188 190 203 214
 221 252 269 270 296 347 348 351 357 364 366 379 383 388 397 420 428 429
 433 434 436 446 447 466 470 501 513 519 529 530 537 538 541 543 544 546
 557 559 569 570 571]
INFO - Velocity error at percentile 80: 681.8857904106701
INFO - 
INFO - Time to model this observation: 135.29271697998047
