2026-03-26 16:05:35,138 - root - ERROR - NaN value detected in oversampled model function.
2026-03-26 16:05:35,140 - root - ERROR - <ParameterSet (values: 17)>
    cont_intercept  =  5447.5271446616825
    cont_slope      =  2.396311814214186
    iod_depth       =  0.8248850010622479
    lsf_left_1      =  4.6733977461797975
    lsf_left_2      =  -19.182718179102395
    lsf_left_3      =  5.176563740813038
    lsf_left_4      =  -2.440326105395785
    lsf_left_5      =  0.45562198229407275
    lsf_right1      =  5.634604579710489
    lsf_right2      =  -15.617000135914262
    lsf_right3      =  8.30354756414702
    lsf_right4      =  -3.3029280685532383
    lsf_right5      =  0.7078248643456144
    tem_depth       =  0.9115049088633871
    velocity        =  -2317.059749785742
    wave_intercept  =  5131.977773124346
    wave_slope      =  0.015287987017429137
2026-03-26 16:05:35,141 - root - ERROR - Evaluated LSF:
2026-03-26 16:05:35,142 - root - ERROR - [nan nan nan nan nan nan nan nan nan nan nan nan nan nan nan nan nan nan
 nan nan nan nan nan nan nan nan nan nan nan nan nan nan nan nan nan nan
 nan nan nan nan nan nan nan nan nan nan nan nan nan nan nan nan nan nan
 nan nan nan nan nan nan nan nan nan nan nan nan nan nan nan nan nan nan
 nan]
2026-03-26 16:05:37,061 - root - ERROR - NaN value detected in oversampled model function.
2026-03-26 16:05:37,062 - root - ERROR - <ParameterSet (values: 17)>
    cont_intercept  =  6570.612941033615
    cont_slope      =  -0.6503045033893482
    iod_depth       =  0.79615779899246
    lsf_left_1      =  4.984573319573165
    lsf_left_2      =  -18.865778213987888
    lsf_left_3      =  9.879552142520339
    lsf_left_4      =  -3.478264733220989
    lsf_left_5      =  0.658836363914656
    lsf_right1      =  3.1071079463232265
    lsf_right2      =  -18.54754850041242
    lsf_right3      =  10.329946128315203
    lsf_right4      =  -2.4054251306589576
    lsf_right5      =  0.1392140807668458
    tem_depth       =  0.8840646921149646
    velocity        =  -1432.1308322575608
    wave_intercept  =  5154.300743189853
    wave_slope      =  0.013407327936847147
2026-03-26 16:05:37,063 - root - ERROR - Evaluated LSF:
2026-03-26 16:05:37,064 - root - ERROR - [nan nan nan nan nan nan nan nan nan nan nan nan nan nan nan nan nan nan
 nan nan nan nan nan nan nan nan nan nan nan nan nan nan nan nan nan nan
 nan nan nan nan nan nan nan nan nan nan nan nan nan nan nan nan nan nan
 nan nan nan nan nan nan nan nan nan nan nan nan nan nan nan nan nan nan
 nan]
2026-03-26 16:05:39,167 - root - ERROR - Chunk 29: No Data! Returning LmfitResult with None.
2026-03-26 16:05:41,755 - root - ERROR - NaN value detected in oversampled model function.
2026-03-26 16:05:41,757 - root - ERROR - <ParameterSet (values: 17)>
    cont_intercept  =  7149.650426547521
    cont_slope      =  2.5378173097412433
    iod_depth       =  0.9551057677218396
    lsf_left_1      =  4.1759583704647305
    lsf_left_2      =  -19.066579169075094
    lsf_left_3      =  5.190764233747674
    lsf_left_4      =  -1.7734090558466034
    lsf_left_5      =  0.17295381288649825
    lsf_right1      =  2.1471142678780906
    lsf_right2      =  -14.531282262672871
    lsf_right3      =  7.493410361311296
    lsf_right4      =  -2.2953941139871965
    lsf_right5      =  0.2481297097531145
    tem_depth       =  0.5889813545706736
    velocity        =  -2314.120961266624
    wave_intercept  =  5194.4090391873415
    wave_slope      =  0.013947355566158995
2026-03-26 16:05:41,759 - root - ERROR - Evaluated LSF:
2026-03-26 16:05:41,760 - root - ERROR - [nan nan nan nan nan nan nan nan nan nan nan nan nan nan nan nan nan nan
 nan nan nan nan nan nan nan nan nan nan nan nan nan nan nan nan nan nan
 nan nan nan nan nan nan nan nan nan nan nan nan nan nan nan nan nan nan
 nan nan nan nan nan nan nan nan nan nan nan nan nan nan nan nan nan nan
 nan]
2026-03-26 16:05:44,216 - root - ERROR - NaN value detected in oversampled model function.
2026-03-26 16:05:44,218 - root - ERROR - <ParameterSet (values: 17)>
    cont_intercept  =  4295.6590579066515
    cont_slope      =  5.073240073539605
    iod_depth       =  0.7081449555902661
    lsf_left_1      =  7.31792721884777
    lsf_left_2      =  -19.021812368975766
    lsf_left_3      =  7.399438856326842
    lsf_left_4      =  -2.9280248255681176
    lsf_left_5      =  0.6449828057469892
    lsf_right1      =  2.140107695727522
    lsf_right2      =  -17.350812407636642
    lsf_right3      =  2.579312720540376
    lsf_right4      =  -2.7602164864064234
    lsf_right5      =  0.14154058111545417
    tem_depth       =  0.7789286259836298
    velocity        =  -2939.5727497968765
    wave_intercept  =  5211.483967058157
    wave_slope      =  0.016146380513107024
2026-03-26 16:05:44,219 - root - ERROR - Evaluated LSF:
2026-03-26 16:05:44,220 - root - ERROR - [nan nan nan nan nan nan nan nan nan nan nan nan nan nan nan nan nan nan
 nan nan nan nan nan nan nan nan nan nan nan nan nan nan nan nan nan nan
 nan nan nan nan nan nan nan nan nan nan nan nan nan nan nan nan nan nan
 nan nan nan nan nan nan nan nan nan nan nan nan nan nan nan nan nan nan
 nan]
2026-03-26 16:05:45,702 - root - ERROR - Chunk 63: No Data! Returning LmfitResult with None.
2026-03-26 16:05:45,717 - root - ERROR - NaN value detected in oversampled model function.
2026-03-26 16:05:45,719 - root - ERROR - <ParameterSet (values: 17)>
    cont_intercept  =  7317.085023473828
    cont_slope      =  1.122245573417515
    iod_depth       =  0.6652067547874965
    lsf_left_1      =  3.038281837931746
    lsf_left_2      =  -12.54625949766617
    lsf_left_3      =  4.418955982307492
    lsf_left_4      =  -1.8300650739405846
    lsf_left_5      =  0.17338082835555926
    lsf_right1      =  4.887908637084809
    lsf_right2      =  -10.387279409239524
    lsf_right3      =  1.5991877172767162
    lsf_right4      =  -3.426979995345692
    lsf_right5      =  0.25601490779714176
    tem_depth       =  0.8988473639357497
    velocity        =  -2919.472559929251
    wave_intercept  =  5233.266237351344
    wave_slope      =  0.014410747348892021
2026-03-26 16:05:45,720 - root - ERROR - Evaluated LSF:
2026-03-26 16:05:45,721 - root - ERROR - [nan nan nan nan nan nan nan nan nan nan nan nan nan nan nan nan nan nan
 nan nan nan nan nan nan nan nan nan nan nan nan nan nan nan nan nan nan
 nan nan nan nan nan nan nan nan nan nan nan nan nan nan nan nan nan nan
 nan nan nan nan nan nan nan nan nan nan nan nan nan nan nan nan nan nan
 nan]
2026-03-26 16:05:45,998 - root - ERROR - NaN value detected in oversampled model function.
2026-03-26 16:05:45,999 - root - ERROR - <ParameterSet (values: 17)>
    cont_intercept  =  8570.34283634385
    cont_slope      =  -0.5916266586982512
    iod_depth       =  0.7794591616806166
    lsf_left_1      =  2.1822070534108144
    lsf_left_2      =  -7.674733399154901
    lsf_left_3      =  5.465246571801892
    lsf_left_4      =  -2.888636183941901
    lsf_left_5      =  0.19779383678659054
    lsf_right1      =  2.838538075743927
    lsf_right2      =  -15.115768827529472
    lsf_right3      =  9.21748903492197
    lsf_right4      =  -3.577973505054059
    lsf_right5      =  0.21919654861154864
    tem_depth       =  0.8898543988729933
    velocity        =  -2638.2811504129772
    wave_intercept  =  5236.975263801799
    wave_slope      =  0.014111947186597954
2026-03-26 16:05:46,001 - root - ERROR - Evaluated LSF:
2026-03-26 16:05:46,002 - root - ERROR - [nan nan nan nan nan nan nan nan nan nan nan nan nan nan nan nan nan nan
 nan nan nan nan nan nan nan nan nan nan nan nan nan nan nan nan nan nan
 nan nan nan nan nan nan nan nan nan nan nan nan nan nan nan nan nan nan
 nan nan nan nan nan nan nan nan nan nan nan nan nan nan nan nan nan nan
 nan]
2026-03-26 16:05:47,886 - root - ERROR - NaN value detected in oversampled model function.
2026-03-26 16:05:47,888 - root - ERROR - <ParameterSet (values: 17)>
    cont_intercept  =  5958.841710831221
    cont_slope      =  2.1546282960995593
    iod_depth       =  0.8152055592719731
    lsf_left_1      =  6.2032150772984975
    lsf_left_2      =  -19.25058702216025
    lsf_left_3      =  7.924105170536639
    lsf_left_4      =  -1.249806887718682
    lsf_left_5      =  0.13317456090771834
    lsf_right1      =  2.7769238896081148
    lsf_right2      =  -17.24357491640318
    lsf_right3      =  2.295460752149257
    lsf_right4      =  -2.6000505725633434
    lsf_right5      =  0.6154647504091924
    tem_depth       =  0.4854177665327826
    velocity        =  -5550.657817832826
    wave_intercept  =  5260.591050166025
    wave_slope      =  0.01593322471364036
2026-03-26 16:05:47,889 - root - ERROR - Evaluated LSF:
2026-03-26 16:05:47,890 - root - ERROR - [nan nan nan nan nan nan nan nan nan nan nan nan nan nan nan nan nan nan
 nan nan nan nan nan nan nan nan nan nan nan nan nan nan nan nan nan nan
 nan nan nan nan nan nan nan nan nan nan nan nan nan nan nan nan nan nan
 nan nan nan nan nan nan nan nan nan nan nan nan nan nan nan nan nan nan
 nan]
2026-03-26 16:05:48,082 - root - ERROR - NaN value detected in oversampled model function.
2026-03-26 16:05:48,083 - root - ERROR - <ParameterSet (values: 17)>
    cont_intercept  =  5940.420185023782
    cont_slope      =  2.4249421323517466
    iod_depth       =  0.7952515540447552
    lsf_left_1      =  2.1537824208819845
    lsf_left_2      =  -9.435350882344327
    lsf_left_3      =  1.160743844995194
    lsf_left_4      =  -2.082106689344677
    lsf_left_5      =  1.1487317367658538
    lsf_right1      =  3.557184047401336
    lsf_right2      =  -16.282795541637206
    lsf_right3      =  2.3781252863500226
    lsf_right4      =  -2.3876023362554184
    lsf_right5      =  0.2558418607737068
    tem_depth       =  0.8797512003547833
    velocity        =  -2750.799924834493
    wave_intercept  =  5264.679154928424
    wave_slope      =  0.01562649803403316
2026-03-26 16:05:48,084 - root - ERROR - Evaluated LSF:
2026-03-26 16:05:48,085 - root - ERROR - [nan nan nan nan nan nan nan nan nan nan nan nan nan nan nan nan nan nan
 nan nan nan nan nan nan nan nan nan nan nan nan nan nan nan nan nan nan
 nan nan nan nan nan nan nan nan nan nan nan nan nan nan nan nan nan nan
 nan nan nan nan nan nan nan nan nan nan nan nan nan nan nan nan nan nan
 nan]
2026-03-26 16:05:55,751 - root - ERROR - NaN value detected in oversampled model function.
2026-03-26 16:05:55,753 - root - ERROR - <ParameterSet (values: 17)>
    cont_intercept  =  7222.842116861231
    cont_slope      =  2.8411225374270535
    iod_depth       =  0.8119318617085806
    lsf_left_1      =  4.8347943736207215
    lsf_left_2      =  -15.052342596945476
    lsf_left_3      =  6.896746565330108
    lsf_left_4      =  -3.6861256907785416
    lsf_left_5      =  1.1960505961951058
    lsf_right1      =  6.101779041508599
    lsf_right2      =  -18.75520698969651
    lsf_right3      =  2.904337068445834
    lsf_right4      =  -2.300964073665571
    lsf_right5      =  0.9939521990536895
    tem_depth       =  0.8305841320110471
    velocity        =  -2379.870919129748
    wave_intercept  =  5354.985092841024
    wave_slope      =  0.01599899006587013
2026-03-26 16:05:55,755 - root - ERROR - Evaluated LSF:
2026-03-26 16:05:55,756 - root - ERROR - [nan nan nan nan nan nan nan nan nan nan nan nan nan nan nan nan nan nan
 nan nan nan nan nan nan nan nan nan nan nan nan nan nan nan nan nan nan
 nan nan nan nan nan nan nan nan nan nan nan nan nan nan nan nan nan nan
 nan nan nan nan nan nan nan nan nan nan nan nan nan nan nan nan nan nan
 nan]
2026-03-26 16:06:04,203 - root - ERROR - Chunk 190: No Data! Returning LmfitResult with None.
2026-03-26 16:06:05,697 - root - ERROR - NaN value detected in oversampled model function.
2026-03-26 16:06:05,698 - root - ERROR - <ParameterSet (values: 17)>
    cont_intercept  =  5671.065475622364
    cont_slope      =  5.655835977044257
    iod_depth       =  1.076813054261061
    lsf_left_1      =  6.7778213902205975
    lsf_left_2      =  -15.190778715930902
    lsf_left_3      =  9.284673133007164
    lsf_left_4      =  -3.966739832125696
    lsf_left_5      =  0.26515383206371435
    lsf_right1      =  2.555906750495382
    lsf_right2      =  -19.16121863434552
    lsf_right3      =  5.1957739347346825
    lsf_right4      =  -3.967616524398204
    lsf_right5      =  1.180920846151769
    tem_depth       =  -0.04184466316815694
    velocity        =  -13995.44187602589
    wave_intercept  =  5490.972854214403
    wave_slope      =  0.017193426423241655
2026-03-26 16:06:05,699 - root - ERROR - Evaluated LSF:
2026-03-26 16:06:05,700 - root - ERROR - [nan nan nan nan nan nan nan nan nan nan nan nan nan nan nan nan nan nan
 nan nan nan nan nan nan nan nan nan nan nan nan nan nan nan nan nan nan
 nan nan nan nan nan nan nan nan nan nan nan nan nan nan nan nan nan nan
 nan nan nan nan nan nan nan nan nan nan nan nan nan nan nan nan nan nan
 nan]
2026-03-26 16:06:07,043 - root - ERROR - NaN value detected in oversampled model function.
2026-03-26 16:06:07,045 - root - ERROR - <ParameterSet (values: 17)>
    cont_intercept  =  9756.308418442595
    cont_slope      =  2.4655439750820496
    iod_depth       =  0.7684235025988674
    lsf_left_1      =  5.890444714857976
    lsf_left_2      =  -18.364147141769177
    lsf_left_3      =  2.924116927930434
    lsf_left_4      =  -3.7352102021787568
    lsf_left_5      =  0.14318137191224223
    lsf_right1      =  4.538708423314139
    lsf_right2      =  -15.748076902736798
    lsf_right3      =  7.1645815384170275
    lsf_right4      =  -2.6912516177076142
    lsf_right5      =  0.369421628331539
    tem_depth       =  0.9459040333257345
    velocity        =  -2714.362363921399
    wave_intercept  =  5514.157974343816
    wave_slope      =  0.015426681313273518
2026-03-26 16:06:07,046 - root - ERROR - Evaluated LSF:
2026-03-26 16:06:07,047 - root - ERROR - [nan nan nan nan nan nan nan nan nan nan nan nan nan nan nan nan nan nan
 nan nan nan nan nan nan nan nan nan nan nan nan nan nan nan nan nan nan
 nan nan nan nan nan nan nan nan nan nan nan nan nan nan nan nan nan nan
 nan nan nan nan nan nan nan nan nan nan nan nan nan nan nan nan nan nan
 nan]
2026-03-26 16:06:07,051 - root - ERROR - Chunk 214: No Data! Returning LmfitResult with None.
2026-03-26 16:06:10,546 - root - ERROR - NaN value detected in oversampled model function.
2026-03-26 16:06:10,548 - root - ERROR - <ParameterSet (values: 17)>
    cont_intercept  =  6552.590775495843
    cont_slope      =  4.723663979077457
    iod_depth       =  0.7032410810680387
    lsf_left_1      =  2.4504516214061898
    lsf_left_2      =  -11.408995743801853
    lsf_left_3      =  1.1601183845757073
    lsf_left_4      =  -1.0578121442455592
    lsf_left_5      =  0.5464761806945513
    lsf_right1      =  5.652313956080327
    lsf_right2      =  -15.313614858889505
    lsf_right3      =  6.625608140027947
    lsf_right4      =  -3.0173157217885778
    lsf_right5      =  0.7114628058005078
    tem_depth       =  0.9913935524047376
    velocity        =  -2410.2290267254557
    wave_intercept  =  5543.14864619903
    wave_slope      =  0.016967944972110533
2026-03-26 16:06:10,549 - root - ERROR - Evaluated LSF:
2026-03-26 16:06:10,550 - root - ERROR - [nan nan nan nan nan nan nan nan nan nan nan nan nan nan nan nan nan nan
 nan nan nan nan nan nan nan nan nan nan nan nan nan nan nan nan nan nan
 nan nan nan nan nan nan nan nan nan nan nan nan nan nan nan nan nan nan
 nan nan nan nan nan nan nan nan nan nan nan nan nan nan nan nan nan nan
 nan]
2026-03-26 16:06:10,909 - root - ERROR - NaN value detected in oversampled model function.
2026-03-26 16:06:10,911 - root - ERROR - <ParameterSet (values: 17)>
    cont_intercept  =  8392.394347045716
    cont_slope      =  3.4016743748056957
    iod_depth       =  0.8403473534152849
    lsf_left_1      =  8.087652798886019
    lsf_left_2      =  -14.339614700580816
    lsf_left_3      =  1.8472923201874791
    lsf_left_4      =  -1.207257895917532
    lsf_left_5      =  0.225140799898417
    lsf_right1      =  2.5067453157059063
    lsf_right2      =  -16.007171408177655
    lsf_right3      =  7.1948129512638666
    lsf_right4      =  -3.6652975228203095
    lsf_right5      =  1.023624530755133
    tem_depth       =  0.811167370840226
    velocity        =  -2976.0684669654124
    wave_intercept  =  5549.7164924767585
    wave_slope      =  0.016605971178561548
2026-03-26 16:06:10,912 - root - ERROR - Evaluated LSF:
2026-03-26 16:06:10,912 - root - ERROR - [nan nan nan nan nan nan nan nan nan nan nan nan nan nan nan nan nan nan
 nan nan nan nan nan nan nan nan nan nan nan nan nan nan nan nan nan nan
 nan nan nan nan nan nan nan nan nan nan nan nan nan nan nan nan nan nan
 nan nan nan nan nan nan nan nan nan nan nan nan nan nan nan nan nan nan
 nan]
2026-03-26 16:06:13,313 - root - ERROR - NaN value detected in oversampled model function.
2026-03-26 16:06:13,314 - root - ERROR - <ParameterSet (values: 17)>
    cont_intercept  =  9851.433891714689
    cont_slope      =  -2.941815247445695
    iod_depth       =  0.8074749096451848
    lsf_left_1      =  8.725708599735324
    lsf_left_2      =  -18.136465217691754
    lsf_left_3      =  2.0810348752886965
    lsf_left_4      =  -1.7645754487261862
    lsf_left_5      =  0.43667984422155154
    lsf_right1      =  2.150755916420027
    lsf_right2      =  -14.616271438098636
    lsf_right3      =  5.308442834433955
    lsf_right4      =  -1.3606357779940965
    lsf_right5      =  0.15282296934171705
    tem_depth       =  0.9303123685980975
    velocity        =  -2908.5559889800497
    wave_intercept  =  5575.98579135192
    wave_slope      =  0.014536172439452377
2026-03-26 16:06:13,316 - root - ERROR - Evaluated LSF:
2026-03-26 16:06:13,317 - root - ERROR - [nan nan nan nan nan nan nan nan nan nan nan nan nan nan nan nan nan nan
 nan nan nan nan nan nan nan nan nan nan nan nan nan nan nan nan nan nan
 nan nan nan nan nan nan nan nan nan nan nan nan nan nan nan nan nan nan
 nan nan nan nan nan nan nan nan nan nan nan nan nan nan nan nan nan nan
 nan]
2026-03-26 16:06:22,235 - root - ERROR - Chunk 296: No Data! Returning LmfitResult with None.
2026-03-26 16:06:25,686 - root - ERROR - NaN value detected in oversampled model function.
2026-03-26 16:06:25,688 - root - ERROR - <ParameterSet (values: 17)>
    cont_intercept  =  11916.486640558824
    cont_slope      =  -2.0363368544574483
    iod_depth       =  0.7397618349424985
    lsf_left_1      =  2.217344691243644
    lsf_left_2      =  -17.06412212415522
    lsf_left_3      =  6.385426226684132
    lsf_left_4      =  -1.4578971540427563
    lsf_left_5      =  0.31591243574762384
    lsf_right1      =  8.82329959869589
    lsf_right2      =  -17.419825523393623
    lsf_right3      =  6.5491835726880545
    lsf_right4      =  -3.9634971682022155
    lsf_right5      =  0.38603626637964605
    tem_depth       =  1.0145609929781751
    velocity        =  -3083.98413412641
    wave_intercept  =  5728.389674075544
    wave_slope      =  0.015275973012124423
2026-03-26 16:06:25,689 - root - ERROR - Evaluated LSF:
2026-03-26 16:06:25,690 - root - ERROR - [nan nan nan nan nan nan nan nan nan nan nan nan nan nan nan nan nan nan
 nan nan nan nan nan nan nan nan nan nan nan nan nan nan nan nan nan nan
 nan nan nan nan nan nan nan nan nan nan nan nan nan nan nan nan nan nan
 nan nan nan nan nan nan nan nan nan nan nan nan nan nan nan nan nan nan
 nan]
2026-03-26 16:06:32,159 - root - ERROR - Chunk 357: No Data! Returning LmfitResult with None.
2026-03-26 16:06:33,456 - root - ERROR - Chunk 366: No Data! Returning LmfitResult with None.
2026-03-26 16:06:36,503 - root - ERROR - NaN value detected in oversampled model function.
2026-03-26 16:06:36,507 - root - ERROR - <ParameterSet (values: 17)>
    cont_intercept  =  12011.673729087284
    cont_slope      =  4.339712251104871
    iod_depth       =  0.9194998480599506
    lsf_left_1      =  2.4383819116899197
    lsf_left_2      =  -19.333835690230615
    lsf_left_3      =  4.263542534457774
    lsf_left_4      =  -3.7761893367454302
    lsf_left_5      =  1.1753575686691518
    lsf_right1      =  3.332939558898179
    lsf_right2      =  -19.052429501381855
    lsf_right3      =  1.8620175625130124
    lsf_right4      =  -1.6072555155660586
    lsf_right5      =  0.2727245132610959
    tem_depth       =  0.9004849715796797
    velocity        =  -3181.9992028255015
    wave_intercept  =  5872.150598218025
    wave_slope      =  0.017340329429894125
2026-03-26 16:06:36,509 - root - ERROR - Evaluated LSF:
2026-03-26 16:06:36,510 - root - ERROR - [nan nan nan nan nan nan nan nan nan nan nan nan nan nan nan nan nan nan
 nan nan nan nan nan nan nan nan nan nan nan nan nan nan nan nan nan nan
 nan nan nan nan nan nan nan nan nan nan nan nan nan nan nan nan nan nan
 nan nan nan nan nan nan nan nan nan nan nan nan nan nan nan nan nan nan
 nan]
2026-03-26 16:06:36,538 - root - ERROR - NaN value detected in oversampled model function.
2026-03-26 16:06:36,540 - root - ERROR - <ParameterSet (values: 17)>
    cont_intercept  =  12608.440496763667
    cont_slope      =  1.6168526903413258
    iod_depth       =  0.5090635013261856
    lsf_left_1      =  2.656646263965553
    lsf_left_2      =  -13.633791306047888
    lsf_left_3      =  5.28556327582331
    lsf_left_4      =  -2.4466808402847326
    lsf_left_5      =  0.15843095580773559
    lsf_right1      =  5.8279045113038475
    lsf_right2      =  -19.335956153356083
    lsf_right3      =  1.1786575010245306
    lsf_right4      =  -3.88510319979871
    lsf_right5      =  0.2738721278503522
    tem_depth       =  1.1475151118197597
    velocity        =  -124.91246206274752
    wave_intercept  =  5874.395148335867
    wave_slope      =  0.017169425372719857
2026-03-26 16:06:36,541 - root - ERROR - Evaluated LSF:
2026-03-26 16:06:36,542 - root - ERROR - [nan nan nan nan nan nan nan nan nan nan nan nan nan nan nan nan nan nan
 nan nan nan nan nan nan nan nan nan nan nan nan nan nan nan nan nan nan
 nan nan nan nan nan nan nan nan nan nan nan nan nan nan nan nan nan nan
 nan nan nan nan nan nan nan nan nan nan nan nan nan nan nan nan nan nan
 nan]
2026-03-26 16:06:40,500 - root - ERROR - NaN value detected in oversampled model function.
2026-03-26 16:06:40,501 - root - ERROR - <ParameterSet (values: 17)>
    cont_intercept  =  11377.831855781886
    cont_slope      =  4.480519587569124
    iod_depth       =  0.872334896944409
    lsf_left_1      =  2.3367969280482446
    lsf_left_2      =  -18.33291001816345
    lsf_left_3      =  3.1241349070580666
    lsf_left_4      =  -3.8045719989525404
    lsf_left_5      =  0.7470668999552004
    lsf_right1      =  3.561084104059952
    lsf_right2      =  -19.334453370946697
    lsf_right3      =  2.59371480500921
    lsf_right4      =  -3.925576920035106
    lsf_right5      =  0.8393253523304923
    tem_depth       =  1.0494151630309172
    velocity        =  -2863.2310016812703
    wave_intercept  =  5929.169300369792
    wave_slope      =  0.017509508421744324
2026-03-26 16:06:40,503 - root - ERROR - Evaluated LSF:
2026-03-26 16:06:40,504 - root - ERROR - [nan nan nan nan nan nan nan nan nan nan nan nan nan nan nan nan nan nan
 nan nan nan nan nan nan nan nan nan nan nan nan nan nan nan nan nan nan
 nan nan nan nan nan nan nan nan nan nan nan nan nan nan nan nan nan nan
 nan nan nan nan nan nan nan nan nan nan nan nan nan nan nan nan nan nan
 nan]
2026-03-26 16:06:41,055 - root - ERROR - NaN value detected in oversampled model function.
2026-03-26 16:06:41,057 - root - ERROR - <ParameterSet (values: 17)>
    cont_intercept  =  14041.013854490902
    cont_slope      =  -11.20182965677996
    iod_depth       =  0.7393867873303746
    lsf_left_1      =  4.465140325183469
    lsf_left_2      =  -18.95907964631523
    lsf_left_3      =  7.933454376033357
    lsf_left_4      =  -2.2452660430555333
    lsf_left_5      =  0.5026150907540186
    lsf_right1      =  2.1735581995600977
    lsf_right2      =  -19.271038520437074
    lsf_right3      =  3.7980603407512845
    lsf_right4      =  -3.7954766337440993
    lsf_right5      =  0.1354315243436655
    tem_depth       =  -0.36498166712680413
    velocity        =  -16538.999813442857
    wave_intercept  =  5940.278041915062
    wave_slope      =  0.01668424595004706
2026-03-26 16:06:41,058 - root - ERROR - Evaluated LSF:
2026-03-26 16:06:41,059 - root - ERROR - [nan nan nan nan nan nan nan nan nan nan nan nan nan nan nan nan nan nan
 nan nan nan nan nan nan nan nan nan nan nan nan nan nan nan nan nan nan
 nan nan nan nan nan nan nan nan nan nan nan nan nan nan nan nan nan nan
 nan nan nan nan nan nan nan nan nan nan nan nan nan nan nan nan nan nan
 nan]
2026-03-26 16:06:41,310 - root - ERROR - NaN value detected in oversampled model function.
2026-03-26 16:06:41,312 - root - ERROR - <ParameterSet (values: 17)>
    cont_intercept  =  14188.798462843764
    cont_slope      =  -1.3039037447755104
    iod_depth       =  0.6500794681921761
    lsf_left_1      =  2.323398676256121
    lsf_left_2      =  -16.632350375934333
    lsf_left_3      =  1.3052776964402566
    lsf_left_4      =  -3.884811847010182
    lsf_left_5      =  1.037956539927061
    lsf_right1      =  2.2634420919679266
    lsf_right2      =  -17.11003107522285
    lsf_right3      =  9.1092253618512
    lsf_right4      =  -3.6274967365364725
    lsf_right5      =  1.156537453154988
    tem_depth       =  -0.2585571846376954
    velocity        =  -11705.759042868309
    wave_intercept  =  5944.5742068009295
    wave_slope      =  0.016407663891863503
2026-03-26 16:06:41,313 - root - ERROR - Evaluated LSF:
2026-03-26 16:06:41,314 - root - ERROR - [nan nan nan nan nan nan nan nan nan nan nan nan nan nan nan nan nan nan
 nan nan nan nan nan nan nan nan nan nan nan nan nan nan nan nan nan nan
 nan nan nan nan nan nan nan nan nan nan nan nan nan nan nan nan nan nan
 nan nan nan nan nan nan nan nan nan nan nan nan nan nan nan nan nan nan
 nan]
2026-03-26 16:06:41,509 - root - ERROR - NaN value detected in oversampled model function.
2026-03-26 16:06:41,511 - root - ERROR - <ParameterSet (values: 17)>
    cont_intercept  =  13715.52530437199
    cont_slope      =  -1.1305915092863588
    iod_depth       =  0.8395622844180926
    lsf_left_1      =  8.730322720732648
    lsf_left_2      =  -17.545833309431945
    lsf_left_3      =  8.832541571611891
    lsf_left_4      =  -3.8475104450661344
    lsf_left_5      =  1.1278442705555296
    lsf_right1      =  2.1519324486736746
    lsf_right2      =  -12.525116365645896
    lsf_right3      =  1.5887218259941172
    lsf_right4      =  -3.0341541211657423
    lsf_right5      =  0.47561095373912393
    tem_depth       =  1.0745104638381149
    velocity        =  -2388.8005688800868
    wave_intercept  =  5948.773791874774
    wave_slope      =  0.016032918961502846
2026-03-26 16:06:41,512 - root - ERROR - Evaluated LSF:
2026-03-26 16:06:41,513 - root - ERROR - [nan nan nan nan nan nan nan nan nan nan nan nan nan nan nan nan nan nan
 nan nan nan nan nan nan nan nan nan nan nan nan nan nan nan nan nan nan
 nan nan nan nan nan nan nan nan nan nan nan nan nan nan nan nan nan nan
 nan nan nan nan nan nan nan nan nan nan nan nan nan nan nan nan nan nan
 nan]
2026-03-26 16:06:43,586 - root - ERROR - NaN value detected in oversampled model function.
2026-03-26 16:06:43,588 - root - ERROR - <ParameterSet (values: 17)>
    cont_intercept  =  8412.02342479624
    cont_slope      =  6.838235177267322
    iod_depth       =  0.7713093722047001
    lsf_left_1      =  5.19572279590971
    lsf_left_2      =  -19.273536830212294
    lsf_left_3      =  3.9532596272655547
    lsf_left_4      =  -3.9681304353534923
    lsf_left_5      =  0.8956147939803228
    lsf_right1      =  2.5320609964070164
    lsf_right2      =  -14.03666976888847
    lsf_right3      =  3.751227367266024
    lsf_right4      =  -3.717720468257608
    lsf_right5      =  0.9442514979053104
    tem_depth       =  0.9925418692772114
    velocity        =  -3030.3738700738813
    wave_intercept  =  5975.4915284190365
    wave_slope      =  0.018503297949513185
2026-03-26 16:06:43,589 - root - ERROR - Evaluated LSF:
2026-03-26 16:06:43,590 - root - ERROR - [nan nan nan nan nan nan nan nan nan nan nan nan nan nan nan nan nan nan
 nan nan nan nan nan nan nan nan nan nan nan nan nan nan nan nan nan nan
 nan nan nan nan nan nan nan nan nan nan nan nan nan nan nan nan nan nan
 nan nan nan nan nan nan nan nan nan nan nan nan nan nan nan nan nan nan
 nan]
2026-03-26 16:06:43,607 - root - ERROR - NaN value detected in oversampled model function.
2026-03-26 16:06:43,609 - root - ERROR - <ParameterSet (values: 17)>
    cont_intercept  =  9052.531506358599
    cont_slope      =  7.473755539270042
    iod_depth       =  0.7752012393793462
    lsf_left_1      =  2.533291370626845
    lsf_left_2      =  -7.696429134744397
    lsf_left_3      =  1.7984055066191056
    lsf_left_4      =  -1.859582356332893
    lsf_left_5      =  0.894569255569208
    lsf_right1      =  6.175348918940133
    lsf_right2      =  -18.24819068756087
    lsf_right3      =  9.899121393453429
    lsf_right4      =  -3.204385830214484
    lsf_right5      =  0.6728647957974664
    tem_depth       =  1.029380491674557
    velocity        =  -2737.737354977424
    wave_intercept  =  5977.903816940227
    wave_slope      =  0.01854038833822422
2026-03-26 16:06:43,610 - root - ERROR - Evaluated LSF:
2026-03-26 16:06:43,611 - root - ERROR - [nan nan nan nan nan nan nan nan nan nan nan nan nan nan nan nan nan nan
 nan nan nan nan nan nan nan nan nan nan nan nan nan nan nan nan nan nan
 nan nan nan nan nan nan nan nan nan nan nan nan nan nan nan nan nan nan
 nan nan nan nan nan nan nan nan nan nan nan nan nan nan nan nan nan nan
 nan]
2026-03-26 16:06:44,438 - root - ERROR - NaN value detected in oversampled model function.
2026-03-26 16:06:44,440 - root - ERROR - <ParameterSet (values: 17)>
    cont_intercept  =  13182.897673272051
    cont_slope      =  6.581702159969959
    iod_depth       =  0.9951084050080274
    lsf_left_1      =  4.136568834269649
    lsf_left_2      =  -19.260772487226934
    lsf_left_3      =  6.117258120665444
    lsf_left_4      =  -2.9033450564793766
    lsf_left_5      =  0.30636189090313226
    lsf_right1      =  2.241392106994788
    lsf_right2      =  -19.309111161693732
    lsf_right3      =  10.100645587150913
    lsf_right4      =  -3.9639826303532275
    lsf_right5      =  0.504047373081221
    tem_depth       =  0.20932899844445801
    velocity        =  -5862.179916509669
    wave_intercept  =  5991.848419547334
    wave_slope      =  0.017213223564015594
2026-03-26 16:06:44,441 - root - ERROR - Evaluated LSF:
2026-03-26 16:06:44,442 - root - ERROR - [nan nan nan nan nan nan nan nan nan nan nan nan nan nan nan nan nan nan
 nan nan nan nan nan nan nan nan nan nan nan nan nan nan nan nan nan nan
 nan nan nan nan nan nan nan nan nan nan nan nan nan nan nan nan nan nan
 nan nan nan nan nan nan nan nan nan nan nan nan nan nan nan nan nan nan
 nan]
2026-03-26 16:06:44,467 - root - ERROR - NaN value detected in oversampled model function.
2026-03-26 16:06:44,469 - root - ERROR - <ParameterSet (values: 17)>
    cont_intercept  =  12764.547471241216
    cont_slope      =  2.946667412694431
    iod_depth       =  1.098627934714839
    lsf_left_1      =  2.305398563767456
    lsf_left_2      =  -19.186109259618608
    lsf_left_3      =  1.4366747436946559
    lsf_left_4      =  -3.9691752394331554
    lsf_left_5      =  1.134433219851373
    lsf_right1      =  8.798023618382294
    lsf_right2      =  -19.038008258895047
    lsf_right3      =  10.30018719723101
    lsf_right4      =  -3.0249957771236904
    lsf_right5      =  0.23491062364680715
    tem_depth       =  -0.05013319279333234
    velocity        =  -8833.91378551907
    wave_intercept  =  5994.078558013285
    wave_slope      =  0.017160515953676448
2026-03-26 16:06:44,470 - root - ERROR - Evaluated LSF:
2026-03-26 16:06:44,471 - root - ERROR - [nan nan nan nan nan nan nan nan nan nan nan nan nan nan nan nan nan nan
 nan nan nan nan nan nan nan nan nan nan nan nan nan nan nan nan nan nan
 nan nan nan nan nan nan nan nan nan nan nan nan nan nan nan nan nan nan
 nan nan nan nan nan nan nan nan nan nan nan nan nan nan nan nan nan nan
 nan]
2026-03-26 16:06:47,952 - root - ERROR - NaN value detected in oversampled model function.
2026-03-26 16:06:47,957 - root - ERROR - <ParameterSet (values: 17)>
    cont_intercept  =  11801.49502822518
    cont_slope      =  3.4340681209241986
    iod_depth       =  0.8740786421095327
    lsf_left_1      =  2.1400394750408034
    lsf_left_2      =  -14.295751554985621
    lsf_left_3      =  1.622057995304947
    lsf_left_4      =  -0.900299238120144
    lsf_left_5      =  0.14803897390480475
    lsf_right1      =  6.986463717477919
    lsf_right2      =  -18.95241224877972
    lsf_right3      =  4.7170438426243315
    lsf_right4      =  -3.9681342703261397
    lsf_right5      =  0.6446267513483752
    tem_depth       =  -0.038035860407765854
    velocity        =  -10202.589961806561
    wave_intercept  =  6044.24483893724
    wave_slope      =  0.01810426070144058
2026-03-26 16:06:47,963 - root - ERROR - Evaluated LSF:
2026-03-26 16:06:47,965 - root - ERROR - [nan nan nan nan nan nan nan nan nan nan nan nan nan nan nan nan nan nan
 nan nan nan nan nan nan nan nan nan nan nan nan nan nan nan nan nan nan
 nan nan nan nan nan nan nan nan nan nan nan nan nan nan nan nan nan nan
 nan nan nan nan nan nan nan nan nan nan nan nan nan nan nan nan nan nan
 nan]
2026-03-26 16:06:47,988 - root - ERROR - NaN value detected in oversampled model function.
2026-03-26 16:06:47,991 - root - ERROR - <ParameterSet (values: 17)>
    cont_intercept  =  12549.216722556452
    cont_slope      =  3.2648632555410995
    iod_depth       =  0.7707884151156094
    lsf_left_1      =  2.3753640740180715
    lsf_left_2      =  -9.71310790665949
    lsf_left_3      =  6.966052985031161
    lsf_left_4      =  -3.8017599672368716
    lsf_left_5      =  1.1570726206718067
    lsf_right1      =  5.518233667189255
    lsf_right2      =  -13.916550929759776
    lsf_right3      =  1.2760879320832645
    lsf_right4      =  -3.9021101648156553
    lsf_right5      =  1.141297777105025
    tem_depth       =  0.6995771813649352
    velocity        =  -5742.0158166426845
    wave_intercept  =  6046.569981991719
    wave_slope      =  0.01790533991817481
2026-03-26 16:06:47,992 - root - ERROR - Evaluated LSF:
2026-03-26 16:06:47,994 - root - ERROR - [nan nan nan nan nan nan nan nan nan nan nan nan nan nan nan nan nan nan
 nan nan nan nan nan nan nan nan nan nan nan nan nan nan nan nan nan nan
 nan nan nan nan nan nan nan nan nan nan nan nan nan nan nan nan nan nan
 nan nan nan nan nan nan nan nan nan nan nan nan nan nan nan nan nan nan
 nan]
2026-03-26 16:06:48,350 - root - ERROR - NaN value detected in oversampled model function.
2026-03-26 16:06:48,352 - root - ERROR - <ParameterSet (values: 17)>
    cont_intercept  =  13938.043784578604
    cont_slope      =  1.4177527082822743
    iod_depth       =  0.6775325304603813
    lsf_left_1      =  5.567816570663298
    lsf_left_2      =  -19.312323722684642
    lsf_left_3      =  1.2119479977452845
    lsf_left_4      =  -2.454565895421934
    lsf_left_5      =  0.1348729422521101
    lsf_right1      =  5.244466239299195
    lsf_right2      =  -9.683465547414603
    lsf_right3      =  3.6324389295954567
    lsf_right4      =  -2.9573730927424577
    lsf_right5      =  0.9264324761648125
    tem_depth       =  0.9943703989377504
    velocity        =  -3039.8554888822628
    wave_intercept  =  6055.67983081402
    wave_slope      =  0.017226758858972284
2026-03-26 16:06:48,354 - root - ERROR - Evaluated LSF:
2026-03-26 16:06:48,355 - root - ERROR - [nan nan nan nan nan nan nan nan nan nan nan nan nan nan nan nan nan nan
 nan nan nan nan nan nan nan nan nan nan nan nan nan nan nan nan nan nan
 nan nan nan nan nan nan nan nan nan nan nan nan nan nan nan nan nan nan
 nan nan nan nan nan nan nan nan nan nan nan nan nan nan nan nan nan nan
 nan]
2026-03-26 16:06:49,679 - root - ERROR - Chunk 470: No Data! Returning LmfitResult with None.
2026-03-26 16:06:50,789 - root - ERROR - NaN value detected in oversampled model function.
2026-03-26 16:06:50,791 - root - ERROR - <ParameterSet (values: 17)>
    cont_intercept  =  9931.786387698568
    cont_slope      =  5.4277607421205625
    iod_depth       =  0.8850165491881297
    lsf_left_1      =  4.623143015758229
    lsf_left_2      =  -19.14828038790513
    lsf_left_3      =  2.0075282393657035
    lsf_left_4      =  -3.8875594840144077
    lsf_left_5      =  1.1532853607647628
    lsf_right1      =  2.228814872945454
    lsf_right2      =  -5.843494656876759
    lsf_right3      =  1.3329961964642874
    lsf_right4      =  -3.5174626308435717
    lsf_right5      =  0.2350264796692232
    tem_depth       =  0.9782073103005582
    velocity        =  -2909.2875741597622
    wave_intercept  =  6097.456571335862
    wave_slope      =  0.018761654157961542
2026-03-26 16:06:50,792 - root - ERROR - Evaluated LSF:
2026-03-26 16:06:50,793 - root - ERROR - [nan nan nan nan nan nan nan nan nan nan nan nan nan nan nan nan nan nan
 nan nan nan nan nan nan nan nan nan nan nan nan nan nan nan nan nan nan
 nan nan nan nan nan nan nan nan nan nan nan nan nan nan nan nan nan nan
 nan nan nan nan nan nan nan nan nan nan nan nan nan nan nan nan nan nan
 nan]
2026-03-26 16:06:51,099 - root - ERROR - NaN value detected in oversampled model function.
2026-03-26 16:06:51,101 - root - ERROR - <ParameterSet (values: 17)>
    cont_intercept  =  11500.501659626349
    cont_slope      =  4.588901831651845
    iod_depth       =  0.5970389277407182
    lsf_left_1      =  2.222217820502364
    lsf_left_2      =  -19.025308761405
    lsf_left_3      =  2.4670111511820743
    lsf_left_4      =  -2.772405181830731
    lsf_left_5      =  1.1835905680212104
    lsf_right1      =  11.252299066225321
    lsf_right2      =  -18.147294144275186
    lsf_right3      =  3.4381507492487904
    lsf_right4      =  -3.0134354714031852
    lsf_right5      =  0.1687153451028314
    tem_depth       =  0.9720147526442393
    velocity        =  -3346.7973654876364
    wave_intercept  =  6104.694276861833
    wave_slope      =  0.01836721263477674
2026-03-26 16:06:51,102 - root - ERROR - Evaluated LSF:
2026-03-26 16:06:51,103 - root - ERROR - [nan nan nan nan nan nan nan nan nan nan nan nan nan nan nan nan nan nan
 nan nan nan nan nan nan nan nan nan nan nan nan nan nan nan nan nan nan
 nan nan nan nan nan nan nan nan nan nan nan nan nan nan nan nan nan nan
 nan nan nan nan nan nan nan nan nan nan nan nan nan nan nan nan nan nan
 nan]
2026-03-26 16:06:51,315 - root - ERROR - NaN value detected in oversampled model function.
2026-03-26 16:06:51,317 - root - ERROR - <ParameterSet (values: 17)>
    cont_intercept  =  13036.028327555274
    cont_slope      =  5.8622363374673085
    iod_depth       =  0.4474999259916671
    lsf_left_1      =  9.408599761922737
    lsf_left_2      =  -19.30910128202937
    lsf_left_3      =  4.137132281117658
    lsf_left_4      =  -2.639590486425422
    lsf_left_5      =  0.6832278853783758
    lsf_right1      =  4.884254625543228
    lsf_right2      =  -19.09171472085847
    lsf_right3      =  1.408441702487675
    lsf_right4      =  -3.96807942702518
    lsf_right5      =  0.3492139968140161
    tem_depth       =  0.9499311138164994
    velocity        =  -3963.3373498521405
    wave_intercept  =  6109.350100866231
    wave_slope      =  0.018101051443124735
2026-03-26 16:06:51,319 - root - ERROR - Evaluated LSF:
2026-03-26 16:06:51,323 - root - ERROR - [nan nan nan nan nan nan nan nan nan nan nan nan nan nan nan nan nan nan
 nan nan nan nan nan nan nan nan nan nan nan nan nan nan nan nan nan nan
 nan nan nan nan nan nan nan nan nan nan nan nan nan nan nan nan nan nan
 nan nan nan nan nan nan nan nan nan nan nan nan nan nan nan nan nan nan
 nan]
2026-03-26 16:06:51,659 - root - ERROR - NaN value detected in oversampled model function.
2026-03-26 16:06:51,665 - root - ERROR - <ParameterSet (values: 17)>
    cont_intercept  =  14361.600669181174
    cont_slope      =  2.090412781881268
    iod_depth       =  0.8459486676815602
    lsf_left_1      =  6.294266440404075
    lsf_left_2      =  -16.832502552814624
    lsf_left_3      =  1.317066276840797
    lsf_left_4      =  -3.964205324653102
    lsf_left_5      =  0.18418719253363725
    lsf_right1      =  2.30263857952297
    lsf_right2      =  -10.64250141636443
    lsf_right3      =  2.458221917095107
    lsf_right4      =  -1.7075557493531845
    lsf_right5      =  0.7415955091069222
    tem_depth       =  -0.44255856806318555
    velocity        =  -15961.95081849352
    wave_intercept  =  6118.486816356046
    wave_slope      =  0.017071195600829637
2026-03-26 16:06:51,667 - root - ERROR - Evaluated LSF:
2026-03-26 16:06:51,669 - root - ERROR - [nan nan nan nan nan nan nan nan nan nan nan nan nan nan nan nan nan nan
 nan nan nan nan nan nan nan nan nan nan nan nan nan nan nan nan nan nan
 nan nan nan nan nan nan nan nan nan nan nan nan nan nan nan nan nan nan
 nan nan nan nan nan nan nan nan nan nan nan nan nan nan nan nan nan nan
 nan]
2026-03-26 16:06:51,814 - root - ERROR - NaN value detected in oversampled model function.
2026-03-26 16:06:51,816 - root - ERROR - <ParameterSet (values: 17)>
    cont_intercept  =  12944.219974523374
    cont_slope      =  -1.2019496034066337
    iod_depth       =  0.6704477633319388
    lsf_left_1      =  6.526603475637626
    lsf_left_2      =  -19.221250715511495
    lsf_left_3      =  1.9244668866451637
    lsf_left_4      =  -2.9796760711857235
    lsf_left_5      =  1.0042100416108428
    lsf_right1      =  2.23958258263157
    lsf_right2      =  -8.865450680400253
    lsf_right3      =  1.2582264446230513
    lsf_right4      =  -2.8718980669866383
    lsf_right5      =  0.7394820499514962
    tem_depth       =  0.9874171903384596
    velocity        =  -2586.0042866040135
    wave_intercept  =  6122.9109402044705
    wave_slope      =  0.0168797939141774
2026-03-26 16:06:51,817 - root - ERROR - Evaluated LSF:
2026-03-26 16:06:51,818 - root - ERROR - [nan nan nan nan nan nan nan nan nan nan nan nan nan nan nan nan nan nan
 nan nan nan nan nan nan nan nan nan nan nan nan nan nan nan nan nan nan
 nan nan nan nan nan nan nan nan nan nan nan nan nan nan nan nan nan nan
 nan nan nan nan nan nan nan nan nan nan nan nan nan nan nan nan nan nan
 nan]
2026-03-26 16:06:54,025 - root - ERROR - NaN value detected in oversampled model function.
2026-03-26 16:06:54,027 - root - ERROR - <ParameterSet (values: 17)>
    cont_intercept  =  9817.699754486548
    cont_slope      =  5.899694221529941
    iod_depth       =  0.6392102380268673
    lsf_left_1      =  3.5092675200047285
    lsf_left_2      =  -18.825036865796836
    lsf_left_3      =  6.096200761701499
    lsf_left_4      =  -3.3645024168678854
    lsf_left_5      =  1.1841928619020592
    lsf_right1      =  2.4033130049402343
    lsf_right2      =  -13.210928904300761
    lsf_right3      =  1.4000997090677914
    lsf_right4      =  -2.57572875739248
    lsf_right5      =  0.15708929102230829
    tem_depth       =  0.864471478819362
    velocity        =  -2478.905243676854
    wave_intercept  =  6159.05723245371
    wave_slope      =  0.018953680701370452
2026-03-26 16:06:54,028 - root - ERROR - Evaluated LSF:
2026-03-26 16:06:54,030 - root - ERROR - [nan nan nan nan nan nan nan nan nan nan nan nan nan nan nan nan nan nan
 nan nan nan nan nan nan nan nan nan nan nan nan nan nan nan nan nan nan
 nan nan nan nan nan nan nan nan nan nan nan nan nan nan nan nan nan nan
 nan nan nan nan nan nan nan nan nan nan nan nan nan nan nan nan nan nan
 nan]
2026-03-26 16:06:54,058 - root - ERROR - NaN value detected in oversampled model function.
2026-03-26 16:06:54,085 - root - ERROR - <ParameterSet (values: 17)>
    cont_intercept  =  9399.018284191945
    cont_slope      =  5.623083709791679
    iod_depth       =  0.44683449988432217
    lsf_left_1      =  5.934598305227857
    lsf_left_2      =  -17.976863644999707
    lsf_left_3      =  1.159022049635838
    lsf_left_4      =  -0.7332579684917278
    lsf_left_5      =  0.6738747605173122
    lsf_right1      =  4.469627748446088
    lsf_right2      =  -15.74001689432176
    lsf_right3      =  1.262978662015799
    lsf_right4      =  -0.7684868577366992
    lsf_right5      =  0.13321913606020794
    tem_depth       =  0.9866514629290591
    velocity        =  -3000.138760182817
    wave_intercept  =  6161.513156723841
    wave_slope      =  0.01877364677671956
2026-03-26 16:06:54,090 - root - ERROR - Evaluated LSF:
2026-03-26 16:06:54,098 - root - ERROR - [nan nan nan nan nan nan nan nan nan nan nan nan nan nan nan nan nan nan
 nan nan nan nan nan nan nan nan nan nan nan nan nan nan nan nan nan nan
 nan nan nan nan nan nan nan nan nan nan nan nan nan nan nan nan nan nan
 nan nan nan nan nan nan nan nan nan nan nan nan nan nan nan nan nan nan
 nan]
2026-03-26 16:06:54,116 - root - ERROR - NaN value detected in oversampled model function.
2026-03-26 16:06:54,120 - root - ERROR - <ParameterSet (values: 17)>
    cont_intercept  =  10019.63245513891
    cont_slope      =  3.923728277505605
    iod_depth       =  0.5485623924352967
    lsf_left_1      =  2.4586720141986165
    lsf_left_2      =  -18.333422434603023
    lsf_left_3      =  5.2879951790219595
    lsf_left_4      =  -3.9100755579014543
    lsf_left_5      =  0.24125565640842322
    lsf_right1      =  2.684457232832462
    lsf_right2      =  -19.223318466884017
    lsf_right3      =  1.984123940436548
    lsf_right4      =  -1.233218573129804
    lsf_right5      =  0.1498361426088143
    tem_depth       =  0.9723724496288877
    velocity        =  -2538.557766894121
    wave_intercept  =  6163.935429662532
    wave_slope      =  0.01858915697711688
2026-03-26 16:06:54,122 - root - ERROR - Evaluated LSF:
2026-03-26 16:06:54,124 - root - ERROR - [nan nan nan nan nan nan nan nan nan nan nan nan nan nan nan nan nan nan
 nan nan nan nan nan nan nan nan nan nan nan nan nan nan nan nan nan nan
 nan nan nan nan nan nan nan nan nan nan nan nan nan nan nan nan nan nan
 nan nan nan nan nan nan nan nan nan nan nan nan nan nan nan nan nan nan
 nan]
2026-03-26 16:06:55,723 - root - ERROR - NaN value detected in oversampled model function.
2026-03-26 16:06:55,725 - root - ERROR - <ParameterSet (values: 17)>
    cont_intercept  =  12950.573514134618
    cont_slope      =  -1.5459942139732112
    iod_depth       =  0.9704040059339826
    lsf_left_1      =  8.670643991598741
    lsf_left_2      =  -18.12598156496085
    lsf_left_3      =  2.45165337173962
    lsf_left_4      =  -1.3894151966606745
    lsf_left_5      =  0.8245670685492246
    lsf_right1      =  5.027365476373269
    lsf_right2      =  -14.704998717005473
    lsf_right3      =  4.881081222650653
    lsf_right4      =  -3.6067214993366816
    lsf_right5      =  0.9541020637546958
    tem_depth       =  1.1427928085449561
    velocity        =  -7081.350884153165
    wave_intercept  =  6193.405899059046
    wave_slope      =  0.016312189859073567
2026-03-26 16:06:55,726 - root - ERROR - Evaluated LSF:
2026-03-26 16:06:55,727 - root - ERROR - [nan nan nan nan nan nan nan nan nan nan nan nan nan nan nan nan nan nan
 nan nan nan nan nan nan nan nan nan nan nan nan nan nan nan nan nan nan
 nan nan nan nan nan nan nan nan nan nan nan nan nan nan nan nan nan nan
 nan nan nan nan nan nan nan nan nan nan nan nan nan nan nan nan nan nan
 nan]
2026-03-26 16:06:59,020 - root - ERROR - Chunk 537: No Data! Returning LmfitResult with None.
2026-03-26 16:07:00,119 - root - ERROR - Chunk 544: No Data! Returning LmfitResult with None.
2026-03-26 16:07:02,795 - root - ERROR - NaN value detected in oversampled model function.
2026-03-26 16:07:02,797 - root - ERROR - <ParameterSet (values: 17)>
    cont_intercept  =  14152.165717723607
    cont_slope      =  -6.268540896805348
    iod_depth       =  0.7490032537289606
    lsf_left_1      =  7.792055546821002
    lsf_left_2      =  -19.10961250325671
    lsf_left_3      =  2.1933427377700383
    lsf_left_4      =  -0.6606498181529692
    lsf_left_5      =  0.13975134343089987
    lsf_right1      =  2.3969339853868874
    lsf_right2      =  -8.79619102851653
    lsf_right3      =  3.3385131573816444
    lsf_right4      =  -3.765041629405763
    lsf_right5      =  1.1981007222413977
    tem_depth       =  -0.48732180222252974
    velocity        =  -10892.390310233037
    wave_intercept  =  6305.450928302898
    wave_slope      =  0.018190229906624698
2026-03-26 16:07:02,798 - root - ERROR - Evaluated LSF:
2026-03-26 16:07:02,799 - root - ERROR - [nan nan nan nan nan nan nan nan nan nan nan nan nan nan nan nan nan nan
 nan nan nan nan nan nan nan nan nan nan nan nan nan nan nan nan nan nan
 nan nan nan nan nan nan nan nan nan nan nan nan nan nan nan nan nan nan
 nan nan nan nan nan nan nan nan nan nan nan nan nan nan nan nan nan nan
 nan]
2026-03-26 16:07:04,076 - root - ERROR - Chunk 569: No Data! Returning LmfitResult with None.
2026-03-26 16:07:04,078 - root - ERROR - Chunk 570: No Data! Returning LmfitResult with None.
2026-03-26 16:07:04,091 - root - ERROR - NaN value detected in oversampled model function.
2026-03-26 16:07:04,093 - root - ERROR - <ParameterSet (values: 17)>
    cont_intercept  =  12126.198151604474
    cont_slope      =  -4.502464319460571
    iod_depth       =  -0.0032452972155543325
    lsf_left_1      =  7.407747358668431
    lsf_left_2      =  -18.094914732745007
    lsf_left_3      =  9.761914708297212
    lsf_left_4      =  -3.954220755487718
    lsf_left_5      =  0.9121473640229292
    lsf_right1      =  7.245627997457412
    lsf_right2      =  -18.473932377707232
    lsf_right3      =  5.403443241812082
    lsf_right4      =  -1.8705985311957258
    lsf_right5      =  0.1706964842618112
    tem_depth       =  0.8244472271435961
    velocity        =  -2923.7755917366067
    wave_intercept  =  6327.533583729334
    wave_slope      =  0.015696239632702527
2026-03-26 16:07:04,095 - root - ERROR - Evaluated LSF:
2026-03-26 16:07:04,096 - root - ERROR - [nan nan nan nan nan nan nan nan nan nan nan nan nan nan nan nan nan nan
 nan nan nan nan nan nan nan nan nan nan nan nan nan nan nan nan nan nan
 nan nan nan nan nan nan nan nan nan nan nan nan nan nan nan nan nan nan
 nan nan nan nan nan nan nan nan nan nan nan nan nan nan nan nan nan nan
 nan]
2026-03-26 16:07:04,335 - root - ERROR - NaN value detected in oversampled model function.
2026-03-26 16:07:04,339 - root - ERROR - <ParameterSet (values: 17)>
    cont_intercept  =  10900.10841859204
    cont_slope      =  -5.933662186200503
    iod_depth       =  0.568033852431538
    lsf_left_1      =  2.1920795018521453
    lsf_left_2      =  -15.085742938662445
    lsf_left_3      =  5.521844344255752
    lsf_left_4      =  -1.8194088097809749
    lsf_left_5      =  0.49609846974363253
    lsf_right1      =  3.81771842225292
    lsf_right2      =  -10.590394598262977
    lsf_right3      =  6.207545385886169
    lsf_right4      =  -3.1789187674509374
    lsf_right5      =  0.2111211159232727
    tem_depth       =  0.9681604294134727
    velocity        =  311.7254392401011
    wave_intercept  =  6331.695154202179
    wave_slope      =  0.01518082496194029
2026-03-26 16:07:04,355 - root - ERROR - Evaluated LSF:
2026-03-26 16:07:04,367 - root - ERROR - [nan nan nan nan nan nan nan nan nan nan nan nan nan nan nan nan nan nan
 nan nan nan nan nan nan nan nan nan nan nan nan nan nan nan nan nan nan
 nan nan nan nan nan nan nan nan nan nan nan nan nan nan nan nan nan nan
 nan nan nan nan nan nan nan nan nan nan nan nan nan nan nan nan nan nan
 nan]
2026-03-26 16:07:04,402 - root - ERROR - NaN value detected in oversampled model function.
2026-03-26 16:07:04,404 - root - ERROR - <ParameterSet (values: 17)>
    cont_intercept  =  10484.425337689047
    cont_slope      =  -5.4520460614196224
    iod_depth       =  0.8375591460975137
    lsf_left_1      =  12.719106121326618
    lsf_left_2      =  -19.272900986064982
    lsf_left_3      =  2.815053318886367
    lsf_left_4      =  -3.894004733298176
    lsf_left_5      =  1.1868449757933728
    lsf_right1      =  2.1676398672126203
    lsf_right2      =  -19.258068128999835
    lsf_right3      =  1.2180356362033042
    lsf_right4      =  -0.7743143625739943
    lsf_right5      =  0.7417870101962808
    tem_depth       =  -0.029385040620325098
    velocity        =  -11715.121713119614
    wave_intercept  =  6333.697367236966
    wave_slope      =  0.015754563081589273
2026-03-26 16:07:04,406 - root - ERROR - Evaluated LSF:
2026-03-26 16:07:04,407 - root - ERROR - [nan nan nan nan nan nan nan nan nan nan nan nan nan nan nan nan nan nan
 nan nan nan nan nan nan nan nan nan nan nan nan nan nan nan nan nan nan
 nan nan nan nan nan nan nan nan nan nan nan nan nan nan nan nan nan nan
 nan nan nan nan nan nan nan nan nan nan nan nan nan nan nan nan nan nan
 nan]
