2026-03-10 10:34:22,451 - root - ERROR - Chunk 0: No Data! Returning LmfitResult with None.
2026-03-10 10:34:22,452 - root - ERROR - Chunk 1: No Data! Returning LmfitResult with None.
2026-03-10 10:34:22,453 - root - ERROR - Chunk 2: No Data! Returning LmfitResult with None.
2026-03-10 10:34:22,455 - root - ERROR - Chunk 3: No Data! Returning LmfitResult with None.
2026-03-10 10:34:22,456 - root - ERROR - Chunk 4: No Data! Returning LmfitResult with None.
2026-03-10 10:34:22,457 - root - ERROR - Chunk 5: No Data! Returning LmfitResult with None.
2026-03-10 10:34:22,458 - root - ERROR - Chunk 6: No Data! Returning LmfitResult with None.
2026-03-10 10:34:22,459 - root - ERROR - Chunk 7: No Data! Returning LmfitResult with None.
2026-03-10 10:34:22,460 - root - ERROR - Chunk 8: No Data! Returning LmfitResult with None.
2026-03-10 10:34:22,461 - root - ERROR - Chunk 9: No Data! Returning LmfitResult with None.
2026-03-10 10:34:22,462 - root - ERROR - Chunk 10: No Data! Returning LmfitResult with None.
2026-03-10 10:34:22,463 - root - ERROR - Chunk 11: No Data! Returning LmfitResult with None.
2026-03-10 10:34:22,464 - root - ERROR - Chunk 12: No Data! Returning LmfitResult with None.
2026-03-10 10:34:22,466 - root - ERROR - Chunk 13: No Data! Returning LmfitResult with None.
2026-03-10 10:34:22,468 - root - ERROR - Chunk 14: No Data! Returning LmfitResult with None.
2026-03-10 10:34:22,469 - root - ERROR - Chunk 15: No Data! Returning LmfitResult with None.
2026-03-10 10:34:22,470 - root - ERROR - Chunk 16: No Data! Returning LmfitResult with None.
2026-03-10 10:34:22,471 - root - ERROR - Chunk 17: No Data! Returning LmfitResult with None.
2026-03-10 10:34:22,472 - root - ERROR - Chunk 18: No Data! Returning LmfitResult with None.
2026-03-10 10:34:22,473 - root - ERROR - Chunk 19: No Data! Returning LmfitResult with None.
2026-03-10 10:34:22,474 - root - ERROR - Chunk 20: No Data! Returning LmfitResult with None.
2026-03-10 10:34:22,475 - root - ERROR - Chunk 21: No Data! Returning LmfitResult with None.
2026-03-10 10:34:22,476 - root - ERROR - Chunk 22: No Data! Returning LmfitResult with None.
2026-03-10 10:34:22,477 - root - ERROR - Chunk 23: No Data! Returning LmfitResult with None.
2026-03-10 10:34:22,484 - root - ERROR - Chunk 24: No Data! Returning LmfitResult with None.
2026-03-10 10:34:22,494 - root - ERROR - Chunk 25: No Data! Returning LmfitResult with None.
2026-03-10 10:34:22,495 - root - ERROR - Chunk 26: No Data! Returning LmfitResult with None.
2026-03-10 10:34:22,496 - root - ERROR - Chunk 27: No Data! Returning LmfitResult with None.
2026-03-10 10:34:22,497 - root - ERROR - Chunk 28: No Data! Returning LmfitResult with None.
2026-03-10 10:34:22,498 - root - ERROR - Chunk 29: No Data! Returning LmfitResult with None.
2026-03-10 10:34:22,499 - root - ERROR - Chunk 30: No Data! Returning LmfitResult with None.
2026-03-10 10:34:22,500 - root - ERROR - Chunk 31: No Data! Returning LmfitResult with None.
2026-03-10 10:34:22,502 - root - ERROR - Chunk 32: No Data! Returning LmfitResult with None.
2026-03-10 10:34:22,503 - root - ERROR - Chunk 33: No Data! Returning LmfitResult with None.
2026-03-10 10:34:22,506 - root - ERROR - Chunk 34: No Data! Returning LmfitResult with None.
2026-03-10 10:34:22,507 - root - ERROR - Chunk 35: No Data! Returning LmfitResult with None.
2026-03-10 10:34:22,508 - root - ERROR - Chunk 36: No Data! Returning LmfitResult with None.
2026-03-10 10:34:22,509 - root - ERROR - Chunk 37: No Data! Returning LmfitResult with None.
2026-03-10 10:34:22,510 - root - ERROR - Chunk 38: No Data! Returning LmfitResult with None.
2026-03-10 10:34:22,511 - root - ERROR - Chunk 39: No Data! Returning LmfitResult with None.
2026-03-10 10:34:22,512 - root - ERROR - Chunk 40: No Data! Returning LmfitResult with None.
2026-03-10 10:34:22,513 - root - ERROR - Chunk 41: No Data! Returning LmfitResult with None.
2026-03-10 10:34:22,514 - root - ERROR - Chunk 42: No Data! Returning LmfitResult with None.
2026-03-10 10:34:22,515 - root - ERROR - Chunk 43: No Data! Returning LmfitResult with None.
2026-03-10 10:34:22,516 - root - ERROR - Chunk 44: No Data! Returning LmfitResult with None.
2026-03-10 10:34:22,517 - root - ERROR - Chunk 45: No Data! Returning LmfitResult with None.
2026-03-10 10:34:22,518 - root - ERROR - Chunk 46: No Data! Returning LmfitResult with None.
2026-03-10 10:34:22,519 - root - ERROR - Chunk 47: No Data! Returning LmfitResult with None.
2026-03-10 10:34:22,520 - root - ERROR - Chunk 48: No Data! Returning LmfitResult with None.
2026-03-10 10:34:22,521 - root - ERROR - Chunk 49: No Data! Returning LmfitResult with None.
2026-03-10 10:34:22,523 - root - ERROR - Chunk 50: No Data! Returning LmfitResult with None.
2026-03-10 10:34:22,525 - root - ERROR - Chunk 51: No Data! Returning LmfitResult with None.
2026-03-10 10:34:22,525 - root - ERROR - Chunk 52: No Data! Returning LmfitResult with None.
2026-03-10 10:34:22,526 - root - ERROR - Chunk 53: No Data! Returning LmfitResult with None.
2026-03-10 10:34:22,527 - root - ERROR - Chunk 54: No Data! Returning LmfitResult with None.
2026-03-10 10:34:22,528 - root - ERROR - Chunk 55: No Data! Returning LmfitResult with None.
2026-03-10 10:34:22,529 - root - ERROR - Chunk 56: No Data! Returning LmfitResult with None.
2026-03-10 10:34:22,551 - root - ERROR - Chunk 57: No Data! Returning LmfitResult with None.
2026-03-10 10:34:22,566 - root - ERROR - Chunk 58: No Data! Returning LmfitResult with None.
2026-03-10 10:34:22,571 - root - ERROR - Chunk 59: No Data! Returning LmfitResult with None.
2026-03-10 10:34:22,579 - root - ERROR - Chunk 60: No Data! Returning LmfitResult with None.
2026-03-10 10:34:22,582 - root - ERROR - Chunk 61: No Data! Returning LmfitResult with None.
2026-03-10 10:34:22,584 - root - ERROR - Chunk 62: No Data! Returning LmfitResult with None.
2026-03-10 10:34:22,585 - root - ERROR - Chunk 63: No Data! Returning LmfitResult with None.
2026-03-10 10:34:22,588 - root - ERROR - Chunk 64: No Data! Returning LmfitResult with None.
2026-03-10 10:34:22,590 - root - ERROR - Chunk 65: No Data! Returning LmfitResult with None.
2026-03-10 10:34:22,604 - root - ERROR - Chunk 66: No Data! Returning LmfitResult with None.
2026-03-10 10:34:22,607 - root - ERROR - Chunk 67: No Data! Returning LmfitResult with None.
2026-03-10 10:34:22,609 - root - ERROR - Chunk 68: No Data! Returning LmfitResult with None.
2026-03-10 10:34:22,610 - root - ERROR - Chunk 69: No Data! Returning LmfitResult with None.
2026-03-10 10:34:22,611 - root - ERROR - Chunk 70: No Data! Returning LmfitResult with None.
2026-03-10 10:34:22,612 - root - ERROR - Chunk 71: No Data! Returning LmfitResult with None.
2026-03-10 10:34:22,613 - root - ERROR - Chunk 72: No Data! Returning LmfitResult with None.
2026-03-10 10:34:22,614 - root - ERROR - Chunk 73: No Data! Returning LmfitResult with None.
2026-03-10 10:34:22,615 - root - ERROR - Chunk 74: No Data! Returning LmfitResult with None.
2026-03-10 10:34:22,617 - root - ERROR - Chunk 75: No Data! Returning LmfitResult with None.
2026-03-10 10:34:22,618 - root - ERROR - Chunk 76: No Data! Returning LmfitResult with None.
2026-03-10 10:34:22,619 - root - ERROR - Chunk 77: No Data! Returning LmfitResult with None.
2026-03-10 10:34:22,620 - root - ERROR - Chunk 78: No Data! Returning LmfitResult with None.
2026-03-10 10:34:22,622 - root - ERROR - Chunk 79: No Data! Returning LmfitResult with None.
2026-03-10 10:34:22,623 - root - ERROR - Chunk 80: No Data! Returning LmfitResult with None.
2026-03-10 10:34:22,624 - root - ERROR - Chunk 81: No Data! Returning LmfitResult with None.
2026-03-10 10:34:22,626 - root - ERROR - Chunk 82: No Data! Returning LmfitResult with None.
2026-03-10 10:34:22,627 - root - ERROR - Chunk 83: No Data! Returning LmfitResult with None.
2026-03-10 10:34:22,628 - root - ERROR - Chunk 84: No Data! Returning LmfitResult with None.
2026-03-10 10:34:22,638 - root - ERROR - Chunk 85: No Data! Returning LmfitResult with None.
2026-03-10 10:34:22,658 - root - ERROR - Chunk 86: No Data! Returning LmfitResult with None.
2026-03-10 10:34:22,679 - root - ERROR - Chunk 87: No Data! Returning LmfitResult with None.
2026-03-10 10:34:22,690 - root - ERROR - Chunk 88: No Data! Returning LmfitResult with None.
2026-03-10 10:34:22,691 - root - ERROR - Chunk 89: No Data! Returning LmfitResult with None.
2026-03-10 10:34:22,691 - root - ERROR - Chunk 90: No Data! Returning LmfitResult with None.
2026-03-10 10:34:22,692 - root - ERROR - Chunk 91: No Data! Returning LmfitResult with None.
2026-03-10 10:34:22,693 - root - ERROR - Chunk 92: No Data! Returning LmfitResult with None.
2026-03-10 10:34:22,694 - root - ERROR - Chunk 93: No Data! Returning LmfitResult with None.
2026-03-10 10:34:22,695 - root - ERROR - Chunk 94: No Data! Returning LmfitResult with None.
2026-03-10 10:34:22,696 - root - ERROR - Chunk 95: No Data! Returning LmfitResult with None.
2026-03-10 10:34:22,697 - root - ERROR - Chunk 96: No Data! Returning LmfitResult with None.
2026-03-10 10:34:22,698 - root - ERROR - Chunk 97: No Data! Returning LmfitResult with None.
2026-03-10 10:34:22,699 - root - ERROR - Chunk 98: No Data! Returning LmfitResult with None.
2026-03-10 10:34:22,699 - root - ERROR - Chunk 99: No Data! Returning LmfitResult with None.
2026-03-10 10:34:22,700 - root - ERROR - Chunk 100: No Data! Returning LmfitResult with None.
2026-03-10 10:34:22,701 - root - ERROR - Chunk 101: No Data! Returning LmfitResult with None.
2026-03-10 10:34:22,702 - root - ERROR - Chunk 102: No Data! Returning LmfitResult with None.
2026-03-10 10:34:22,703 - root - ERROR - Chunk 103: No Data! Returning LmfitResult with None.
2026-03-10 10:34:22,704 - root - ERROR - Chunk 104: No Data! Returning LmfitResult with None.
2026-03-10 10:34:22,705 - root - ERROR - Chunk 105: No Data! Returning LmfitResult with None.
2026-03-10 10:34:22,706 - root - ERROR - Chunk 106: No Data! Returning LmfitResult with None.
2026-03-10 10:34:22,707 - root - ERROR - Chunk 107: No Data! Returning LmfitResult with None.
2026-03-10 10:34:22,708 - root - ERROR - Chunk 108: No Data! Returning LmfitResult with None.
2026-03-10 10:34:22,709 - root - ERROR - Chunk 109: No Data! Returning LmfitResult with None.
2026-03-10 10:34:22,710 - root - ERROR - Chunk 110: No Data! Returning LmfitResult with None.
2026-03-10 10:34:22,711 - root - ERROR - Chunk 111: No Data! Returning LmfitResult with None.
2026-03-10 10:34:22,712 - root - ERROR - Chunk 112: No Data! Returning LmfitResult with None.
2026-03-10 10:34:22,713 - root - ERROR - Chunk 113: No Data! Returning LmfitResult with None.
2026-03-10 10:34:22,714 - root - ERROR - Chunk 114: No Data! Returning LmfitResult with None.
2026-03-10 10:34:22,715 - root - ERROR - Chunk 115: No Data! Returning LmfitResult with None.
2026-03-10 10:34:22,716 - root - ERROR - Chunk 116: No Data! Returning LmfitResult with None.
2026-03-10 10:34:22,717 - root - ERROR - Chunk 117: No Data! Returning LmfitResult with None.
2026-03-10 10:34:22,718 - root - ERROR - Chunk 118: No Data! Returning LmfitResult with None.
2026-03-10 10:34:22,719 - root - ERROR - Chunk 119: No Data! Returning LmfitResult with None.
2026-03-10 10:34:22,720 - root - ERROR - Chunk 120: No Data! Returning LmfitResult with None.
2026-03-10 10:34:22,721 - root - ERROR - Chunk 121: No Data! Returning LmfitResult with None.
2026-03-10 10:34:22,722 - root - ERROR - Chunk 122: No Data! Returning LmfitResult with None.
2026-03-10 10:34:22,723 - root - ERROR - Chunk 123: No Data! Returning LmfitResult with None.
2026-03-10 10:34:22,724 - root - ERROR - Chunk 124: No Data! Returning LmfitResult with None.
2026-03-10 10:34:22,725 - root - ERROR - Chunk 125: No Data! Returning LmfitResult with None.
2026-03-10 10:34:22,726 - root - ERROR - Chunk 126: No Data! Returning LmfitResult with None.
2026-03-10 10:34:22,726 - root - ERROR - Chunk 127: No Data! Returning LmfitResult with None.
2026-03-10 10:34:22,727 - root - ERROR - Chunk 128: No Data! Returning LmfitResult with None.
2026-03-10 10:34:22,728 - root - ERROR - Chunk 129: No Data! Returning LmfitResult with None.
2026-03-10 10:34:22,729 - root - ERROR - Chunk 130: No Data! Returning LmfitResult with None.
2026-03-10 10:34:22,730 - root - ERROR - Chunk 131: No Data! Returning LmfitResult with None.
2026-03-10 10:34:22,731 - root - ERROR - Chunk 132: No Data! Returning LmfitResult with None.
2026-03-10 10:34:22,732 - root - ERROR - Chunk 133: No Data! Returning LmfitResult with None.
2026-03-10 10:34:22,733 - root - ERROR - Chunk 134: No Data! Returning LmfitResult with None.
2026-03-10 10:34:22,734 - root - ERROR - Chunk 135: No Data! Returning LmfitResult with None.
2026-03-10 10:34:22,735 - root - ERROR - Chunk 136: No Data! Returning LmfitResult with None.
2026-03-10 10:34:22,736 - root - ERROR - Chunk 137: No Data! Returning LmfitResult with None.
2026-03-10 10:34:22,737 - root - ERROR - Chunk 138: No Data! Returning LmfitResult with None.
2026-03-10 10:34:22,738 - root - ERROR - Chunk 139: No Data! Returning LmfitResult with None.
2026-03-10 10:34:22,739 - root - ERROR - Chunk 140: No Data! Returning LmfitResult with None.
2026-03-10 10:34:22,740 - root - ERROR - Chunk 141: No Data! Returning LmfitResult with None.
2026-03-10 10:34:22,741 - root - ERROR - Chunk 142: No Data! Returning LmfitResult with None.
2026-03-10 10:34:22,743 - root - ERROR - Chunk 143: No Data! Returning LmfitResult with None.
2026-03-10 10:34:22,744 - root - ERROR - Chunk 144: No Data! Returning LmfitResult with None.
2026-03-10 10:34:22,745 - root - ERROR - Chunk 145: No Data! Returning LmfitResult with None.
2026-03-10 10:34:22,746 - root - ERROR - Chunk 146: No Data! Returning LmfitResult with None.
2026-03-10 10:34:22,747 - root - ERROR - Chunk 147: No Data! Returning LmfitResult with None.
2026-03-10 10:34:22,748 - root - ERROR - Chunk 148: No Data! Returning LmfitResult with None.
2026-03-10 10:34:22,749 - root - ERROR - Chunk 149: No Data! Returning LmfitResult with None.
2026-03-10 10:34:22,750 - root - ERROR - Chunk 150: No Data! Returning LmfitResult with None.
2026-03-10 10:34:22,751 - root - ERROR - Chunk 151: No Data! Returning LmfitResult with None.
2026-03-10 10:34:22,752 - root - ERROR - Chunk 152: No Data! Returning LmfitResult with None.
2026-03-10 10:34:22,753 - root - ERROR - Chunk 153: No Data! Returning LmfitResult with None.
2026-03-10 10:34:22,754 - root - ERROR - Chunk 154: No Data! Returning LmfitResult with None.
2026-03-10 10:34:22,755 - root - ERROR - Chunk 155: No Data! Returning LmfitResult with None.
2026-03-10 10:34:22,756 - root - ERROR - Chunk 156: No Data! Returning LmfitResult with None.
2026-03-10 10:34:22,757 - root - ERROR - Chunk 157: No Data! Returning LmfitResult with None.
2026-03-10 10:34:22,758 - root - ERROR - Chunk 158: No Data! Returning LmfitResult with None.
2026-03-10 10:34:22,759 - root - ERROR - Chunk 159: No Data! Returning LmfitResult with None.
2026-03-10 10:34:22,760 - root - ERROR - Chunk 160: No Data! Returning LmfitResult with None.
2026-03-10 10:34:22,761 - root - ERROR - Chunk 161: No Data! Returning LmfitResult with None.
2026-03-10 10:34:22,762 - root - ERROR - Chunk 162: No Data! Returning LmfitResult with None.
2026-03-10 10:34:22,763 - root - ERROR - Chunk 163: No Data! Returning LmfitResult with None.
2026-03-10 10:34:22,764 - root - ERROR - Chunk 164: No Data! Returning LmfitResult with None.
2026-03-10 10:34:22,765 - root - ERROR - Chunk 165: No Data! Returning LmfitResult with None.
2026-03-10 10:34:22,766 - root - ERROR - Chunk 166: No Data! Returning LmfitResult with None.
2026-03-10 10:34:22,767 - root - ERROR - Chunk 167: No Data! Returning LmfitResult with None.
2026-03-10 10:34:22,768 - root - ERROR - Chunk 168: No Data! Returning LmfitResult with None.
2026-03-10 10:34:22,769 - root - ERROR - Chunk 169: No Data! Returning LmfitResult with None.
2026-03-10 10:34:22,771 - root - ERROR - Chunk 170: No Data! Returning LmfitResult with None.
2026-03-10 10:34:22,772 - root - ERROR - Chunk 171: No Data! Returning LmfitResult with None.
2026-03-10 10:34:22,773 - root - ERROR - Chunk 172: No Data! Returning LmfitResult with None.
2026-03-10 10:34:22,774 - root - ERROR - Chunk 173: No Data! Returning LmfitResult with None.
2026-03-10 10:34:22,775 - root - ERROR - Chunk 174: No Data! Returning LmfitResult with None.
2026-03-10 10:34:22,776 - root - ERROR - Chunk 175: No Data! Returning LmfitResult with None.
2026-03-10 10:34:22,777 - root - ERROR - Chunk 176: No Data! Returning LmfitResult with None.
2026-03-10 10:34:22,777 - root - ERROR - Chunk 177: No Data! Returning LmfitResult with None.
2026-03-10 10:34:22,778 - root - ERROR - Chunk 178: No Data! Returning LmfitResult with None.
2026-03-10 10:34:22,779 - root - ERROR - Chunk 179: No Data! Returning LmfitResult with None.
2026-03-10 10:34:22,780 - root - ERROR - Chunk 180: No Data! Returning LmfitResult with None.
2026-03-10 10:34:22,781 - root - ERROR - Chunk 181: No Data! Returning LmfitResult with None.
2026-03-10 10:34:22,782 - root - ERROR - Chunk 182: No Data! Returning LmfitResult with None.
2026-03-10 10:34:22,783 - root - ERROR - Chunk 183: No Data! Returning LmfitResult with None.
2026-03-10 10:34:22,784 - root - ERROR - Chunk 184: No Data! Returning LmfitResult with None.
2026-03-10 10:34:22,785 - root - ERROR - Chunk 185: No Data! Returning LmfitResult with None.
2026-03-10 10:34:22,786 - root - ERROR - Chunk 186: No Data! Returning LmfitResult with None.
2026-03-10 10:34:22,786 - root - ERROR - Chunk 187: No Data! Returning LmfitResult with None.
2026-03-10 10:34:22,787 - root - ERROR - Chunk 188: No Data! Returning LmfitResult with None.
2026-03-10 10:34:22,788 - root - ERROR - Chunk 189: No Data! Returning LmfitResult with None.
2026-03-10 10:34:22,789 - root - ERROR - Chunk 190: No Data! Returning LmfitResult with None.
2026-03-10 10:34:22,790 - root - ERROR - Chunk 191: No Data! Returning LmfitResult with None.
2026-03-10 10:34:22,791 - root - ERROR - Chunk 192: No Data! Returning LmfitResult with None.
2026-03-10 10:34:22,792 - root - ERROR - Chunk 193: No Data! Returning LmfitResult with None.
2026-03-10 10:34:22,793 - root - ERROR - Chunk 194: No Data! Returning LmfitResult with None.
2026-03-10 10:34:22,794 - root - ERROR - Chunk 195: No Data! Returning LmfitResult with None.
2026-03-10 10:34:22,795 - root - ERROR - Chunk 196: No Data! Returning LmfitResult with None.
2026-03-10 10:34:22,796 - root - ERROR - Chunk 197: No Data! Returning LmfitResult with None.
2026-03-10 10:34:22,797 - root - ERROR - Chunk 198: No Data! Returning LmfitResult with None.
2026-03-10 10:34:22,798 - root - ERROR - Chunk 199: No Data! Returning LmfitResult with None.
2026-03-10 10:34:22,799 - root - ERROR - Chunk 200: No Data! Returning LmfitResult with None.
2026-03-10 10:34:22,800 - root - ERROR - Chunk 201: No Data! Returning LmfitResult with None.
2026-03-10 10:34:22,801 - root - ERROR - Chunk 202: No Data! Returning LmfitResult with None.
2026-03-10 10:34:22,802 - root - ERROR - Chunk 203: No Data! Returning LmfitResult with None.
2026-03-10 10:34:22,803 - root - ERROR - Chunk 204: No Data! Returning LmfitResult with None.
2026-03-10 10:34:22,804 - root - ERROR - Chunk 205: No Data! Returning LmfitResult with None.
2026-03-10 10:34:22,805 - root - ERROR - Chunk 206: No Data! Returning LmfitResult with None.
2026-03-10 10:34:22,808 - root - ERROR - Chunk 207: No Data! Returning LmfitResult with None.
2026-03-10 10:34:22,809 - root - ERROR - Chunk 208: No Data! Returning LmfitResult with None.
2026-03-10 10:34:22,810 - root - ERROR - Chunk 209: No Data! Returning LmfitResult with None.
2026-03-10 10:34:22,811 - root - ERROR - Chunk 210: No Data! Returning LmfitResult with None.
2026-03-10 10:34:22,812 - root - ERROR - Chunk 211: No Data! Returning LmfitResult with None.
2026-03-10 10:34:22,813 - root - ERROR - Chunk 212: No Data! Returning LmfitResult with None.
2026-03-10 10:34:22,813 - root - ERROR - Chunk 213: No Data! Returning LmfitResult with None.
2026-03-10 10:34:22,814 - root - ERROR - Chunk 214: No Data! Returning LmfitResult with None.
2026-03-10 10:34:22,816 - root - ERROR - Chunk 215: No Data! Returning LmfitResult with None.
2026-03-10 10:34:22,817 - root - ERROR - Chunk 216: No Data! Returning LmfitResult with None.
2026-03-10 10:34:22,818 - root - ERROR - Chunk 217: No Data! Returning LmfitResult with None.
2026-03-10 10:34:22,819 - root - ERROR - Chunk 218: No Data! Returning LmfitResult with None.
2026-03-10 10:34:22,820 - root - ERROR - Chunk 219: No Data! Returning LmfitResult with None.
2026-03-10 10:34:22,821 - root - ERROR - Chunk 220: No Data! Returning LmfitResult with None.
2026-03-10 10:34:22,821 - root - ERROR - Chunk 221: No Data! Returning LmfitResult with None.
2026-03-10 10:34:22,822 - root - ERROR - Chunk 222: No Data! Returning LmfitResult with None.
2026-03-10 10:34:22,823 - root - ERROR - Chunk 223: No Data! Returning LmfitResult with None.
2026-03-10 10:34:22,824 - root - ERROR - Chunk 224: No Data! Returning LmfitResult with None.
2026-03-10 10:34:22,825 - root - ERROR - Chunk 225: No Data! Returning LmfitResult with None.
2026-03-10 10:34:22,826 - root - ERROR - Chunk 226: No Data! Returning LmfitResult with None.
2026-03-10 10:34:22,827 - root - ERROR - Chunk 227: No Data! Returning LmfitResult with None.
2026-03-10 10:34:22,828 - root - ERROR - Chunk 228: No Data! Returning LmfitResult with None.
2026-03-10 10:34:22,829 - root - ERROR - Chunk 229: No Data! Returning LmfitResult with None.
2026-03-10 10:34:22,830 - root - ERROR - Chunk 230: No Data! Returning LmfitResult with None.
2026-03-10 10:34:22,831 - root - ERROR - Chunk 231: No Data! Returning LmfitResult with None.
2026-03-10 10:34:22,832 - root - ERROR - Chunk 232: No Data! Returning LmfitResult with None.
2026-03-10 10:34:22,833 - root - ERROR - Chunk 233: No Data! Returning LmfitResult with None.
2026-03-10 10:34:22,834 - root - ERROR - Chunk 234: No Data! Returning LmfitResult with None.
2026-03-10 10:34:22,835 - root - ERROR - Chunk 235: No Data! Returning LmfitResult with None.
2026-03-10 10:34:22,836 - root - ERROR - Chunk 236: No Data! Returning LmfitResult with None.
2026-03-10 10:34:22,837 - root - ERROR - Chunk 237: No Data! Returning LmfitResult with None.
2026-03-10 10:34:22,838 - root - ERROR - Chunk 238: No Data! Returning LmfitResult with None.
2026-03-10 10:34:22,839 - root - ERROR - Chunk 239: No Data! Returning LmfitResult with None.
2026-03-10 10:34:22,840 - root - ERROR - Chunk 240: No Data! Returning LmfitResult with None.
2026-03-10 10:34:22,841 - root - ERROR - Chunk 241: No Data! Returning LmfitResult with None.
2026-03-10 10:34:22,842 - root - ERROR - Chunk 242: No Data! Returning LmfitResult with None.
2026-03-10 10:34:22,843 - root - ERROR - Chunk 243: No Data! Returning LmfitResult with None.
2026-03-10 10:34:22,844 - root - ERROR - Chunk 244: No Data! Returning LmfitResult with None.
2026-03-10 10:34:22,845 - root - ERROR - Chunk 245: No Data! Returning LmfitResult with None.
2026-03-10 10:34:22,846 - root - ERROR - Chunk 246: No Data! Returning LmfitResult with None.
2026-03-10 10:34:22,847 - root - ERROR - Chunk 247: No Data! Returning LmfitResult with None.
2026-03-10 10:34:22,848 - root - ERROR - Chunk 248: No Data! Returning LmfitResult with None.
2026-03-10 10:34:22,849 - root - ERROR - Chunk 249: No Data! Returning LmfitResult with None.
2026-03-10 10:34:22,850 - root - ERROR - Chunk 250: No Data! Returning LmfitResult with None.
2026-03-10 10:34:22,851 - root - ERROR - Chunk 251: No Data! Returning LmfitResult with None.
2026-03-10 10:34:22,852 - root - ERROR - Chunk 252: No Data! Returning LmfitResult with None.
2026-03-10 10:34:22,853 - root - ERROR - Chunk 253: No Data! Returning LmfitResult with None.
2026-03-10 10:34:22,854 - root - ERROR - Chunk 254: No Data! Returning LmfitResult with None.
2026-03-10 10:34:22,855 - root - ERROR - Chunk 255: No Data! Returning LmfitResult with None.
2026-03-10 10:34:22,856 - root - ERROR - Chunk 256: No Data! Returning LmfitResult with None.
2026-03-10 10:34:22,857 - root - ERROR - Chunk 257: No Data! Returning LmfitResult with None.
2026-03-10 10:34:22,858 - root - ERROR - Chunk 258: No Data! Returning LmfitResult with None.
2026-03-10 10:34:22,859 - root - ERROR - Chunk 259: No Data! Returning LmfitResult with None.
2026-03-10 10:34:22,860 - root - ERROR - Chunk 260: No Data! Returning LmfitResult with None.
2026-03-10 10:34:22,861 - root - ERROR - Chunk 261: No Data! Returning LmfitResult with None.
2026-03-10 10:34:22,862 - root - ERROR - Chunk 262: No Data! Returning LmfitResult with None.
2026-03-10 10:34:22,863 - root - ERROR - Chunk 263: No Data! Returning LmfitResult with None.
2026-03-10 10:34:22,864 - root - ERROR - Chunk 264: No Data! Returning LmfitResult with None.
2026-03-10 10:34:22,865 - root - ERROR - Chunk 265: No Data! Returning LmfitResult with None.
2026-03-10 10:34:22,866 - root - ERROR - Chunk 266: No Data! Returning LmfitResult with None.
2026-03-10 10:34:22,866 - root - ERROR - Chunk 267: No Data! Returning LmfitResult with None.
2026-03-10 10:34:22,867 - root - ERROR - Chunk 268: No Data! Returning LmfitResult with None.
2026-03-10 10:34:22,868 - root - ERROR - Chunk 269: No Data! Returning LmfitResult with None.
2026-03-10 10:34:22,872 - root - ERROR - Chunk 270: No Data! Returning LmfitResult with None.
2026-03-10 10:34:22,873 - root - ERROR - Chunk 271: No Data! Returning LmfitResult with None.
2026-03-10 10:34:22,874 - root - ERROR - Chunk 272: No Data! Returning LmfitResult with None.
2026-03-10 10:34:22,875 - root - ERROR - Chunk 273: No Data! Returning LmfitResult with None.
2026-03-10 10:34:22,876 - root - ERROR - Chunk 274: No Data! Returning LmfitResult with None.
2026-03-10 10:34:22,877 - root - ERROR - Chunk 275: No Data! Returning LmfitResult with None.
2026-03-10 10:34:22,877 - root - ERROR - Chunk 276: No Data! Returning LmfitResult with None.
2026-03-10 10:34:22,878 - root - ERROR - Chunk 277: No Data! Returning LmfitResult with None.
2026-03-10 10:34:22,879 - root - ERROR - Chunk 278: No Data! Returning LmfitResult with None.
2026-03-10 10:34:22,880 - root - ERROR - Chunk 279: No Data! Returning LmfitResult with None.
2026-03-10 10:34:22,881 - root - ERROR - Chunk 280: No Data! Returning LmfitResult with None.
2026-03-10 10:34:49,163 - root - ERROR - Polynomial fitting failed. Falling back to input values
Traceback (most recent call last):
  File "/Users/jaklusmeyer/SONG/pyodine/pyodine/lib/misc.py", line 529, in fit_polynomial
    pfit, stats = np.polynomial.Polynomial.fit(
  File "/Users/jaklusmeyer/miniconda/envs/pyodine_env/lib/python3.9/site-packages/numpy/polynomial/_polybase.py", line 1036, in fit
    xnew = pu.mapdomain(x, domain, window)
  File "/Users/jaklusmeyer/miniconda/envs/pyodine_env/lib/python3.9/site-packages/numpy/polynomial/polyutils.py", line 371, in mapdomain
    off, scl = mapparms(old, new)
  File "/Users/jaklusmeyer/miniconda/envs/pyodine_env/lib/python3.9/site-packages/numpy/polynomial/polyutils.py", line 303, in mapparms
    off = (old[1]*new[0] - old[0]*new[1])/oldlen
ZeroDivisionError: division by zero
2026-03-10 10:34:49,167 - root - ERROR - Polynomial fitting failed. Falling back to input values
Traceback (most recent call last):
  File "/Users/jaklusmeyer/SONG/pyodine/pyodine/lib/misc.py", line 529, in fit_polynomial
    pfit, stats = np.polynomial.Polynomial.fit(
  File "/Users/jaklusmeyer/miniconda/envs/pyodine_env/lib/python3.9/site-packages/numpy/polynomial/_polybase.py", line 1036, in fit
    xnew = pu.mapdomain(x, domain, window)
  File "/Users/jaklusmeyer/miniconda/envs/pyodine_env/lib/python3.9/site-packages/numpy/polynomial/polyutils.py", line 371, in mapdomain
    off, scl = mapparms(old, new)
  File "/Users/jaklusmeyer/miniconda/envs/pyodine_env/lib/python3.9/site-packages/numpy/polynomial/polyutils.py", line 303, in mapparms
    off = (old[1]*new[0] - old[0]*new[1])/oldlen
ZeroDivisionError: division by zero
2026-03-10 10:34:49,169 - root - ERROR - Polynomial fitting failed. Falling back to input values
Traceback (most recent call last):
  File "/Users/jaklusmeyer/SONG/pyodine/pyodine/lib/misc.py", line 529, in fit_polynomial
    pfit, stats = np.polynomial.Polynomial.fit(
  File "/Users/jaklusmeyer/miniconda/envs/pyodine_env/lib/python3.9/site-packages/numpy/polynomial/_polybase.py", line 1036, in fit
    xnew = pu.mapdomain(x, domain, window)
  File "/Users/jaklusmeyer/miniconda/envs/pyodine_env/lib/python3.9/site-packages/numpy/polynomial/polyutils.py", line 371, in mapdomain
    off, scl = mapparms(old, new)
  File "/Users/jaklusmeyer/miniconda/envs/pyodine_env/lib/python3.9/site-packages/numpy/polynomial/polyutils.py", line 303, in mapparms
    off = (old[1]*new[0] - old[0]*new[1])/oldlen
ZeroDivisionError: division by zero
2026-03-10 10:34:49,171 - root - ERROR - Polynomial fitting failed. Falling back to input values
Traceback (most recent call last):
  File "/Users/jaklusmeyer/SONG/pyodine/pyodine/lib/misc.py", line 529, in fit_polynomial
    pfit, stats = np.polynomial.Polynomial.fit(
  File "/Users/jaklusmeyer/miniconda/envs/pyodine_env/lib/python3.9/site-packages/numpy/polynomial/_polybase.py", line 1036, in fit
    xnew = pu.mapdomain(x, domain, window)
  File "/Users/jaklusmeyer/miniconda/envs/pyodine_env/lib/python3.9/site-packages/numpy/polynomial/polyutils.py", line 371, in mapdomain
    off, scl = mapparms(old, new)
  File "/Users/jaklusmeyer/miniconda/envs/pyodine_env/lib/python3.9/site-packages/numpy/polynomial/polyutils.py", line 303, in mapparms
    off = (old[1]*new[0] - old[0]*new[1])/oldlen
ZeroDivisionError: division by zero
2026-03-10 10:34:49,182 - root - ERROR - Polynomial fitting failed. Falling back to input values
Traceback (most recent call last):
  File "/Users/jaklusmeyer/SONG/pyodine/pyodine/lib/misc.py", line 529, in fit_polynomial
    pfit, stats = np.polynomial.Polynomial.fit(
  File "/Users/jaklusmeyer/miniconda/envs/pyodine_env/lib/python3.9/site-packages/numpy/polynomial/_polybase.py", line 1036, in fit
    xnew = pu.mapdomain(x, domain, window)
  File "/Users/jaklusmeyer/miniconda/envs/pyodine_env/lib/python3.9/site-packages/numpy/polynomial/polyutils.py", line 371, in mapdomain
    off, scl = mapparms(old, new)
  File "/Users/jaklusmeyer/miniconda/envs/pyodine_env/lib/python3.9/site-packages/numpy/polynomial/polyutils.py", line 303, in mapparms
    off = (old[1]*new[0] - old[0]*new[1])/oldlen
ZeroDivisionError: division by zero
2026-03-10 10:34:49,185 - root - ERROR - Polynomial fitting failed. Falling back to input values
Traceback (most recent call last):
  File "/Users/jaklusmeyer/SONG/pyodine/pyodine/lib/misc.py", line 529, in fit_polynomial
    pfit, stats = np.polynomial.Polynomial.fit(
  File "/Users/jaklusmeyer/miniconda/envs/pyodine_env/lib/python3.9/site-packages/numpy/polynomial/_polybase.py", line 1036, in fit
    xnew = pu.mapdomain(x, domain, window)
  File "/Users/jaklusmeyer/miniconda/envs/pyodine_env/lib/python3.9/site-packages/numpy/polynomial/polyutils.py", line 371, in mapdomain
    off, scl = mapparms(old, new)
  File "/Users/jaklusmeyer/miniconda/envs/pyodine_env/lib/python3.9/site-packages/numpy/polynomial/polyutils.py", line 303, in mapparms
    off = (old[1]*new[0] - old[0]*new[1])/oldlen
ZeroDivisionError: division by zero
2026-03-10 10:34:49,186 - root - ERROR - Polynomial fitting failed. Falling back to input values
Traceback (most recent call last):
  File "/Users/jaklusmeyer/SONG/pyodine/pyodine/lib/misc.py", line 529, in fit_polynomial
    pfit, stats = np.polynomial.Polynomial.fit(
  File "/Users/jaklusmeyer/miniconda/envs/pyodine_env/lib/python3.9/site-packages/numpy/polynomial/_polybase.py", line 1036, in fit
    xnew = pu.mapdomain(x, domain, window)
  File "/Users/jaklusmeyer/miniconda/envs/pyodine_env/lib/python3.9/site-packages/numpy/polynomial/polyutils.py", line 371, in mapdomain
    off, scl = mapparms(old, new)
  File "/Users/jaklusmeyer/miniconda/envs/pyodine_env/lib/python3.9/site-packages/numpy/polynomial/polyutils.py", line 303, in mapparms
    off = (old[1]*new[0] - old[0]*new[1])/oldlen
ZeroDivisionError: division by zero
2026-03-10 10:34:49,194 - root - ERROR - Polynomial fitting failed. Falling back to input values
Traceback (most recent call last):
  File "/Users/jaklusmeyer/SONG/pyodine/pyodine/lib/misc.py", line 529, in fit_polynomial
    pfit, stats = np.polynomial.Polynomial.fit(
  File "/Users/jaklusmeyer/miniconda/envs/pyodine_env/lib/python3.9/site-packages/numpy/polynomial/_polybase.py", line 1036, in fit
    xnew = pu.mapdomain(x, domain, window)
  File "/Users/jaklusmeyer/miniconda/envs/pyodine_env/lib/python3.9/site-packages/numpy/polynomial/polyutils.py", line 371, in mapdomain
    off, scl = mapparms(old, new)
  File "/Users/jaklusmeyer/miniconda/envs/pyodine_env/lib/python3.9/site-packages/numpy/polynomial/polyutils.py", line 303, in mapparms
    off = (old[1]*new[0] - old[0]*new[1])/oldlen
ZeroDivisionError: division by zero
2026-03-10 10:34:49,196 - root - ERROR - Polynomial fitting failed. Falling back to input values
Traceback (most recent call last):
  File "/Users/jaklusmeyer/SONG/pyodine/pyodine/lib/misc.py", line 529, in fit_polynomial
    pfit, stats = np.polynomial.Polynomial.fit(
  File "/Users/jaklusmeyer/miniconda/envs/pyodine_env/lib/python3.9/site-packages/numpy/polynomial/_polybase.py", line 1036, in fit
    xnew = pu.mapdomain(x, domain, window)
  File "/Users/jaklusmeyer/miniconda/envs/pyodine_env/lib/python3.9/site-packages/numpy/polynomial/polyutils.py", line 371, in mapdomain
    off, scl = mapparms(old, new)
  File "/Users/jaklusmeyer/miniconda/envs/pyodine_env/lib/python3.9/site-packages/numpy/polynomial/polyutils.py", line 303, in mapparms
    off = (old[1]*new[0] - old[0]*new[1])/oldlen
ZeroDivisionError: division by zero
2026-03-10 10:34:49,208 - root - ERROR - Polynomial fitting failed. Falling back to input values
Traceback (most recent call last):
  File "/Users/jaklusmeyer/SONG/pyodine/pyodine/lib/misc.py", line 529, in fit_polynomial
    pfit, stats = np.polynomial.Polynomial.fit(
  File "/Users/jaklusmeyer/miniconda/envs/pyodine_env/lib/python3.9/site-packages/numpy/polynomial/_polybase.py", line 1036, in fit
    xnew = pu.mapdomain(x, domain, window)
  File "/Users/jaklusmeyer/miniconda/envs/pyodine_env/lib/python3.9/site-packages/numpy/polynomial/polyutils.py", line 371, in mapdomain
    off, scl = mapparms(old, new)
  File "/Users/jaklusmeyer/miniconda/envs/pyodine_env/lib/python3.9/site-packages/numpy/polynomial/polyutils.py", line 303, in mapparms
    off = (old[1]*new[0] - old[0]*new[1])/oldlen
ZeroDivisionError: division by zero
2026-03-10 10:34:49,210 - root - ERROR - Polynomial fitting failed. Falling back to input values
Traceback (most recent call last):
  File "/Users/jaklusmeyer/SONG/pyodine/pyodine/lib/misc.py", line 529, in fit_polynomial
    pfit, stats = np.polynomial.Polynomial.fit(
  File "/Users/jaklusmeyer/miniconda/envs/pyodine_env/lib/python3.9/site-packages/numpy/polynomial/_polybase.py", line 1036, in fit
    xnew = pu.mapdomain(x, domain, window)
  File "/Users/jaklusmeyer/miniconda/envs/pyodine_env/lib/python3.9/site-packages/numpy/polynomial/polyutils.py", line 371, in mapdomain
    off, scl = mapparms(old, new)
  File "/Users/jaklusmeyer/miniconda/envs/pyodine_env/lib/python3.9/site-packages/numpy/polynomial/polyutils.py", line 303, in mapparms
    off = (old[1]*new[0] - old[0]*new[1])/oldlen
ZeroDivisionError: division by zero
2026-03-10 10:34:49,213 - root - ERROR - Polynomial fitting failed. Falling back to input values
Traceback (most recent call last):
  File "/Users/jaklusmeyer/SONG/pyodine/pyodine/lib/misc.py", line 529, in fit_polynomial
    pfit, stats = np.polynomial.Polynomial.fit(
  File "/Users/jaklusmeyer/miniconda/envs/pyodine_env/lib/python3.9/site-packages/numpy/polynomial/_polybase.py", line 1036, in fit
    xnew = pu.mapdomain(x, domain, window)
  File "/Users/jaklusmeyer/miniconda/envs/pyodine_env/lib/python3.9/site-packages/numpy/polynomial/polyutils.py", line 371, in mapdomain
    off, scl = mapparms(old, new)
  File "/Users/jaklusmeyer/miniconda/envs/pyodine_env/lib/python3.9/site-packages/numpy/polynomial/polyutils.py", line 303, in mapparms
    off = (old[1]*new[0] - old[0]*new[1])/oldlen
ZeroDivisionError: division by zero
2026-03-10 10:34:49,221 - root - ERROR - Polynomial fitting failed. Falling back to input values
Traceback (most recent call last):
  File "/Users/jaklusmeyer/SONG/pyodine/pyodine/lib/misc.py", line 529, in fit_polynomial
    pfit, stats = np.polynomial.Polynomial.fit(
  File "/Users/jaklusmeyer/miniconda/envs/pyodine_env/lib/python3.9/site-packages/numpy/polynomial/_polybase.py", line 1036, in fit
    xnew = pu.mapdomain(x, domain, window)
  File "/Users/jaklusmeyer/miniconda/envs/pyodine_env/lib/python3.9/site-packages/numpy/polynomial/polyutils.py", line 371, in mapdomain
    off, scl = mapparms(old, new)
  File "/Users/jaklusmeyer/miniconda/envs/pyodine_env/lib/python3.9/site-packages/numpy/polynomial/polyutils.py", line 303, in mapparms
    off = (old[1]*new[0] - old[0]*new[1])/oldlen
ZeroDivisionError: division by zero
2026-03-10 10:34:49,228 - root - ERROR - Polynomial fitting failed. Falling back to input values
Traceback (most recent call last):
  File "/Users/jaklusmeyer/SONG/pyodine/pyodine/lib/misc.py", line 529, in fit_polynomial
    pfit, stats = np.polynomial.Polynomial.fit(
  File "/Users/jaklusmeyer/miniconda/envs/pyodine_env/lib/python3.9/site-packages/numpy/polynomial/_polybase.py", line 1036, in fit
    xnew = pu.mapdomain(x, domain, window)
  File "/Users/jaklusmeyer/miniconda/envs/pyodine_env/lib/python3.9/site-packages/numpy/polynomial/polyutils.py", line 371, in mapdomain
    off, scl = mapparms(old, new)
  File "/Users/jaklusmeyer/miniconda/envs/pyodine_env/lib/python3.9/site-packages/numpy/polynomial/polyutils.py", line 303, in mapparms
    off = (old[1]*new[0] - old[0]*new[1])/oldlen
ZeroDivisionError: division by zero
2026-03-10 10:34:52,096 - root - ERROR - NaN value detected in iodine function.
2026-03-10 10:34:52,097 - root - ERROR - Chunk could not be plotted
Traceback (most recent call last):
  File "/Users/jaklusmeyer/SONG/pyodine/pyodine/plot_lib.py", line 62, in plot_chunkmodel
    sp = fit_results[chunk_nr].fitted_spectrum
  File "/Users/jaklusmeyer/SONG/pyodine/pyodine/fitters/base.py", line 45, in fitted_spectrum
    return self.model.eval_spectrum(self.chunk, self.params, chunk_ind=self.chunk_ind)
  File "/Users/jaklusmeyer/SONG/pyodine/pyodine/models/base.py", line 79, in eval_spectrum
    flux = self.eval(chunk, params, chunk_ind=chunk_ind, **kwargs)
  File "/Users/jaklusmeyer/SONG/pyodine/pyodine/models/spectrum.py", line 138, in eval
    tck = splrep(tem.wave * doppler, flux_tem, s=0)
  File "/Users/jaklusmeyer/miniconda/envs/pyodine_env/lib/python3.9/site-packages/scipy/interpolate/_fitpack_py.py", line 295, in splrep
    res = _impl.splrep(x, y, w, xb, xe, k, task, s, t, full_output, per, quiet)
  File "/Users/jaklusmeyer/miniconda/envs/pyodine_env/lib/python3.9/site-packages/scipy/interpolate/_fitpack_impl.py", line 276, in splrep
    n, c, fp, ier = dfitpack.curfit(task, x, y, w, t, wrk, iwrk,
dfitpack.error: (xb<=x[0]) failed for 1st keyword xb: curfit:xb=nan
2026-03-10 10:34:52,520 - root - ERROR - NaN value detected in iodine function.
2026-03-10 10:34:52,522 - root - ERROR - Chunk could not be plotted
Traceback (most recent call last):
  File "/Users/jaklusmeyer/SONG/pyodine/pyodine/plot_lib.py", line 62, in plot_chunkmodel
    sp = fit_results[chunk_nr].fitted_spectrum
  File "/Users/jaklusmeyer/SONG/pyodine/pyodine/fitters/base.py", line 45, in fitted_spectrum
    return self.model.eval_spectrum(self.chunk, self.params, chunk_ind=self.chunk_ind)
  File "/Users/jaklusmeyer/SONG/pyodine/pyodine/models/base.py", line 79, in eval_spectrum
    flux = self.eval(chunk, params, chunk_ind=chunk_ind, **kwargs)
  File "/Users/jaklusmeyer/SONG/pyodine/pyodine/models/spectrum.py", line 138, in eval
    tck = splrep(tem.wave * doppler, flux_tem, s=0)
  File "/Users/jaklusmeyer/miniconda/envs/pyodine_env/lib/python3.9/site-packages/scipy/interpolate/_fitpack_py.py", line 295, in splrep
    res = _impl.splrep(x, y, w, xb, xe, k, task, s, t, full_output, per, quiet)
  File "/Users/jaklusmeyer/miniconda/envs/pyodine_env/lib/python3.9/site-packages/scipy/interpolate/_fitpack_impl.py", line 276, in splrep
    n, c, fp, ier = dfitpack.curfit(task, x, y, w, t, wrk, iwrk,
dfitpack.error: (xb<=x[0]) failed for 1st keyword xb: curfit:xb=nan
2026-03-10 10:34:55,435 - root - ERROR - Chunk 0: No Data! Returning LmfitResult with None.
2026-03-10 10:34:55,436 - root - ERROR - Chunk 1: No Data! Returning LmfitResult with None.
2026-03-10 10:34:55,437 - root - ERROR - Chunk 2: No Data! Returning LmfitResult with None.
2026-03-10 10:34:55,438 - root - ERROR - Chunk 3: No Data! Returning LmfitResult with None.
2026-03-10 10:34:55,440 - root - ERROR - Chunk 4: No Data! Returning LmfitResult with None.
2026-03-10 10:34:55,441 - root - ERROR - Chunk 5: No Data! Returning LmfitResult with None.
2026-03-10 10:34:55,442 - root - ERROR - Chunk 6: No Data! Returning LmfitResult with None.
2026-03-10 10:34:55,443 - root - ERROR - Chunk 7: No Data! Returning LmfitResult with None.
2026-03-10 10:34:55,444 - root - ERROR - Chunk 8: No Data! Returning LmfitResult with None.
2026-03-10 10:34:55,445 - root - ERROR - Chunk 9: No Data! Returning LmfitResult with None.
2026-03-10 10:34:55,446 - root - ERROR - Chunk 10: No Data! Returning LmfitResult with None.
2026-03-10 10:34:55,447 - root - ERROR - Chunk 11: No Data! Returning LmfitResult with None.
2026-03-10 10:34:55,448 - root - ERROR - Chunk 12: No Data! Returning LmfitResult with None.
2026-03-10 10:34:55,449 - root - ERROR - Chunk 13: No Data! Returning LmfitResult with None.
2026-03-10 10:34:55,450 - root - ERROR - Chunk 14: No Data! Returning LmfitResult with None.
2026-03-10 10:34:55,451 - root - ERROR - Chunk 15: No Data! Returning LmfitResult with None.
2026-03-10 10:34:55,452 - root - ERROR - Chunk 16: No Data! Returning LmfitResult with None.
2026-03-10 10:34:55,453 - root - ERROR - Chunk 17: No Data! Returning LmfitResult with None.
2026-03-10 10:34:55,454 - root - ERROR - Chunk 18: No Data! Returning LmfitResult with None.
2026-03-10 10:34:55,455 - root - ERROR - Chunk 19: No Data! Returning LmfitResult with None.
2026-03-10 10:34:55,456 - root - ERROR - Chunk 20: No Data! Returning LmfitResult with None.
2026-03-10 10:34:55,457 - root - ERROR - Chunk 21: No Data! Returning LmfitResult with None.
2026-03-10 10:34:55,458 - root - ERROR - Chunk 22: No Data! Returning LmfitResult with None.
2026-03-10 10:34:55,459 - root - ERROR - Chunk 23: No Data! Returning LmfitResult with None.
2026-03-10 10:34:55,460 - root - ERROR - Chunk 24: No Data! Returning LmfitResult with None.
2026-03-10 10:34:55,461 - root - ERROR - Chunk 25: No Data! Returning LmfitResult with None.
2026-03-10 10:34:55,462 - root - ERROR - Chunk 26: No Data! Returning LmfitResult with None.
2026-03-10 10:34:55,463 - root - ERROR - Chunk 27: No Data! Returning LmfitResult with None.
2026-03-10 10:34:55,464 - root - ERROR - Chunk 28: No Data! Returning LmfitResult with None.
2026-03-10 10:34:55,465 - root - ERROR - Chunk 29: No Data! Returning LmfitResult with None.
2026-03-10 10:34:55,466 - root - ERROR - Chunk 30: No Data! Returning LmfitResult with None.
2026-03-10 10:34:55,467 - root - ERROR - Chunk 31: No Data! Returning LmfitResult with None.
2026-03-10 10:34:55,468 - root - ERROR - Chunk 32: No Data! Returning LmfitResult with None.
2026-03-10 10:34:55,469 - root - ERROR - Chunk 33: No Data! Returning LmfitResult with None.
2026-03-10 10:34:55,470 - root - ERROR - Chunk 34: No Data! Returning LmfitResult with None.
2026-03-10 10:34:55,471 - root - ERROR - Chunk 35: No Data! Returning LmfitResult with None.
2026-03-10 10:34:55,472 - root - ERROR - Chunk 36: No Data! Returning LmfitResult with None.
2026-03-10 10:34:55,473 - root - ERROR - Chunk 37: No Data! Returning LmfitResult with None.
2026-03-10 10:34:55,474 - root - ERROR - Chunk 38: No Data! Returning LmfitResult with None.
2026-03-10 10:34:55,475 - root - ERROR - Chunk 39: No Data! Returning LmfitResult with None.
2026-03-10 10:34:55,476 - root - ERROR - Chunk 40: No Data! Returning LmfitResult with None.
2026-03-10 10:34:55,477 - root - ERROR - Chunk 41: No Data! Returning LmfitResult with None.
2026-03-10 10:34:55,477 - root - ERROR - Chunk 42: No Data! Returning LmfitResult with None.
2026-03-10 10:34:55,478 - root - ERROR - Chunk 43: No Data! Returning LmfitResult with None.
2026-03-10 10:34:55,479 - root - ERROR - Chunk 44: No Data! Returning LmfitResult with None.
2026-03-10 10:34:55,480 - root - ERROR - Chunk 45: No Data! Returning LmfitResult with None.
2026-03-10 10:34:55,481 - root - ERROR - Chunk 46: No Data! Returning LmfitResult with None.
2026-03-10 10:34:55,482 - root - ERROR - Chunk 47: No Data! Returning LmfitResult with None.
2026-03-10 10:34:55,483 - root - ERROR - Chunk 48: No Data! Returning LmfitResult with None.
2026-03-10 10:34:55,484 - root - ERROR - Chunk 49: No Data! Returning LmfitResult with None.
2026-03-10 10:34:55,485 - root - ERROR - Chunk 50: No Data! Returning LmfitResult with None.
2026-03-10 10:34:55,486 - root - ERROR - Chunk 51: No Data! Returning LmfitResult with None.
2026-03-10 10:34:55,487 - root - ERROR - Chunk 52: No Data! Returning LmfitResult with None.
2026-03-10 10:34:55,488 - root - ERROR - Chunk 53: No Data! Returning LmfitResult with None.
2026-03-10 10:34:55,489 - root - ERROR - Chunk 54: No Data! Returning LmfitResult with None.
2026-03-10 10:34:55,490 - root - ERROR - Chunk 55: No Data! Returning LmfitResult with None.
2026-03-10 10:34:55,491 - root - ERROR - Chunk 56: No Data! Returning LmfitResult with None.
2026-03-10 10:34:55,492 - root - ERROR - Chunk 57: No Data! Returning LmfitResult with None.
2026-03-10 10:34:55,493 - root - ERROR - Chunk 58: No Data! Returning LmfitResult with None.
2026-03-10 10:34:55,494 - root - ERROR - Chunk 59: No Data! Returning LmfitResult with None.
2026-03-10 10:34:55,495 - root - ERROR - Chunk 60: No Data! Returning LmfitResult with None.
2026-03-10 10:34:55,496 - root - ERROR - Chunk 61: No Data! Returning LmfitResult with None.
2026-03-10 10:34:55,498 - root - ERROR - Chunk 62: No Data! Returning LmfitResult with None.
2026-03-10 10:34:55,501 - root - ERROR - Chunk 63: No Data! Returning LmfitResult with None.
2026-03-10 10:34:55,505 - root - ERROR - Chunk 64: No Data! Returning LmfitResult with None.
2026-03-10 10:34:55,506 - root - ERROR - Chunk 65: No Data! Returning LmfitResult with None.
2026-03-10 10:34:55,507 - root - ERROR - Chunk 66: No Data! Returning LmfitResult with None.
2026-03-10 10:34:55,508 - root - ERROR - Chunk 67: No Data! Returning LmfitResult with None.
2026-03-10 10:34:55,509 - root - ERROR - Chunk 68: No Data! Returning LmfitResult with None.
2026-03-10 10:34:55,510 - root - ERROR - Chunk 69: No Data! Returning LmfitResult with None.
2026-03-10 10:34:55,511 - root - ERROR - Chunk 70: No Data! Returning LmfitResult with None.
2026-03-10 10:34:55,512 - root - ERROR - Chunk 71: No Data! Returning LmfitResult with None.
2026-03-10 10:34:55,513 - root - ERROR - Chunk 72: No Data! Returning LmfitResult with None.
2026-03-10 10:34:55,514 - root - ERROR - Chunk 73: No Data! Returning LmfitResult with None.
2026-03-10 10:34:55,515 - root - ERROR - Chunk 74: No Data! Returning LmfitResult with None.
2026-03-10 10:34:55,516 - root - ERROR - Chunk 75: No Data! Returning LmfitResult with None.
2026-03-10 10:34:55,517 - root - ERROR - Chunk 76: No Data! Returning LmfitResult with None.
2026-03-10 10:34:55,518 - root - ERROR - Chunk 77: No Data! Returning LmfitResult with None.
2026-03-10 10:34:55,519 - root - ERROR - Chunk 78: No Data! Returning LmfitResult with None.
2026-03-10 10:34:55,520 - root - ERROR - Chunk 79: No Data! Returning LmfitResult with None.
2026-03-10 10:34:55,521 - root - ERROR - Chunk 80: No Data! Returning LmfitResult with None.
2026-03-10 10:34:55,522 - root - ERROR - Chunk 81: No Data! Returning LmfitResult with None.
2026-03-10 10:34:55,523 - root - ERROR - Chunk 82: No Data! Returning LmfitResult with None.
2026-03-10 10:34:55,524 - root - ERROR - Chunk 83: No Data! Returning LmfitResult with None.
2026-03-10 10:34:55,525 - root - ERROR - Chunk 84: No Data! Returning LmfitResult with None.
2026-03-10 10:34:55,526 - root - ERROR - Chunk 85: No Data! Returning LmfitResult with None.
2026-03-10 10:34:55,527 - root - ERROR - Chunk 86: No Data! Returning LmfitResult with None.
2026-03-10 10:34:55,528 - root - ERROR - Chunk 87: No Data! Returning LmfitResult with None.
2026-03-10 10:34:55,529 - root - ERROR - Chunk 88: No Data! Returning LmfitResult with None.
2026-03-10 10:34:55,530 - root - ERROR - Chunk 89: No Data! Returning LmfitResult with None.
2026-03-10 10:34:55,531 - root - ERROR - Chunk 90: No Data! Returning LmfitResult with None.
2026-03-10 10:34:55,532 - root - ERROR - Chunk 91: No Data! Returning LmfitResult with None.
2026-03-10 10:34:55,533 - root - ERROR - Chunk 92: No Data! Returning LmfitResult with None.
2026-03-10 10:34:55,534 - root - ERROR - Chunk 93: No Data! Returning LmfitResult with None.
2026-03-10 10:34:55,535 - root - ERROR - Chunk 94: No Data! Returning LmfitResult with None.
2026-03-10 10:34:55,535 - root - ERROR - Chunk 95: No Data! Returning LmfitResult with None.
2026-03-10 10:34:55,536 - root - ERROR - Chunk 96: No Data! Returning LmfitResult with None.
2026-03-10 10:34:55,537 - root - ERROR - Chunk 97: No Data! Returning LmfitResult with None.
2026-03-10 10:34:55,538 - root - ERROR - Chunk 98: No Data! Returning LmfitResult with None.
2026-03-10 10:34:55,539 - root - ERROR - Chunk 99: No Data! Returning LmfitResult with None.
2026-03-10 10:34:55,540 - root - ERROR - Chunk 100: No Data! Returning LmfitResult with None.
2026-03-10 10:34:55,541 - root - ERROR - Chunk 101: No Data! Returning LmfitResult with None.
2026-03-10 10:34:55,542 - root - ERROR - Chunk 102: No Data! Returning LmfitResult with None.
2026-03-10 10:34:55,543 - root - ERROR - Chunk 103: No Data! Returning LmfitResult with None.
2026-03-10 10:34:55,544 - root - ERROR - Chunk 104: No Data! Returning LmfitResult with None.
2026-03-10 10:34:55,545 - root - ERROR - Chunk 105: No Data! Returning LmfitResult with None.
2026-03-10 10:34:55,546 - root - ERROR - Chunk 106: No Data! Returning LmfitResult with None.
2026-03-10 10:34:55,547 - root - ERROR - Chunk 107: No Data! Returning LmfitResult with None.
2026-03-10 10:34:55,548 - root - ERROR - Chunk 108: No Data! Returning LmfitResult with None.
2026-03-10 10:34:55,549 - root - ERROR - Chunk 109: No Data! Returning LmfitResult with None.
2026-03-10 10:34:55,550 - root - ERROR - Chunk 110: No Data! Returning LmfitResult with None.
2026-03-10 10:34:55,552 - root - ERROR - Chunk 111: No Data! Returning LmfitResult with None.
2026-03-10 10:34:55,553 - root - ERROR - Chunk 112: No Data! Returning LmfitResult with None.
2026-03-10 10:34:55,554 - root - ERROR - Chunk 113: No Data! Returning LmfitResult with None.
2026-03-10 10:34:55,555 - root - ERROR - Chunk 114: No Data! Returning LmfitResult with None.
2026-03-10 10:34:55,556 - root - ERROR - Chunk 115: No Data! Returning LmfitResult with None.
2026-03-10 10:34:55,557 - root - ERROR - Chunk 116: No Data! Returning LmfitResult with None.
2026-03-10 10:34:55,558 - root - ERROR - Chunk 117: No Data! Returning LmfitResult with None.
2026-03-10 10:34:55,559 - root - ERROR - Chunk 118: No Data! Returning LmfitResult with None.
2026-03-10 10:34:55,559 - root - ERROR - Chunk 119: No Data! Returning LmfitResult with None.
2026-03-10 10:34:55,560 - root - ERROR - Chunk 120: No Data! Returning LmfitResult with None.
2026-03-10 10:34:55,561 - root - ERROR - Chunk 121: No Data! Returning LmfitResult with None.
2026-03-10 10:34:55,562 - root - ERROR - Chunk 122: No Data! Returning LmfitResult with None.
2026-03-10 10:34:55,563 - root - ERROR - Chunk 123: No Data! Returning LmfitResult with None.
2026-03-10 10:34:55,564 - root - ERROR - Chunk 124: No Data! Returning LmfitResult with None.
2026-03-10 10:34:55,565 - root - ERROR - Chunk 125: No Data! Returning LmfitResult with None.
2026-03-10 10:34:55,566 - root - ERROR - Chunk 126: No Data! Returning LmfitResult with None.
2026-03-10 10:34:55,569 - root - ERROR - Chunk 127: No Data! Returning LmfitResult with None.
2026-03-10 10:34:55,570 - root - ERROR - Chunk 128: No Data! Returning LmfitResult with None.
2026-03-10 10:34:55,570 - root - ERROR - Chunk 129: No Data! Returning LmfitResult with None.
2026-03-10 10:34:55,571 - root - ERROR - Chunk 130: No Data! Returning LmfitResult with None.
2026-03-10 10:34:55,572 - root - ERROR - Chunk 131: No Data! Returning LmfitResult with None.
2026-03-10 10:34:55,573 - root - ERROR - Chunk 132: No Data! Returning LmfitResult with None.
2026-03-10 10:34:55,574 - root - ERROR - Chunk 133: No Data! Returning LmfitResult with None.
2026-03-10 10:34:55,575 - root - ERROR - Chunk 134: No Data! Returning LmfitResult with None.
2026-03-10 10:34:55,577 - root - ERROR - Chunk 135: No Data! Returning LmfitResult with None.
2026-03-10 10:34:55,578 - root - ERROR - Chunk 136: No Data! Returning LmfitResult with None.
2026-03-10 10:34:55,579 - root - ERROR - Chunk 137: No Data! Returning LmfitResult with None.
2026-03-10 10:34:55,580 - root - ERROR - Chunk 138: No Data! Returning LmfitResult with None.
2026-03-10 10:34:55,581 - root - ERROR - Chunk 139: No Data! Returning LmfitResult with None.
2026-03-10 10:34:55,582 - root - ERROR - Chunk 140: No Data! Returning LmfitResult with None.
2026-03-10 10:34:55,583 - root - ERROR - Chunk 141: No Data! Returning LmfitResult with None.
2026-03-10 10:34:55,584 - root - ERROR - Chunk 142: No Data! Returning LmfitResult with None.
2026-03-10 10:34:55,658 - root - ERROR - Chunk 143: No Data! Returning LmfitResult with None.
2026-03-10 10:34:55,659 - root - ERROR - Chunk 144: No Data! Returning LmfitResult with None.
2026-03-10 10:34:55,660 - root - ERROR - Chunk 145: No Data! Returning LmfitResult with None.
2026-03-10 10:34:55,662 - root - ERROR - Chunk 146: No Data! Returning LmfitResult with None.
2026-03-10 10:34:55,663 - root - ERROR - Chunk 147: No Data! Returning LmfitResult with None.
2026-03-10 10:34:55,664 - root - ERROR - Chunk 148: No Data! Returning LmfitResult with None.
2026-03-10 10:34:55,665 - root - ERROR - Chunk 149: No Data! Returning LmfitResult with None.
2026-03-10 10:34:55,666 - root - ERROR - Chunk 150: No Data! Returning LmfitResult with None.
2026-03-10 10:34:55,667 - root - ERROR - Chunk 151: No Data! Returning LmfitResult with None.
2026-03-10 10:34:55,669 - root - ERROR - Chunk 152: No Data! Returning LmfitResult with None.
2026-03-10 10:34:55,670 - root - ERROR - Chunk 153: No Data! Returning LmfitResult with None.
2026-03-10 10:34:55,671 - root - ERROR - Chunk 154: No Data! Returning LmfitResult with None.
2026-03-10 10:34:55,672 - root - ERROR - Chunk 155: No Data! Returning LmfitResult with None.
2026-03-10 10:34:55,673 - root - ERROR - Chunk 156: No Data! Returning LmfitResult with None.
2026-03-10 10:34:55,674 - root - ERROR - Chunk 157: No Data! Returning LmfitResult with None.
2026-03-10 10:34:55,676 - root - ERROR - Chunk 158: No Data! Returning LmfitResult with None.
2026-03-10 10:34:55,676 - root - ERROR - Chunk 159: No Data! Returning LmfitResult with None.
2026-03-10 10:34:55,678 - root - ERROR - Chunk 160: No Data! Returning LmfitResult with None.
2026-03-10 10:34:55,679 - root - ERROR - Chunk 161: No Data! Returning LmfitResult with None.
2026-03-10 10:34:55,680 - root - ERROR - Chunk 162: No Data! Returning LmfitResult with None.
2026-03-10 10:34:55,681 - root - ERROR - Chunk 163: No Data! Returning LmfitResult with None.
2026-03-10 10:34:55,682 - root - ERROR - Chunk 164: No Data! Returning LmfitResult with None.
2026-03-10 10:34:55,683 - root - ERROR - Chunk 165: No Data! Returning LmfitResult with None.
2026-03-10 10:34:55,684 - root - ERROR - Chunk 166: No Data! Returning LmfitResult with None.
2026-03-10 10:34:55,685 - root - ERROR - Chunk 167: No Data! Returning LmfitResult with None.
2026-03-10 10:34:55,733 - root - ERROR - Chunk 168: No Data! Returning LmfitResult with None.
2026-03-10 10:34:55,805 - root - ERROR - Chunk 169: No Data! Returning LmfitResult with None.
2026-03-10 10:34:55,823 - root - ERROR - Chunk 170: No Data! Returning LmfitResult with None.
2026-03-10 10:34:55,835 - root - ERROR - Chunk 171: No Data! Returning LmfitResult with None.
2026-03-10 10:34:55,836 - root - ERROR - Chunk 172: No Data! Returning LmfitResult with None.
2026-03-10 10:34:55,851 - root - ERROR - Chunk 173: No Data! Returning LmfitResult with None.
2026-03-10 10:34:55,852 - root - ERROR - Chunk 174: No Data! Returning LmfitResult with None.
2026-03-10 10:34:55,856 - root - ERROR - Chunk 175: No Data! Returning LmfitResult with None.
2026-03-10 10:34:55,857 - root - ERROR - Chunk 176: No Data! Returning LmfitResult with None.
2026-03-10 10:34:55,858 - root - ERROR - Chunk 177: No Data! Returning LmfitResult with None.
2026-03-10 10:34:55,859 - root - ERROR - Chunk 178: No Data! Returning LmfitResult with None.
2026-03-10 10:34:55,860 - root - ERROR - Chunk 179: No Data! Returning LmfitResult with None.
2026-03-10 10:34:55,861 - root - ERROR - Chunk 180: No Data! Returning LmfitResult with None.
2026-03-10 10:34:55,862 - root - ERROR - Chunk 181: No Data! Returning LmfitResult with None.
2026-03-10 10:34:55,863 - root - ERROR - Chunk 182: No Data! Returning LmfitResult with None.
2026-03-10 10:34:55,864 - root - ERROR - Chunk 183: No Data! Returning LmfitResult with None.
2026-03-10 10:34:55,865 - root - ERROR - Chunk 184: No Data! Returning LmfitResult with None.
2026-03-10 10:34:55,866 - root - ERROR - Chunk 185: No Data! Returning LmfitResult with None.
2026-03-10 10:34:55,873 - root - ERROR - Chunk 186: No Data! Returning LmfitResult with None.
2026-03-10 10:34:55,875 - root - ERROR - Chunk 187: No Data! Returning LmfitResult with None.
2026-03-10 10:34:55,928 - root - ERROR - Chunk 188: No Data! Returning LmfitResult with None.
2026-03-10 10:34:55,951 - root - ERROR - Chunk 189: No Data! Returning LmfitResult with None.
2026-03-10 10:34:55,957 - root - ERROR - Chunk 190: No Data! Returning LmfitResult with None.
2026-03-10 10:34:55,960 - root - ERROR - Chunk 191: No Data! Returning LmfitResult with None.
2026-03-10 10:34:55,961 - root - ERROR - Chunk 192: No Data! Returning LmfitResult with None.
2026-03-10 10:34:55,963 - root - ERROR - Chunk 193: No Data! Returning LmfitResult with None.
2026-03-10 10:34:55,970 - root - ERROR - Chunk 194: No Data! Returning LmfitResult with None.
2026-03-10 10:34:55,977 - root - ERROR - Chunk 195: No Data! Returning LmfitResult with None.
2026-03-10 10:34:55,979 - root - ERROR - Chunk 196: No Data! Returning LmfitResult with None.
2026-03-10 10:34:55,980 - root - ERROR - Chunk 197: No Data! Returning LmfitResult with None.
2026-03-10 10:34:55,981 - root - ERROR - Chunk 198: No Data! Returning LmfitResult with None.
2026-03-10 10:34:55,982 - root - ERROR - Chunk 199: No Data! Returning LmfitResult with None.
2026-03-10 10:34:55,983 - root - ERROR - Chunk 200: No Data! Returning LmfitResult with None.
2026-03-10 10:34:55,984 - root - ERROR - Chunk 201: No Data! Returning LmfitResult with None.
2026-03-10 10:34:55,985 - root - ERROR - Chunk 202: No Data! Returning LmfitResult with None.
2026-03-10 10:34:55,986 - root - ERROR - Chunk 203: No Data! Returning LmfitResult with None.
2026-03-10 10:34:55,987 - root - ERROR - Chunk 204: No Data! Returning LmfitResult with None.
2026-03-10 10:34:55,988 - root - ERROR - Chunk 205: No Data! Returning LmfitResult with None.
2026-03-10 10:34:55,989 - root - ERROR - Chunk 206: No Data! Returning LmfitResult with None.
2026-03-10 10:34:55,990 - root - ERROR - Chunk 207: No Data! Returning LmfitResult with None.
2026-03-10 10:34:55,991 - root - ERROR - Chunk 208: No Data! Returning LmfitResult with None.
2026-03-10 10:34:55,992 - root - ERROR - Chunk 209: No Data! Returning LmfitResult with None.
2026-03-10 10:34:55,993 - root - ERROR - Chunk 210: No Data! Returning LmfitResult with None.
2026-03-10 10:34:55,994 - root - ERROR - Chunk 211: No Data! Returning LmfitResult with None.
2026-03-10 10:34:55,995 - root - ERROR - Chunk 212: No Data! Returning LmfitResult with None.
2026-03-10 10:34:55,996 - root - ERROR - Chunk 213: No Data! Returning LmfitResult with None.
2026-03-10 10:34:55,997 - root - ERROR - Chunk 214: No Data! Returning LmfitResult with None.
2026-03-10 10:34:55,998 - root - ERROR - Chunk 215: No Data! Returning LmfitResult with None.
2026-03-10 10:34:55,999 - root - ERROR - Chunk 216: No Data! Returning LmfitResult with None.
2026-03-10 10:34:56,000 - root - ERROR - Chunk 217: No Data! Returning LmfitResult with None.
2026-03-10 10:34:56,001 - root - ERROR - Chunk 218: No Data! Returning LmfitResult with None.
2026-03-10 10:34:56,002 - root - ERROR - Chunk 219: No Data! Returning LmfitResult with None.
2026-03-10 10:34:56,003 - root - ERROR - Chunk 220: No Data! Returning LmfitResult with None.
2026-03-10 10:34:56,004 - root - ERROR - Chunk 221: No Data! Returning LmfitResult with None.
2026-03-10 10:34:56,005 - root - ERROR - Chunk 222: No Data! Returning LmfitResult with None.
2026-03-10 10:34:56,008 - root - ERROR - Chunk 223: No Data! Returning LmfitResult with None.
2026-03-10 10:34:56,009 - root - ERROR - Chunk 224: No Data! Returning LmfitResult with None.
2026-03-10 10:34:56,010 - root - ERROR - Chunk 225: No Data! Returning LmfitResult with None.
2026-03-10 10:34:56,011 - root - ERROR - Chunk 226: No Data! Returning LmfitResult with None.
2026-03-10 10:34:56,012 - root - ERROR - Chunk 227: No Data! Returning LmfitResult with None.
2026-03-10 10:34:56,013 - root - ERROR - Chunk 228: No Data! Returning LmfitResult with None.
2026-03-10 10:34:56,014 - root - ERROR - Chunk 229: No Data! Returning LmfitResult with None.
2026-03-10 10:34:56,015 - root - ERROR - Chunk 230: No Data! Returning LmfitResult with None.
2026-03-10 10:34:56,016 - root - ERROR - Chunk 231: No Data! Returning LmfitResult with None.
2026-03-10 10:34:56,017 - root - ERROR - Chunk 232: No Data! Returning LmfitResult with None.
2026-03-10 10:34:56,018 - root - ERROR - Chunk 233: No Data! Returning LmfitResult with None.
2026-03-10 10:34:56,019 - root - ERROR - Chunk 234: No Data! Returning LmfitResult with None.
2026-03-10 10:34:56,020 - root - ERROR - Chunk 235: No Data! Returning LmfitResult with None.
2026-03-10 10:34:56,021 - root - ERROR - Chunk 236: No Data! Returning LmfitResult with None.
2026-03-10 10:34:56,022 - root - ERROR - Chunk 237: No Data! Returning LmfitResult with None.
2026-03-10 10:34:56,023 - root - ERROR - Chunk 238: No Data! Returning LmfitResult with None.
2026-03-10 10:34:56,024 - root - ERROR - Chunk 239: No Data! Returning LmfitResult with None.
2026-03-10 10:34:56,025 - root - ERROR - Chunk 240: No Data! Returning LmfitResult with None.
2026-03-10 10:34:56,026 - root - ERROR - Chunk 241: No Data! Returning LmfitResult with None.
2026-03-10 10:34:56,027 - root - ERROR - Chunk 242: No Data! Returning LmfitResult with None.
2026-03-10 10:34:56,028 - root - ERROR - Chunk 243: No Data! Returning LmfitResult with None.
2026-03-10 10:34:56,029 - root - ERROR - Chunk 244: No Data! Returning LmfitResult with None.
2026-03-10 10:34:56,030 - root - ERROR - Chunk 245: No Data! Returning LmfitResult with None.
2026-03-10 10:34:56,031 - root - ERROR - Chunk 246: No Data! Returning LmfitResult with None.
2026-03-10 10:34:56,032 - root - ERROR - Chunk 247: No Data! Returning LmfitResult with None.
2026-03-10 10:34:56,033 - root - ERROR - Chunk 248: No Data! Returning LmfitResult with None.
2026-03-10 10:34:56,034 - root - ERROR - Chunk 249: No Data! Returning LmfitResult with None.
2026-03-10 10:34:56,035 - root - ERROR - Chunk 250: No Data! Returning LmfitResult with None.
2026-03-10 10:34:56,036 - root - ERROR - Chunk 251: No Data! Returning LmfitResult with None.
2026-03-10 10:34:56,037 - root - ERROR - Chunk 252: No Data! Returning LmfitResult with None.
2026-03-10 10:34:56,038 - root - ERROR - Chunk 253: No Data! Returning LmfitResult with None.
2026-03-10 10:34:56,039 - root - ERROR - Chunk 254: No Data! Returning LmfitResult with None.
2026-03-10 10:34:56,040 - root - ERROR - Chunk 255: No Data! Returning LmfitResult with None.
2026-03-10 10:34:56,041 - root - ERROR - Chunk 256: No Data! Returning LmfitResult with None.
2026-03-10 10:34:56,042 - root - ERROR - Chunk 257: No Data! Returning LmfitResult with None.
2026-03-10 10:34:56,043 - root - ERROR - Chunk 258: No Data! Returning LmfitResult with None.
2026-03-10 10:34:56,044 - root - ERROR - Chunk 259: No Data! Returning LmfitResult with None.
2026-03-10 10:34:56,045 - root - ERROR - Chunk 260: No Data! Returning LmfitResult with None.
2026-03-10 10:34:56,046 - root - ERROR - Chunk 261: No Data! Returning LmfitResult with None.
2026-03-10 10:34:56,046 - root - ERROR - Chunk 262: No Data! Returning LmfitResult with None.
2026-03-10 10:34:56,047 - root - ERROR - Chunk 263: No Data! Returning LmfitResult with None.
2026-03-10 10:34:56,048 - root - ERROR - Chunk 264: No Data! Returning LmfitResult with None.
2026-03-10 10:34:56,049 - root - ERROR - Chunk 265: No Data! Returning LmfitResult with None.
2026-03-10 10:34:56,050 - root - ERROR - Chunk 266: No Data! Returning LmfitResult with None.
2026-03-10 10:34:56,051 - root - ERROR - Chunk 267: No Data! Returning LmfitResult with None.
2026-03-10 10:34:56,052 - root - ERROR - Chunk 268: No Data! Returning LmfitResult with None.
2026-03-10 10:34:56,053 - root - ERROR - Chunk 269: No Data! Returning LmfitResult with None.
2026-03-10 10:34:56,054 - root - ERROR - Chunk 270: No Data! Returning LmfitResult with None.
2026-03-10 10:34:56,059 - root - ERROR - Chunk 271: No Data! Returning LmfitResult with None.
2026-03-10 10:34:56,060 - root - ERROR - Chunk 272: No Data! Returning LmfitResult with None.
2026-03-10 10:34:56,061 - root - ERROR - Chunk 273: No Data! Returning LmfitResult with None.
2026-03-10 10:34:56,062 - root - ERROR - Chunk 274: No Data! Returning LmfitResult with None.
2026-03-10 10:34:56,063 - root - ERROR - Chunk 275: No Data! Returning LmfitResult with None.
2026-03-10 10:34:56,064 - root - ERROR - Chunk 276: No Data! Returning LmfitResult with None.
2026-03-10 10:34:56,065 - root - ERROR - Chunk 277: No Data! Returning LmfitResult with None.
2026-03-10 10:34:56,066 - root - ERROR - Chunk 278: No Data! Returning LmfitResult with None.
2026-03-10 10:34:56,067 - root - ERROR - Chunk 279: No Data! Returning LmfitResult with None.
2026-03-10 10:34:56,068 - root - ERROR - Chunk 280: No Data! Returning LmfitResult with None.
2026-03-10 10:34:56,184 - root - ERROR - NaN value detected in oversampled model function.
2026-03-10 10:34:56,186 - root - ERROR - <ParameterSet (values: 17)>
    cont_intercept  =  46608.50051025506
    cont_slope      =  -15.274065287528387
    iod_depth       =  -0.33232244383752085
    lsf_left_1      =  3.7399262369430577
    lsf_left_2      =  -12.08641327408747
    lsf_left_3      =  6.28552815396405
    lsf_left_4      =  -2.480438237380154
    lsf_left_5      =  0.22684194514679618
    lsf_right1      =  2.422937845390894
    lsf_right2      =  -10.693778822425738
    lsf_right3      =  6.727805967863333
    lsf_right4      =  -2.597675007348208
    lsf_right5      =  0.15001421988080468
    tem_depth       =  0.9944712846502357
    velocity        =  -20634.206766666663
    wave_intercept  =  4986.999884354119
    wave_slope      =  0.012990114010624242
2026-03-10 10:34:56,187 - root - ERROR - Evaluated LSF:
2026-03-10 10:34:56,188 - root - ERROR - [nan nan nan nan nan nan nan nan nan nan nan nan nan nan nan nan nan nan
 nan nan nan nan nan nan nan nan nan nan nan nan nan nan nan nan nan nan
 nan nan nan nan nan nan nan nan nan nan nan nan nan nan nan nan nan nan
 nan nan nan nan nan nan nan nan nan nan nan nan nan nan nan nan nan nan
 nan]
2026-03-10 10:34:57,905 - root - ERROR - NaN value detected in oversampled model function.
2026-03-10 10:34:57,926 - root - ERROR - <ParameterSet (values: 17)>
    cont_intercept  =  12713.826964255431
    cont_slope      =  20.3456549335879
    iod_depth       =  0.08337217199065061
    lsf_left_1      =  6.494315783860897
    lsf_left_2      =  -18.11785796767243
    lsf_left_3      =  1.2745828325879978
    lsf_left_4      =  -1.9918075794222019
    lsf_left_5      =  1.2639567427582399
    lsf_right1      =  2.9394365851039614
    lsf_right2      =  -18.65581144112204
    lsf_right3      =  2.5336226731251905
    lsf_right4      =  -3.815109614924014
    lsf_right5      =  1.150514292726679
    tem_depth       =  0.9561523521001319
    velocity        =  -51232.08622074354
    wave_intercept  =  4990.902332133328
    wave_slope      =  0.01594435796873465
2026-03-10 10:34:57,937 - root - ERROR - Evaluated LSF:
2026-03-10 10:34:57,954 - root - ERROR - [nan nan nan nan nan nan nan nan nan nan nan nan nan nan nan nan nan nan
 nan nan nan nan nan nan nan nan nan nan nan nan nan nan nan nan nan nan
 nan nan nan nan nan nan nan nan nan nan nan nan nan nan nan nan nan nan
 nan nan nan nan nan nan nan nan nan nan nan nan nan nan nan nan nan nan
 nan]
2026-03-10 10:34:58,293 - root - ERROR - NaN value detected in oversampled model function.
2026-03-10 10:34:58,295 - root - ERROR - <ParameterSet (values: 17)>
    cont_intercept  =  24925.81796532689
    cont_slope      =  23.52603933672047
    iod_depth       =  0.996225784988198
    lsf_left_1      =  2.354454053600541
    lsf_left_2      =  -17.128389986995888
    lsf_left_3      =  2.9001868436321456
    lsf_left_4      =  -3.9323401630964976
    lsf_left_5      =  0.687827064815668
    lsf_right1      =  3.34653330988161
    lsf_right2      =  -17.211935930704616
    lsf_right3      =  2.523625827745487
    lsf_right4      =  -1.2416769557774847
    lsf_right5      =  0.36510207518973814
    tem_depth       =  1.0043388375166098
    velocity        =  -20756.503188178136
    wave_intercept  =  5000.772617671203
    wave_slope      =  0.015228541797348841
2026-03-10 10:34:58,296 - root - ERROR - Evaluated LSF:
2026-03-10 10:34:58,297 - root - ERROR - [nan nan nan nan nan nan nan nan nan nan nan nan nan nan nan nan nan nan
 nan nan nan nan nan nan nan nan nan nan nan nan nan nan nan nan nan nan
 nan nan nan nan nan nan nan nan nan nan nan nan nan nan nan nan nan nan
 nan nan nan nan nan nan nan nan nan nan nan nan nan nan nan nan nan nan
 nan]
2026-03-10 10:35:08,641 - root - ERROR - NaN value detected in oversampled model function.
2026-03-10 10:35:08,643 - root - ERROR - <ParameterSet (values: 17)>
    cont_intercept  =  43855.197759949864
    cont_slope      =  -32.97973539407479
    iod_depth       =  1.0702454386745128
    lsf_left_1      =  3.5484662445660247
    lsf_left_2      =  -17.560218271926896
    lsf_left_3      =  2.6258912203364506
    lsf_left_4      =  -0.43708253449905543
    lsf_left_5      =  0.1670194190385507
    lsf_right1      =  2.5317503585927548
    lsf_right2      =  -5.626789015575103
    lsf_right3      =  2.499936067762211
    lsf_right4      =  -3.8352550362953
    lsf_right5      =  0.15219430239193535
    tem_depth       =  1.016362191490953
    velocity        =  -21002.711270354874
    wave_intercept  =  5117.936626163631
    wave_slope      =  0.012827393807097433
2026-03-10 10:35:08,644 - root - ERROR - Evaluated LSF:
2026-03-10 10:35:08,644 - root - ERROR - [nan nan nan nan nan nan nan nan nan nan nan nan nan nan nan nan nan nan
 nan nan nan nan nan nan nan nan nan nan nan nan nan nan nan nan nan nan
 nan nan nan nan nan nan nan nan nan nan nan nan nan nan nan nan nan nan
 nan nan nan nan nan nan nan nan nan nan nan nan nan nan nan nan nan nan
 nan]
2026-03-10 10:36:04,666 - root - ERROR - NaN value detected in oversampled model function.
2026-03-10 10:36:04,668 - root - ERROR - <ParameterSet (values: 17)>
    cont_intercept  =  72943.8255095268
    cont_slope      =  50.162938126984436
    iod_depth       =  0.9385726632868794
    lsf_left_1      =  9.822753627019932
    lsf_left_2      =  -17.952589805118922
    lsf_left_3      =  7.843635701812002
    lsf_left_4      =  -2.677560214945342
    lsf_left_5      =  0.18785371632354445
    lsf_right1      =  4.390159945271118
    lsf_right2      =  -16.434782310544843
    lsf_right3      =  2.093832416184492
    lsf_right4      =  -2.0175661178486193
    lsf_right5      =  0.679910984604423
    tem_depth       =  1.0012062941665234
    velocity        =  -21217.653728182402
    wave_intercept  =  5649.020915999602
    wave_slope      =  0.017209208057684004
2026-03-10 10:36:04,669 - root - ERROR - Evaluated LSF:
2026-03-10 10:36:04,670 - root - ERROR - [nan nan nan nan nan nan nan nan nan nan nan nan nan nan nan nan nan nan
 nan nan nan nan nan nan nan nan nan nan nan nan nan nan nan nan nan nan
 nan nan nan nan nan nan nan nan nan nan nan nan nan nan nan nan nan nan
 nan nan nan nan nan nan nan nan nan nan nan nan nan nan nan nan nan nan
 nan]
2026-03-10 10:36:08,587 - root - ERROR - NaN value detected in oversampled model function.
2026-03-10 10:36:08,588 - root - ERROR - <ParameterSet (values: 17)>
    cont_intercept  =  45350.35976713403
    cont_slope      =  47.83643311550219
    iod_depth       =  1.0116764965159983
    lsf_left_1      =  3.936857577582744
    lsf_left_2      =  -11.98170791804625
    lsf_left_3      =  4.610505616797081
    lsf_left_4      =  -3.7523668383803086
    lsf_left_5      =  0.8681685098872726
    lsf_right1      =  3.512508811317661
    lsf_right2      =  -17.18277186511493
    lsf_right3      =  8.65464432505184
    lsf_right4      =  -3.3468893739257686
    lsf_right5      =  0.16176412322266215
    tem_depth       =  1.0929247937498356
    velocity        =  -20821.762764579205
    wave_intercept  =  5691.187144336866
    wave_slope      =  0.017900942935618402
2026-03-10 10:36:08,589 - root - ERROR - Evaluated LSF:
2026-03-10 10:36:08,590 - root - ERROR - [nan nan nan nan nan nan nan nan nan nan nan nan nan nan nan nan nan nan
 nan nan nan nan nan nan nan nan nan nan nan nan nan nan nan nan nan nan
 nan nan nan nan nan nan nan nan nan nan nan nan nan nan nan nan nan nan
 nan nan nan nan nan nan nan nan nan nan nan nan nan nan nan nan nan nan
 nan]
2026-03-10 10:36:13,187 - root - ERROR - NaN value detected in oversampled model function.
2026-03-10 10:36:13,188 - root - ERROR - <ParameterSet (values: 17)>
    cont_intercept  =  55761.46967805373
    cont_slope      =  -36.420691621777834
    iod_depth       =  0.9740950111753187
    lsf_left_1      =  2.5936130581941317
    lsf_left_2      =  -17.120117334480817
    lsf_left_3      =  1.4277049292627106
    lsf_left_4      =  -0.800445656930016
    lsf_left_5      =  0.24664431415425978
    lsf_right1      =  2.5866492581501164
    lsf_right2      =  -15.618073094696463
    lsf_right3      =  1.2672440174876576
    lsf_right4      =  -3.0386022863579294
    lsf_right5      =  1.0981415782694388
    tem_depth       =  1.199612092771755
    velocity        =  -21648.863906070666
    wave_intercept  =  5749.728975273015
    wave_slope      =  0.013554484597877212
2026-03-10 10:36:13,189 - root - ERROR - Evaluated LSF:
2026-03-10 10:36:13,190 - root - ERROR - [nan nan nan nan nan nan nan nan nan nan nan nan nan nan nan nan nan nan
 nan nan nan nan nan nan nan nan nan nan nan nan nan nan nan nan nan nan
 nan nan nan nan nan nan nan nan nan nan nan nan nan nan nan nan nan nan
 nan nan nan nan nan nan nan nan nan nan nan nan nan nan nan nan nan nan
 nan]
2026-03-10 10:36:14,017 - root - ERROR - NaN value detected in oversampled model function.
2026-03-10 10:36:14,018 - root - ERROR - <ParameterSet (values: 17)>
    cont_intercept  =  50923.982104489405
    cont_slope      =  47.03571946757138
    iod_depth       =  0.7799190801430376
    lsf_left_1      =  8.45055149720097
    lsf_left_2      =  -18.76062853604942
    lsf_left_3      =  6.517110028370437
    lsf_left_4      =  -3.227862624052196
    lsf_left_5      =  1.3292862554580893
    lsf_right1      =  2.329798113560229
    lsf_right2      =  -16.95944580467675
    lsf_right3      =  3.29938088832127
    lsf_right4      =  -3.5357103774536567
    lsf_right5      =  1.3378238917040284
    tem_depth       =  1.3674107161586488
    velocity        =  -19679.834812750632
    wave_intercept  =  5744.882708359857
    wave_slope      =  0.018594400011625694
2026-03-10 10:36:14,019 - root - ERROR - Evaluated LSF:
2026-03-10 10:36:14,020 - root - ERROR - [nan nan nan nan nan nan nan nan nan nan nan nan nan nan nan nan nan nan
 nan nan nan nan nan nan nan nan nan nan nan nan nan nan nan nan nan nan
 nan nan nan nan nan nan nan nan nan nan nan nan nan nan nan nan nan nan
 nan nan nan nan nan nan nan nan nan nan nan nan nan nan nan nan nan nan
 nan]
2026-03-10 10:36:34,317 - root - ERROR - NaN value detected in oversampled model function.
2026-03-10 10:36:34,318 - root - ERROR - <ParameterSet (values: 17)>
    cont_intercept  =  69412.09715069519
    cont_slope      =  91.11990908297541
    iod_depth       =  0.629297162241762
    lsf_left_1      =  2.570847894255395
    lsf_left_2      =  -5.7221738329447085
    lsf_left_3      =  1.2828668211055705
    lsf_left_4      =  -2.9168723728995642
    lsf_left_5      =  1.3017888106950075
    lsf_right1      =  2.8151369056759386
    lsf_right2      =  -18.804062728658266
    lsf_right3      =  11.155025719088076
    lsf_right4      =  -3.924201325825327
    lsf_right5      =  0.43518871965467365
    tem_depth       =  0.985194305747697
    velocity        =  -20773.152697619786
    wave_intercept  =  6029.298973109983
    wave_slope      =  0.019116269589953744
2026-03-10 10:36:34,319 - root - ERROR - Evaluated LSF:
2026-03-10 10:36:34,320 - root - ERROR - [nan nan nan nan nan nan nan nan nan nan nan nan nan nan nan nan nan nan
 nan nan nan nan nan nan nan nan nan nan nan nan nan nan nan nan nan nan
 nan nan nan nan nan nan nan nan nan nan nan nan nan nan nan nan nan nan
 nan nan nan nan nan nan nan nan nan nan nan nan nan nan nan nan nan nan
 nan]
2026-03-10 10:36:42,852 - root - ERROR - NaN value detected in oversampled model function.
2026-03-10 10:36:42,853 - root - ERROR - <ParameterSet (values: 17)>
    cont_intercept  =  66457.9244425014
    cont_slope      =  79.35885791247628
    iod_depth       =  0.12180502759868427
    lsf_left_1      =  2.4676904514979907
    lsf_left_2      =  -5.990432800202958
    lsf_left_3      =  3.2856311678985803
    lsf_left_4      =  -3.9325822122044283
    lsf_left_5      =  0.1488116228292723
    lsf_right1      =  4.494027541541552
    lsf_right2      =  -18.800915926214422
    lsf_right3      =  8.204905788103424
    lsf_right4      =  -3.852012499047153
    lsf_right5      =  0.9890339101194469
    tem_depth       =  0.9525539549873517
    velocity        =  -21009.77063604599
    wave_intercept  =  6151.1039064653205
    wave_slope      =  0.01899175094316299
2026-03-10 10:36:42,855 - root - ERROR - Evaluated LSF:
2026-03-10 10:36:42,856 - root - ERROR - [nan nan nan nan nan nan nan nan nan nan nan nan nan nan nan nan nan nan
 nan nan nan nan nan nan nan nan nan nan nan nan nan nan nan nan nan nan
 nan nan nan nan nan nan nan nan nan nan nan nan nan nan nan nan nan nan
 nan nan nan nan nan nan nan nan nan nan nan nan nan nan nan nan nan nan
 nan]
2026-03-10 10:36:50,022 - root - ERROR - Polynomial fitting failed. Falling back to input values
Traceback (most recent call last):
  File "/Users/jaklusmeyer/SONG/pyodine/pyodine/lib/misc.py", line 529, in fit_polynomial
    pfit, stats = np.polynomial.Polynomial.fit(
  File "/Users/jaklusmeyer/miniconda/envs/pyodine_env/lib/python3.9/site-packages/numpy/polynomial/_polybase.py", line 1036, in fit
    xnew = pu.mapdomain(x, domain, window)
  File "/Users/jaklusmeyer/miniconda/envs/pyodine_env/lib/python3.9/site-packages/numpy/polynomial/polyutils.py", line 371, in mapdomain
    off, scl = mapparms(old, new)
  File "/Users/jaklusmeyer/miniconda/envs/pyodine_env/lib/python3.9/site-packages/numpy/polynomial/polyutils.py", line 303, in mapparms
    off = (old[1]*new[0] - old[0]*new[1])/oldlen
ZeroDivisionError: division by zero
2026-03-10 10:36:50,024 - root - ERROR - Polynomial fitting failed. Falling back to input values
Traceback (most recent call last):
  File "/Users/jaklusmeyer/SONG/pyodine/pyodine/lib/misc.py", line 529, in fit_polynomial
    pfit, stats = np.polynomial.Polynomial.fit(
  File "/Users/jaklusmeyer/miniconda/envs/pyodine_env/lib/python3.9/site-packages/numpy/polynomial/_polybase.py", line 1036, in fit
    xnew = pu.mapdomain(x, domain, window)
  File "/Users/jaklusmeyer/miniconda/envs/pyodine_env/lib/python3.9/site-packages/numpy/polynomial/polyutils.py", line 371, in mapdomain
    off, scl = mapparms(old, new)
  File "/Users/jaklusmeyer/miniconda/envs/pyodine_env/lib/python3.9/site-packages/numpy/polynomial/polyutils.py", line 303, in mapparms
    off = (old[1]*new[0] - old[0]*new[1])/oldlen
ZeroDivisionError: division by zero
2026-03-10 10:36:50,025 - root - ERROR - Polynomial fitting failed. Falling back to input values
Traceback (most recent call last):
  File "/Users/jaklusmeyer/SONG/pyodine/pyodine/lib/misc.py", line 529, in fit_polynomial
    pfit, stats = np.polynomial.Polynomial.fit(
  File "/Users/jaklusmeyer/miniconda/envs/pyodine_env/lib/python3.9/site-packages/numpy/polynomial/_polybase.py", line 1036, in fit
    xnew = pu.mapdomain(x, domain, window)
  File "/Users/jaklusmeyer/miniconda/envs/pyodine_env/lib/python3.9/site-packages/numpy/polynomial/polyutils.py", line 371, in mapdomain
    off, scl = mapparms(old, new)
  File "/Users/jaklusmeyer/miniconda/envs/pyodine_env/lib/python3.9/site-packages/numpy/polynomial/polyutils.py", line 303, in mapparms
    off = (old[1]*new[0] - old[0]*new[1])/oldlen
ZeroDivisionError: division by zero
2026-03-10 10:36:50,026 - root - ERROR - Polynomial fitting failed. Falling back to input values
Traceback (most recent call last):
  File "/Users/jaklusmeyer/SONG/pyodine/pyodine/lib/misc.py", line 529, in fit_polynomial
    pfit, stats = np.polynomial.Polynomial.fit(
  File "/Users/jaklusmeyer/miniconda/envs/pyodine_env/lib/python3.9/site-packages/numpy/polynomial/_polybase.py", line 1036, in fit
    xnew = pu.mapdomain(x, domain, window)
  File "/Users/jaklusmeyer/miniconda/envs/pyodine_env/lib/python3.9/site-packages/numpy/polynomial/polyutils.py", line 371, in mapdomain
    off, scl = mapparms(old, new)
  File "/Users/jaklusmeyer/miniconda/envs/pyodine_env/lib/python3.9/site-packages/numpy/polynomial/polyutils.py", line 303, in mapparms
    off = (old[1]*new[0] - old[0]*new[1])/oldlen
ZeroDivisionError: division by zero
2026-03-10 10:36:50,028 - root - ERROR - Polynomial fitting failed. Falling back to input values
Traceback (most recent call last):
  File "/Users/jaklusmeyer/SONG/pyodine/pyodine/lib/misc.py", line 529, in fit_polynomial
    pfit, stats = np.polynomial.Polynomial.fit(
  File "/Users/jaklusmeyer/miniconda/envs/pyodine_env/lib/python3.9/site-packages/numpy/polynomial/_polybase.py", line 1036, in fit
    xnew = pu.mapdomain(x, domain, window)
  File "/Users/jaklusmeyer/miniconda/envs/pyodine_env/lib/python3.9/site-packages/numpy/polynomial/polyutils.py", line 371, in mapdomain
    off, scl = mapparms(old, new)
  File "/Users/jaklusmeyer/miniconda/envs/pyodine_env/lib/python3.9/site-packages/numpy/polynomial/polyutils.py", line 303, in mapparms
    off = (old[1]*new[0] - old[0]*new[1])/oldlen
ZeroDivisionError: division by zero
2026-03-10 10:36:50,029 - root - ERROR - Polynomial fitting failed. Falling back to input values
Traceback (most recent call last):
  File "/Users/jaklusmeyer/SONG/pyodine/pyodine/lib/misc.py", line 529, in fit_polynomial
    pfit, stats = np.polynomial.Polynomial.fit(
  File "/Users/jaklusmeyer/miniconda/envs/pyodine_env/lib/python3.9/site-packages/numpy/polynomial/_polybase.py", line 1036, in fit
    xnew = pu.mapdomain(x, domain, window)
  File "/Users/jaklusmeyer/miniconda/envs/pyodine_env/lib/python3.9/site-packages/numpy/polynomial/polyutils.py", line 371, in mapdomain
    off, scl = mapparms(old, new)
  File "/Users/jaklusmeyer/miniconda/envs/pyodine_env/lib/python3.9/site-packages/numpy/polynomial/polyutils.py", line 303, in mapparms
    off = (old[1]*new[0] - old[0]*new[1])/oldlen
ZeroDivisionError: division by zero
2026-03-10 10:36:50,030 - root - ERROR - Polynomial fitting failed. Falling back to input values
Traceback (most recent call last):
  File "/Users/jaklusmeyer/SONG/pyodine/pyodine/lib/misc.py", line 529, in fit_polynomial
    pfit, stats = np.polynomial.Polynomial.fit(
  File "/Users/jaklusmeyer/miniconda/envs/pyodine_env/lib/python3.9/site-packages/numpy/polynomial/_polybase.py", line 1036, in fit
    xnew = pu.mapdomain(x, domain, window)
  File "/Users/jaklusmeyer/miniconda/envs/pyodine_env/lib/python3.9/site-packages/numpy/polynomial/polyutils.py", line 371, in mapdomain
    off, scl = mapparms(old, new)
  File "/Users/jaklusmeyer/miniconda/envs/pyodine_env/lib/python3.9/site-packages/numpy/polynomial/polyutils.py", line 303, in mapparms
    off = (old[1]*new[0] - old[0]*new[1])/oldlen
ZeroDivisionError: division by zero
2026-03-10 10:36:50,039 - root - ERROR - Polynomial fitting failed. Falling back to input values
Traceback (most recent call last):
  File "/Users/jaklusmeyer/SONG/pyodine/pyodine/lib/misc.py", line 529, in fit_polynomial
    pfit, stats = np.polynomial.Polynomial.fit(
  File "/Users/jaklusmeyer/miniconda/envs/pyodine_env/lib/python3.9/site-packages/numpy/polynomial/_polybase.py", line 1036, in fit
    xnew = pu.mapdomain(x, domain, window)
  File "/Users/jaklusmeyer/miniconda/envs/pyodine_env/lib/python3.9/site-packages/numpy/polynomial/polyutils.py", line 371, in mapdomain
    off, scl = mapparms(old, new)
  File "/Users/jaklusmeyer/miniconda/envs/pyodine_env/lib/python3.9/site-packages/numpy/polynomial/polyutils.py", line 303, in mapparms
    off = (old[1]*new[0] - old[0]*new[1])/oldlen
ZeroDivisionError: division by zero
2026-03-10 10:36:50,041 - root - ERROR - Polynomial fitting failed. Falling back to input values
Traceback (most recent call last):
  File "/Users/jaklusmeyer/SONG/pyodine/pyodine/lib/misc.py", line 529, in fit_polynomial
    pfit, stats = np.polynomial.Polynomial.fit(
  File "/Users/jaklusmeyer/miniconda/envs/pyodine_env/lib/python3.9/site-packages/numpy/polynomial/_polybase.py", line 1036, in fit
    xnew = pu.mapdomain(x, domain, window)
  File "/Users/jaklusmeyer/miniconda/envs/pyodine_env/lib/python3.9/site-packages/numpy/polynomial/polyutils.py", line 371, in mapdomain
    off, scl = mapparms(old, new)
  File "/Users/jaklusmeyer/miniconda/envs/pyodine_env/lib/python3.9/site-packages/numpy/polynomial/polyutils.py", line 303, in mapparms
    off = (old[1]*new[0] - old[0]*new[1])/oldlen
ZeroDivisionError: division by zero
2026-03-10 10:36:50,042 - root - ERROR - Polynomial fitting failed. Falling back to input values
Traceback (most recent call last):
  File "/Users/jaklusmeyer/SONG/pyodine/pyodine/lib/misc.py", line 529, in fit_polynomial
    pfit, stats = np.polynomial.Polynomial.fit(
  File "/Users/jaklusmeyer/miniconda/envs/pyodine_env/lib/python3.9/site-packages/numpy/polynomial/_polybase.py", line 1036, in fit
    xnew = pu.mapdomain(x, domain, window)
  File "/Users/jaklusmeyer/miniconda/envs/pyodine_env/lib/python3.9/site-packages/numpy/polynomial/polyutils.py", line 371, in mapdomain
    off, scl = mapparms(old, new)
  File "/Users/jaklusmeyer/miniconda/envs/pyodine_env/lib/python3.9/site-packages/numpy/polynomial/polyutils.py", line 303, in mapparms
    off = (old[1]*new[0] - old[0]*new[1])/oldlen
ZeroDivisionError: division by zero
2026-03-10 10:36:50,043 - root - ERROR - Polynomial fitting failed. Falling back to input values
Traceback (most recent call last):
  File "/Users/jaklusmeyer/SONG/pyodine/pyodine/lib/misc.py", line 529, in fit_polynomial
    pfit, stats = np.polynomial.Polynomial.fit(
  File "/Users/jaklusmeyer/miniconda/envs/pyodine_env/lib/python3.9/site-packages/numpy/polynomial/_polybase.py", line 1036, in fit
    xnew = pu.mapdomain(x, domain, window)
  File "/Users/jaklusmeyer/miniconda/envs/pyodine_env/lib/python3.9/site-packages/numpy/polynomial/polyutils.py", line 371, in mapdomain
    off, scl = mapparms(old, new)
  File "/Users/jaklusmeyer/miniconda/envs/pyodine_env/lib/python3.9/site-packages/numpy/polynomial/polyutils.py", line 303, in mapparms
    off = (old[1]*new[0] - old[0]*new[1])/oldlen
ZeroDivisionError: division by zero
2026-03-10 10:36:50,044 - root - ERROR - Polynomial fitting failed. Falling back to input values
Traceback (most recent call last):
  File "/Users/jaklusmeyer/SONG/pyodine/pyodine/lib/misc.py", line 529, in fit_polynomial
    pfit, stats = np.polynomial.Polynomial.fit(
  File "/Users/jaklusmeyer/miniconda/envs/pyodine_env/lib/python3.9/site-packages/numpy/polynomial/_polybase.py", line 1036, in fit
    xnew = pu.mapdomain(x, domain, window)
  File "/Users/jaklusmeyer/miniconda/envs/pyodine_env/lib/python3.9/site-packages/numpy/polynomial/polyutils.py", line 371, in mapdomain
    off, scl = mapparms(old, new)
  File "/Users/jaklusmeyer/miniconda/envs/pyodine_env/lib/python3.9/site-packages/numpy/polynomial/polyutils.py", line 303, in mapparms
    off = (old[1]*new[0] - old[0]*new[1])/oldlen
ZeroDivisionError: division by zero
2026-03-10 10:36:50,046 - root - ERROR - Polynomial fitting failed. Falling back to input values
Traceback (most recent call last):
  File "/Users/jaklusmeyer/SONG/pyodine/pyodine/lib/misc.py", line 529, in fit_polynomial
    pfit, stats = np.polynomial.Polynomial.fit(
  File "/Users/jaklusmeyer/miniconda/envs/pyodine_env/lib/python3.9/site-packages/numpy/polynomial/_polybase.py", line 1036, in fit
    xnew = pu.mapdomain(x, domain, window)
  File "/Users/jaklusmeyer/miniconda/envs/pyodine_env/lib/python3.9/site-packages/numpy/polynomial/polyutils.py", line 371, in mapdomain
    off, scl = mapparms(old, new)
  File "/Users/jaklusmeyer/miniconda/envs/pyodine_env/lib/python3.9/site-packages/numpy/polynomial/polyutils.py", line 303, in mapparms
    off = (old[1]*new[0] - old[0]*new[1])/oldlen
ZeroDivisionError: division by zero
2026-03-10 10:36:50,047 - root - ERROR - Polynomial fitting failed. Falling back to input values
Traceback (most recent call last):
  File "/Users/jaklusmeyer/SONG/pyodine/pyodine/lib/misc.py", line 529, in fit_polynomial
    pfit, stats = np.polynomial.Polynomial.fit(
  File "/Users/jaklusmeyer/miniconda/envs/pyodine_env/lib/python3.9/site-packages/numpy/polynomial/_polybase.py", line 1036, in fit
    xnew = pu.mapdomain(x, domain, window)
  File "/Users/jaklusmeyer/miniconda/envs/pyodine_env/lib/python3.9/site-packages/numpy/polynomial/polyutils.py", line 371, in mapdomain
    off, scl = mapparms(old, new)
  File "/Users/jaklusmeyer/miniconda/envs/pyodine_env/lib/python3.9/site-packages/numpy/polynomial/polyutils.py", line 303, in mapparms
    off = (old[1]*new[0] - old[0]*new[1])/oldlen
ZeroDivisionError: division by zero
2026-03-10 10:36:53,135 - root - ERROR - NaN value detected in iodine function.
2026-03-10 10:36:53,158 - root - ERROR - Chunk could not be plotted
Traceback (most recent call last):
  File "/Users/jaklusmeyer/SONG/pyodine/pyodine/plot_lib.py", line 62, in plot_chunkmodel
    sp = fit_results[chunk_nr].fitted_spectrum
  File "/Users/jaklusmeyer/SONG/pyodine/pyodine/fitters/base.py", line 45, in fitted_spectrum
    return self.model.eval_spectrum(self.chunk, self.params, chunk_ind=self.chunk_ind)
  File "/Users/jaklusmeyer/SONG/pyodine/pyodine/models/base.py", line 79, in eval_spectrum
    flux = self.eval(chunk, params, chunk_ind=chunk_ind, **kwargs)
  File "/Users/jaklusmeyer/SONG/pyodine/pyodine/models/spectrum.py", line 138, in eval
    tck = splrep(tem.wave * doppler, flux_tem, s=0)
  File "/Users/jaklusmeyer/miniconda/envs/pyodine_env/lib/python3.9/site-packages/scipy/interpolate/_fitpack_py.py", line 295, in splrep
    res = _impl.splrep(x, y, w, xb, xe, k, task, s, t, full_output, per, quiet)
  File "/Users/jaklusmeyer/miniconda/envs/pyodine_env/lib/python3.9/site-packages/scipy/interpolate/_fitpack_impl.py", line 276, in splrep
    n, c, fp, ier = dfitpack.curfit(task, x, y, w, t, wrk, iwrk,
dfitpack.error: (xb<=x[0]) failed for 1st keyword xb: curfit:xb=nan
2026-03-10 10:36:53,551 - root - ERROR - NaN value detected in iodine function.
2026-03-10 10:36:53,553 - root - ERROR - Chunk could not be plotted
Traceback (most recent call last):
  File "/Users/jaklusmeyer/SONG/pyodine/pyodine/plot_lib.py", line 62, in plot_chunkmodel
    sp = fit_results[chunk_nr].fitted_spectrum
  File "/Users/jaklusmeyer/SONG/pyodine/pyodine/fitters/base.py", line 45, in fitted_spectrum
    return self.model.eval_spectrum(self.chunk, self.params, chunk_ind=self.chunk_ind)
  File "/Users/jaklusmeyer/SONG/pyodine/pyodine/models/base.py", line 79, in eval_spectrum
    flux = self.eval(chunk, params, chunk_ind=chunk_ind, **kwargs)
  File "/Users/jaklusmeyer/SONG/pyodine/pyodine/models/spectrum.py", line 138, in eval
    tck = splrep(tem.wave * doppler, flux_tem, s=0)
  File "/Users/jaklusmeyer/miniconda/envs/pyodine_env/lib/python3.9/site-packages/scipy/interpolate/_fitpack_py.py", line 295, in splrep
    res = _impl.splrep(x, y, w, xb, xe, k, task, s, t, full_output, per, quiet)
  File "/Users/jaklusmeyer/miniconda/envs/pyodine_env/lib/python3.9/site-packages/scipy/interpolate/_fitpack_impl.py", line 276, in splrep
    n, c, fp, ier = dfitpack.curfit(task, x, y, w, t, wrk, iwrk,
dfitpack.error: (xb<=x[0]) failed for 1st keyword xb: curfit:xb=nan
