2026-03-26 15:42:14,067 - root - ERROR - NaN value detected in oversampled model function.
2026-03-26 15:42:14,069 - root - ERROR - <ParameterSet (values: 17)>
    cont_intercept  =  9577.765705204387
    cont_slope      =  -0.6550917887037727
    iod_depth       =  0.7859639151928314
    lsf_left_1      =  7.520229190743306
    lsf_left_2      =  -16.477109301479913
    lsf_left_3      =  2.836157241725703
    lsf_left_4      =  -3.9118184470574433
    lsf_left_5      =  0.30008453957246717
    lsf_right1      =  6.1429482144177765
    lsf_right2      =  -18.30791575181996
    lsf_right3      =  9.788098100896988
    lsf_right4      =  -3.799433318227881
    lsf_right5      =  0.8836987844005991
    tem_depth       =  0.9547704855843533
    velocity        =  -1171.0182679896632
    wave_intercept  =  5143.488044329989
    wave_slope      =  0.014344458460570449
2026-03-26 15:42:14,070 - root - ERROR - Evaluated LSF:
2026-03-26 15:42:14,071 - root - ERROR - [nan nan nan nan nan nan nan nan nan nan nan nan nan nan nan nan nan nan
 nan nan nan nan nan nan nan nan nan nan nan nan nan nan nan nan nan nan
 nan nan nan nan nan nan nan nan nan nan nan nan nan nan nan nan nan nan
 nan nan nan nan nan nan nan nan nan nan nan nan nan nan nan nan nan nan
 nan]
2026-03-26 15:42:17,403 - root - ERROR - Chunk 29: No Data! Returning LmfitResult with None.
2026-03-26 15:42:20,329 - root - ERROR - NaN value detected in oversampled model function.
2026-03-26 15:42:20,332 - root - ERROR - <ParameterSet (values: 17)>
    cont_intercept  =  11090.38055155808
    cont_slope      =  -4.878911071625444
    iod_depth       =  0.8228869299971269
    lsf_left_1      =  2.2269990060214857
    lsf_left_2      =  -7.614648339093348
    lsf_left_3      =  5.866825527423756
    lsf_left_4      =  -3.3411494302078815
    lsf_left_5      =  0.8645284377940045
    lsf_right1      =  4.517309356366705
    lsf_right2      =  -17.010405085775016
    lsf_right3      =  1.5673908128800602
    lsf_right4      =  -3.404476472738355
    lsf_right5      =  0.9353379831956089
    tem_depth       =  -0.2988789566888682
    velocity        =  -12424.185979677717
    wave_intercept  =  5197.990390570117
    wave_slope      =  0.013659827911937088
2026-03-26 15:42:20,333 - root - ERROR - Evaluated LSF:
2026-03-26 15:42:20,334 - root - ERROR - [nan nan nan nan nan nan nan nan nan nan nan nan nan nan nan nan nan nan
 nan nan nan nan nan nan nan nan nan nan nan nan nan nan nan nan nan nan
 nan nan nan nan nan nan nan nan nan nan nan nan nan nan nan nan nan nan
 nan nan nan nan nan nan nan nan nan nan nan nan nan nan nan nan nan nan
 nan]
2026-03-26 15:42:22,316 - root - ERROR - NaN value detected in oversampled model function.
2026-03-26 15:42:22,318 - root - ERROR - <ParameterSet (values: 17)>
    cont_intercept  =  9818.161776088027
    cont_slope      =  4.438165016943959
    iod_depth       =  0.8367405102966136
    lsf_left_1      =  8.301774304554364
    lsf_left_2      =  -19.0012887945604
    lsf_left_3      =  2.726663463465215
    lsf_left_4      =  -3.964760075789118
    lsf_left_5      =  0.24558487464742745
    lsf_right1      =  3.781970572411355
    lsf_right2      =  -14.57776296222224
    lsf_right3      =  2.8747295769497
    lsf_right4      =  -0.4523210967997544
    lsf_right5      =  0.13327240190364037
    tem_depth       =  1.0971765313874313
    velocity        =  -1245.1713759049585
    wave_intercept  =  5219.7032034806425
    wave_slope      =  0.015462657444048336
2026-03-26 15:42:22,319 - root - ERROR - Evaluated LSF:
2026-03-26 15:42:22,321 - root - ERROR - [nan nan nan nan nan nan nan nan nan nan nan nan nan nan nan nan nan nan
 nan nan nan nan nan nan nan nan nan nan nan nan nan nan nan nan nan nan
 nan nan nan nan nan nan nan nan nan nan nan nan nan nan nan nan nan nan
 nan nan nan nan nan nan nan nan nan nan nan nan nan nan nan nan nan nan
 nan]
2026-03-26 15:42:22,340 - root - ERROR - NaN value detected in oversampled model function.
2026-03-26 15:42:22,342 - root - ERROR - <ParameterSet (values: 17)>
    cont_intercept  =  10811.29315895054
    cont_slope      =  3.8543815052322907
    iod_depth       =  0.838814375623244
    lsf_left_1      =  2.462465317450171
    lsf_left_2      =  -16.72821514394898
    lsf_left_3      =  7.540253235369718
    lsf_left_4      =  -2.828752887188235
    lsf_left_5      =  0.2571189992213819
    lsf_right1      =  5.960138738121451
    lsf_right2      =  -19.33672683589826
    lsf_right3      =  1.7649626281096058
    lsf_right4      =  -3.707464735075908
    lsf_right5      =  0.13745092611897733
    tem_depth       =  1.019952102354184
    velocity        =  -1200.1819017331075
    wave_intercept  =  5221.709944401289
    wave_slope      =  0.015314913920610686
2026-03-26 15:42:22,343 - root - ERROR - Evaluated LSF:
2026-03-26 15:42:22,345 - root - ERROR - [nan nan nan nan nan nan nan nan nan nan nan nan nan nan nan nan nan nan
 nan nan nan nan nan nan nan nan nan nan nan nan nan nan nan nan nan nan
 nan nan nan nan nan nan nan nan nan nan nan nan nan nan nan nan nan nan
 nan nan nan nan nan nan nan nan nan nan nan nan nan nan nan nan nan nan
 nan]
2026-03-26 15:42:23,056 - root - ERROR - Chunk 63: No Data! Returning LmfitResult with None.
2026-03-26 15:42:24,469 - root - ERROR - NaN value detected in oversampled model function.
2026-03-26 15:42:24,471 - root - ERROR - <ParameterSet (values: 17)>
    cont_intercept  =  10148.31791090683
    cont_slope      =  -5.969376650653559
    iod_depth       =  0.7810762338690524
    lsf_left_1      =  2.5095955466847926
    lsf_left_2      =  -17.123735412673597
    lsf_left_3      =  6.033619015824979
    lsf_left_4      =  -1.3066787742400834
    lsf_left_5      =  0.1474242767226111
    lsf_right1      =  9.401430838507661
    lsf_right2      =  -18.20452737954856
    lsf_right3      =  1.8025146741831308
    lsf_right4      =  -2.580150730915374
    lsf_right5      =  1.0223365606412247
    tem_depth       =  1.0420171695068856
    velocity        =  -828.0459996079536
    wave_intercept  =  5249.3858729702815
    wave_slope      =  0.013198498400532905
2026-03-26 15:42:24,472 - root - ERROR - Evaluated LSF:
2026-03-26 15:42:24,473 - root - ERROR - [nan nan nan nan nan nan nan nan nan nan nan nan nan nan nan nan nan nan
 nan nan nan nan nan nan nan nan nan nan nan nan nan nan nan nan nan nan
 nan nan nan nan nan nan nan nan nan nan nan nan nan nan nan nan nan nan
 nan nan nan nan nan nan nan nan nan nan nan nan nan nan nan nan nan nan
 nan]
2026-03-26 15:42:26,284 - root - ERROR - NaN value detected in oversampled model function.
2026-03-26 15:42:26,286 - root - ERROR - <ParameterSet (values: 17)>
    cont_intercept  =  8849.72293545295
    cont_slope      =  5.088336215502838
    iod_depth       =  0.8135833180268625
    lsf_left_1      =  6.975270217246328
    lsf_left_2      =  -18.824453455813014
    lsf_left_3      =  4.059631854205673
    lsf_left_4      =  -3.8645252559866785
    lsf_left_5      =  1.1973844029944374
    lsf_right1      =  2.6797327234101984
    lsf_right2      =  -19.338771314290092
    lsf_right3      =  1.9669600563989262
    lsf_right4      =  -0.5707022133361646
    lsf_right5      =  0.16971280276356435
    tem_depth       =  0.7716958394388678
    velocity        =  -1788.9860323866462
    wave_intercept  =  5260.6061969405555
    wave_slope      =  0.015884848098357836
2026-03-26 15:42:26,288 - root - ERROR - Evaluated LSF:
2026-03-26 15:42:26,289 - root - ERROR - [nan nan nan nan nan nan nan nan nan nan nan nan nan nan nan nan nan nan
 nan nan nan nan nan nan nan nan nan nan nan nan nan nan nan nan nan nan
 nan nan nan nan nan nan nan nan nan nan nan nan nan nan nan nan nan nan
 nan nan nan nan nan nan nan nan nan nan nan nan nan nan nan nan nan nan
 nan]
2026-03-26 15:42:36,948 - root - ERROR - NaN value detected in oversampled model function.
2026-03-26 15:42:36,949 - root - ERROR - <ParameterSet (values: 17)>
    cont_intercept  =  6246.24457054764
    cont_slope      =  7.797222700232596
    iod_depth       =  0.8098302693810766
    lsf_left_1      =  2.4289518218799326
    lsf_left_2      =  -18.981636763440765
    lsf_left_3      =  2.5779099527494376
    lsf_left_4      =  -3.524167501071668
    lsf_left_5      =  1.1572320009327557
    lsf_right1      =  2.5367763532288707
    lsf_right2      =  -8.373994284523658
    lsf_right3      =  1.1493715541297278
    lsf_right4      =  -1.2215071117301703
    lsf_right5      =  0.38522129633437086
    tem_depth       =  0.9793338337212616
    velocity        =  -1498.3326761760018
    wave_intercept  =  5391.609724639481
    wave_slope      =  0.016990930426126226
2026-03-26 15:42:36,951 - root - ERROR - Evaluated LSF:
2026-03-26 15:42:36,953 - root - ERROR - [nan nan nan nan nan nan nan nan nan nan nan nan nan nan nan nan nan nan
 nan nan nan nan nan nan nan nan nan nan nan nan nan nan nan nan nan nan
 nan nan nan nan nan nan nan nan nan nan nan nan nan nan nan nan nan nan
 nan nan nan nan nan nan nan nan nan nan nan nan nan nan nan nan nan nan
 nan]
2026-03-26 15:42:43,584 - root - ERROR - Chunk 190: No Data! Returning LmfitResult with None.
2026-03-26 15:42:46,794 - root - ERROR - Chunk 214: No Data! Returning LmfitResult with None.
2026-03-26 15:42:56,339 - root - ERROR - NaN value detected in oversampled model function.
2026-03-26 15:42:56,341 - root - ERROR - <ParameterSet (values: 17)>
    cont_intercept  =  8476.106687613212
    cont_slope      =  9.132086492652233
    iod_depth       =  0.8018649345339153
    lsf_left_1      =  9.99954399188558
    lsf_left_2      =  -19.081082405965127
    lsf_left_3      =  2.6626991878708237
    lsf_left_4      =  -0.4464820151760791
    lsf_left_5      =  0.22282384701879981
    lsf_right1      =  2.7446632465939405
    lsf_right2      =  -15.349800261179908
    lsf_right3      =  8.763998715216246
    lsf_right4      =  -3.7398579729428256
    lsf_right5      =  0.2045251366048635
    tem_depth       =  1.0449176134357416
    velocity        =  -1322.9313289353029
    wave_intercept  =  5641.226838216412
    wave_slope      =  0.017708322857324592
2026-03-26 15:42:56,342 - root - ERROR - Evaluated LSF:
2026-03-26 15:42:56,343 - root - ERROR - [nan nan nan nan nan nan nan nan nan nan nan nan nan nan nan nan nan nan
 nan nan nan nan nan nan nan nan nan nan nan nan nan nan nan nan nan nan
 nan nan nan nan nan nan nan nan nan nan nan nan nan nan nan nan nan nan
 nan nan nan nan nan nan nan nan nan nan nan nan nan nan nan nan nan nan
 nan]
2026-03-26 15:42:59,369 - root - ERROR - Chunk 296: No Data! Returning LmfitResult with None.
2026-03-26 15:43:00,378 - root - ERROR - NaN value detected in oversampled model function.
2026-03-26 15:43:00,381 - root - ERROR - <ParameterSet (values: 17)>
    cont_intercept  =  9714.28098897787
    cont_slope      =  14.1337657608168
    iod_depth       =  0.6916462680862163
    lsf_left_1      =  3.0428417937109202
    lsf_left_2      =  -16.737416659105662
    lsf_left_3      =  1.1464377313235667
    lsf_left_4      =  -1.634406799463886
    lsf_left_5      =  0.9643531472555347
    lsf_right1      =  2.606907888363862
    lsf_right2      =  -17.686724807195677
    lsf_right3      =  1.4590615598082666
    lsf_right4      =  -2.9107108261799786
    lsf_right5      =  1.0236317294626738
    tem_depth       =  -0.09672335807472968
    velocity        =  -9066.661174433975
    wave_intercept  =  5696.215570698391
    wave_slope      =  0.017609694050642846
2026-03-26 15:43:00,382 - root - ERROR - Evaluated LSF:
2026-03-26 15:43:00,384 - root - ERROR - [nan nan nan nan nan nan nan nan nan nan nan nan nan nan nan nan nan nan
 nan nan nan nan nan nan nan nan nan nan nan nan nan nan nan nan nan nan
 nan nan nan nan nan nan nan nan nan nan nan nan nan nan nan nan nan nan
 nan nan nan nan nan nan nan nan nan nan nan nan nan nan nan nan nan nan
 nan]
2026-03-26 15:43:00,974 - root - ERROR - NaN value detected in oversampled model function.
2026-03-26 15:43:00,977 - root - ERROR - <ParameterSet (values: 17)>
    cont_intercept  =  14398.594834297151
    cont_slope      =  4.800004673574841
    iod_depth       =  0.9227889476647705
    lsf_left_1      =  2.1657893999715627
    lsf_left_2      =  -4.688074990087912
    lsf_left_3      =  4.211570663936936
    lsf_left_4      =  -3.165485153900433
    lsf_left_5      =  1.1717075110590218
    lsf_right1      =  2.9917759725932864
    lsf_right2      =  -19.36388069227471
    lsf_right3      =  6.266905750597187
    lsf_right4      =  -2.5352054509064716
    lsf_right5      =  0.15912882617388557
    tem_depth       =  0.9039015058334374
    velocity        =  -1254.2150173658497
    wave_intercept  =  5705.333287013636
    wave_slope      =  0.017048366892746223
2026-03-26 15:43:00,978 - root - ERROR - Evaluated LSF:
2026-03-26 15:43:00,979 - root - ERROR - [nan nan nan nan nan nan nan nan nan nan nan nan nan nan nan nan nan nan
 nan nan nan nan nan nan nan nan nan nan nan nan nan nan nan nan nan nan
 nan nan nan nan nan nan nan nan nan nan nan nan nan nan nan nan nan nan
 nan nan nan nan nan nan nan nan nan nan nan nan nan nan nan nan nan nan
 nan]
2026-03-26 15:43:05,714 - root - ERROR - NaN value detected in oversampled model function.
2026-03-26 15:43:05,716 - root - ERROR - <ParameterSet (values: 17)>
    cont_intercept  =  19946.913003084443
    cont_slope      =  0.5963365687606708
    iod_depth       =  0.8822728784503209
    lsf_left_1      =  7.562417572210798
    lsf_left_2      =  -17.047608607984333
    lsf_left_3      =  2.3664922138015347
    lsf_left_4      =  -2.0302519144916924
    lsf_left_5      =  0.8271235125293891
    lsf_right1      =  3.0413872651081846
    lsf_right2      =  -14.508980677698757
    lsf_right3      =  8.119656218481095
    lsf_right4      =  -3.346354184006172
    lsf_right5      =  0.13474125800164669
    tem_depth       =  1.0451517179356635
    velocity        =  -1248.1379616177444
    wave_intercept  =  5772.188798106911
    wave_slope      =  0.01620419880671725
2026-03-26 15:43:05,717 - root - ERROR - Evaluated LSF:
2026-03-26 15:43:05,719 - root - ERROR - [nan nan nan nan nan nan nan nan nan nan nan nan nan nan nan nan nan nan
 nan nan nan nan nan nan nan nan nan nan nan nan nan nan nan nan nan nan
 nan nan nan nan nan nan nan nan nan nan nan nan nan nan nan nan nan nan
 nan nan nan nan nan nan nan nan nan nan nan nan nan nan nan nan nan nan
 nan]
2026-03-26 15:43:08,524 - root - ERROR - Chunk 357: No Data! Returning LmfitResult with None.
2026-03-26 15:43:10,072 - root - ERROR - Chunk 366: No Data! Returning LmfitResult with None.
2026-03-26 15:43:11,857 - root - ERROR - NaN value detected in oversampled model function.
2026-03-26 15:43:11,858 - root - ERROR - <ParameterSet (values: 17)>
    cont_intercept  =  12595.549439767197
    cont_slope      =  9.53473098304141
    iod_depth       =  0.8518469380227245
    lsf_left_1      =  4.285417721585048
    lsf_left_2      =  -18.481140187983193
    lsf_left_3      =  2.520069652833104
    lsf_left_4      =  -2.098266514379005
    lsf_left_5      =  1.0851509117373803
    lsf_right1      =  2.144180425368172
    lsf_right2      =  -5.802453611560177
    lsf_right3      =  1.9442493281281101
    lsf_right4      =  -3.3902176290125774
    lsf_right5      =  0.3348093260204726
    tem_depth       =  1.0670800623780878
    velocity        =  -1346.868961269753
    wave_intercept  =  5862.954752451434
    wave_slope      =  0.01807979925710242
2026-03-26 15:43:11,860 - root - ERROR - Evaluated LSF:
2026-03-26 15:43:11,861 - root - ERROR - [nan nan nan nan nan nan nan nan nan nan nan nan nan nan nan nan nan nan
 nan nan nan nan nan nan nan nan nan nan nan nan nan nan nan nan nan nan
 nan nan nan nan nan nan nan nan nan nan nan nan nan nan nan nan nan nan
 nan nan nan nan nan nan nan nan nan nan nan nan nan nan nan nan nan nan
 nan]
2026-03-26 15:43:14,989 - root - ERROR - NaN value detected in oversampled model function.
2026-03-26 15:43:14,992 - root - ERROR - <ParameterSet (values: 17)>
    cont_intercept  =  15334.06290708863
    cont_slope      =  -7.724225615657225
    iod_depth       =  0.8955571928512285
    lsf_left_1      =  6.369691055434257
    lsf_left_2      =  -14.133876695274973
    lsf_left_3      =  1.1528334203141286
    lsf_left_4      =  -0.45502541911758954
    lsf_left_5      =  0.40844882755914264
    lsf_right1      =  3.2498844203212425
    lsf_right2      =  -16.92603981068909
    lsf_right3      =  9.470275069728118
    lsf_right4      =  -3.813598719665179
    lsf_right5      =  0.3601321759335093
    tem_depth       =  0.6601172820950492
    velocity        =  -5197.219048381698
    wave_intercept  =  5907.434899014818
    wave_slope      =  0.014664106950995978
2026-03-26 15:43:14,994 - root - ERROR - Evaluated LSF:
2026-03-26 15:43:14,995 - root - ERROR - [nan nan nan nan nan nan nan nan nan nan nan nan nan nan nan nan nan nan
 nan nan nan nan nan nan nan nan nan nan nan nan nan nan nan nan nan nan
 nan nan nan nan nan nan nan nan nan nan nan nan nan nan nan nan nan nan
 nan nan nan nan nan nan nan nan nan nan nan nan nan nan nan nan nan nan
 nan]
2026-03-26 15:43:20,023 - root - ERROR - NaN value detected in oversampled model function.
2026-03-26 15:43:20,025 - root - ERROR - <ParameterSet (values: 17)>
    cont_intercept  =  18765.401655910686
    cont_slope      =  9.577991966160079
    iod_depth       =  0.8140730424843837
    lsf_left_1      =  9.542895995453414
    lsf_left_2      =  -19.290769689722538
    lsf_left_3      =  6.716712130077487
    lsf_left_4      =  -1.0936254120949758
    lsf_left_5      =  0.1458921787322883
    lsf_right1      =  4.0015882933258276
    lsf_right2      =  -19.326919308561617
    lsf_right3      =  4.678573667949168
    lsf_right4      =  -3.0939819795280066
    lsf_right5      =  0.16796325506334203
    tem_depth       =  0.9879839268102999
    velocity        =  -1525.5718888223641
    wave_intercept  =  5987.316704411063
    wave_slope      =  0.017685027622617203
2026-03-26 15:43:20,027 - root - ERROR - Evaluated LSF:
2026-03-26 15:43:20,028 - root - ERROR - [nan nan nan nan nan nan nan nan nan nan nan nan nan nan nan nan nan nan
 nan nan nan nan nan nan nan nan nan nan nan nan nan nan nan nan nan nan
 nan nan nan nan nan nan nan nan nan nan nan nan nan nan nan nan nan nan
 nan nan nan nan nan nan nan nan nan nan nan nan nan nan nan nan nan nan
 nan]
2026-03-26 15:43:22,711 - root - ERROR - NaN value detected in oversampled model function.
2026-03-26 15:43:22,714 - root - ERROR - <ParameterSet (values: 17)>
    cont_intercept  =  18281.926972365778
    cont_slope      =  -5.270681418151434
    iod_depth       =  0.29103892953264804
    lsf_left_1      =  3.9132524226840695
    lsf_left_2      =  -18.54919612365172
    lsf_left_3      =  4.056583455862496
    lsf_left_4      =  -3.1949312364523648
    lsf_left_5      =  0.546736995590527
    lsf_right1      =  2.124267493096324
    lsf_right2      =  -3.127198727341735
    lsf_right3      =  1.751943973349949
    lsf_right4      =  -3.750141107611436
    lsf_right5      =  0.6914564164254068
    tem_depth       =  0.9572870170455581
    velocity        =  -1040.4851163338767
    wave_intercept  =  6017.373072841662
    wave_slope      =  0.015404110899784279
2026-03-26 15:43:22,715 - root - ERROR - Evaluated LSF:
2026-03-26 15:43:22,716 - root - ERROR - [nan nan nan nan nan nan nan nan nan nan nan nan nan nan nan nan nan nan
 nan nan nan nan nan nan nan nan nan nan nan nan nan nan nan nan nan nan
 nan nan nan nan nan nan nan nan nan nan nan nan nan nan nan nan nan nan
 nan nan nan nan nan nan nan nan nan nan nan nan nan nan nan nan nan nan
 nan]
2026-03-26 15:43:22,834 - root - ERROR - NaN value detected in oversampled model function.
2026-03-26 15:43:22,836 - root - ERROR - <ParameterSet (values: 17)>
    cont_intercept  =  15827.742266510977
    cont_slope      =  -5.902700680390941
    iod_depth       =  0.9368212336837877
    lsf_left_1      =  2.7329984921410206
    lsf_left_2      =  -17.442136173444666
    lsf_left_3      =  3.617455567321488
    lsf_left_4      =  -2.5097355595964723
    lsf_left_5      =  0.205584839532716
    lsf_right1      =  7.807766465184156
    lsf_right2      =  -11.629377598792566
    lsf_right3      =  1.1924791352274453
    lsf_right4      =  -3.966136941664494
    lsf_right5      =  0.13826664937934005
    tem_depth       =  1.0198388153577782
    velocity        =  -1738.0472723288815
    wave_intercept  =  6021.328103636014
    wave_slope      =  0.015064554636197632
2026-03-26 15:43:22,838 - root - ERROR - Evaluated LSF:
2026-03-26 15:43:22,839 - root - ERROR - [nan nan nan nan nan nan nan nan nan nan nan nan nan nan nan nan nan nan
 nan nan nan nan nan nan nan nan nan nan nan nan nan nan nan nan nan nan
 nan nan nan nan nan nan nan nan nan nan nan nan nan nan nan nan nan nan
 nan nan nan nan nan nan nan nan nan nan nan nan nan nan nan nan nan nan
 nan]
2026-03-26 15:43:22,856 - root - ERROR - NaN value detected in oversampled model function.
2026-03-26 15:43:22,858 - root - ERROR - <ParameterSet (values: 17)>
    cont_intercept  =  15591.19719978452
    cont_slope      =  -8.582715242861042
    iod_depth       =  0.6876069957591161
    lsf_left_1      =  2.7696352900228836
    lsf_left_2      =  -5.6390672913968825
    lsf_left_3      =  3.6045455275117932
    lsf_left_4      =  -1.7556384117612147
    lsf_left_5      =  0.1570476189706555
    lsf_right1      =  2.308937278174294
    lsf_right2      =  -16.995189695016414
    lsf_right3      =  1.523778077380097
    lsf_right4      =  -1.3584224352876295
    lsf_right5      =  0.5675213911035608
    tem_depth       =  1.0472412945701826
    velocity        =  -1332.1415429068802
    wave_intercept  =  6023.258338832153
    wave_slope      =  0.014937006652894696
2026-03-26 15:43:22,860 - root - ERROR - Evaluated LSF:
2026-03-26 15:43:22,861 - root - ERROR - [nan nan nan nan nan nan nan nan nan nan nan nan nan nan nan nan nan nan
 nan nan nan nan nan nan nan nan nan nan nan nan nan nan nan nan nan nan
 nan nan nan nan nan nan nan nan nan nan nan nan nan nan nan nan nan nan
 nan nan nan nan nan nan nan nan nan nan nan nan nan nan nan nan nan nan
 nan]
2026-03-26 15:43:26,084 - root - ERROR - NaN value detected in oversampled model function.
2026-03-26 15:43:26,085 - root - ERROR - <ParameterSet (values: 17)>
    cont_intercept  =  22306.800744335083
    cont_slope      =  -3.9637822838807484
    iod_depth       =  0.7099002548252634
    lsf_left_1      =  5.537082920573325
    lsf_left_2      =  -13.929654550990708
    lsf_left_3      =  9.47065150066756
    lsf_left_4      =  -3.9668078597060994
    lsf_left_5      =  1.1650884601325706
    lsf_right1      =  5.122384821891722
    lsf_right2      =  -18.252530801967225
    lsf_right3      =  7.7229103905182965
    lsf_right4      =  -3.5572561100013615
    lsf_right5      =  0.7444597541419207
    tem_depth       =  0.2187458792722199
    velocity        =  -3170.8209765940396
    wave_intercept  =  6068.713311406804
    wave_slope      =  0.01608781500386052
2026-03-26 15:43:26,087 - root - ERROR - Evaluated LSF:
2026-03-26 15:43:26,088 - root - ERROR - [nan nan nan nan nan nan nan nan nan nan nan nan nan nan nan nan nan nan
 nan nan nan nan nan nan nan nan nan nan nan nan nan nan nan nan nan nan
 nan nan nan nan nan nan nan nan nan nan nan nan nan nan nan nan nan nan
 nan nan nan nan nan nan nan nan nan nan nan nan nan nan nan nan nan nan
 nan]
2026-03-26 15:43:26,447 - root - ERROR - Chunk 470: No Data! Returning LmfitResult with None.
2026-03-26 15:43:27,094 - root - ERROR - NaN value detected in oversampled model function.
2026-03-26 15:43:27,096 - root - ERROR - <ParameterSet (values: 17)>
    cont_intercept  =  13335.96549521367
    cont_slope      =  9.334188334823674
    iod_depth       =  0.8506903562249871
    lsf_left_1      =  4.176756721635315
    lsf_left_2      =  -18.276396305666218
    lsf_left_3      =  4.356459074275017
    lsf_left_4      =  -3.83851758737111
    lsf_left_5      =  0.15102886318435896
    lsf_right1      =  3.6627127136229816
    lsf_right2      =  -19.22541541999255
    lsf_right3      =  9.298293832327204
    lsf_right4      =  -3.9599701833085335
    lsf_right5      =  0.2348323938861098
    tem_depth       =  1.187761270531223
    velocity        =  -1294.6557892143967
    wave_intercept  =  6095.028505000335
    wave_slope      =  0.019090456425347128
2026-03-26 15:43:27,097 - root - ERROR - Evaluated LSF:
2026-03-26 15:43:27,099 - root - ERROR - [nan nan nan nan nan nan nan nan nan nan nan nan nan nan nan nan nan nan
 nan nan nan nan nan nan nan nan nan nan nan nan nan nan nan nan nan nan
 nan nan nan nan nan nan nan nan nan nan nan nan nan nan nan nan nan nan
 nan nan nan nan nan nan nan nan nan nan nan nan nan nan nan nan nan nan
 nan]
2026-03-26 15:43:32,837 - root - ERROR - NaN value detected in oversampled model function.
2026-03-26 15:43:32,838 - root - ERROR - <ParameterSet (values: 17)>
    cont_intercept  =  20758.865134193853
    cont_slope      =  4.260348513385743
    iod_depth       =  0.20743251636517795
    lsf_left_1      =  2.128709351772901
    lsf_left_2      =  -19.21381933058863
    lsf_left_3      =  1.162228715332078
    lsf_left_4      =  -3.9671080509360754
    lsf_left_5      =  1.121783188245547
    lsf_right1      =  8.679486555669518
    lsf_right2      =  -12.925992045951297
    lsf_right3      =  1.8416056853305856
    lsf_right4      =  -1.8635774485826855
    lsf_right5      =  0.7195889305405975
    tem_depth       =  1.0832424234026896
    velocity        =  -1945.5417219421129
    wave_intercept  =  6173.444987129495
    wave_slope      =  0.017863186852169557
2026-03-26 15:43:32,840 - root - ERROR - Evaluated LSF:
2026-03-26 15:43:32,841 - root - ERROR - [nan nan nan nan nan nan nan nan nan nan nan nan nan nan nan nan nan nan
 nan nan nan nan nan nan nan nan nan nan nan nan nan nan nan nan nan nan
 nan nan nan nan nan nan nan nan nan nan nan nan nan nan nan nan nan nan
 nan nan nan nan nan nan nan nan nan nan nan nan nan nan nan nan nan nan
 nan]
2026-03-26 15:43:33,770 - root - ERROR - NaN value detected in oversampled model function.
2026-03-26 15:43:33,772 - root - ERROR - <ParameterSet (values: 17)>
    cont_intercept  =  19889.33138745639
    cont_slope      =  -5.375576384983679
    iod_depth       =  0.50908126108167
    lsf_left_1      =  9.794543060004177
    lsf_left_2      =  -19.189213619999215
    lsf_left_3      =  4.641210387243582
    lsf_left_4      =  -3.1805562099577434
    lsf_left_5      =  0.2619147216706021
    lsf_right1      =  7.412714841659789
    lsf_right2      =  -19.128033751056996
    lsf_right3      =  1.3020622444704348
    lsf_right4      =  -3.6715392703192764
    lsf_right5      =  0.18294297574271012
    tem_depth       =  0.98981237109791
    velocity        =  -1064.5378668279225
    wave_intercept  =  6191.306163050263
    wave_slope      =  0.01654412925737177
2026-03-26 15:43:33,773 - root - ERROR - Evaluated LSF:
2026-03-26 15:43:33,774 - root - ERROR - [nan nan nan nan nan nan nan nan nan nan nan nan nan nan nan nan nan nan
 nan nan nan nan nan nan nan nan nan nan nan nan nan nan nan nan nan nan
 nan nan nan nan nan nan nan nan nan nan nan nan nan nan nan nan nan nan
 nan nan nan nan nan nan nan nan nan nan nan nan nan nan nan nan nan nan
 nan]
2026-03-26 15:43:34,057 - root - ERROR - NaN value detected in oversampled model function.
2026-03-26 15:43:34,058 - root - ERROR - <ParameterSet (values: 17)>
    cont_intercept  =  20118.460044293795
    cont_slope      =  -5.7651850481205305
    iod_depth       =  1.4313652610652574
    lsf_left_1      =  2.7606824791442404
    lsf_left_2      =  -18.593430980592625
    lsf_left_3      =  5.463156193966873
    lsf_left_4      =  -2.6420674446016754
    lsf_left_5      =  0.5655831482534046
    lsf_right1      =  6.27632679333012
    lsf_right2      =  -19.364374489932345
    lsf_right3      =  4.68535134965893
    lsf_right4      =  -2.6484672713761253
    lsf_right5      =  1.1847716665402788
    tem_depth       =  0.2320451301627532
    velocity        =  -7533.9179206507
    wave_intercept  =  6195.542986171636
    wave_slope      =  0.016094408232786402
2026-03-26 15:43:34,060 - root - ERROR - Evaluated LSF:
2026-03-26 15:43:34,061 - root - ERROR - [nan nan nan nan nan nan nan nan nan nan nan nan nan nan nan nan nan nan
 nan nan nan nan nan nan nan nan nan nan nan nan nan nan nan nan nan nan
 nan nan nan nan nan nan nan nan nan nan nan nan nan nan nan nan nan nan
 nan nan nan nan nan nan nan nan nan nan nan nan nan nan nan nan nan nan
 nan]
2026-03-26 15:43:36,092 - root - ERROR - NaN value detected in oversampled model function.
2026-03-26 15:43:36,093 - root - ERROR - <ParameterSet (values: 17)>
    cont_intercept  =  17452.99464469137
    cont_slope      =  6.005807063570708
    iod_depth       =  0.42908822203451047
    lsf_left_1      =  3.1380573229881423
    lsf_left_2      =  -8.412065926018325
    lsf_left_3      =  1.146711607284789
    lsf_left_4      =  -2.7774361786676085
    lsf_left_5      =  1.1956322438134341
    lsf_right1      =  5.472080979278891
    lsf_right2      =  -17.758490332416613
    lsf_right3      =  1.1503651447076662
    lsf_right4      =  -3.922222495804341
    lsf_right5      =  0.3784486856194532
    tem_depth       =  0.007670209636922835
    velocity        =  -60889.72850069452
    wave_intercept  =  6226.178292119672
    wave_slope      =  0.018933250759180353
2026-03-26 15:43:36,095 - root - ERROR - Evaluated LSF:
2026-03-26 15:43:36,096 - root - ERROR - [nan nan nan nan nan nan nan nan nan nan nan nan nan nan nan nan nan nan
 nan nan nan nan nan nan nan nan nan nan nan nan nan nan nan nan nan nan
 nan nan nan nan nan nan nan nan nan nan nan nan nan nan nan nan nan nan
 nan nan nan nan nan nan nan nan nan nan nan nan nan nan nan nan nan nan
 nan]
2026-03-26 15:43:37,045 - root - ERROR - Chunk 537: No Data! Returning LmfitResult with None.
2026-03-26 15:43:37,060 - root - ERROR - NaN value detected in oversampled model function.
2026-03-26 15:43:37,062 - root - ERROR - <ParameterSet (values: 17)>
    cont_intercept  =  20763.423772660684
    cont_slope      =  -0.6918174046155727
    iod_depth       =  1.3215898491291316
    lsf_left_1      =  2.9238045532507737
    lsf_left_2      =  -18.361127220707893
    lsf_left_3      =  3.297244510953152
    lsf_left_4      =  -1.4994703112266938
    lsf_left_5      =  0.14036140921931536
    lsf_right1      =  2.1386195672598043
    lsf_right2      =  -12.836604860058758
    lsf_right3      =  3.9260977614806825
    lsf_right4      =  -2.9402807716175965
    lsf_right5      =  1.1063520178662558
    tem_depth       =  1.0222095230918546
    velocity        =  -1264.2897468854576
    wave_intercept  =  6245.6728846756005
    wave_slope      =  0.01728827364038
2026-03-26 15:43:37,063 - root - ERROR - Evaluated LSF:
2026-03-26 15:43:37,064 - root - ERROR - [nan nan nan nan nan nan nan nan nan nan nan nan nan nan nan nan nan nan
 nan nan nan nan nan nan nan nan nan nan nan nan nan nan nan nan nan nan
 nan nan nan nan nan nan nan nan nan nan nan nan nan nan nan nan nan nan
 nan nan nan nan nan nan nan nan nan nan nan nan nan nan nan nan nan nan
 nan]
2026-03-26 15:43:37,378 - root - ERROR - NaN value detected in oversampled model function.
2026-03-26 15:43:37,379 - root - ERROR - <ParameterSet (values: 17)>
    cont_intercept  =  22364.283663169877
    cont_slope      =  1.7501516168037858
    iod_depth       =  1.0327860889438065
    lsf_left_1      =  9.596648402904147
    lsf_left_2      =  -15.803894209536455
    lsf_left_3      =  4.140407467721367
    lsf_left_4      =  -3.8083492392387286
    lsf_left_5      =  0.14086403234391967
    lsf_right1      =  4.350995527922674
    lsf_right2      =  -18.661659964402418
    lsf_right3      =  1.3480744010835979
    lsf_right4      =  -3.9635904395851895
    lsf_right5      =  0.38169184649716426
    tem_depth       =  1.036421626697561
    velocity        =  -1781.4633977401816
    wave_intercept  =  6250.105941743671
    wave_slope      =  0.017084074922121557
2026-03-26 15:43:37,381 - root - ERROR - Evaluated LSF:
2026-03-26 15:43:37,381 - root - ERROR - [nan nan nan nan nan nan nan nan nan nan nan nan nan nan nan nan nan nan
 nan nan nan nan nan nan nan nan nan nan nan nan nan nan nan nan nan nan
 nan nan nan nan nan nan nan nan nan nan nan nan nan nan nan nan nan nan
 nan nan nan nan nan nan nan nan nan nan nan nan nan nan nan nan nan nan
 nan]
2026-03-26 15:43:38,061 - root - ERROR - Chunk 544: No Data! Returning LmfitResult with None.
2026-03-26 15:43:38,859 - root - ERROR - NaN value detected in oversampled model function.
2026-03-26 15:43:38,861 - root - ERROR - <ParameterSet (values: 17)>
    cont_intercept  =  16052.62058460706
    cont_slope      =  -3.1691759012833147
    iod_depth       =  1.5971709808757353
    lsf_left_1      =  3.3090762496113184
    lsf_left_2      =  -13.88941939361828
    lsf_left_3      =  2.7338362677321264
    lsf_left_4      =  -3.2468998549112627
    lsf_left_5      =  0.16343631065406997
    lsf_right1      =  3.11101028777621
    lsf_right2      =  -12.599597237937584
    lsf_right3      =  5.193413657113419
    lsf_right4      =  -1.1977634750555346
    lsf_right5      =  0.14335667677268385
    tem_depth       =  -0.03705980618405373
    velocity        =  -8770.860104742145
    wave_intercept  =  6269.0785164772215
    wave_slope      =  0.01511021087613845
2026-03-26 15:43:38,862 - root - ERROR - Evaluated LSF:
2026-03-26 15:43:38,863 - root - ERROR - [nan nan nan nan nan nan nan nan nan nan nan nan nan nan nan nan nan nan
 nan nan nan nan nan nan nan nan nan nan nan nan nan nan nan nan nan nan
 nan nan nan nan nan nan nan nan nan nan nan nan nan nan nan nan nan nan
 nan nan nan nan nan nan nan nan nan nan nan nan nan nan nan nan nan nan
 nan]
2026-03-26 15:43:39,632 - root - ERROR - NaN value detected in oversampled model function.
2026-03-26 15:43:39,634 - root - ERROR - <ParameterSet (values: 17)>
    cont_intercept  =  13758.499156641437
    cont_slope      =  9.236666249142278
    iod_depth       =  0.8921444315621231
    lsf_left_1      =  3.214909531136272
    lsf_left_2      =  -8.294882109325018
    lsf_left_3      =  4.174629279505998
    lsf_left_4      =  -1.9685279697288218
    lsf_left_5      =  0.19909429751027052
    lsf_right1      =  2.1488149754448487
    lsf_right2      =  -9.246584641913598
    lsf_right3      =  1.8691770513373394
    lsf_right4      =  -2.304710002348682
    lsf_right5      =  0.9553441712382472
    tem_depth       =  0.9328548896548725
    velocity        =  -993.9173972142805
    wave_intercept  =  6283.5366446906255
    wave_slope      =  0.02005172387846175
2026-03-26 15:43:39,635 - root - ERROR - Evaluated LSF:
2026-03-26 15:43:39,636 - root - ERROR - [nan nan nan nan nan nan nan nan nan nan nan nan nan nan nan nan nan nan
 nan nan nan nan nan nan nan nan nan nan nan nan nan nan nan nan nan nan
 nan nan nan nan nan nan nan nan nan nan nan nan nan nan nan nan nan nan
 nan nan nan nan nan nan nan nan nan nan nan nan nan nan nan nan nan nan
 nan]
2026-03-26 15:43:39,965 - root - ERROR - NaN value detected in oversampled model function.
2026-03-26 15:43:39,967 - root - ERROR - <ParameterSet (values: 17)>
    cont_intercept  =  17393.61588914311
    cont_slope      =  7.086128280525993
    iod_depth       =  0.5793318488425221
    lsf_left_1      =  11.52416152730651
    lsf_left_2      =  -16.973305024834076
    lsf_left_3      =  1.3850447942266781
    lsf_left_4      =  -1.7900392815215147
    lsf_left_5      =  0.1511662799565945
    lsf_right1      =  3.0602102436205376
    lsf_right2      =  -18.271860072853887
    lsf_right3      =  1.1891905388930923
    lsf_right4      =  -1.7313628410981257
    lsf_right5      =  1.152030575916716
    tem_depth       =  0.9994876913397578
    velocity        =  -1150.1575249011617
    wave_intercept  =  6291.048875557408
    wave_slope      =  0.018805089802837984
2026-03-26 15:43:39,969 - root - ERROR - Evaluated LSF:
2026-03-26 15:43:39,970 - root - ERROR - [nan nan nan nan nan nan nan nan nan nan nan nan nan nan nan nan nan nan
 nan nan nan nan nan nan nan nan nan nan nan nan nan nan nan nan nan nan
 nan nan nan nan nan nan nan nan nan nan nan nan nan nan nan nan nan nan
 nan nan nan nan nan nan nan nan nan nan nan nan nan nan nan nan nan nan
 nan]
2026-03-26 15:43:41,609 - root - ERROR - NaN value detected in oversampled model function.
2026-03-26 15:43:41,611 - root - ERROR - <ParameterSet (values: 17)>
    cont_intercept  =  22358.617851184827
    cont_slope      =  2.13500266701907
    iod_depth       =  0.7174982880115027
    lsf_left_1      =  2.8044854882974932
    lsf_left_2      =  -17.01807690080473
    lsf_left_3      =  4.232532837166442
    lsf_left_4      =  -3.6596863962553376
    lsf_left_5      =  0.47615221413403835
    lsf_right1      =  2.3095087570349615
    lsf_right2      =  -10.223975166735638
    lsf_right3      =  3.17537367205349
    lsf_right4      =  -2.884550659307905
    lsf_right5      =  0.13435729524223175
    tem_depth       =  1.1339849521517085
    velocity        =  -980.9037589969192
    wave_intercept  =  6310.032905259226
    wave_slope      =  0.01757584482930542
2026-03-26 15:43:41,613 - root - ERROR - Evaluated LSF:
2026-03-26 15:43:41,614 - root - ERROR - [nan nan nan nan nan nan nan nan nan nan nan nan nan nan nan nan nan nan
 nan nan nan nan nan nan nan nan nan nan nan nan nan nan nan nan nan nan
 nan nan nan nan nan nan nan nan nan nan nan nan nan nan nan nan nan nan
 nan nan nan nan nan nan nan nan nan nan nan nan nan nan nan nan nan nan
 nan]
2026-03-26 15:43:42,330 - root - ERROR - Chunk 569: No Data! Returning LmfitResult with None.
2026-03-26 15:43:42,332 - root - ERROR - Chunk 570: No Data! Returning LmfitResult with None.
2026-03-26 15:43:42,370 - root - ERROR - NaN value detected in oversampled model function.
2026-03-26 15:43:42,373 - root - ERROR - <ParameterSet (values: 17)>
    cont_intercept  =  18421.862042175515
    cont_slope      =  -4.153292545333786
    iod_depth       =  0.23976047738484751
    lsf_left_1      =  4.790137713298732
    lsf_left_2      =  -14.891189268294326
    lsf_left_3      =  4.752054987279788
    lsf_left_4      =  -2.4621587288605236
    lsf_left_5      =  0.5180504221195523
    lsf_right1      =  4.2144296551345235
    lsf_right2      =  -15.265160825455624
    lsf_right3      =  4.932972300655175
    lsf_right4      =  -2.037372230218112
    lsf_right5      =  0.8490211156966092
    tem_depth       =  1.1169987822075746
    velocity        =  -2847.3685042329903
    wave_intercept  =  6327.515613371817
    wave_slope      =  0.015859762299206392
2026-03-26 15:43:42,374 - root - ERROR - Evaluated LSF:
2026-03-26 15:43:42,376 - root - ERROR - [nan nan nan nan nan nan nan nan nan nan nan nan nan nan nan nan nan nan
 nan nan nan nan nan nan nan nan nan nan nan nan nan nan nan nan nan nan
 nan nan nan nan nan nan nan nan nan nan nan nan nan nan nan nan nan nan
 nan nan nan nan nan nan nan nan nan nan nan nan nan nan nan nan nan nan
 nan]
2026-03-26 15:43:42,414 - root - ERROR - NaN value detected in oversampled model function.
2026-03-26 15:43:42,415 - root - ERROR - <ParameterSet (values: 17)>
    cont_intercept  =  17724.473872203143
    cont_slope      =  -7.3975904034667375
    iod_depth       =  0.8151324026513823
    lsf_left_1      =  2.7267677968476782
    lsf_left_2      =  -16.247141550266093
    lsf_left_3      =  1.5089735743536674
    lsf_left_4      =  -2.4505547027313903
    lsf_left_5      =  0.9508540466436187
    lsf_right1      =  6.390289664488732
    lsf_right2      =  -18.78042774206527
    lsf_right3      =  9.73671279870716
    lsf_right4      =  -3.8637834090892964
    lsf_right5      =  1.0468191788177412
    tem_depth       =  0.4542437934069819
    velocity        =  1765.0400543902642
    wave_intercept  =  6329.6092968743305
    wave_slope      =  0.01594030917938724
2026-03-26 15:43:42,416 - root - ERROR - Evaluated LSF:
2026-03-26 15:43:42,417 - root - ERROR - [nan nan nan nan nan nan nan nan nan nan nan nan nan nan nan nan nan nan
 nan nan nan nan nan nan nan nan nan nan nan nan nan nan nan nan nan nan
 nan nan nan nan nan nan nan nan nan nan nan nan nan nan nan nan nan nan
 nan nan nan nan nan nan nan nan nan nan nan nan nan nan nan nan nan nan
 nan]
2026-03-26 15:43:42,525 - root - ERROR - NaN value detected in oversampled model function.
2026-03-26 15:43:42,527 - root - ERROR - <ParameterSet (values: 17)>
    cont_intercept  =  15787.762009147471
    cont_slope      =  -8.416163078341109
    iod_depth       =  0.907689826144543
    lsf_left_1      =  2.4044410639605878
    lsf_left_2      =  -12.952295202955815
    lsf_left_3      =  3.9295737062862433
    lsf_left_4      =  -2.2735496211977684
    lsf_left_5      =  0.5614292493657531
    lsf_right1      =  2.722077269879354
    lsf_right2      =  -18.855331980778384
    lsf_right3      =  6.750433098656697
    lsf_right4      =  -1.8378226880041755
    lsf_right5      =  0.5154201307019678
    tem_depth       =  0.01799371072154188
    velocity        =  -7543.231990883924
    wave_intercept  =  6333.747363037049
    wave_slope      =  0.01556589807521492
2026-03-26 15:43:42,528 - root - ERROR - Evaluated LSF:
2026-03-26 15:43:42,529 - root - ERROR - [nan nan nan nan nan nan nan nan nan nan nan nan nan nan nan nan nan nan
 nan nan nan nan nan nan nan nan nan nan nan nan nan nan nan nan nan nan
 nan nan nan nan nan nan nan nan nan nan nan nan nan nan nan nan nan nan
 nan nan nan nan nan nan nan nan nan nan nan nan nan nan nan nan nan nan
 nan]
