INFO - 
INFO - Branch: master
INFO - Hash: c2a71ac
INFO - ---------------------------
INFO - Working on: /Users/jaklusmeyer/SONG/reduce/UT260321/sciencestar/HD185144_ec_260321.0248.fits
INFO - 
INFO - Median flux of the observation: 7753
INFO - Loading template from file: /Users/jaklusmeyer/SONG/reduce/0007_sigdra_temp_results_v1/obs_temp_highsnr_test.h5
INFO - 
INFO - Order correction: 0
INFO - 
INFO - Measured velocity rel. to reference spectrum: 29.459 km/s
INFO - Template velocity: 38.044 km/s
INFO - Velocity guess: -8.585 km/s (relative to template)

INFO - (Barycentric velocity of observation: -2.274 km/s)
INFO - (Barycentric velocity of template: -4.628 km/s)

INFO - 
INFO - Barycentric redshift between template and observation: 
INFO - v = -2354.2784823203538, z = -7.853027717996675e-06

INFO - Startpixel (order 26, chunk 29): -65
INFO - -> Correcting to 0.
INFO - Startpixel (order 27, chunk 63): -65
INFO - -> Correcting to 0.
INFO - Startpixel (order 32, chunk 190): -65
INFO - -> Correcting to 0.
INFO - Startpixel (order 33, chunk 214): -65
INFO - -> Correcting to 0.
INFO - Startpixel (order 36, chunk 296): -65
INFO - -> Correcting to 0.
INFO - Startpixel (order 39, chunk 357): -65
INFO - -> Correcting to 0.
INFO - Startpixel (order 39, chunk 366): -65
INFO - -> Correcting to 0.
INFO - Startpixel (order 43, chunk 470): -65
INFO - -> Correcting to 0.
INFO - Startpixel (order 46, chunk 537): -65
INFO - -> Correcting to 0.
INFO - Startpixel (order 46, chunk 544): -65
INFO - -> Correcting to 0.
INFO - Startpixel (order 47, chunk 569): -65
INFO - -> Correcting to 0.
INFO - Startpixel (order 47, chunk 570): -65
INFO - -> Correcting to 0.
INFO - 
INFO - Total number of chunks: 575
INFO - Nr. chunks in order 0: 25
INFO - First and last covered pixel of chunks in order 0: 12, 3261
INFO - Orders: 25 - 47 (23 in total)
INFO - 
INFO - ----------------------
INFO - RUN 0
INFO - ----------------------
INFO - 
INFO - Constraining parameters for RUN 0
WARNING - Chunk 29:
WARNING - (xb<=x[0]) failed for 1st keyword xb: curfit:xb=nan
WARNING - Chunk 63:
WARNING - (xb<=x[0]) failed for 1st keyword xb: curfit:xb=nan
WARNING - Chunk 190:
WARNING - (xb<=x[0]) failed for 1st keyword xb: curfit:xb=nan
WARNING - Chunk 214:
WARNING - (xb<=x[0]) failed for 1st keyword xb: curfit:xb=nan
WARNING - Chunk 296:
WARNING - (xb<=x[0]) failed for 1st keyword xb: curfit:xb=nan
WARNING - Chunk 357:
WARNING - (xb<=x[0]) failed for 1st keyword xb: curfit:xb=nan
WARNING - Chunk 366:
WARNING - (xb<=x[0]) failed for 1st keyword xb: curfit:xb=nan
WARNING - Chunk 470:
WARNING - (xb<=x[0]) failed for 1st keyword xb: curfit:xb=nan
WARNING - Chunk 537:
WARNING - (xb<=x[0]) failed for 1st keyword xb: curfit:xb=nan
WARNING - Chunk 544:
WARNING - (xb<=x[0]) failed for 1st keyword xb: curfit:xb=nan
WARNING - Chunk 569:
WARNING - (xb<=x[0]) failed for 1st keyword xb: curfit:xb=nan
WARNING - Chunk 570:
WARNING - (xb<=x[0]) failed for 1st keyword xb: curfit:xb=nan
INFO - 
INFO - Number of chunks with no uncertainties: 1
INFO - Number of chunks with outliers: 0
INFO - Number of chunks with nan fitted red. Chi2: 12
INFO - 
INFO - Creating analysis plots...
INFO - 
INFO - ----------------------
INFO - RUN 1
INFO - ----------------------
INFO - 
INFO - Constraining parameters for RUN 1
INFO - 
INFO - Fitted LSF parameters:
INFO - <ParameterSet (values: 10)>
    left_1  =  10.723376255709015
    left_2  =  -10.736763297417795
    left_3  =  5.747361829955923
    left_4  =  -2.205412839459077
    left_5  =  0.6660225314333769
    right1  =  10.723380089383582
    right2  =  -10.73676575759788
    right3  =  5.747363546772331
    right4  =  -2.2054135336747898
    right5  =  0.6660227627286042
ERROR - NaN value detected in oversampled model function.
ERROR - <ParameterSet (values: 17)>
    cont_intercept  =  8480.749919406893
    cont_slope      =  8.227805300752859
    iod_depth       =  0.8665320729220848
    lsf_left_1      =  2.9664814805378175
    lsf_left_2      =  -5.777171307768068
    lsf_left_3      =  1.8468297609479498
    lsf_left_4      =  -2.732465625450634
    lsf_left_5      =  0.3812891078616044
    lsf_right1      =  2.1454510936452382
    lsf_right2      =  -18.144044343579154
    lsf_right3      =  1.9891592128367823
    lsf_right4      =  -2.23192089985186
    lsf_right5      =  0.9641465330068443
    tem_depth       =  -0.575091714072914
    velocity        =  -14027.257813482953
    wave_intercept  =  5157.755223523002
    wave_slope      =  0.013157429100051628
ERROR - Evaluated LSF:
ERROR - [nan nan nan nan nan nan nan nan nan nan nan nan nan nan nan nan nan nan
 nan nan nan nan nan nan nan nan nan nan nan nan nan nan nan nan nan nan
 nan nan nan nan nan nan nan nan nan nan nan nan nan nan nan nan nan nan
 nan nan nan nan nan nan nan nan nan nan nan nan nan nan nan nan nan nan
 nan]
WARNING - Chunk 21:
WARNING - NaN values detected in your input data or the output of your objective/model function - fitting algorithms cannot handle this! Please read https://lmfit.github.io/lmfit-py/faq.html#i-get-errors-from-nan-in-my-fit-what-can-i-do for more information.
ERROR - Chunk 29: No Data! Returning LmfitResult with None.
ERROR - NaN value detected in oversampled model function.
ERROR - <ParameterSet (values: 17)>
    cont_intercept  =  7654.406399558809
    cont_slope      =  20.30078319544326
    iod_depth       =  0.8184560665713141
    lsf_left_1      =  4.029070985164473
    lsf_left_2      =  -16.105404550344943
    lsf_left_3      =  3.592445376165037
    lsf_left_4      =  -3.691695847030425
    lsf_left_5      =  0.6769001317065315
    lsf_right1      =  3.6346855643544895
    lsf_right2      =  -7.711342312892723
    lsf_right3      =  1.2446403038855374
    lsf_right4      =  -2.0554881694966145
    lsf_right5      =  1.1261781202851289
    tem_depth       =  -0.48973178098172654
    velocity        =  -4698.682946661191
    wave_intercept  =  5175.404060131568
    wave_slope      =  0.015447468820354636
ERROR - Evaluated LSF:
ERROR - [nan nan nan nan nan nan nan nan nan nan nan nan nan nan nan nan nan nan
 nan nan nan nan nan nan nan nan nan nan nan nan nan nan nan nan nan nan
 nan nan nan nan nan nan nan nan nan nan nan nan nan nan nan nan nan nan
 nan nan nan nan nan nan nan nan nan nan nan nan nan nan nan nan nan nan
 nan]
WARNING - Chunk 32:
WARNING - NaN values detected in your input data or the output of your objective/model function - fitting algorithms cannot handle this! Please read https://lmfit.github.io/lmfit-py/faq.html#i-get-errors-from-nan-in-my-fit-what-can-i-do for more information.
ERROR - NaN value detected in oversampled model function.
ERROR - <ParameterSet (values: 17)>
    cont_intercept  =  5634.882669839649
    cont_slope      =  3.5725355552077014
    iod_depth       =  0.7400844415147465
    lsf_left_1      =  7.802887799518532
    lsf_left_2      =  -18.94898594428213
    lsf_left_3      =  9.762005410829946
    lsf_left_4      =  -2.099223411599905
    lsf_left_5      =  0.2296103356242282
    lsf_right1      =  2.7700818706334664
    lsf_right2      =  -19.211438184381496
    lsf_right3      =  1.6884788476152064
    lsf_right4      =  -0.9854645165458265
    lsf_right5      =  0.735985967729879
    tem_depth       =  0.9696687680115039
    velocity        =  -2888.7745963476727
    wave_intercept  =  5183.276791519038
    wave_slope      =  0.014765932993083642
ERROR - Evaluated LSF:
ERROR - [nan nan nan nan nan nan nan nan nan nan nan nan nan nan nan nan nan nan
 nan nan nan nan nan nan nan nan nan nan nan nan nan nan nan nan nan nan
 nan nan nan nan nan nan nan nan nan nan nan nan nan nan nan nan nan nan
 nan nan nan nan nan nan nan nan nan nan nan nan nan nan nan nan nan nan
 nan]
WARNING - Chunk 36:
WARNING - NaN values detected in your input data or the output of your objective/model function - fitting algorithms cannot handle this! Please read https://lmfit.github.io/lmfit-py/faq.html#i-get-errors-from-nan-in-my-fit-what-can-i-do for more information.
ERROR - NaN value detected in oversampled model function.
ERROR - <ParameterSet (values: 17)>
    cont_intercept  =  6369.024530445542
    cont_slope      =  40.9791390977243
    iod_depth       =  0.47535326202536893
    lsf_left_1      =  6.009358425227034
    lsf_left_2      =  -19.326046806725945
    lsf_left_3      =  1.1913358079976772
    lsf_left_4      =  -3.5221565672747635
    lsf_left_5      =  0.4294023748019522
    lsf_right1      =  7.117640134709897
    lsf_right2      =  -15.125992005468593
    lsf_right3      =  10.32596431198758
    lsf_right4      =  -3.5413142037956282
    lsf_right5      =  0.1369245403460322
    tem_depth       =  0.14494098185945417
    velocity        =  -17668.608156048893
    wave_intercept  =  5185.144629831294
    wave_slope      =  0.01459216278706071
ERROR - Evaluated LSF:
ERROR - [nan nan nan nan nan nan nan nan nan nan nan nan nan nan nan nan nan nan
 nan nan nan nan nan nan nan nan nan nan nan nan nan nan nan nan nan nan
 nan nan nan nan nan nan nan nan nan nan nan nan nan nan nan nan nan nan
 nan nan nan nan nan nan nan nan nan nan nan nan nan nan nan nan nan nan
 nan]
WARNING - Chunk 37:
WARNING - NaN values detected in your input data or the output of your objective/model function - fitting algorithms cannot handle this! Please read https://lmfit.github.io/lmfit-py/faq.html#i-get-errors-from-nan-in-my-fit-what-can-i-do for more information.
ERROR - NaN value detected in oversampled model function.
ERROR - <ParameterSet (values: 17)>
    cont_intercept  =  11294.384854778653
    cont_slope      =  -2.3293690194953847
    iod_depth       =  0.9588290988357303
    lsf_left_1      =  2.2672746003906625
    lsf_left_2      =  -19.32591474345828
    lsf_left_3      =  7.645058090846719
    lsf_left_4      =  -3.3832187350084677
    lsf_left_5      =  1.164154308575513
    lsf_right1      =  3.350155580290961
    lsf_right2      =  -11.46341747332104
    lsf_right3      =  1.516542729974481
    lsf_right4      =  -3.7960054422809533
    lsf_right5      =  0.14480773973881317
    tem_depth       =  0.2579714369620824
    velocity        =  -9737.531336020545
    wave_intercept  =  5190.767065154898
    wave_slope      =  0.014139567614514766
ERROR - Evaluated LSF:
ERROR - [nan nan nan nan nan nan nan nan nan nan nan nan nan nan nan nan nan nan
 nan nan nan nan nan nan nan nan nan nan nan nan nan nan nan nan nan nan
 nan nan nan nan nan nan nan nan nan nan nan nan nan nan nan nan nan nan
 nan nan nan nan nan nan nan nan nan nan nan nan nan nan nan nan nan nan
 nan]
WARNING - Chunk 40:
WARNING - NaN values detected in your input data or the output of your objective/model function - fitting algorithms cannot handle this! Please read https://lmfit.github.io/lmfit-py/faq.html#i-get-errors-from-nan-in-my-fit-what-can-i-do for more information.
ERROR - Chunk 63: No Data! Returning LmfitResult with None.
ERROR - NaN value detected in oversampled model function.
ERROR - <ParameterSet (values: 17)>
    cont_intercept  =  12033.151866111119
    cont_slope      =  -4.362930930654092
    iod_depth       =  0.8482323036160264
    lsf_left_1      =  3.066227594689099
    lsf_left_2      =  -14.2554561608338
    lsf_left_3      =  3.445950586781004
    lsf_left_4      =  -3.968756558459521
    lsf_left_5      =  0.13357337101129724
    lsf_right1      =  4.264012614824033
    lsf_right2      =  -19.103159433881167
    lsf_right3      =  7.620529948632961
    lsf_right4      =  -3.944059221396321
    lsf_right5      =  0.7604054653033966
    tem_depth       =  -0.02714940008326383
    velocity        =  -21607.28705032562
    wave_intercept  =  5385.740114312438
    wave_slope      =  0.01361676230773596
ERROR - Evaluated LSF:
ERROR - [nan nan nan nan nan nan nan nan nan nan nan nan nan nan nan nan nan nan
 nan nan nan nan nan nan nan nan nan nan nan nan nan nan nan nan nan nan
 nan nan nan nan nan nan nan nan nan nan nan nan nan nan nan nan nan nan
 nan nan nan nan nan nan nan nan nan nan nan nan nan nan nan nan nan nan
 nan]
WARNING - Chunk 147:
WARNING - NaN values detected in your input data or the output of your objective/model function - fitting algorithms cannot handle this! Please read https://lmfit.github.io/lmfit-py/faq.html#i-get-errors-from-nan-in-my-fit-what-can-i-do for more information.
ERROR - NaN value detected in oversampled model function.
ERROR - <ParameterSet (values: 17)>
    cont_intercept  =  9597.399405905187
    cont_slope      =  -4.425866788497378
    iod_depth       =  0.8086603722990378
    lsf_left_1      =  8.376679258946044
    lsf_left_2      =  -15.260004961991209
    lsf_left_3      =  1.1707211332784324
    lsf_left_4      =  -3.9671733536734535
    lsf_left_5      =  1.1983876737521852
    lsf_right1      =  2.87697585089697
    lsf_right2      =  -18.98777755117591
    lsf_right3      =  5.045196916180391
    lsf_right4      =  -3.431309817286195
    lsf_right5      =  0.8347031500320353
    tem_depth       =  0.9986041223547625
    velocity        =  -2791.0415608150497
    wave_intercept  =  5436.931402141535
    wave_slope      =  0.013447145852887922
ERROR - Evaluated LSF:
ERROR - [nan nan nan nan nan nan nan nan nan nan nan nan nan nan nan nan nan nan
 nan nan nan nan nan nan nan nan nan nan nan nan nan nan nan nan nan nan
 nan nan nan nan nan nan nan nan nan nan nan nan nan nan nan nan nan nan
 nan nan nan nan nan nan nan nan nan nan nan nan nan nan nan nan nan nan
 nan]
WARNING - Chunk 174:
WARNING - NaN values detected in your input data or the output of your objective/model function - fitting algorithms cannot handle this! Please read https://lmfit.github.io/lmfit-py/faq.html#i-get-errors-from-nan-in-my-fit-what-can-i-do for more information.
ERROR - Chunk 190: No Data! Returning LmfitResult with None.
ERROR - NaN value detected in oversampled model function.
ERROR - <ParameterSet (values: 17)>
    cont_intercept  =  10004.65366108872
    cont_slope      =  5.3817391096635
    iod_depth       =  1.1016953544479813
    lsf_left_1      =  2.8910146536784493
    lsf_left_2      =  -19.31655326995817
    lsf_left_3      =  3.453007104029604
    lsf_left_4      =  -2.330683658823598
    lsf_left_5      =  1.1472257261979362
    lsf_right1      =  3.239836035036503
    lsf_right2      =  -10.206758145215552
    lsf_right3      =  1.2399314274724063
    lsf_right4      =  -2.375120432558063
    lsf_right5      =  0.7247549565382614
    tem_depth       =  1.0967757793281983
    velocity        =  -4286.889439105995
    wave_intercept  =  5495.363111205904
    wave_slope      =  0.01683028935304441
ERROR - Evaluated LSF:
ERROR - [nan nan nan nan nan nan nan nan nan nan nan nan nan nan nan nan nan nan
 nan nan nan nan nan nan nan nan nan nan nan nan nan nan nan nan nan nan
 nan nan nan nan nan nan nan nan nan nan nan nan nan nan nan nan nan nan
 nan nan nan nan nan nan nan nan nan nan nan nan nan nan nan nan nan nan
 nan]
WARNING - Chunk 204:
WARNING - NaN values detected in your input data or the output of your objective/model function - fitting algorithms cannot handle this! Please read https://lmfit.github.io/lmfit-py/faq.html#i-get-errors-from-nan-in-my-fit-what-can-i-do for more information.
ERROR - Chunk 214: No Data! Returning LmfitResult with None.
ERROR - NaN value detected in oversampled model function.
ERROR - <ParameterSet (values: 17)>
    cont_intercept  =  15855.865117452371
    cont_slope      =  -2.699837338050976
    iod_depth       =  1.0504100366310258
    lsf_left_1      =  4.8259203340872014
    lsf_left_2      =  -11.962682676965752
    lsf_left_3      =  1.8084470674744073
    lsf_left_4      =  -3.303148248051717
    lsf_left_5      =  0.16418956601263676
    lsf_right1      =  3.9824643148832584
    lsf_right2      =  -9.723006793114513
    lsf_right3      =  2.347570271308564
    lsf_right4      =  -0.4743913793113448
    lsf_right5      =  0.17583766458632746
    tem_depth       =  0.3683642625447088
    velocity        =  6876.538052517446
    wave_intercept  =  5520.049964647325
    wave_slope      =  0.014888753656774723
ERROR - Evaluated LSF:
ERROR - [nan nan nan nan nan nan nan nan nan nan nan nan nan nan nan nan nan nan
 nan nan nan nan nan nan nan nan nan nan nan nan nan nan nan nan nan nan
 nan nan nan nan nan nan nan nan nan nan nan nan nan nan nan nan nan nan
 nan nan nan nan nan nan nan nan nan nan nan nan nan nan nan nan nan nan
 nan]
WARNING - Chunk 216:
WARNING - NaN values detected in your input data or the output of your objective/model function - fitting algorithms cannot handle this! Please read https://lmfit.github.io/lmfit-py/faq.html#i-get-errors-from-nan-in-my-fit-what-can-i-do for more information.
ERROR - NaN value detected in oversampled model function.
ERROR - <ParameterSet (values: 17)>
    cont_intercept  =  13691.739804990686
    cont_slope      =  -0.024370614872988833
    iod_depth       =  0.7608282191991027
    lsf_left_1      =  4.384180857975032
    lsf_left_2      =  -7.318783853918919
    lsf_left_3      =  1.7228557015864272
    lsf_left_4      =  -3.671464493626782
    lsf_left_5      =  1.1664192170737209
    lsf_right1      =  3.0560944158606573
    lsf_right2      =  -12.5920882344635
    lsf_right3      =  3.531841629930859
    lsf_right4      =  -1.9499771876539906
    lsf_right5      =  0.5950507864696393
    tem_depth       =  1.086757378106315
    velocity        =  -6635.756980111219
    wave_intercept  =  5617.345223548018
    wave_slope      =  0.015554496404606816
ERROR - Evaluated LSF:
ERROR - [nan nan nan nan nan nan nan nan nan nan nan nan nan nan nan nan nan nan
 nan nan nan nan nan nan nan nan nan nan nan nan nan nan nan nan nan nan
 nan nan nan nan nan nan nan nan nan nan nan nan nan nan nan nan nan nan
 nan nan nan nan nan nan nan nan nan nan nan nan nan nan nan nan nan nan
 nan]
WARNING - Chunk 264:
WARNING - NaN values detected in your input data or the output of your objective/model function - fitting algorithms cannot handle this! Please read https://lmfit.github.io/lmfit-py/faq.html#i-get-errors-from-nan-in-my-fit-what-can-i-do for more information.
ERROR - NaN value detected in oversampled model function.
ERROR - <ParameterSet (values: 17)>
    cont_intercept  =  14120.649394199061
    cont_slope      =  -4.543533377908981
    iod_depth       =  0.8235990190257428
    lsf_left_1      =  2.632554356945841
    lsf_left_2      =  -11.73183542876318
    lsf_left_3      =  1.376985595441484
    lsf_left_4      =  -2.65854603592666
    lsf_left_5      =  0.8974745346954502
    lsf_right1      =  3.3013271915518434
    lsf_right2      =  -8.226678592840123
    lsf_right3      =  2.5044750736087282
    lsf_right4      =  -1.3208162778142771
    lsf_right5      =  0.4016167892393438
    tem_depth       =  0.780499229919219
    velocity        =  -12727.362372384492
    wave_intercept  =  5630.923274827648
    wave_slope      =  0.01438960505723315
ERROR - Evaluated LSF:
ERROR - [nan nan nan nan nan nan nan nan nan nan nan nan nan nan nan nan nan nan
 nan nan nan nan nan nan nan nan nan nan nan nan nan nan nan nan nan nan
 nan nan nan nan nan nan nan nan nan nan nan nan nan nan nan nan nan nan
 nan nan nan nan nan nan nan nan nan nan nan nan nan nan nan nan nan nan
 nan]
WARNING - Chunk 271:
WARNING - NaN values detected in your input data or the output of your objective/model function - fitting algorithms cannot handle this! Please read https://lmfit.github.io/lmfit-py/faq.html#i-get-errors-from-nan-in-my-fit-what-can-i-do for more information.
ERROR - Chunk 296: No Data! Returning LmfitResult with None.
ERROR - NaN value detected in oversampled model function.
ERROR - <ParameterSet (values: 17)>
    cont_intercept  =  12704.308383647895
    cont_slope      =  6.760448592025792
    iod_depth       =  0.7838034516429851
    lsf_left_1      =  2.578182443902726
    lsf_left_2      =  -18.725814769530363
    lsf_left_3      =  1.4636290516712867
    lsf_left_4      =  -1.9172001989051166
    lsf_left_5      =  1.185362506991918
    lsf_right1      =  2.3762357596866264
    lsf_right2      =  -12.447220516637305
    lsf_right3      =  2.165508872029585
    lsf_right4      =  -1.3087275803539993
    lsf_right5      =  0.18858471517653747
    tem_depth       =  1.0718754380466913
    velocity        =  -2313.358178703491
    wave_intercept  =  5703.078176643742
    wave_slope      =  0.017178724161335975
ERROR - Evaluated LSF:
ERROR - [nan nan nan nan nan nan nan nan nan nan nan nan nan nan nan nan nan nan
 nan nan nan nan nan nan nan nan nan nan nan nan nan nan nan nan nan nan
 nan nan nan nan nan nan nan nan nan nan nan nan nan nan nan nan nan nan
 nan nan nan nan nan nan nan nan nan nan nan nan nan nan nan nan nan nan
 nan]
WARNING - Chunk 305:
WARNING - NaN values detected in your input data or the output of your objective/model function - fitting algorithms cannot handle this! Please read https://lmfit.github.io/lmfit-py/faq.html#i-get-errors-from-nan-in-my-fit-what-can-i-do for more information.
ERROR - Chunk 357: No Data! Returning LmfitResult with None.
ERROR - Chunk 366: No Data! Returning LmfitResult with None.
ERROR - NaN value detected in oversampled model function.
ERROR - <ParameterSet (values: 17)>
    cont_intercept  =  19211.36432655555
    cont_slope      =  -5.883598303714743
    iod_depth       =  0.8839398636198238
    lsf_left_1      =  5.694497327745758
    lsf_left_2      =  -19.21955161766195
    lsf_left_3      =  1.481180367558685
    lsf_left_4      =  -3.851580211328787
    lsf_left_5      =  0.7907444047555923
    lsf_right1      =  5.734772649989733
    lsf_right2      =  -17.205607569016905
    lsf_right3      =  7.350935182635046
    lsf_right4      =  -3.032589468158657
    lsf_right5      =  0.14860177973822475
    tem_depth       =  0.5703747494094467
    velocity        =  -354.3036996275937
    wave_intercept  =  5841.506274151966
    wave_slope      =  0.015213511138356966
ERROR - Evaluated LSF:
ERROR - [nan nan nan nan nan nan nan nan nan nan nan nan nan nan nan nan nan nan
 nan nan nan nan nan nan nan nan nan nan nan nan nan nan nan nan nan nan
 nan nan nan nan nan nan nan nan nan nan nan nan nan nan nan nan nan nan
 nan nan nan nan nan nan nan nan nan nan nan nan nan nan nan nan nan nan
 nan]
WARNING - Chunk 369:
WARNING - NaN values detected in your input data or the output of your objective/model function - fitting algorithms cannot handle this! Please read https://lmfit.github.io/lmfit-py/faq.html#i-get-errors-from-nan-in-my-fit-what-can-i-do for more information.
ERROR - NaN value detected in oversampled model function.
ERROR - <ParameterSet (values: 17)>
    cont_intercept  =  14912.459789637323
    cont_slope      =  6.4651548059857324
    iod_depth       =  0.8725819072298141
    lsf_left_1      =  5.666150788136847
    lsf_left_2      =  -12.366190391784091
    lsf_left_3      =  1.7028713345754203
    lsf_left_4      =  -2.2936623967091845
    lsf_left_5      =  1.123803235282975
    lsf_right1      =  2.2630284624187493
    lsf_right2      =  -19.212773232562277
    lsf_right3      =  1.2571146435274936
    lsf_right4      =  -1.2274276577548089
    lsf_right5      =  0.6832597390781492
    tem_depth       =  1.0696112245720764
    velocity        =  -2778.1490215891076
    wave_intercept  =  5867.586331016174
    wave_slope      =  0.017724080145376842
ERROR - Evaluated LSF:
ERROR - [nan nan nan nan nan nan nan nan nan nan nan nan nan nan nan nan nan nan
 nan nan nan nan nan nan nan nan nan nan nan nan nan nan nan nan nan nan
 nan nan nan nan nan nan nan nan nan nan nan nan nan nan nan nan nan nan
 nan nan nan nan nan nan nan nan nan nan nan nan nan nan nan nan nan nan
 nan]
WARNING - Chunk 380:
WARNING - NaN values detected in your input data or the output of your objective/model function - fitting algorithms cannot handle this! Please read https://lmfit.github.io/lmfit-py/faq.html#i-get-errors-from-nan-in-my-fit-what-can-i-do for more information.
ERROR - NaN value detected in oversampled model function.
ERROR - <ParameterSet (values: 17)>
    cont_intercept  =  16460.369283042026
    cont_slope      =  9.067965168853444
    iod_depth       =  0.9113571058445689
    lsf_left_1      =  8.542145630177458
    lsf_left_2      =  -17.086091282809253
    lsf_left_3      =  1.7663821787769103
    lsf_left_4      =  -3.316503133549957
    lsf_left_5      =  0.35829222023174323
    lsf_right1      =  2.9713183344825222
    lsf_right2      =  -13.394905662978822
    lsf_right3      =  4.87391902807723
    lsf_right4      =  -3.457110376563673
    lsf_right5      =  1.1862554806321743
    tem_depth       =  0.22866164949566536
    velocity        =  -7018.014311521332
    wave_intercept  =  5869.884183278886
    wave_slope      =  0.017574237815993855
ERROR - Evaluated LSF:
ERROR - [nan nan nan nan nan nan nan nan nan nan nan nan nan nan nan nan nan nan
 nan nan nan nan nan nan nan nan nan nan nan nan nan nan nan nan nan nan
 nan nan nan nan nan nan nan nan nan nan nan nan nan nan nan nan nan nan
 nan nan nan nan nan nan nan nan nan nan nan nan nan nan nan nan nan nan
 nan]
WARNING - Chunk 381:
WARNING - NaN values detected in your input data or the output of your objective/model function - fitting algorithms cannot handle this! Please read https://lmfit.github.io/lmfit-py/faq.html#i-get-errors-from-nan-in-my-fit-what-can-i-do for more information.
ERROR - NaN value detected in oversampled model function.
ERROR - <ParameterSet (values: 17)>
    cont_intercept  =  21063.615652272292
    cont_slope      =  -6.363109241006272
    iod_depth       =  0.8002702761179205
    lsf_left_1      =  4.247882016942702
    lsf_left_2      =  -19.063171516316324
    lsf_left_3      =  7.643410028627925
    lsf_left_4      =  -3.480794829613922
    lsf_left_5      =  0.9201106953347146
    lsf_right1      =  3.9842049999195623
    lsf_right2      =  -18.04187917143155
    lsf_right3      =  3.066548829175823
    lsf_right4      =  -3.9693409126809223
    lsf_right5      =  0.7158826789066366
    tem_depth       =  -0.14192707457831757
    velocity        =  -17123.373329347138
    wave_intercept  =  5940.278245551306
    wave_slope      =  0.016686609622300317
ERROR - Evaluated LSF:
ERROR - [nan nan nan nan nan nan nan nan nan nan nan nan nan nan nan nan nan nan
 nan nan nan nan nan nan nan nan nan nan nan nan nan nan nan nan nan nan
 nan nan nan nan nan nan nan nan nan nan nan nan nan nan nan nan nan nan
 nan nan nan nan nan nan nan nan nan nan nan nan nan nan nan nan nan nan
 nan]
WARNING - Chunk 412:
WARNING - NaN values detected in your input data or the output of your objective/model function - fitting algorithms cannot handle this! Please read https://lmfit.github.io/lmfit-py/faq.html#i-get-errors-from-nan-in-my-fit-what-can-i-do for more information.
ERROR - NaN value detected in oversampled model function.
ERROR - <ParameterSet (values: 17)>
    cont_intercept  =  20806.037235093598
    cont_slope      =  1.9356297887587826
    iod_depth       =  0.8202451387102766
    lsf_left_1      =  2.1458277231033747
    lsf_left_2      =  -5.893892298132604
    lsf_left_3      =  6.247825082366359
    lsf_left_4      =  -3.5977671530855675
    lsf_left_5      =  0.45505610079996517
    lsf_right1      =  2.1944123210486817
    lsf_right2      =  -17.93876583540336
    lsf_right3      =  6.596821752087396
    lsf_right4      =  -1.542359659410176
    lsf_right5      =  0.13321710632018424
    tem_depth       =  0.9303318899566462
    velocity        =  -1559.2931834671026
    wave_intercept  =  5942.43403899211
    wave_slope      =  0.016597666313833827
ERROR - Evaluated LSF:
ERROR - [nan nan nan nan nan nan nan nan nan nan nan nan nan nan nan nan nan nan
 nan nan nan nan nan nan nan nan nan nan nan nan nan nan nan nan nan nan
 nan nan nan nan nan nan nan nan nan nan nan nan nan nan nan nan nan nan
 nan nan nan nan nan nan nan nan nan nan nan nan nan nan nan nan nan nan
 nan]
WARNING - Chunk 413:
WARNING - NaN values detected in your input data or the output of your objective/model function - fitting algorithms cannot handle this! Please read https://lmfit.github.io/lmfit-py/faq.html#i-get-errors-from-nan-in-my-fit-what-can-i-do for more information.
ERROR - NaN value detected in oversampled model function.
ERROR - <ParameterSet (values: 17)>
    cont_intercept  =  21464.2386217054
    cont_slope      =  2.6968355365826793
    iod_depth       =  0.9191359391137042
    lsf_left_1      =  3.492853490630398
    lsf_left_2      =  -15.393505118219778
    lsf_left_3      =  1.1554869856628127
    lsf_left_4      =  -3.3413564239600633
    lsf_left_5      =  0.24103974481792023
    lsf_right1      =  8.686561511461319
    lsf_right2      =  -19.32478379514281
    lsf_right3      =  3.99269295988085
    lsf_right4      =  -1.8921628353176323
    lsf_right5      =  0.5288299446013445
    tem_depth       =  -0.17535783440419628
    velocity        =  -15301.204470173761
    wave_intercept  =  5946.67599305278
    wave_slope      =  0.016148766948964548
ERROR - Evaluated LSF:
ERROR - [nan nan nan nan nan nan nan nan nan nan nan nan nan nan nan nan nan nan
 nan nan nan nan nan nan nan nan nan nan nan nan nan nan nan nan nan nan
 nan nan nan nan nan nan nan nan nan nan nan nan nan nan nan nan nan nan
 nan nan nan nan nan nan nan nan nan nan nan nan nan nan nan nan nan nan
 nan]
WARNING - Chunk 415:
WARNING - NaN values detected in your input data or the output of your objective/model function - fitting algorithms cannot handle this! Please read https://lmfit.github.io/lmfit-py/faq.html#i-get-errors-from-nan-in-my-fit-what-can-i-do for more information.
ERROR - NaN value detected in oversampled model function.
ERROR - <ParameterSet (values: 17)>
    cont_intercept  =  15007.750147017345
    cont_slope      =  7.906961612158512
    iod_depth       =  0.9109648503106373
    lsf_left_1      =  2.1784863396164234
    lsf_left_2      =  -14.928294451519392
    lsf_left_3      =  5.1861607169088035
    lsf_left_4      =  -2.9544720600184524
    lsf_left_5      =  1.1498661756116988
    lsf_right1      =  2.5687665106104998
    lsf_right2      =  -16.562164627465624
    lsf_right3      =  4.932117930047038
    lsf_right4      =  -0.8331675328384995
    lsf_right5      =  0.1523557761629525
    tem_depth       =  1.0717139466165775
    velocity        =  -2422.52000159421
    wave_intercept  =  6039.492037867258
    wave_slope      =  0.018398095839448673
ERROR - Evaluated LSF:
ERROR - [nan nan nan nan nan nan nan nan nan nan nan nan nan nan nan nan nan nan
 nan nan nan nan nan nan nan nan nan nan nan nan nan nan nan nan nan nan
 nan nan nan nan nan nan nan nan nan nan nan nan nan nan nan nan nan nan
 nan nan nan nan nan nan nan nan nan nan nan nan nan nan nan nan nan nan
 nan]
WARNING - Chunk 454:
WARNING - NaN values detected in your input data or the output of your objective/model function - fitting algorithms cannot handle this! Please read https://lmfit.github.io/lmfit-py/faq.html#i-get-errors-from-nan-in-my-fit-what-can-i-do for more information.
ERROR - Chunk 470: No Data! Returning LmfitResult with None.
ERROR - NaN value detected in oversampled model function.
ERROR - <ParameterSet (values: 17)>
    cont_intercept  =  19323.731311131305
    cont_slope      =  8.004404195114914
    iod_depth       =  0.36771588037736536
    lsf_left_1      =  3.076928917941946
    lsf_left_2      =  -18.199327028105607
    lsf_left_3      =  5.245851587874375
    lsf_left_4      =  -3.3889027751019416
    lsf_left_5      =  1.0591948564884182
    lsf_right1      =  2.3458772396079244
    lsf_right2      =  -19.29352844947462
    lsf_right3      =  1.9984617305183938
    lsf_right4      =  -1.7447417113426602
    lsf_right5      =  0.13420680184331604
    tem_depth       =  1.0195212985254947
    velocity        =  -3714.333569511757
    wave_intercept  =  6109.36181322622
    wave_slope      =  0.018115976203787583
ERROR - Evaluated LSF:
ERROR - [nan nan nan nan nan nan nan nan nan nan nan nan nan nan nan nan nan nan
 nan nan nan nan nan nan nan nan nan nan nan nan nan nan nan nan nan nan
 nan nan nan nan nan nan nan nan nan nan nan nan nan nan nan nan nan nan
 nan nan nan nan nan nan nan nan nan nan nan nan nan nan nan nan nan nan
 nan]
WARNING - Chunk 483:
WARNING - NaN values detected in your input data or the output of your objective/model function - fitting algorithms cannot handle this! Please read https://lmfit.github.io/lmfit-py/faq.html#i-get-errors-from-nan-in-my-fit-what-can-i-do for more information.
ERROR - NaN value detected in oversampled model function.
ERROR - <ParameterSet (values: 17)>
    cont_intercept  =  16918.456507588406
    cont_slope      =  -7.266982502130977
    iod_depth       =  0.7346478439189139
    lsf_left_1      =  7.639063739837338
    lsf_left_2      =  -15.06404635467566
    lsf_left_3      =  1.8207715725334825
    lsf_left_4      =  -1.1984222588425917
    lsf_left_5      =  0.19741776189731897
    lsf_right1      =  2.2939356638905672
    lsf_right2      =  -10.721428593028854
    lsf_right3      =  1.982143036355592
    lsf_right4      =  -3.70328833614448
    lsf_right5      =  1.1558508760907409
    tem_depth       =  1.07801003016061
    velocity        =  -2311.17725344775
    wave_intercept  =  6201.72383447776
    wave_slope      =  0.01563288001433267
ERROR - Evaluated LSF:
ERROR - [nan nan nan nan nan nan nan nan nan nan nan nan nan nan nan nan nan nan
 nan nan nan nan nan nan nan nan nan nan nan nan nan nan nan nan nan nan
 nan nan nan nan nan nan nan nan nan nan nan nan nan nan nan nan nan nan
 nan nan nan nan nan nan nan nan nan nan nan nan nan nan nan nan nan nan
 nan]
WARNING - Chunk 522:
WARNING - NaN values detected in your input data or the output of your objective/model function - fitting algorithms cannot handle this! Please read https://lmfit.github.io/lmfit-py/faq.html#i-get-errors-from-nan-in-my-fit-what-can-i-do for more information.
ERROR - Chunk 537: No Data! Returning LmfitResult with None.
ERROR - NaN value detected in oversampled model function.
ERROR - <ParameterSet (values: 17)>
    cont_intercept  =  20540.302209423222
    cont_slope      =  -1.974853451330058
    iod_depth       =  0.7192329433483217
    lsf_left_1      =  2.4770694571372225
    lsf_left_2      =  -16.72946841701139
    lsf_left_3      =  2.653617828547484
    lsf_left_4      =  -1.7629422937739174
    lsf_left_5      =  0.30013100674337645
    lsf_right1      =  8.9918127606641
    lsf_right2      =  -19.316473113025864
    lsf_right3      =  1.349358459589735
    lsf_right4      =  -3.892370259267823
    lsf_right5      =  0.9186973493463282
    tem_depth       =  1.0181450212064762
    velocity        =  -2207.383803295922
    wave_intercept  =  6247.873248615189
    wave_slope      =  0.017112291514356778
ERROR - Evaluated LSF:
ERROR - [nan nan nan nan nan nan nan nan nan nan nan nan nan nan nan nan nan nan
 nan nan nan nan nan nan nan nan nan nan nan nan nan nan nan nan nan nan
 nan nan nan nan nan nan nan nan nan nan nan nan nan nan nan nan nan nan
 nan nan nan nan nan nan nan nan nan nan nan nan nan nan nan nan nan nan
 nan]
WARNING - Chunk 539:
WARNING - NaN values detected in your input data or the output of your objective/model function - fitting algorithms cannot handle this! Please read https://lmfit.github.io/lmfit-py/faq.html#i-get-errors-from-nan-in-my-fit-what-can-i-do for more information.
ERROR - NaN value detected in oversampled model function.
ERROR - <ParameterSet (values: 17)>
    cont_intercept  =  21837.55862532454
    cont_slope      =  2.036527142062866
    iod_depth       =  0.8536415781349729
    lsf_left_1      =  12.511083198832708
    lsf_left_2      =  -19.27795577892527
    lsf_left_3      =  2.1818368899048384
    lsf_left_4      =  -0.9434944808364301
    lsf_left_5      =  0.6790566383978156
    lsf_right1      =  2.824528097737277
    lsf_right2      =  -19.308803022247712
    lsf_right3      =  1.2079114859455935
    lsf_right4      =  -1.5464706222081825
    lsf_right5      =  0.40683725585973174
    tem_depth       =  1.15994045060889
    velocity        =  -3717.1706284777065
    wave_intercept  =  6250.072203656497
    wave_slope      =  0.017053896737881335
ERROR - Evaluated LSF:
ERROR - [nan nan nan nan nan nan nan nan nan nan nan nan nan nan nan nan nan nan
 nan nan nan nan nan nan nan nan nan nan nan nan nan nan nan nan nan nan
 nan nan nan nan nan nan nan nan nan nan nan nan nan nan nan nan nan nan
 nan nan nan nan nan nan nan nan nan nan nan nan nan nan nan nan nan nan
 nan]
WARNING - Chunk 540:
WARNING - NaN values detected in your input data or the output of your objective/model function - fitting algorithms cannot handle this! Please read https://lmfit.github.io/lmfit-py/faq.html#i-get-errors-from-nan-in-my-fit-what-can-i-do for more information.
ERROR - Chunk 544: No Data! Returning LmfitResult with None.
ERROR - NaN value detected in oversampled model function.
ERROR - <ParameterSet (values: 17)>
    cont_intercept  =  21024.19750603032
    cont_slope      =  -10.616230852464064
    iod_depth       =  1.9086585607241497
    lsf_left_1      =  3.7799138681543982
    lsf_left_2      =  -8.593902673152195
    lsf_left_3      =  6.570239612197693
    lsf_left_4      =  -3.7800407592272105
    lsf_left_5      =  1.1696057984790538
    lsf_right1      =  3.567264453743497
    lsf_right2      =  -18.2187004215989
    lsf_right3      =  1.1505337345691018
    lsf_right4      =  -1.9502102305233415
    lsf_right5      =  0.6322318912231746
    tem_depth       =  -0.4256955930423031
    velocity        =  -11797.857061775654
    wave_intercept  =  6305.467007140701
    wave_slope      =  0.017886193491011986
ERROR - Evaluated LSF:
ERROR - [nan nan nan nan nan nan nan nan nan nan nan nan nan nan nan nan nan nan
 nan nan nan nan nan nan nan nan nan nan nan nan nan nan nan nan nan nan
 nan nan nan nan nan nan nan nan nan nan nan nan nan nan nan nan nan nan
 nan nan nan nan nan nan nan nan nan nan nan nan nan nan nan nan nan nan
 nan]
WARNING - Chunk 561:
WARNING - NaN values detected in your input data or the output of your objective/model function - fitting algorithms cannot handle this! Please read https://lmfit.github.io/lmfit-py/faq.html#i-get-errors-from-nan-in-my-fit-what-can-i-do for more information.
ERROR - NaN value detected in oversampled model function.
ERROR - <ParameterSet (values: 17)>
    cont_intercept  =  21728.472364068508
    cont_slope      =  5.986885022487038
    iod_depth       =  0.7792829576948408
    lsf_left_1      =  9.708006288041766
    lsf_left_2      =  -17.707824662098147
    lsf_left_3      =  1.393754356601939
    lsf_left_4      =  -3.958832187747404
    lsf_left_5      =  1.1598980225719442
    lsf_right1      =  4.824794674336907
    lsf_right2      =  -18.965998226767258
    lsf_right3      =  10.08109963004298
    lsf_right4      =  -3.9562850410351946
    lsf_right5      =  1.0511574893520077
    tem_depth       =  -0.13101030974997457
    velocity        =  -7454.424751409353
    wave_intercept  =  6307.702326994207
    wave_slope      =  0.017207474033294125
ERROR - Evaluated LSF:
ERROR - [nan nan nan nan nan nan nan nan nan nan nan nan nan nan nan nan nan nan
 nan nan nan nan nan nan nan nan nan nan nan nan nan nan nan nan nan nan
 nan nan nan nan nan nan nan nan nan nan nan nan nan nan nan nan nan nan
 nan nan nan nan nan nan nan nan nan nan nan nan nan nan nan nan nan nan
 nan]
WARNING - Chunk 562:
WARNING - NaN values detected in your input data or the output of your objective/model function - fitting algorithms cannot handle this! Please read https://lmfit.github.io/lmfit-py/faq.html#i-get-errors-from-nan-in-my-fit-what-can-i-do for more information.
ERROR - Chunk 569: No Data! Returning LmfitResult with None.
ERROR - Chunk 570: No Data! Returning LmfitResult with None.
INFO - 
INFO - Number of chunks with no uncertainties: 1
INFO - Number of chunks with outliers: 0
INFO - Number of chunks with nan fitted red. Chi2: 37
INFO - 
INFO - Creating analysis plots...
INFO - Velocity robust mean: -2543.4156151004563
INFO - Velocity robust std: 602.2879153644177
INFO - 
INFO - Velocity error robust mean: 185.62620192895994
INFO - Velocity error robust std: 157.11961285341891
INFO - 
INFO - Minimum error: 60.90349976996628 in chunk 18
INFO - Maximum error: 15655.15197869873 in chunk 451
INFO - 
INFO - Chunks with nan velocities: [ 21  29  32  36  37  40  63 147 174 190 204 214 216 264 271 296 305 357
 366 369 380 381 412 413 415 454 470 483 522 537 539 540 544 561 562 569
 570]
INFO - Chunks with nan velocity errors: [ 21  29  32  36  37  40  63 147 174 190 204 214 216 264 271 296 305 309
 357 366 369 380 381 412 413 415 454 470 483 522 537 539 540 544 561 562
 569 570]
INFO - Velocity error at percentile 80: 635.3033207187616
INFO - 
INFO - Time to model this observation: 132.347336769104
