INFO - 
INFO - Branch: master
INFO - Hash: c2a71ac
INFO - ---------------------------
INFO - Working on: /Users/jaklusmeyer/SONG/reduce/UT260321/sciencestar/HD185144_ec_260319.0291.fits
INFO - 
INFO - Median flux of the observation: 8505
INFO - Loading template from file: /Users/jaklusmeyer/SONG/reduce/0007_sigdra_temp_results_v1/obs_temp_highsnr_test.h5
INFO - 
INFO - Order correction: 0
INFO - 
INFO - Measured velocity rel. to reference spectrum: 29.677 km/s
INFO - Template velocity: 38.044 km/s
INFO - Velocity guess: -8.368 km/s (relative to template)

INFO - (Barycentric velocity of observation: -2.431 km/s)
INFO - (Barycentric velocity of template: -4.628 km/s)

INFO - 
INFO - Barycentric redshift between template and observation: 
INFO - v = -2197.523872692038, z = -7.330150622708587e-06

INFO - Startpixel (order 26, chunk 29): -65
INFO - -> Correcting to 0.
INFO - Startpixel (order 27, chunk 63): -65
INFO - -> Correcting to 0.
INFO - Startpixel (order 32, chunk 190): -65
INFO - -> Correcting to 0.
INFO - Startpixel (order 33, chunk 214): -65
INFO - -> Correcting to 0.
INFO - Startpixel (order 36, chunk 296): -65
INFO - -> Correcting to 0.
INFO - Startpixel (order 39, chunk 357): -65
INFO - -> Correcting to 0.
INFO - Startpixel (order 39, chunk 366): -65
INFO - -> Correcting to 0.
INFO - Startpixel (order 43, chunk 470): -65
INFO - -> Correcting to 0.
INFO - Startpixel (order 46, chunk 537): -65
INFO - -> Correcting to 0.
INFO - Startpixel (order 46, chunk 544): -65
INFO - -> Correcting to 0.
INFO - Startpixel (order 47, chunk 569): -65
INFO - -> Correcting to 0.
INFO - Startpixel (order 47, chunk 570): -65
INFO - -> Correcting to 0.
INFO - 
INFO - Total number of chunks: 575
INFO - Nr. chunks in order 0: 25
INFO - First and last covered pixel of chunks in order 0: 14, 3262
INFO - Orders: 25 - 47 (23 in total)
INFO - 
INFO - ----------------------
INFO - RUN 0
INFO - ----------------------
INFO - 
INFO - Constraining parameters for RUN 0
WARNING - Chunk 29:
WARNING - (xb<=x[0]) failed for 1st keyword xb: curfit:xb=nan
WARNING - Chunk 63:
WARNING - (xb<=x[0]) failed for 1st keyword xb: curfit:xb=nan
WARNING - Chunk 190:
WARNING - (xb<=x[0]) failed for 1st keyword xb: curfit:xb=nan
WARNING - Chunk 214:
WARNING - (xb<=x[0]) failed for 1st keyword xb: curfit:xb=nan
WARNING - Chunk 296:
WARNING - (xb<=x[0]) failed for 1st keyword xb: curfit:xb=nan
WARNING - Chunk 357:
WARNING - (xb<=x[0]) failed for 1st keyword xb: curfit:xb=nan
WARNING - Chunk 366:
WARNING - (xb<=x[0]) failed for 1st keyword xb: curfit:xb=nan
WARNING - Chunk 470:
WARNING - (xb<=x[0]) failed for 1st keyword xb: curfit:xb=nan
WARNING - Chunk 537:
WARNING - (xb<=x[0]) failed for 1st keyword xb: curfit:xb=nan
WARNING - Chunk 544:
WARNING - (xb<=x[0]) failed for 1st keyword xb: curfit:xb=nan
WARNING - Chunk 569:
WARNING - (xb<=x[0]) failed for 1st keyword xb: curfit:xb=nan
WARNING - Chunk 570:
WARNING - (xb<=x[0]) failed for 1st keyword xb: curfit:xb=nan
INFO - 
INFO - Number of chunks with no uncertainties: 1
INFO - Number of chunks with outliers: 0
INFO - Number of chunks with nan fitted red. Chi2: 12
INFO - 
INFO - Creating analysis plots...
INFO - 
INFO - ----------------------
INFO - RUN 1
INFO - ----------------------
INFO - 
INFO - Constraining parameters for RUN 1
INFO - 
INFO - Fitted LSF parameters:
INFO - <ParameterSet (values: 10)>
    left_1  =  10.673381413564902
    left_2  =  -10.747880613931093
    left_3  =  5.7355966420531095
    left_4  =  -2.2048324953696583
    left_5  =  0.6656627275534783
    right1  =  10.673384820263614
    right2  =  -10.747883381591015
    right3  =  5.73559869929283
    right4  =  -2.2048335011920557
    right5  =  0.6656630878288226
ERROR - NaN value detected in oversampled model function.
ERROR - <ParameterSet (values: 17)>
    cont_intercept  =  8950.620653913536
    cont_slope      =  -0.9253382833888362
    iod_depth       =  0.792259360389547
    lsf_left_1      =  2.7330722070061704
    lsf_left_2      =  -19.087992564466003
    lsf_left_3      =  4.175087300614372
    lsf_left_4      =  -2.6744062115200924
    lsf_left_5      =  0.979240444643336
    lsf_right1      =  2.1775543725349626
    lsf_right2      =  -6.649349328141266
    lsf_right3      =  4.107345805949193
    lsf_right4      =  -3.7999465063427773
    lsf_right5      =  1.1654404228704873
    tem_depth       =  1.0381057424581546
    velocity        =  -2480.436304712383
    wave_intercept  =  5159.459791954289
    wave_slope      =  0.013018429597294136
ERROR - Evaluated LSF:
ERROR - [nan nan nan nan nan nan nan nan nan nan nan nan nan nan nan nan nan nan
 nan nan nan nan nan nan nan nan nan nan nan nan nan nan nan nan nan nan
 nan nan nan nan nan nan nan nan nan nan nan nan nan nan nan nan nan nan
 nan nan nan nan nan nan nan nan nan nan nan nan nan nan nan nan nan nan
 nan]
WARNING - Chunk 22:
WARNING - NaN values detected in your input data or the output of your objective/model function - fitting algorithms cannot handle this! Please read https://lmfit.github.io/lmfit-py/faq.html#i-get-errors-from-nan-in-my-fit-what-can-i-do for more information.
ERROR - Chunk 29: No Data! Returning LmfitResult with None.
ERROR - NaN value detected in oversampled model function.
ERROR - <ParameterSet (values: 17)>
    cont_intercept  =  4682.483697395334
    cont_slope      =  3.395941863510808
    iod_depth       =  0.656344431087396
    lsf_left_1      =  4.848924952146623
    lsf_left_2      =  -19.318880643209962
    lsf_left_3      =  1.2174963566088308
    lsf_left_4      =  -3.2267315694663616
    lsf_left_5      =  1.1971194896991135
    lsf_right1      =  5.226854520989223
    lsf_right2      =  -19.31648496887673
    lsf_right3      =  10.013330151911779
    lsf_right4      =  -3.9645222442643897
    lsf_right5      =  0.19202188052632524
    tem_depth       =  0.8980663547386328
    velocity        =  -2583.6418194102366
    wave_intercept  =  5173.44300740723
    wave_slope      =  0.015468562525563914
ERROR - Evaluated LSF:
ERROR - [nan nan nan nan nan nan nan nan nan nan nan nan nan nan nan nan nan nan
 nan nan nan nan nan nan nan nan nan nan nan nan nan nan nan nan nan nan
 nan nan nan nan nan nan nan nan nan nan nan nan nan nan nan nan nan nan
 nan nan nan nan nan nan nan nan nan nan nan nan nan nan nan nan nan nan
 nan]
WARNING - Chunk 31:
WARNING - NaN values detected in your input data or the output of your objective/model function - fitting algorithms cannot handle this! Please read https://lmfit.github.io/lmfit-py/faq.html#i-get-errors-from-nan-in-my-fit-what-can-i-do for more information.
ERROR - NaN value detected in oversampled model function.
ERROR - <ParameterSet (values: 17)>
    cont_intercept  =  6380.525211322279
    cont_slope      =  5.944121278645121
    iod_depth       =  0.7653563200762965
    lsf_left_1      =  4.8595593726018755
    lsf_left_2      =  -19.335781388167984
    lsf_left_3      =  5.733850656242767
    lsf_left_4      =  -3.863565107743626
    lsf_left_5      =  1.0030096935428545
    lsf_right1      =  4.73999611216031
    lsf_right2      =  -10.291563815043089
    lsf_right3      =  1.2351386969059883
    lsf_right4      =  -3.7649875614991446
    lsf_right5      =  0.31310855877734894
    tem_depth       =  0.9394511130484561
    velocity        =  -2668.419662041828
    wave_intercept  =  5211.4905523103735
    wave_slope      =  0.016143561349088457
ERROR - Evaluated LSF:
ERROR - [nan nan nan nan nan nan nan nan nan nan nan nan nan nan nan nan nan nan
 nan nan nan nan nan nan nan nan nan nan nan nan nan nan nan nan nan nan
 nan nan nan nan nan nan nan nan nan nan nan nan nan nan nan nan nan nan
 nan nan nan nan nan nan nan nan nan nan nan nan nan nan nan nan nan nan
 nan]
WARNING - Chunk 53:
WARNING - NaN values detected in your input data or the output of your objective/model function - fitting algorithms cannot handle this! Please read https://lmfit.github.io/lmfit-py/faq.html#i-get-errors-from-nan-in-my-fit-what-can-i-do for more information.
ERROR - Chunk 63: No Data! Returning LmfitResult with None.
ERROR - NaN value detected in oversampled model function.
ERROR - <ParameterSet (values: 17)>
    cont_intercept  =  13744.956240125048
    cont_slope      =  -1.8018189008856393
    iod_depth       =  0.882187886808508
    lsf_left_1      =  4.946155821726689
    lsf_left_2      =  -18.49581153501492
    lsf_left_3      =  1.214316332312756
    lsf_left_4      =  -2.9503325851459605
    lsf_left_5      =  0.34004877724143084
    lsf_right1      =  9.85159075494882
    lsf_right2      =  -19.109975877709406
    lsf_right3      =  4.044113059211365
    lsf_right4      =  -3.875833111792318
    lsf_right5      =  0.5711439716135418
    tem_depth       =  0.9894615899567359
    velocity        =  -2571.198149104078
    wave_intercept  =  5285.783435976754
    wave_slope      =  0.013930799728902757
ERROR - Evaluated LSF:
ERROR - [nan nan nan nan nan nan nan nan nan nan nan nan nan nan nan nan nan nan
 nan nan nan nan nan nan nan nan nan nan nan nan nan nan nan nan nan nan
 nan nan nan nan nan nan nan nan nan nan nan nan nan nan nan nan nan nan
 nan nan nan nan nan nan nan nan nan nan nan nan nan nan nan nan nan nan
 nan]
WARNING - Chunk 93:
WARNING - NaN values detected in your input data or the output of your objective/model function - fitting algorithms cannot handle this! Please read https://lmfit.github.io/lmfit-py/faq.html#i-get-errors-from-nan-in-my-fit-what-can-i-do for more information.
ERROR - NaN value detected in oversampled model function.
ERROR - <ParameterSet (values: 17)>
    cont_intercept  =  12290.767736160205
    cont_slope      =  -5.3961414772312555
    iod_depth       =  0.9267043076124125
    lsf_left_1      =  2.341710577927083
    lsf_left_2      =  -10.430467209498014
    lsf_left_3      =  5.0429935247929345
    lsf_left_4      =  -1.278370315343441
    lsf_left_5      =  0.14048152078850262
    lsf_right1      =  2.1743641366335984
    lsf_right2      =  -15.739603525698401
    lsf_right3      =  8.566489190671954
    lsf_right4      =  -2.9716759420751364
    lsf_right5      =  0.13619768092745205
    tem_depth       =  1.014126038366499
    velocity        =  -2350.3115593978355
    wave_intercept  =  5289.372497380969
    wave_slope      =  0.013621264769755871
ERROR - Evaluated LSF:
ERROR - [nan nan nan nan nan nan nan nan nan nan nan nan nan nan nan nan nan nan
 nan nan nan nan nan nan nan nan nan nan nan nan nan nan nan nan nan nan
 nan nan nan nan nan nan nan nan nan nan nan nan nan nan nan nan nan nan
 nan nan nan nan nan nan nan nan nan nan nan nan nan nan nan nan nan nan
 nan]
WARNING - Chunk 95:
WARNING - NaN values detected in your input data or the output of your objective/model function - fitting algorithms cannot handle this! Please read https://lmfit.github.io/lmfit-py/faq.html#i-get-errors-from-nan-in-my-fit-what-can-i-do for more information.
ERROR - NaN value detected in oversampled model function.
ERROR - <ParameterSet (values: 17)>
    cont_intercept  =  5520.129429477681
    cont_slope      =  7.707808305558337
    iod_depth       =  0.8027908226022471
    lsf_left_1      =  9.262311389055903
    lsf_left_2      =  -19.25198657249091
    lsf_left_3      =  8.053306321188511
    lsf_left_4      =  -3.843045320965065
    lsf_left_5      =  0.8293160259552291
    lsf_right1      =  6.921003740578778
    lsf_right2      =  -17.499100053148396
    lsf_right3      =  1.2620406777717006
    lsf_right4      =  -3.156618155810569
    lsf_right5      =  0.19472527523214883
    tem_depth       =  1.19026708171933
    velocity        =  -2447.2953117289526
    wave_intercept  =  5295.640991269207
    wave_slope      =  0.016822259679703598
ERROR - Evaluated LSF:
ERROR - [nan nan nan nan nan nan nan nan nan nan nan nan nan nan nan nan nan nan
 nan nan nan nan nan nan nan nan nan nan nan nan nan nan nan nan nan nan
 nan nan nan nan nan nan nan nan nan nan nan nan nan nan nan nan nan nan
 nan nan nan nan nan nan nan nan nan nan nan nan nan nan nan nan nan nan
 nan]
WARNING - Chunk 100:
WARNING - NaN values detected in your input data or the output of your objective/model function - fitting algorithms cannot handle this! Please read https://lmfit.github.io/lmfit-py/faq.html#i-get-errors-from-nan-in-my-fit-what-can-i-do for more information.
ERROR - NaN value detected in oversampled model function.
ERROR - <ParameterSet (values: 17)>
    cont_intercept  =  11318.633069116806
    cont_slope      =  5.572085451348556
    iod_depth       =  0.8692306648094256
    lsf_left_1      =  2.2982219026842796
    lsf_left_2      =  -18.759979835148215
    lsf_left_3      =  2.042620236844012
    lsf_left_4      =  -3.948385112971418
    lsf_left_5      =  0.17131971656357997
    lsf_right1      =  11.555082993109353
    lsf_right2      =  -18.851503989259953
    lsf_right3      =  5.1626087835458065
    lsf_right4      =  -1.0363695098139751
    lsf_right5      =  0.28994743089697117
    tem_depth       =  0.8265508208190744
    velocity        =  -1426.8460912998635
    wave_intercept  =  5354.990316421584
    wave_slope      =  0.01599355596001979
ERROR - Evaluated LSF:
ERROR - [nan nan nan nan nan nan nan nan nan nan nan nan nan nan nan nan nan nan
 nan nan nan nan nan nan nan nan nan nan nan nan nan nan nan nan nan nan
 nan nan nan nan nan nan nan nan nan nan nan nan nan nan nan nan nan nan
 nan nan nan nan nan nan nan nan nan nan nan nan nan nan nan nan nan nan
 nan]
WARNING - Chunk 131:
WARNING - NaN values detected in your input data or the output of your objective/model function - fitting algorithms cannot handle this! Please read https://lmfit.github.io/lmfit-py/faq.html#i-get-errors-from-nan-in-my-fit-what-can-i-do for more information.
ERROR - NaN value detected in oversampled model function.
ERROR - <ParameterSet (values: 17)>
    cont_intercept  =  8461.476214102315
    cont_slope      =  5.018022344468148
    iod_depth       =  0.8000285321220518
    lsf_left_1      =  2.4906517922128213
    lsf_left_2      =  -12.512894585164641
    lsf_left_3      =  7.551015107558884
    lsf_left_4      =  -3.5932501582759486
    lsf_left_5      =  0.5649917645156028
    lsf_right1      =  3.0114743931825796
    lsf_right2      =  -18.580344021353962
    lsf_right3      =  2.7997879905215446
    lsf_right4      =  -3.369635724966051
    lsf_right5      =  1.198189111124797
    tem_depth       =  0.9826040589611603
    velocity        =  -2872.9997455699445
    wave_intercept  =  5398.112411209894
    wave_slope      =  0.016404659637928722
ERROR - Evaluated LSF:
ERROR - [nan nan nan nan nan nan nan nan nan nan nan nan nan nan nan nan nan nan
 nan nan nan nan nan nan nan nan nan nan nan nan nan nan nan nan nan nan
 nan nan nan nan nan nan nan nan nan nan nan nan nan nan nan nan nan nan
 nan nan nan nan nan nan nan nan nan nan nan nan nan nan nan nan nan nan
 nan]
WARNING - Chunk 154:
WARNING - NaN values detected in your input data or the output of your objective/model function - fitting algorithms cannot handle this! Please read https://lmfit.github.io/lmfit-py/faq.html#i-get-errors-from-nan-in-my-fit-what-can-i-do for more information.
ERROR - NaN value detected in oversampled model function.
ERROR - <ParameterSet (values: 17)>
    cont_intercept  =  11502.077845784755
    cont_slope      =  3.855337079962361
    iod_depth       =  0.8617317222290816
    lsf_left_1      =  8.525569085688051
    lsf_left_2      =  -16.218823656584235
    lsf_left_3      =  3.776765404025644
    lsf_left_4      =  -2.7670054081389015
    lsf_left_5      =  1.0007143481803848
    lsf_right1      =  2.410304561002413
    lsf_right2      =  -19.29677170726226
    lsf_right3      =  2.981573285894285
    lsf_right4      =  -0.46708094067423556
    lsf_right5      =  0.2034777228067709
    tem_depth       =  0.9499030728993753
    velocity        =  -2510.5804158996125
    wave_intercept  =  5402.376677161768
    wave_slope      =  0.016151956744050712
ERROR - Evaluated LSF:
ERROR - [nan nan nan nan nan nan nan nan nan nan nan nan nan nan nan nan nan nan
 nan nan nan nan nan nan nan nan nan nan nan nan nan nan nan nan nan nan
 nan nan nan nan nan nan nan nan nan nan nan nan nan nan nan nan nan nan
 nan nan nan nan nan nan nan nan nan nan nan nan nan nan nan nan nan nan
 nan]
WARNING - Chunk 156:
WARNING - NaN values detected in your input data or the output of your objective/model function - fitting algorithms cannot handle this! Please read https://lmfit.github.io/lmfit-py/faq.html#i-get-errors-from-nan-in-my-fit-what-can-i-do for more information.
ERROR - NaN value detected in oversampled model function.
ERROR - <ParameterSet (values: 17)>
    cont_intercept  =  11296.70957002145
    cont_slope      =  6.381496005501229
    iod_depth       =  0.9366418650755843
    lsf_left_1      =  3.1854961869203287
    lsf_left_2      =  -8.147580951728697
    lsf_left_3      =  1.492101886760192
    lsf_left_4      =  -2.1094899614962506
    lsf_left_5      =  0.6136588549460991
    lsf_right1      =  2.141045993512249
    lsf_right2      =  -18.906294923635887
    lsf_right3      =  3.6908347403531363
    lsf_right4      =  -0.7447199754406664
    lsf_right5      =  0.3088579525139969
    tem_depth       =  0.9664401845109375
    velocity        =  -2252.843513272159
    wave_intercept  =  5404.479151653145
    wave_slope      =  0.0160166369037276
ERROR - Evaluated LSF:
ERROR - [nan nan nan nan nan nan nan nan nan nan nan nan nan nan nan nan nan nan
 nan nan nan nan nan nan nan nan nan nan nan nan nan nan nan nan nan nan
 nan nan nan nan nan nan nan nan nan nan nan nan nan nan nan nan nan nan
 nan nan nan nan nan nan nan nan nan nan nan nan nan nan nan nan nan nan
 nan]
WARNING - Chunk 157:
WARNING - NaN values detected in your input data or the output of your objective/model function - fitting algorithms cannot handle this! Please read https://lmfit.github.io/lmfit-py/faq.html#i-get-errors-from-nan-in-my-fit-what-can-i-do for more information.
ERROR - Chunk 190: No Data! Returning LmfitResult with None.
ERROR - Chunk 214: No Data! Returning LmfitResult with None.
ERROR - NaN value detected in oversampled model function.
ERROR - <ParameterSet (values: 17)>
    cont_intercept  =  11293.111559497253
    cont_slope      =  8.357887198877437
    iod_depth       =  0.8450737021254532
    lsf_left_1      =  5.066721902571293
    lsf_left_2      =  -15.32319432814619
    lsf_left_3      =  3.046897480749
    lsf_left_4      =  -0.6441986104553847
    lsf_left_5      =  0.13327360705126956
    lsf_right1      =  2.3472686113239805
    lsf_right2      =  -19.20557310005475
    lsf_right3      =  5.152429705377995
    lsf_right4      =  -2.2080001549246977
    lsf_right5      =  1.027985264964456
    tem_depth       =  1.0002694156582963
    velocity        =  -2540.3192418852136
    wave_intercept  =  5596.23497311544
    wave_slope      =  0.01710691550419971
ERROR - Evaluated LSF:
ERROR - [nan nan nan nan nan nan nan nan nan nan nan nan nan nan nan nan nan nan
 nan nan nan nan nan nan nan nan nan nan nan nan nan nan nan nan nan nan
 nan nan nan nan nan nan nan nan nan nan nan nan nan nan nan nan nan nan
 nan nan nan nan nan nan nan nan nan nan nan nan nan nan nan nan nan nan
 nan]
WARNING - Chunk 254:
WARNING - NaN values detected in your input data or the output of your objective/model function - fitting algorithms cannot handle this! Please read https://lmfit.github.io/lmfit-py/faq.html#i-get-errors-from-nan-in-my-fit-what-can-i-do for more information.
ERROR - NaN value detected in oversampled model function.
ERROR - <ParameterSet (values: 17)>
    cont_intercept  =  8886.792984344804
    cont_slope      =  9.183052342117106
    iod_depth       =  0.7979014471809311
    lsf_left_1      =  3.2639922683469598
    lsf_left_2      =  -18.013555417896416
    lsf_left_3      =  1.5516693958540377
    lsf_left_4      =  -3.8343837981513813
    lsf_left_5      =  0.1747228378982789
    lsf_right1      =  2.9058101922258497
    lsf_right2      =  -18.785243676463494
    lsf_right3      =  2.0896835594632277
    lsf_right4      =  -0.5655744559414719
    lsf_right5      =  0.2932345975185461
    tem_depth       =  1.0498730185418417
    velocity        =  -2385.1288015472905
    wave_intercept  =  5641.218600734232
    wave_slope      =  0.017775226636966745
ERROR - Evaluated LSF:
ERROR - [nan nan nan nan nan nan nan nan nan nan nan nan nan nan nan nan nan nan
 nan nan nan nan nan nan nan nan nan nan nan nan nan nan nan nan nan nan
 nan nan nan nan nan nan nan nan nan nan nan nan nan nan nan nan nan nan
 nan nan nan nan nan nan nan nan nan nan nan nan nan nan nan nan nan nan
 nan]
WARNING - Chunk 276:
WARNING - NaN values detected in your input data or the output of your objective/model function - fitting algorithms cannot handle this! Please read https://lmfit.github.io/lmfit-py/faq.html#i-get-errors-from-nan-in-my-fit-what-can-i-do for more information.
ERROR - NaN value detected in oversampled model function.
ERROR - <ParameterSet (values: 17)>
    cont_intercept  =  14325.453359550602
    cont_slope      =  5.000938706524035
    iod_depth       =  0.7855007941334962
    lsf_left_1      =  2.9926227740006706
    lsf_left_2      =  -19.345331501491955
    lsf_left_3      =  1.613852584275363
    lsf_left_4      =  -2.4635912272594314
    lsf_left_5      =  1.193108858179269
    lsf_right1      =  2.6611788657090423
    lsf_right2      =  -15.186955865076202
    lsf_right3      =  1.1812670935639176
    lsf_right4      =  -1.4878232134746918
    lsf_right5      =  0.8460507364872033
    tem_depth       =  0.98667919393163
    velocity        =  -2351.1804534377625
    wave_intercept  =  5658.970708823687
    wave_slope      =  0.016413094258003448
ERROR - Evaluated LSF:
ERROR - [nan nan nan nan nan nan nan nan nan nan nan nan nan nan nan nan nan nan
 nan nan nan nan nan nan nan nan nan nan nan nan nan nan nan nan nan nan
 nan nan nan nan nan nan nan nan nan nan nan nan nan nan nan nan nan nan
 nan nan nan nan nan nan nan nan nan nan nan nan nan nan nan nan nan nan
 nan]
WARNING - Chunk 284:
WARNING - NaN values detected in your input data or the output of your objective/model function - fitting algorithms cannot handle this! Please read https://lmfit.github.io/lmfit-py/faq.html#i-get-errors-from-nan-in-my-fit-what-can-i-do for more information.
ERROR - Chunk 296: No Data! Returning LmfitResult with None.
ERROR - NaN value detected in oversampled model function.
ERROR - <ParameterSet (values: 17)>
    cont_intercept  =  11354.317195158228
    cont_slope      =  9.019085061795064
    iod_depth       =  0.9680743036198498
    lsf_left_1      =  2.523130118770277
    lsf_left_2      =  -17.740475760790474
    lsf_left_3      =  1.2872537687389192
    lsf_left_4      =  -3.798593677876905
    lsf_left_5      =  1.1303303738213406
    lsf_right1      =  2.2914387485558905
    lsf_right2      =  -14.114708186202542
    lsf_right3      =  6.543750702733031
    lsf_right4      =  -2.455252159489351
    lsf_right5      =  0.5005282889082567
    tem_depth       =  1.0032306021539594
    velocity        =  -2193.690419093125
    wave_intercept  =  5752.31031086069
    wave_slope      =  0.01777990561423311
ERROR - Evaluated LSF:
ERROR - [nan nan nan nan nan nan nan nan nan nan nan nan nan nan nan nan nan nan
 nan nan nan nan nan nan nan nan nan nan nan nan nan nan nan nan nan nan
 nan nan nan nan nan nan nan nan nan nan nan nan nan nan nan nan nan nan
 nan nan nan nan nan nan nan nan nan nan nan nan nan nan nan nan nan nan
 nan]
WARNING - Chunk 328:
WARNING - NaN values detected in your input data or the output of your objective/model function - fitting algorithms cannot handle this! Please read https://lmfit.github.io/lmfit-py/faq.html#i-get-errors-from-nan-in-my-fit-what-can-i-do for more information.
ERROR - Chunk 357: No Data! Returning LmfitResult with None.
ERROR - Chunk 366: No Data! Returning LmfitResult with None.
ERROR - NaN value detected in oversampled model function.
ERROR - <ParameterSet (values: 17)>
    cont_intercept  =  14829.961345274092
    cont_slope      =  1.649371578456745
    iod_depth       =  1.065122674845766
    lsf_left_1      =  3.789239771559001
    lsf_left_2      =  -12.100126101607113
    lsf_left_3      =  9.242983159858294
    lsf_left_4      =  -3.5584471649334795
    lsf_left_5      =  0.6356468394143193
    lsf_right1      =  4.440961498209715
    lsf_right2      =  -19.299505231258294
    lsf_right3      =  2.0113509648043166
    lsf_right4      =  -3.251673367261608
    lsf_right5      =  0.4539924960523178
    tem_depth       =  0.9951015682317185
    velocity        =  -2670.1805141888094
    wave_intercept  =  5889.507713654607
    wave_slope      =  0.016066089580054958
ERROR - Evaluated LSF:
ERROR - [nan nan nan nan nan nan nan nan nan nan nan nan nan nan nan nan nan nan
 nan nan nan nan nan nan nan nan nan nan nan nan nan nan nan nan nan nan
 nan nan nan nan nan nan nan nan nan nan nan nan nan nan nan nan nan nan
 nan nan nan nan nan nan nan nan nan nan nan nan nan nan nan nan nan nan
 nan]
WARNING - Chunk 390:
WARNING - NaN values detected in your input data or the output of your objective/model function - fitting algorithms cannot handle this! Please read https://lmfit.github.io/lmfit-py/faq.html#i-get-errors-from-nan-in-my-fit-what-can-i-do for more information.
ERROR - NaN value detected in oversampled model function.
ERROR - <ParameterSet (values: 17)>
    cont_intercept  =  20231.920653540637
    cont_slope      =  4.5903935014828
    iod_depth       =  0.8922378911215427
    lsf_left_1      =  2.302596113848187
    lsf_left_2      =  -18.483490560011607
    lsf_left_3      =  4.854420407069538
    lsf_left_4      =  -1.502589324630776
    lsf_left_5      =  0.572177309442959
    lsf_right1      =  2.235303919324262
    lsf_right2      =  -18.157307483209916
    lsf_right3      =  2.3055139503833124
    lsf_right4      =  -1.6645058788032818
    lsf_right5      =  0.21356238183414886
    tem_depth       =  0.6140770328288407
    velocity        =  -2309.365150144054
    wave_intercept  =  5933.69669282881
    wave_slope      =  0.017221891969495164
ERROR - Evaluated LSF:
ERROR - [nan nan nan nan nan nan nan nan nan nan nan nan nan nan nan nan nan nan
 nan nan nan nan nan nan nan nan nan nan nan nan nan nan nan nan nan nan
 nan nan nan nan nan nan nan nan nan nan nan nan nan nan nan nan nan nan
 nan nan nan nan nan nan nan nan nan nan nan nan nan nan nan nan nan nan
 nan]
WARNING - Chunk 409:
WARNING - NaN values detected in your input data or the output of your objective/model function - fitting algorithms cannot handle this! Please read https://lmfit.github.io/lmfit-py/faq.html#i-get-errors-from-nan-in-my-fit-what-can-i-do for more information.
ERROR - NaN value detected in oversampled model function.
ERROR - <ParameterSet (values: 17)>
    cont_intercept  =  13990.905613553026
    cont_slope      =  7.592799432311492
    iod_depth       =  0.9464330864975943
    lsf_left_1      =  2.694109557326803
    lsf_left_2      =  -11.856995843552463
    lsf_left_3      =  2.532416930434149
    lsf_left_4      =  -3.051062836113484
    lsf_left_5      =  1.15838816504918
    lsf_right1      =  2.984949907498948
    lsf_right2      =  -18.01352144347648
    lsf_right3      =  5.906080970245917
    lsf_right4      =  -0.820737954523791
    lsf_right5      =  0.1517775315907541
    tem_depth       =  1.0784129855674907
    velocity        =  -2145.3818143249746
    wave_intercept  =  5977.915741891701
    wave_slope      =  0.018429145566763505
ERROR - Evaluated LSF:
ERROR - [nan nan nan nan nan nan nan nan nan nan nan nan nan nan nan nan nan nan
 nan nan nan nan nan nan nan nan nan nan nan nan nan nan nan nan nan nan
 nan nan nan nan nan nan nan nan nan nan nan nan nan nan nan nan nan nan
 nan nan nan nan nan nan nan nan nan nan nan nan nan nan nan nan nan nan
 nan]
WARNING - Chunk 428:
WARNING - NaN values detected in your input data or the output of your objective/model function - fitting algorithms cannot handle this! Please read https://lmfit.github.io/lmfit-py/faq.html#i-get-errors-from-nan-in-my-fit-what-can-i-do for more information.
ERROR - Chunk 470: No Data! Returning LmfitResult with None.
ERROR - NaN value detected in oversampled model function.
ERROR - <ParameterSet (values: 17)>
    cont_intercept  =  16321.99416617409
    cont_slope      =  10.67842504134494
    iod_depth       =  0.723952711202117
    lsf_left_1      =  2.934362965872426
    lsf_left_2      =  -9.282346073242188
    lsf_left_3      =  7.04144547928584
    lsf_left_4      =  -3.864922585910686
    lsf_left_5      =  1.0841194565925267
    lsf_right1      =  6.0536801243258065
    lsf_right2      =  -18.213223084402827
    lsf_right3      =  2.992812085230828
    lsf_right4      =  -2.6398216449832903
    lsf_right5      =  0.294016075312771
    tem_depth       =  1.0462820239422672
    velocity        =  -2418.552579127954
    wave_intercept  =  6102.312872620767
    wave_slope      =  0.01843542754231378
ERROR - Evaluated LSF:
ERROR - [nan nan nan nan nan nan nan nan nan nan nan nan nan nan nan nan nan nan
 nan nan nan nan nan nan nan nan nan nan nan nan nan nan nan nan nan nan
 nan nan nan nan nan nan nan nan nan nan nan nan nan nan nan nan nan nan
 nan nan nan nan nan nan nan nan nan nan nan nan nan nan nan nan nan nan
 nan]
WARNING - Chunk 480:
WARNING - NaN values detected in your input data or the output of your objective/model function - fitting algorithms cannot handle this! Please read https://lmfit.github.io/lmfit-py/faq.html#i-get-errors-from-nan-in-my-fit-what-can-i-do for more information.
ERROR - NaN value detected in oversampled model function.
ERROR - <ParameterSet (values: 17)>
    cont_intercept  =  17748.72361754007
    cont_slope      =  7.444192275735576
    iod_depth       =  0.5939689818991474
    lsf_left_1      =  10.349488124668758
    lsf_left_2      =  -19.242344921221786
    lsf_left_3      =  8.70528596597719
    lsf_left_4      =  -3.4476500157423398
    lsf_left_5      =  0.36553446673176476
    lsf_right1      =  2.443539350019495
    lsf_right2      =  -18.933298888175067
    lsf_right3      =  7.474702751942671
    lsf_right4      =  -2.9549037114313004
    lsf_right5      =  0.2211922965652482
    tem_depth       =  0.9896352958729674
    velocity        =  -2847.305862813055
    wave_intercept  =  6104.698545795522
    wave_slope      =  0.018345327419378735
ERROR - Evaluated LSF:
ERROR - [nan nan nan nan nan nan nan nan nan nan nan nan nan nan nan nan nan nan
 nan nan nan nan nan nan nan nan nan nan nan nan nan nan nan nan nan nan
 nan nan nan nan nan nan nan nan nan nan nan nan nan nan nan nan nan nan
 nan nan nan nan nan nan nan nan nan nan nan nan nan nan nan nan nan nan
 nan]
WARNING - Chunk 481:
WARNING - NaN values detected in your input data or the output of your objective/model function - fitting algorithms cannot handle this! Please read https://lmfit.github.io/lmfit-py/faq.html#i-get-errors-from-nan-in-my-fit-what-can-i-do for more information.
ERROR - NaN value detected in oversampled model function.
ERROR - <ParameterSet (values: 17)>
    cont_intercept  =  20079.5478889629
    cont_slope      =  -16.40777686223918
    iod_depth       =  0.4597729199799725
    lsf_left_1      =  3.8611059771140646
    lsf_left_2      =  -19.326987516505113
    lsf_left_3      =  4.970813566644397
    lsf_left_4      =  -2.1391059414063465
    lsf_left_5      =  0.651302605951119
    lsf_right1      =  5.3466681759845125
    lsf_right2      =  -12.188948513806222
    lsf_right3      =  1.2329327593059027
    lsf_right4      =  -3.669616246364318
    lsf_right5      =  0.1753450934304633
    tem_depth       =  -0.31576919293933514
    velocity        =  -12468.051869228624
    wave_intercept  =  6135.6177342905185
    wave_slope      =  0.015682891206096995
ERROR - Evaluated LSF:
ERROR - [nan nan nan nan nan nan nan nan nan nan nan nan nan nan nan nan nan nan
 nan nan nan nan nan nan nan nan nan nan nan nan nan nan nan nan nan nan
 nan nan nan nan nan nan nan nan nan nan nan nan nan nan nan nan nan nan
 nan nan nan nan nan nan nan nan nan nan nan nan nan nan nan nan nan nan
 nan]
WARNING - Chunk 495:
WARNING - NaN values detected in your input data or the output of your objective/model function - fitting algorithms cannot handle this! Please read https://lmfit.github.io/lmfit-py/faq.html#i-get-errors-from-nan-in-my-fit-what-can-i-do for more information.
ERROR - NaN value detected in oversampled model function.
ERROR - <ParameterSet (values: 17)>
    cont_intercept  =  14373.650593990787
    cont_slope      =  7.64054829613079
    iod_depth       =  0.6204395615146128
    lsf_left_1      =  2.9063614071110737
    lsf_left_2      =  -17.423013664243143
    lsf_left_3      =  2.158499110314784
    lsf_left_4      =  -0.653628877349397
    lsf_left_5      =  0.4562738757007135
    lsf_right1      =  7.053099219662149
    lsf_right2      =  -17.20209787166491
    lsf_right3      =  9.063985578016677
    lsf_right4      =  -3.923368298552677
    lsf_right5      =  0.1838371151510914
    tem_depth       =  0.9973715802339198
    velocity        =  -2576.7414437354846
    wave_intercept  =  6161.519914349685
    wave_slope      =  0.018902938859211196
ERROR - Evaluated LSF:
ERROR - [nan nan nan nan nan nan nan nan nan nan nan nan nan nan nan nan nan nan
 nan nan nan nan nan nan nan nan nan nan nan nan nan nan nan nan nan nan
 nan nan nan nan nan nan nan nan nan nan nan nan nan nan nan nan nan nan
 nan nan nan nan nan nan nan nan nan nan nan nan nan nan nan nan nan nan
 nan]
WARNING - Chunk 504:
WARNING - NaN values detected in your input data or the output of your objective/model function - fitting algorithms cannot handle this! Please read https://lmfit.github.io/lmfit-py/faq.html#i-get-errors-from-nan-in-my-fit-what-can-i-do for more information.
ERROR - NaN value detected in oversampled model function.
ERROR - <ParameterSet (values: 17)>
    cont_intercept  =  22563.530111911834
    cont_slope      =  4.399833765135277
    iod_depth       =  0.6416436376053829
    lsf_left_1      =  5.665608698822588
    lsf_left_2      =  -15.17421280935775
    lsf_left_3      =  6.678745561904784
    lsf_left_4      =  -2.4185152025708767
    lsf_left_5      =  0.5104855725229858
    lsf_right1      =  2.2395269429999796
    lsf_right2      =  -8.403687699273712
    lsf_right3      =  1.3036991455215496
    lsf_right4      =  -1.651802850316999
    lsf_right5      =  0.907670914748825
    tem_depth       =  1.0202206506295666
    velocity        =  -2892.364716461351
    wave_intercept  =  6180.281490720531
    wave_slope      =  0.017349872752469606
ERROR - Evaluated LSF:
ERROR - [nan nan nan nan nan nan nan nan nan nan nan nan nan nan nan nan nan nan
 nan nan nan nan nan nan nan nan nan nan nan nan nan nan nan nan nan nan
 nan nan nan nan nan nan nan nan nan nan nan nan nan nan nan nan nan nan
 nan nan nan nan nan nan nan nan nan nan nan nan nan nan nan nan nan nan
 nan]
WARNING - Chunk 512:
WARNING - NaN values detected in your input data or the output of your objective/model function - fitting algorithms cannot handle this! Please read https://lmfit.github.io/lmfit-py/faq.html#i-get-errors-from-nan-in-my-fit-what-can-i-do for more information.
ERROR - NaN value detected in oversampled model function.
ERROR - <ParameterSet (values: 17)>
    cont_intercept  =  20432.689181289985
    cont_slope      =  -6.4805556406859095
    iod_depth       =  0.8302668845620899
    lsf_left_1      =  5.697126221498895
    lsf_left_2      =  -14.253682067325126
    lsf_left_3      =  3.7290406783623276
    lsf_left_4      =  -1.8490803160482843
    lsf_left_5      =  0.8452580268286054
    lsf_right1      =  2.149227653747367
    lsf_right2      =  -9.398952506051918
    lsf_right3      =  2.209277824298529
    lsf_right4      =  -1.9029785487740685
    lsf_right5      =  0.295562606635414
    tem_depth       =  0.8711879834540519
    velocity        =  -1286.1371101547986
    wave_intercept  =  6195.523389034946
    wave_slope      =  0.016127253153909026
ERROR - Evaluated LSF:
ERROR - [nan nan nan nan nan nan nan nan nan nan nan nan nan nan nan nan nan nan
 nan nan nan nan nan nan nan nan nan nan nan nan nan nan nan nan nan nan
 nan nan nan nan nan nan nan nan nan nan nan nan nan nan nan nan nan nan
 nan nan nan nan nan nan nan nan nan nan nan nan nan nan nan nan nan nan
 nan]
WARNING - Chunk 519:
WARNING - NaN values detected in your input data or the output of your objective/model function - fitting algorithms cannot handle this! Please read https://lmfit.github.io/lmfit-py/faq.html#i-get-errors-from-nan-in-my-fit-what-can-i-do for more information.
ERROR - NaN value detected in oversampled model function.
ERROR - <ParameterSet (values: 17)>
    cont_intercept  =  13971.92883566843
    cont_slope      =  10.226701662519336
    iod_depth       =  0.493004078720452
    lsf_left_1      =  3.1419034285099228
    lsf_left_2      =  -18.74444783690758
    lsf_left_3      =  1.3124409578630254
    lsf_left_4      =  -1.8566497635799313
    lsf_left_5      =  1.1369604529993733
    lsf_right1      =  4.2383686248393495
    lsf_right2      =  -9.853839349417772
    lsf_right3      =  6.288250452358567
    lsf_right4      =  -2.8886273284665798
    lsf_right5      =  0.7310133035443146
    tem_depth       =  0.9846360630849218
    velocity        =  -2752.7167320931585
    wave_intercept  =  6219.39735167043
    wave_slope      =  0.019257833742677095
ERROR - Evaluated LSF:
ERROR - [nan nan nan nan nan nan nan nan nan nan nan nan nan nan nan nan nan nan
 nan nan nan nan nan nan nan nan nan nan nan nan nan nan nan nan nan nan
 nan nan nan nan nan nan nan nan nan nan nan nan nan nan nan nan nan nan
 nan nan nan nan nan nan nan nan nan nan nan nan nan nan nan nan nan nan
 nan]
WARNING - Chunk 527:
WARNING - NaN values detected in your input data or the output of your objective/model function - fitting algorithms cannot handle this! Please read https://lmfit.github.io/lmfit-py/faq.html#i-get-errors-from-nan-in-my-fit-what-can-i-do for more information.
ERROR - NaN value detected in oversampled model function.
ERROR - <ParameterSet (values: 17)>
    cont_intercept  =  18020.424239921034
    cont_slope      =  4.0324499234898985
    iod_depth       =  0.3860835575993064
    lsf_left_1      =  5.592649440937222
    lsf_left_2      =  -15.092261811270964
    lsf_left_3      =  9.328149083898857
    lsf_left_4      =  -2.9184416140240215
    lsf_left_5      =  0.2412421015208692
    lsf_right1      =  2.725004644837136
    lsf_right2      =  -7.442829257969986
    lsf_right3      =  2.957066991120799
    lsf_right4      =  -3.0881158810137577
    lsf_right5      =  0.5084160586551744
    tem_depth       =  -0.044292567485655965
    velocity        =  -10739.357157103374
    wave_intercept  =  6226.852998202267
    wave_slope      =  0.018976937646883553
ERROR - Evaluated LSF:
ERROR - [nan nan nan nan nan nan nan nan nan nan nan nan nan nan nan nan nan nan
 nan nan nan nan nan nan nan nan nan nan nan nan nan nan nan nan nan nan
 nan nan nan nan nan nan nan nan nan nan nan nan nan nan nan nan nan nan
 nan nan nan nan nan nan nan nan nan nan nan nan nan nan nan nan nan nan
 nan]
WARNING - Chunk 530:
WARNING - NaN values detected in your input data or the output of your objective/model function - fitting algorithms cannot handle this! Please read https://lmfit.github.io/lmfit-py/faq.html#i-get-errors-from-nan-in-my-fit-what-can-i-do for more information.
ERROR - NaN value detected in oversampled model function.
ERROR - <ParameterSet (values: 17)>
    cont_intercept  =  21932.173400300217
    cont_slope      =  0.15418813234895257
    iod_depth       =  0.6799070255161941
    lsf_left_1      =  9.942898834815594
    lsf_left_2      =  -19.16036343138554
    lsf_left_3      =  1.1505401983881698
    lsf_left_4      =  -2.2675469764702427
    lsf_left_5      =  1.1923463834985655
    lsf_right1      =  2.4333308089996315
    lsf_right2      =  -17.734038286991133
    lsf_right3      =  9.1038670176574
    lsf_right4      =  -2.0824109898868866
    lsf_right5      =  0.37790307092312525
    tem_depth       =  1.0330310472084947
    velocity        =  -2412.3132597440153
    wave_intercept  =  6241.1010384000465
    wave_slope      =  0.017668652785919517
ERROR - Evaluated LSF:
ERROR - [nan nan nan nan nan nan nan nan nan nan nan nan nan nan nan nan nan nan
 nan nan nan nan nan nan nan nan nan nan nan nan nan nan nan nan nan nan
 nan nan nan nan nan nan nan nan nan nan nan nan nan nan nan nan nan nan
 nan nan nan nan nan nan nan nan nan nan nan nan nan nan nan nan nan nan
 nan]
WARNING - Chunk 536:
WARNING - NaN values detected in your input data or the output of your objective/model function - fitting algorithms cannot handle this! Please read https://lmfit.github.io/lmfit-py/faq.html#i-get-errors-from-nan-in-my-fit-what-can-i-do for more information.
ERROR - Chunk 537: No Data! Returning LmfitResult with None.
ERROR - Chunk 544: No Data! Returning LmfitResult with None.
ERROR - NaN value detected in oversampled model function.
ERROR - <ParameterSet (values: 17)>
    cont_intercept  =  22743.18712016193
    cont_slope      =  3.020213155005087
    iod_depth       =  0.7204545015387415
    lsf_left_1      =  2.157169580954996
    lsf_left_2      =  -19.023598629829518
    lsf_left_3      =  1.5224917700406628
    lsf_left_4      =  -3.8984567878793115
    lsf_left_5      =  0.9509833039292708
    lsf_right1      =  2.5973968150102347
    lsf_right2      =  -19.207066658536725
    lsf_right3      =  5.80029709870007
    lsf_right4      =  -3.9612399387041237
    lsf_right5      =  0.17748198255905462
    tem_depth       =  1.0494904860685168
    velocity        =  -1196.5579987804983
    wave_intercept  =  6310.002263470303
    wave_slope      =  0.017529475382879845
ERROR - Evaluated LSF:
ERROR - [nan nan nan nan nan nan nan nan nan nan nan nan nan nan nan nan nan nan
 nan nan nan nan nan nan nan nan nan nan nan nan nan nan nan nan nan nan
 nan nan nan nan nan nan nan nan nan nan nan nan nan nan nan nan nan nan
 nan nan nan nan nan nan nan nan nan nan nan nan nan nan nan nan nan nan
 nan]
WARNING - Chunk 563:
WARNING - NaN values detected in your input data or the output of your objective/model function - fitting algorithms cannot handle this! Please read https://lmfit.github.io/lmfit-py/faq.html#i-get-errors-from-nan-in-my-fit-what-can-i-do for more information.
ERROR - Chunk 569: No Data! Returning LmfitResult with None.
ERROR - Chunk 570: No Data! Returning LmfitResult with None.
ERROR - NaN value detected in oversampled model function.
ERROR - <ParameterSet (values: 17)>
    cont_intercept  =  18669.391630906986
    cont_slope      =  -2.49757492724278
    iod_depth       =  0.27736003747140026
    lsf_left_1      =  5.838622800111297
    lsf_left_2      =  -12.38142847647609
    lsf_left_3      =  5.649703470413951
    lsf_left_4      =  -2.1839653640358785
    lsf_left_5      =  0.6765407547949227
    lsf_right1      =  2.3554609665841006
    lsf_right2      =  -18.927102746711775
    lsf_right3      =  4.147449818686512
    lsf_right4      =  -2.421869306046886
    lsf_right5      =  0.5576732446357655
    tem_depth       =  1.118184615411372
    velocity        =  -3186.7768091324006
    wave_intercept  =  6327.486442807708
    wave_slope      =  0.015641281057771485
ERROR - Evaluated LSF:
ERROR - [nan nan nan nan nan nan nan nan nan nan nan nan nan nan nan nan nan nan
 nan nan nan nan nan nan nan nan nan nan nan nan nan nan nan nan nan nan
 nan nan nan nan nan nan nan nan nan nan nan nan nan nan nan nan nan nan
 nan nan nan nan nan nan nan nan nan nan nan nan nan nan nan nan nan nan
 nan]
WARNING - Chunk 571:
WARNING - NaN values detected in your input data or the output of your objective/model function - fitting algorithms cannot handle this! Please read https://lmfit.github.io/lmfit-py/faq.html#i-get-errors-from-nan-in-my-fit-what-can-i-do for more information.
INFO - 
INFO - Number of chunks with no uncertainties: 1
INFO - Number of chunks with outliers: 0
INFO - Number of chunks with nan fitted red. Chi2: 40
INFO - 
INFO - Creating analysis plots...
ERROR - NaN value detected in iodine function.
ERROR - Chunk could not be plotted
Traceback (most recent call last):
  File "/Users/jaklusmeyer/SONG/pyodine/pyodine/plot_lib.py", line 62, in plot_chunkmodel
    sp = fit_results[chunk_nr].fitted_spectrum
  File "/Users/jaklusmeyer/SONG/pyodine/pyodine/fitters/base.py", line 45, in fitted_spectrum
    return self.model.eval_spectrum(self.chunk, self.params, chunk_ind=self.chunk_ind)
  File "/Users/jaklusmeyer/SONG/pyodine/pyodine/models/base.py", line 79, in eval_spectrum
    flux = self.eval(chunk, params, chunk_ind=chunk_ind, **kwargs)
  File "/Users/jaklusmeyer/SONG/pyodine/pyodine/models/spectrum.py", line 138, in eval
    tck = splrep(tem.wave * doppler, flux_tem, s=0)
  File "/Users/jaklusmeyer/miniconda/envs/pyodine_env/lib/python3.9/site-packages/scipy/interpolate/_fitpack_py.py", line 295, in splrep
    res = _impl.splrep(x, y, w, xb, xe, k, task, s, t, full_output, per, quiet)
  File "/Users/jaklusmeyer/miniconda/envs/pyodine_env/lib/python3.9/site-packages/scipy/interpolate/_fitpack_impl.py", line 276, in splrep
    n, c, fp, ier = dfitpack.curfit(task, x, y, w, t, wrk, iwrk,
dfitpack.error: (xb<=x[0]) failed for 1st keyword xb: curfit:xb=nan
INFO - Velocity robust mean: -2339.3322532548436
INFO - Velocity robust std: 544.4649748853915
INFO - 
INFO - Velocity error robust mean: 169.91497447742594
INFO - Velocity error robust std: 155.87822600302806
INFO - 
INFO - Minimum error: 52.30157116994759 in chunk 18
INFO - Maximum error: 16763.872839661453 in chunk 358
INFO - 
INFO - Chunks with nan velocities: [ 22  29  31  53  63  93  95 100 131 154 156 157 190 214 254 276 284 296
 328 357 366 390 409 428 470 480 481 495 504 512 519 527 530 536 537 544
 563 569 570 571]
INFO - Chunks with nan velocity errors: [ 22  29  31  53  63  93  95 100 131 154 156 157 190 214 254 276 284 296
 328 357 366 390 409 428 470 480 481 495 504 506 512 519 527 530 536 537
 544 563 569 570 571]
INFO - Velocity error at percentile 80: 680.803125429793
INFO - 
INFO - Time to model this observation: 135.63882398605347
