INFO - 
INFO - Branch: master
INFO - Hash: c2a71ac
INFO - ---------------------------
INFO - Working on: /Users/jaklusmeyer/SONG/reduce/UT260321/sciencestar/HD185144_ec_260325.0294.fits
INFO - 
INFO - Median flux of the observation: 6534
INFO - Loading template from file: /Users/jaklusmeyer/SONG/reduce/0007_sigdra_temp_results_v1/obs_temp_highsnr_test.h5
INFO - 
INFO - Order correction: 0
INFO - 
INFO - Measured velocity rel. to reference spectrum: 29.128 km/s
INFO - Template velocity: 38.044 km/s
INFO - Velocity guess: -8.916 km/s (relative to template)

INFO - (Barycentric velocity of observation: -1.989 km/s)
INFO - (Barycentric velocity of template: -4.628 km/s)

INFO - 
INFO - Barycentric redshift between template and observation: 
INFO - v = -2638.8716382202238, z = -8.802328303469942e-06

INFO - Startpixel (order 26, chunk 29): -65
INFO - -> Correcting to 0.
INFO - Startpixel (order 27, chunk 63): -65
INFO - -> Correcting to 0.
INFO - Startpixel (order 32, chunk 190): -65
INFO - -> Correcting to 0.
INFO - Startpixel (order 33, chunk 214): -65
INFO - -> Correcting to 0.
INFO - Startpixel (order 36, chunk 296): -65
INFO - -> Correcting to 0.
INFO - Startpixel (order 39, chunk 357): -65
INFO - -> Correcting to 0.
INFO - Startpixel (order 39, chunk 366): -65
INFO - -> Correcting to 0.
INFO - Startpixel (order 43, chunk 470): -65
INFO - -> Correcting to 0.
INFO - Startpixel (order 46, chunk 537): -65
INFO - -> Correcting to 0.
INFO - Startpixel (order 46, chunk 544): -65
INFO - -> Correcting to 0.
INFO - Startpixel (order 47, chunk 569): -65
INFO - -> Correcting to 0.
INFO - Startpixel (order 47, chunk 570): -65
INFO - -> Correcting to 0.
INFO - 
INFO - Total number of chunks: 575
INFO - Nr. chunks in order 0: 25
INFO - First and last covered pixel of chunks in order 0: 12, 3261
INFO - Orders: 25 - 47 (23 in total)
INFO - 
INFO - ----------------------
INFO - RUN 0
INFO - ----------------------
INFO - 
INFO - Constraining parameters for RUN 0
WARNING - Chunk 29:
WARNING - (xb<=x[0]) failed for 1st keyword xb: curfit:xb=nan
WARNING - Chunk 63:
WARNING - (xb<=x[0]) failed for 1st keyword xb: curfit:xb=nan
WARNING - Chunk 190:
WARNING - (xb<=x[0]) failed for 1st keyword xb: curfit:xb=nan
WARNING - Chunk 214:
WARNING - (xb<=x[0]) failed for 1st keyword xb: curfit:xb=nan
WARNING - Chunk 296:
WARNING - (xb<=x[0]) failed for 1st keyword xb: curfit:xb=nan
WARNING - Chunk 357:
WARNING - (xb<=x[0]) failed for 1st keyword xb: curfit:xb=nan
WARNING - Chunk 366:
WARNING - (xb<=x[0]) failed for 1st keyword xb: curfit:xb=nan
WARNING - Chunk 470:
WARNING - (xb<=x[0]) failed for 1st keyword xb: curfit:xb=nan
WARNING - Chunk 537:
WARNING - (xb<=x[0]) failed for 1st keyword xb: curfit:xb=nan
WARNING - Chunk 544:
WARNING - (xb<=x[0]) failed for 1st keyword xb: curfit:xb=nan
WARNING - Chunk 569:
WARNING - (xb<=x[0]) failed for 1st keyword xb: curfit:xb=nan
WARNING - Chunk 570:
WARNING - (xb<=x[0]) failed for 1st keyword xb: curfit:xb=nan
INFO - 
INFO - Number of chunks with no uncertainties: 0
INFO - Number of chunks with outliers: 0
INFO - Number of chunks with nan fitted red. Chi2: 12
INFO - 
INFO - Creating analysis plots...
INFO - 
INFO - ----------------------
INFO - RUN 1
INFO - ----------------------
INFO - 
INFO - Constraining parameters for RUN 1
INFO - 
INFO - Fitted LSF parameters:
INFO - <ParameterSet (values: 10)>
    left_1  =  10.670053481834131
    left_2  =  -10.74855992080464
    left_3  =  5.734851693798798
    left_4  =  -2.2047872557011248
    left_5  =  0.6656391647467607
    right1  =  10.67005147676157
    right2  =  -10.74855748480049
    right3  =  5.734849671350095
    right4  =  -2.2047860869541784
    right5  =  0.6656387213961455
ERROR - NaN value detected in oversampled model function.
ERROR - <ParameterSet (values: 17)>
    cont_intercept  =  6779.6979589732155
    cont_slope      =  -2.8865206246859256
    iod_depth       =  0.6792000601158391
    lsf_left_1      =  3.873837779440964
    lsf_left_2      =  -18.67260700591702
    lsf_left_3      =  2.392978916820283
    lsf_left_4      =  -2.2587740668290017
    lsf_left_5      =  0.15879986118733297
    lsf_right1      =  5.967800371200003
    lsf_right2      =  -18.572717189322702
    lsf_right3      =  5.487007745933076
    lsf_right4      =  -2.948182686767413
    lsf_right5      =  0.6861632001299004
    tem_depth       =  0.9240022541591284
    velocity        =  -2824.7579059793197
    wave_intercept  =  5161.14870337734
    wave_slope      =  0.012922331705843162
ERROR - Evaluated LSF:
ERROR - [nan nan nan nan nan nan nan nan nan nan nan nan nan nan nan nan nan nan
 nan nan nan nan nan nan nan nan nan nan nan nan nan nan nan nan nan nan
 nan nan nan nan nan nan nan nan nan nan nan nan nan nan nan nan nan nan
 nan nan nan nan nan nan nan nan nan nan nan nan nan nan nan nan nan nan
 nan]
WARNING - Chunk 23:
WARNING - NaN values detected in your input data or the output of your objective/model function - fitting algorithms cannot handle this! Please read https://lmfit.github.io/lmfit-py/faq.html#i-get-errors-from-nan-in-my-fit-what-can-i-do for more information.
ERROR - Chunk 29: No Data! Returning LmfitResult with None.
ERROR - NaN value detected in oversampled model function.
ERROR - <ParameterSet (values: 17)>
    cont_intercept  =  8107.448567530219
    cont_slope      =  7.834675147903399
    iod_depth       =  1.0761909472381987
    lsf_left_1      =  5.591887928993465
    lsf_left_2      =  -14.374378436439255
    lsf_left_3      =  5.5688764975888425
    lsf_left_4      =  -3.677338003676894
    lsf_left_5      =  0.8076121748764332
    lsf_right1      =  2.6001752189045844
    lsf_right2      =  -19.23944193676449
    lsf_right3      =  8.860895331110456
    lsf_right4      =  -1.6818935747137318
    lsf_right5      =  0.2147804720249083
    tem_depth       =  -0.08387999638159527
    velocity        =  -24464.51516492201
    wave_intercept  =  5223.663844867691
    wave_slope      =  0.015210047265054621
ERROR - Evaluated LSF:
ERROR - [nan nan nan nan nan nan nan nan nan nan nan nan nan nan nan nan nan nan
 nan nan nan nan nan nan nan nan nan nan nan nan nan nan nan nan nan nan
 nan nan nan nan nan nan nan nan nan nan nan nan nan nan nan nan nan nan
 nan nan nan nan nan nan nan nan nan nan nan nan nan nan nan nan nan nan
 nan]
WARNING - Chunk 59:
WARNING - NaN values detected in your input data or the output of your objective/model function - fitting algorithms cannot handle this! Please read https://lmfit.github.io/lmfit-py/faq.html#i-get-errors-from-nan-in-my-fit-what-can-i-do for more information.
ERROR - Chunk 63: No Data! Returning LmfitResult with None.
ERROR - NaN value detected in oversampled model function.
ERROR - <ParameterSet (values: 17)>
    cont_intercept  =  7800.939876612742
    cont_slope      =  -3.058260978023086
    iod_depth       =  0.8322456715808919
    lsf_left_1      =  7.641224509068719
    lsf_left_2      =  -17.178800537726794
    lsf_left_3      =  4.638208221184128
    lsf_left_4      =  -3.9540973038361815
    lsf_left_5      =  1.1179629547536907
    lsf_right1      =  5.631045408557467
    lsf_right2      =  -17.530985728166502
    lsf_right3      =  8.878907283091653
    lsf_right4      =  -3.9127637075102584
    lsf_right5      =  0.9657819195360948
    tem_depth       =  0.9964454853311021
    velocity        =  -3297.263720898597
    wave_intercept  =  5249.364633645494
    wave_slope      =  0.013123608669051528
ERROR - Evaluated LSF:
ERROR - [nan nan nan nan nan nan nan nan nan nan nan nan nan nan nan nan nan nan
 nan nan nan nan nan nan nan nan nan nan nan nan nan nan nan nan nan nan
 nan nan nan nan nan nan nan nan nan nan nan nan nan nan nan nan nan nan
 nan nan nan nan nan nan nan nan nan nan nan nan nan nan nan nan nan nan
 nan]
WARNING - Chunk 73:
WARNING - NaN values detected in your input data or the output of your objective/model function - fitting algorithms cannot handle this! Please read https://lmfit.github.io/lmfit-py/faq.html#i-get-errors-from-nan-in-my-fit-what-can-i-do for more information.
ERROR - NaN value detected in oversampled model function.
ERROR - <ParameterSet (values: 17)>
    cont_intercept  =  6462.09430790872
    cont_slope      =  -0.2196551720992086
    iod_depth       =  0.7381899809081622
    lsf_left_1      =  10.90433670430593
    lsf_left_2      =  -15.33482994421883
    lsf_left_3      =  1.3740424729427405
    lsf_left_4      =  -2.5161620887415213
    lsf_left_5      =  0.34287847928956317
    lsf_right1      =  2.3622766743328625
    lsf_right2      =  -19.019797112469142
    lsf_right3      =  5.555020156921754
    lsf_right4      =  -2.3776537562389413
    lsf_right5      =  0.9259419812839057
    tem_depth       =  0.9399345979682923
    velocity        =  -2708.200907281129
    wave_intercept  =  5270.669847166358
    wave_slope      =  0.015065040465459957
ERROR - Evaluated LSF:
ERROR - [nan nan nan nan nan nan nan nan nan nan nan nan nan nan nan nan nan nan
 nan nan nan nan nan nan nan nan nan nan nan nan nan nan nan nan nan nan
 nan nan nan nan nan nan nan nan nan nan nan nan nan nan nan nan nan nan
 nan nan nan nan nan nan nan nan nan nan nan nan nan nan nan nan nan nan
 nan]
WARNING - Chunk 85:
WARNING - NaN values detected in your input data or the output of your objective/model function - fitting algorithms cannot handle this! Please read https://lmfit.github.io/lmfit-py/faq.html#i-get-errors-from-nan-in-my-fit-what-can-i-do for more information.
ERROR - NaN value detected in oversampled model function.
ERROR - <ParameterSet (values: 17)>
    cont_intercept  =  10281.48192188735
    cont_slope      =  -14.146239716514225
    iod_depth       =  0.7504752517331347
    lsf_left_1      =  2.1714303481883324
    lsf_left_2      =  -8.585592033719431
    lsf_left_3      =  1.3929500993664619
    lsf_left_4      =  -1.908408773841101
    lsf_left_5      =  0.4709916106745667
    lsf_right1      =  4.864490449564357
    lsf_right2      =  -10.01231440558374
    lsf_right3      =  1.646950124863955
    lsf_right4      =  -0.7585111614848645
    lsf_right5      =  0.1352400362033924
    tem_depth       =  -0.15655524876392354
    velocity        =  -25825.399358892744
    wave_intercept  =  5280.249142330173
    wave_slope      =  0.014183933372990511
ERROR - Evaluated LSF:
ERROR - [nan nan nan nan nan nan nan nan nan nan nan nan nan nan nan nan nan nan
 nan nan nan nan nan nan nan nan nan nan nan nan nan nan nan nan nan nan
 nan nan nan nan nan nan nan nan nan nan nan nan nan nan nan nan nan nan
 nan nan nan nan nan nan nan nan nan nan nan nan nan nan nan nan nan nan
 nan]
WARNING - Chunk 90:
WARNING - NaN values detected in your input data or the output of your objective/model function - fitting algorithms cannot handle this! Please read https://lmfit.github.io/lmfit-py/faq.html#i-get-errors-from-nan-in-my-fit-what-can-i-do for more information.
ERROR - NaN value detected in oversampled model function.
ERROR - <ParameterSet (values: 17)>
    cont_intercept  =  9018.854607345678
    cont_slope      =  1.793587779979421
    iod_depth       =  0.8692601073700251
    lsf_left_1      =  7.10086250762539
    lsf_left_2      =  -19.146370641232426
    lsf_left_3      =  1.6724071560869427
    lsf_left_4      =  -2.517398890386149
    lsf_left_5      =  0.5328716305561034
    lsf_right1      =  2.135485207273179
    lsf_right2      =  -18.811062591856714
    lsf_right3      =  2.1679649804610817
    lsf_right4      =  -3.4519125076097423
    lsf_right5      =  0.5721711431975876
    tem_depth       =  0.8092884805715468
    velocity        =  -3107.0957595505843
    wave_intercept  =  5312.507064843503
    wave_slope      =  0.015615194802784674
ERROR - Evaluated LSF:
ERROR - [nan nan nan nan nan nan nan nan nan nan nan nan nan nan nan nan nan nan
 nan nan nan nan nan nan nan nan nan nan nan nan nan nan nan nan nan nan
 nan nan nan nan nan nan nan nan nan nan nan nan nan nan nan nan nan nan
 nan nan nan nan nan nan nan nan nan nan nan nan nan nan nan nan nan nan
 nan]
WARNING - Chunk 108:
WARNING - NaN values detected in your input data or the output of your objective/model function - fitting algorithms cannot handle this! Please read https://lmfit.github.io/lmfit-py/faq.html#i-get-errors-from-nan-in-my-fit-what-can-i-do for more information.
ERROR - NaN value detected in oversampled model function.
ERROR - <ParameterSet (values: 17)>
    cont_intercept  =  9509.829771093446
    cont_slope      =  3.2056675888751753
    iod_depth       =  0.8800160225619924
    lsf_left_1      =  6.117000979672595
    lsf_left_2      =  -18.46547348754982
    lsf_left_3      =  2.7393217266704464
    lsf_left_4      =  -3.3883101193122993
    lsf_left_5      =  0.40581162314949015
    lsf_right1      =  7.795037202512471
    lsf_right2      =  -14.229048242724005
    lsf_right3      =  3.3270806226966085
    lsf_right4      =  -0.44324747479346405
    lsf_right5      =  0.15528270339683775
    tem_depth       =  0.9925519923447873
    velocity        =  -3152.3893723172105
    wave_intercept  =  5316.500115225233
    wave_slope      =  0.01526895848116068
ERROR - Evaluated LSF:
ERROR - [nan nan nan nan nan nan nan nan nan nan nan nan nan nan nan nan nan nan
 nan nan nan nan nan nan nan nan nan nan nan nan nan nan nan nan nan nan
 nan nan nan nan nan nan nan nan nan nan nan nan nan nan nan nan nan nan
 nan nan nan nan nan nan nan nan nan nan nan nan nan nan nan nan nan nan
 nan]
WARNING - Chunk 110:
WARNING - NaN values detected in your input data or the output of your objective/model function - fitting algorithms cannot handle this! Please read https://lmfit.github.io/lmfit-py/faq.html#i-get-errors-from-nan-in-my-fit-what-can-i-do for more information.
ERROR - NaN value detected in oversampled model function.
ERROR - <ParameterSet (values: 17)>
    cont_intercept  =  9859.961205733802
    cont_slope      =  -2.2620415027281324
    iod_depth       =  0.7722509079293621
    lsf_left_1      =  7.794804789012026
    lsf_left_2      =  -18.906797539326313
    lsf_left_3      =  9.76424034548678
    lsf_left_4      =  -2.1958489741496745
    lsf_left_5      =  0.196140330696572
    lsf_right1      =  3.2028117621568484
    lsf_right2      =  -14.035892997076093
    lsf_right3      =  4.0994069146125796
    lsf_right4      =  -3.515163784341994
    lsf_right5      =  1.1981030167872573
    tem_depth       =  -0.2357930928024432
    velocity        =  -11844.401797271637
    wave_intercept  =  5385.737054795643
    wave_slope      =  0.013616845021386062
ERROR - Evaluated LSF:
ERROR - [nan nan nan nan nan nan nan nan nan nan nan nan nan nan nan nan nan nan
 nan nan nan nan nan nan nan nan nan nan nan nan nan nan nan nan nan nan
 nan nan nan nan nan nan nan nan nan nan nan nan nan nan nan nan nan nan
 nan nan nan nan nan nan nan nan nan nan nan nan nan nan nan nan nan nan
 nan]
WARNING - Chunk 147:
WARNING - NaN values detected in your input data or the output of your objective/model function - fitting algorithms cannot handle this! Please read https://lmfit.github.io/lmfit-py/faq.html#i-get-errors-from-nan-in-my-fit-what-can-i-do for more information.
ERROR - NaN value detected in oversampled model function.
ERROR - <ParameterSet (values: 17)>
    cont_intercept  =  5106.382643895657
    cont_slope      =  5.225839592357268
    iod_depth       =  0.7626877469398391
    lsf_left_1      =  2.810441050015115
    lsf_left_2      =  -18.66188077813741
    lsf_left_3      =  5.961241425198309
    lsf_left_4      =  -3.9680043772057223
    lsf_left_5      =  0.13539816583078912
    lsf_right1      =  2.2719634583283574
    lsf_right2      =  -8.722796956280133
    lsf_right3      =  1.2043611930694818
    lsf_right4      =  -2.349910740896039
    lsf_right5      =  1.0531669270784676
    tem_depth       =  0.9219501024775968
    velocity        =  -3119.153225167414
    wave_intercept  =  5391.592341398324
    wave_slope      =  0.0169928907555062
ERROR - Evaluated LSF:
ERROR - [nan nan nan nan nan nan nan nan nan nan nan nan nan nan nan nan nan nan
 nan nan nan nan nan nan nan nan nan nan nan nan nan nan nan nan nan nan
 nan nan nan nan nan nan nan nan nan nan nan nan nan nan nan nan nan nan
 nan nan nan nan nan nan nan nan nan nan nan nan nan nan nan nan nan nan
 nan]
WARNING - Chunk 151:
WARNING - NaN values detected in your input data or the output of your objective/model function - fitting algorithms cannot handle this! Please read https://lmfit.github.io/lmfit-py/faq.html#i-get-errors-from-nan-in-my-fit-what-can-i-do for more information.
ERROR - NaN value detected in oversampled model function.
ERROR - <ParameterSet (values: 17)>
    cont_intercept  =  11793.899987845298
    cont_slope      =  8.671179413908881
    iod_depth       =  0.9299781494247833
    lsf_left_1      =  2.1797818703659533
    lsf_left_2      =  -19.30902522826013
    lsf_left_3      =  2.417497447039772
    lsf_left_4      =  -3.9265901540684895
    lsf_left_5      =  1.1972916166704848
    lsf_right1      =  2.355452032182664
    lsf_right2      =  -15.354923372590344
    lsf_right3      =  2.2080399067381733
    lsf_right4      =  -2.9855973160208373
    lsf_right5      =  1.1190355675037562
    tem_depth       =  -0.2202921786185042
    velocity        =  -12544.429132137251
    wave_intercept  =  5422.345725459097
    wave_slope      =  0.014620204783475225
ERROR - Evaluated LSF:
ERROR - [nan nan nan nan nan nan nan nan nan nan nan nan nan nan nan nan nan nan
 nan nan nan nan nan nan nan nan nan nan nan nan nan nan nan nan nan nan
 nan nan nan nan nan nan nan nan nan nan nan nan nan nan nan nan nan nan
 nan nan nan nan nan nan nan nan nan nan nan nan nan nan nan nan nan nan
 nan]
WARNING - Chunk 166:
WARNING - NaN values detected in your input data or the output of your objective/model function - fitting algorithms cannot handle this! Please read https://lmfit.github.io/lmfit-py/faq.html#i-get-errors-from-nan-in-my-fit-what-can-i-do for more information.
ERROR - NaN value detected in oversampled model function.
ERROR - <ParameterSet (values: 17)>
    cont_intercept  =  11762.384825780344
    cont_slope      =  6.866670160920936
    iod_depth       =  0.4063627606040501
    lsf_left_1      =  2.3002314710514393
    lsf_left_2      =  -13.90177221830925
    lsf_left_3      =  4.669279430151997
    lsf_left_4      =  -3.9173500254474245
    lsf_left_5      =  1.1842935727027228
    lsf_right1      =  2.147785618327747
    lsf_right2      =  -19.01379952679794
    lsf_right3      =  1.6286794658725263
    lsf_right4      =  -2.9215429609928103
    lsf_right5      =  0.3428400152623091
    tem_depth       =  -0.24404693624676632
    velocity        =  -9681.737463028065
    wave_intercept  =  5464.947720458892
    wave_slope      =  0.015248275908803448
ERROR - Evaluated LSF:
ERROR - [nan nan nan nan nan nan nan nan nan nan nan nan nan nan nan nan nan nan
 nan nan nan nan nan nan nan nan nan nan nan nan nan nan nan nan nan nan
 nan nan nan nan nan nan nan nan nan nan nan nan nan nan nan nan nan nan
 nan nan nan nan nan nan nan nan nan nan nan nan nan nan nan nan nan nan
 nan]
WARNING - Chunk 188:
WARNING - NaN values detected in your input data or the output of your objective/model function - fitting algorithms cannot handle this! Please read https://lmfit.github.io/lmfit-py/faq.html#i-get-errors-from-nan-in-my-fit-what-can-i-do for more information.
ERROR - Chunk 190: No Data! Returning LmfitResult with None.
ERROR - NaN value detected in oversampled model function.
ERROR - <ParameterSet (values: 17)>
    cont_intercept  =  5163.145714763376
    cont_slope      =  5.907734423172854
    iod_depth       =  0.7318023088380979
    lsf_left_1      =  3.51270080456111
    lsf_left_2      =  -18.974015063732477
    lsf_left_3      =  4.493875846663164
    lsf_left_4      =  -3.9624345692087415
    lsf_left_5      =  0.30442764546950796
    lsf_right1      =  10.408158899971845
    lsf_right2      =  -18.032962391928148
    lsf_right3      =  7.990207313693743
    lsf_right4      =  -3.600348233075362
    lsf_right5      =  1.1256349265993242
    tem_depth       =  0.17168453591559352
    velocity        =  -10454.120608643643
    wave_intercept  =  5486.459056884001
    wave_slope      =  0.017517025572747834
ERROR - Evaluated LSF:
ERROR - [nan nan nan nan nan nan nan nan nan nan nan nan nan nan nan nan nan nan
 nan nan nan nan nan nan nan nan nan nan nan nan nan nan nan nan nan nan
 nan nan nan nan nan nan nan nan nan nan nan nan nan nan nan nan nan nan
 nan nan nan nan nan nan nan nan nan nan nan nan nan nan nan nan nan nan
 nan]
WARNING - Chunk 200:
WARNING - NaN values detected in your input data or the output of your objective/model function - fitting algorithms cannot handle this! Please read https://lmfit.github.io/lmfit-py/faq.html#i-get-errors-from-nan-in-my-fit-what-can-i-do for more information.
ERROR - NaN value detected in oversampled model function.
ERROR - <ParameterSet (values: 17)>
    cont_intercept  =  9772.030531721497
    cont_slope      =  6.49355324252054
    iod_depth       =  0.8417427831757631
    lsf_left_1      =  3.6229401779025334
    lsf_left_2      =  -19.28869768894471
    lsf_left_3      =  2.9282667331784444
    lsf_left_4      =  -2.040235437011815
    lsf_left_5      =  0.6140010824084903
    lsf_right1      =  4.183586469696294
    lsf_right2      =  -16.91626605116647
    lsf_right3      =  8.938712172672746
    lsf_right4      =  -2.3671501548958926
    lsf_right5      =  0.2430270577309273
    tem_depth       =  0.9128680819265784
    velocity        =  -2575.551168848645
    wave_intercept  =  5508.091083310026
    wave_slope      =  0.015759500341752115
ERROR - Evaluated LSF:
ERROR - [nan nan nan nan nan nan nan nan nan nan nan nan nan nan nan nan nan nan
 nan nan nan nan nan nan nan nan nan nan nan nan nan nan nan nan nan nan
 nan nan nan nan nan nan nan nan nan nan nan nan nan nan nan nan nan nan
 nan nan nan nan nan nan nan nan nan nan nan nan nan nan nan nan nan nan
 nan]
WARNING - Chunk 210:
WARNING - NaN values detected in your input data or the output of your objective/model function - fitting algorithms cannot handle this! Please read https://lmfit.github.io/lmfit-py/faq.html#i-get-errors-from-nan-in-my-fit-what-can-i-do for more information.
ERROR - Chunk 214: No Data! Returning LmfitResult with None.
ERROR - NaN value detected in oversampled model function.
ERROR - <ParameterSet (values: 17)>
    cont_intercept  =  11589.244965263952
    cont_slope      =  2.9948397088471346
    iod_depth       =  0.9026292524072745
    lsf_left_1      =  6.185530956413493
    lsf_left_2      =  -18.762148249285165
    lsf_left_3      =  7.096804875703821
    lsf_left_4      =  -3.4878739837685853
    lsf_left_5      =  0.8930756763128136
    lsf_right1      =  4.509910972177947
    lsf_right2      =  -18.884237806249224
    lsf_right3      =  2.1500815864017784
    lsf_right4      =  -3.6260363642088382
    lsf_right5      =  1.1976343079963192
    tem_depth       =  1.0060375395544678
    velocity        =  -3087.680413133202
    wave_intercept  =  5556.07238951877
    wave_slope      =  0.01612879869480387
ERROR - Evaluated LSF:
ERROR - [nan nan nan nan nan nan nan nan nan nan nan nan nan nan nan nan nan nan
 nan nan nan nan nan nan nan nan nan nan nan nan nan nan nan nan nan nan
 nan nan nan nan nan nan nan nan nan nan nan nan nan nan nan nan nan nan
 nan nan nan nan nan nan nan nan nan nan nan nan nan nan nan nan nan nan
 nan]
WARNING - Chunk 234:
WARNING - NaN values detected in your input data or the output of your objective/model function - fitting algorithms cannot handle this! Please read https://lmfit.github.io/lmfit-py/faq.html#i-get-errors-from-nan-in-my-fit-what-can-i-do for more information.
ERROR - NaN value detected in oversampled model function.
ERROR - <ParameterSet (values: 17)>
    cont_intercept  =  12115.24791704089
    cont_slope      =  2.1460397378959644
    iod_depth       =  0.8917656368029426
    lsf_left_1      =  2.2051199221975994
    lsf_left_2      =  -12.412833222443407
    lsf_left_3      =  6.57420371539762
    lsf_left_4      =  -3.106405561703297
    lsf_left_5      =  0.9289602959445243
    lsf_right1      =  8.859601041469297
    lsf_right2      =  -17.72202532123364
    lsf_right3      =  3.363212382759241
    lsf_right4      =  -2.828294560829617
    lsf_right5      =  1.1350702874865766
    tem_depth       =  0.9561994465190438
    velocity        =  -3243.9753300354914
    wave_intercept  =  5564.299935112161
    wave_slope      =  0.015493878232709523
ERROR - Evaluated LSF:
ERROR - [nan nan nan nan nan nan nan nan nan nan nan nan nan nan nan nan nan nan
 nan nan nan nan nan nan nan nan nan nan nan nan nan nan nan nan nan nan
 nan nan nan nan nan nan nan nan nan nan nan nan nan nan nan nan nan nan
 nan nan nan nan nan nan nan nan nan nan nan nan nan nan nan nan nan nan
 nan]
WARNING - Chunk 238:
WARNING - NaN values detected in your input data or the output of your objective/model function - fitting algorithms cannot handle this! Please read https://lmfit.github.io/lmfit-py/faq.html#i-get-errors-from-nan-in-my-fit-what-can-i-do for more information.
ERROR - NaN value detected in oversampled model function.
ERROR - <ParameterSet (values: 17)>
    cont_intercept  =  10569.470547561905
    cont_slope      =  5.323803959281357
    iod_depth       =  0.8979252330301359
    lsf_left_1      =  4.739790452139577
    lsf_left_2      =  -14.203141686363555
    lsf_left_3      =  1.2655015507987268
    lsf_left_4      =  -2.7086879937595865
    lsf_left_5      =  1.1252360136489687
    lsf_right1      =  6.144231349528099
    lsf_right2      =  -19.1381366915618
    lsf_right3      =  4.4626171294775965
    lsf_right4      =  -1.0533060987744878
    lsf_right5      =  0.47009151139276395
    tem_depth       =  0.9989528253223989
    velocity        =  -2737.8174990379994
    wave_intercept  =  5652.4719425644635
    wave_slope      =  0.016916306400205226
ERROR - Evaluated LSF:
ERROR - [nan nan nan nan nan nan nan nan nan nan nan nan nan nan nan nan nan nan
 nan nan nan nan nan nan nan nan nan nan nan nan nan nan nan nan nan nan
 nan nan nan nan nan nan nan nan nan nan nan nan nan nan nan nan nan nan
 nan nan nan nan nan nan nan nan nan nan nan nan nan nan nan nan nan nan
 nan]
WARNING - Chunk 281:
WARNING - NaN values detected in your input data or the output of your objective/model function - fitting algorithms cannot handle this! Please read https://lmfit.github.io/lmfit-py/faq.html#i-get-errors-from-nan-in-my-fit-what-can-i-do for more information.
ERROR - NaN value detected in oversampled model function.
ERROR - <ParameterSet (values: 17)>
    cont_intercept  =  13575.344643890805
    cont_slope      =  -1.501911748674694
    iod_depth       =  0.8973227343408161
    lsf_left_1      =  3.5000854091646145
    lsf_left_2      =  -19.208403916645473
    lsf_left_3      =  1.536462468184727
    lsf_left_4      =  -3.937955893390497
    lsf_left_5      =  0.7228867925989523
    lsf_right1      =  8.758876829891683
    lsf_right2      =  -17.403189079710025
    lsf_right3      =  10.248234973707529
    lsf_right4      =  -3.8622479187359353
    lsf_right5      =  0.8212329617021257
    tem_depth       =  0.9868130476663135
    velocity        =  -2509.975112338667
    wave_intercept  =  5667.325239335324
    wave_slope      =  0.015830997282825592
ERROR - Evaluated LSF:
ERROR - [nan nan nan nan nan nan nan nan nan nan nan nan nan nan nan nan nan nan
 nan nan nan nan nan nan nan nan nan nan nan nan nan nan nan nan nan nan
 nan nan nan nan nan nan nan nan nan nan nan nan nan nan nan nan nan nan
 nan nan nan nan nan nan nan nan nan nan nan nan nan nan nan nan nan nan
 nan]
WARNING - Chunk 288:
WARNING - NaN values detected in your input data or the output of your objective/model function - fitting algorithms cannot handle this! Please read https://lmfit.github.io/lmfit-py/faq.html#i-get-errors-from-nan-in-my-fit-what-can-i-do for more information.
ERROR - Chunk 296: No Data! Returning LmfitResult with None.
ERROR - NaN value detected in oversampled model function.
ERROR - <ParameterSet (values: 17)>
    cont_intercept  =  9517.382814854289
    cont_slope      =  6.065590153212858
    iod_depth       =  0.803107174649457
    lsf_left_1      =  2.4720940383573855
    lsf_left_2      =  -13.177851788757593
    lsf_left_3      =  6.71163016214461
    lsf_left_4      =  -3.135921006099962
    lsf_left_5      =  0.3885658499212662
    lsf_right1      =  9.94220446931082
    lsf_right2      =  -17.46407564726225
    lsf_right3      =  3.3942404010048883
    lsf_right4      =  -3.922570582700344
    lsf_right5      =  0.6349533935587374
    tem_depth       =  0.950971773638146
    velocity        =  -3053.3438827227824
    wave_intercept  =  5700.835009039715
    wave_slope      =  0.017442918896181017
ERROR - Evaluated LSF:
ERROR - [nan nan nan nan nan nan nan nan nan nan nan nan nan nan nan nan nan nan
 nan nan nan nan nan nan nan nan nan nan nan nan nan nan nan nan nan nan
 nan nan nan nan nan nan nan nan nan nan nan nan nan nan nan nan nan nan
 nan nan nan nan nan nan nan nan nan nan nan nan nan nan nan nan nan nan
 nan]
WARNING - Chunk 304:
WARNING - NaN values detected in your input data or the output of your objective/model function - fitting algorithms cannot handle this! Please read https://lmfit.github.io/lmfit-py/faq.html#i-get-errors-from-nan-in-my-fit-what-can-i-do for more information.
ERROR - NaN value detected in oversampled model function.
ERROR - <ParameterSet (values: 17)>
    cont_intercept  =  11670.634334086259
    cont_slope      =  3.9578323762851193
    iod_depth       =  1.0686559618965499
    lsf_left_1      =  3.0363376764381895
    lsf_left_2      =  -19.186717544357087
    lsf_left_3      =  7.1701704077118995
    lsf_left_4      =  -3.9318380086406237
    lsf_left_5      =  0.456334284332351
    lsf_right1      =  8.057920740147075
    lsf_right2      =  -18.027772176089776
    lsf_right3      =  7.777148280065365
    lsf_right4      =  -2.1615527426266388
    lsf_right5      =  0.438629012251009
    tem_depth       =  1.058898474422518
    velocity        =  -2314.8300363019175
    wave_intercept  =  5711.862167428139
    wave_slope      =  0.016639124970834515
ERROR - Evaluated LSF:
ERROR - [nan nan nan nan nan nan nan nan nan nan nan nan nan nan nan nan nan nan
 nan nan nan nan nan nan nan nan nan nan nan nan nan nan nan nan nan nan
 nan nan nan nan nan nan nan nan nan nan nan nan nan nan nan nan nan nan
 nan nan nan nan nan nan nan nan nan nan nan nan nan nan nan nan nan nan
 nan]
WARNING - Chunk 309:
WARNING - NaN values detected in your input data or the output of your objective/model function - fitting algorithms cannot handle this! Please read https://lmfit.github.io/lmfit-py/faq.html#i-get-errors-from-nan-in-my-fit-what-can-i-do for more information.
ERROR - NaN value detected in oversampled model function.
ERROR - <ParameterSet (values: 17)>
    cont_intercept  =  12546.812473381655
    cont_slope      =  2.489491423332601
    iod_depth       =  0.917734272120874
    lsf_left_1      =  4.5816665869188515
    lsf_left_2      =  -17.56930053241035
    lsf_left_3      =  10.306438227655732
    lsf_left_4      =  -3.250949645869124
    lsf_left_5      =  0.5228082766642904
    lsf_right1      =  2.23714806233641
    lsf_right2      =  -5.375482530967625
    lsf_right3      =  2.123084847006604
    lsf_right4      =  -2.8314683196522576
    lsf_right5      =  1.059594404829341
    tem_depth       =  0.8113291715927715
    velocity        =  -2743.2244378642686
    wave_intercept  =  5713.9914205171535
    wave_slope      =  0.01639012656546555
ERROR - Evaluated LSF:
ERROR - [nan nan nan nan nan nan nan nan nan nan nan nan nan nan nan nan nan nan
 nan nan nan nan nan nan nan nan nan nan nan nan nan nan nan nan nan nan
 nan nan nan nan nan nan nan nan nan nan nan nan nan nan nan nan nan nan
 nan nan nan nan nan nan nan nan nan nan nan nan nan nan nan nan nan nan
 nan]
WARNING - Chunk 310:
WARNING - NaN values detected in your input data or the output of your objective/model function - fitting algorithms cannot handle this! Please read https://lmfit.github.io/lmfit-py/faq.html#i-get-errors-from-nan-in-my-fit-what-can-i-do for more information.
ERROR - Chunk 357: No Data! Returning LmfitResult with None.
ERROR - NaN value detected in oversampled model function.
ERROR - <ParameterSet (values: 17)>
    cont_intercept  =  13268.72687854635
    cont_slope      =  3.7417930430777226
    iod_depth       =  0.8972394080897264
    lsf_left_1      =  6.274472258602477
    lsf_left_2      =  -18.296745281750546
    lsf_left_3      =  1.7806898595701748
    lsf_left_4      =  -2.504346668941991
    lsf_left_5      =  1.185634413770655
    lsf_right1      =  2.800914563366075
    lsf_right2      =  -14.568324895859027
    lsf_right3      =  4.5032439706579765
    lsf_right4      =  -1.17273933701949
    lsf_right5      =  0.1549212802360422
    tem_depth       =  -0.07245591044506483
    velocity        =  -7319.949901204157
    wave_intercept  =  5820.652468374355
    wave_slope      =  0.016872837130906038
ERROR - Evaluated LSF:
ERROR - [nan nan nan nan nan nan nan nan nan nan nan nan nan nan nan nan nan nan
 nan nan nan nan nan nan nan nan nan nan nan nan nan nan nan nan nan nan
 nan nan nan nan nan nan nan nan nan nan nan nan nan nan nan nan nan nan
 nan nan nan nan nan nan nan nan nan nan nan nan nan nan nan nan nan nan
 nan]
WARNING - Chunk 359:
WARNING - NaN values detected in your input data or the output of your objective/model function - fitting algorithms cannot handle this! Please read https://lmfit.github.io/lmfit-py/faq.html#i-get-errors-from-nan-in-my-fit-what-can-i-do for more information.
ERROR - Chunk 366: No Data! Returning LmfitResult with None.
ERROR - NaN value detected in oversampled model function.
ERROR - <ParameterSet (values: 17)>
    cont_intercept  =  7557.920516445016
    cont_slope      =  6.099817138966678
    iod_depth       =  0.7409453853551923
    lsf_left_1      =  3.3335621873967813
    lsf_left_2      =  -18.624803849518536
    lsf_left_3      =  10.098203873823676
    lsf_left_4      =  -3.32859903826599
    lsf_left_5      =  0.8519512861891527
    lsf_right1      =  3.4284645186764564
    lsf_right2      =  -19.332153131353476
    lsf_right3      =  2.350223482017045
    lsf_right4      =  -3.066819369233171
    lsf_right5      =  0.2009552631549438
    tem_depth       =  1.0004961295207402
    velocity        =  -2776.2782192235964
    wave_intercept  =  5858.189814671523
    wave_slope      =  0.018422010484115865
ERROR - Evaluated LSF:
ERROR - [nan nan nan nan nan nan nan nan nan nan nan nan nan nan nan nan nan nan
 nan nan nan nan nan nan nan nan nan nan nan nan nan nan nan nan nan nan
 nan nan nan nan nan nan nan nan nan nan nan nan nan nan nan nan nan nan
 nan nan nan nan nan nan nan nan nan nan nan nan nan nan nan nan nan nan
 nan]
WARNING - Chunk 376:
WARNING - NaN values detected in your input data or the output of your objective/model function - fitting algorithms cannot handle this! Please read https://lmfit.github.io/lmfit-py/faq.html#i-get-errors-from-nan-in-my-fit-what-can-i-do for more information.
ERROR - NaN value detected in oversampled model function.
ERROR - <ParameterSet (values: 17)>
    cont_intercept  =  14589.329907097785
    cont_slope      =  3.037837438910943
    iod_depth       =  0.8096502853519334
    lsf_left_1      =  7.319513962761486
    lsf_left_2      =  -17.02896879344618
    lsf_left_3      =  10.277895957163764
    lsf_left_4      =  -3.7749782947688932
    lsf_left_5      =  0.8409575877982828
    lsf_right1      =  2.2095974174966337
    lsf_right2      =  -18.57699676705701
    lsf_right3      =  7.90525000482625
    lsf_right4      =  -2.5958761190189827
    lsf_right5      =  0.1332834981942538
    tem_depth       =  1.0407572737653132
    velocity        =  -528.2025259504272
    wave_intercept  =  5874.390231597462
    wave_slope      =  0.01715127673672093
ERROR - Evaluated LSF:
ERROR - [nan nan nan nan nan nan nan nan nan nan nan nan nan nan nan nan nan nan
 nan nan nan nan nan nan nan nan nan nan nan nan nan nan nan nan nan nan
 nan nan nan nan nan nan nan nan nan nan nan nan nan nan nan nan nan nan
 nan nan nan nan nan nan nan nan nan nan nan nan nan nan nan nan nan nan
 nan]
WARNING - Chunk 383:
WARNING - NaN values detected in your input data or the output of your objective/model function - fitting algorithms cannot handle this! Please read https://lmfit.github.io/lmfit-py/faq.html#i-get-errors-from-nan-in-my-fit-what-can-i-do for more information.
ERROR - NaN value detected in oversampled model function.
ERROR - <ParameterSet (values: 17)>
    cont_intercept  =  15143.435464681716
    cont_slope      =  -3.201800698628465
    iod_depth       =  0.8318358179287898
    lsf_left_1      =  3.173916943856792
    lsf_left_2      =  -18.850928151064824
    lsf_left_3      =  2.834283269158556
    lsf_left_4      =  -0.6032395586906358
    lsf_left_5      =  0.13800475201898144
    lsf_right1      =  6.396151016585842
    lsf_right2      =  -17.890789036274978
    lsf_right3      =  7.93221276456684
    lsf_right4      =  -2.785037252949925
    lsf_right5      =  0.21547883182793443
    tem_depth       =  -0.5888976583081242
    velocity        =  -20780.609236722063
    wave_intercept  =  5996.309739121864
    wave_slope      =  0.01698699466702669
ERROR - Evaluated LSF:
ERROR - [nan nan nan nan nan nan nan nan nan nan nan nan nan nan nan nan nan nan
 nan nan nan nan nan nan nan nan nan nan nan nan nan nan nan nan nan nan
 nan nan nan nan nan nan nan nan nan nan nan nan nan nan nan nan nan nan
 nan nan nan nan nan nan nan nan nan nan nan nan nan nan nan nan nan nan
 nan]
WARNING - Chunk 436:
WARNING - NaN values detected in your input data or the output of your objective/model function - fitting algorithms cannot handle this! Please read https://lmfit.github.io/lmfit-py/faq.html#i-get-errors-from-nan-in-my-fit-what-can-i-do for more information.
ERROR - NaN value detected in oversampled model function.
ERROR - <ParameterSet (values: 17)>
    cont_intercept  =  15450.11373925794
    cont_slope      =  3.2673553054539792
    iod_depth       =  0.9196033484022926
    lsf_left_1      =  6.524628039434888
    lsf_left_2      =  -16.153149153218354
    lsf_left_3      =  10.299347138833554
    lsf_left_4      =  -3.968608105468744
    lsf_left_5      =  0.25208237419326684
    lsf_right1      =  4.214916593552352
    lsf_right2      =  -13.076164498546884
    lsf_right3      =  6.417635455066232
    lsf_right4      =  -3.9594242846223815
    lsf_right5      =  0.2552094405649948
    tem_depth       =  1.0527824187459527
    velocity        =  -2556.8410814245412
    wave_intercept  =  6002.850489725576
    wave_slope      =  0.016565545171336887
ERROR - Evaluated LSF:
ERROR - [nan nan nan nan nan nan nan nan nan nan nan nan nan nan nan nan nan nan
 nan nan nan nan nan nan nan nan nan nan nan nan nan nan nan nan nan nan
 nan nan nan nan nan nan nan nan nan nan nan nan nan nan nan nan nan nan
 nan nan nan nan nan nan nan nan nan nan nan nan nan nan nan nan nan nan
 nan]
WARNING - Chunk 439:
WARNING - NaN values detected in your input data or the output of your objective/model function - fitting algorithms cannot handle this! Please read https://lmfit.github.io/lmfit-py/faq.html#i-get-errors-from-nan-in-my-fit-what-can-i-do for more information.
ERROR - NaN value detected in oversampled model function.
ERROR - <ParameterSet (values: 17)>
    cont_intercept  =  11998.038734252706
    cont_slope      =  -7.58624055068868
    iod_depth       =  0.8148208874802975
    lsf_left_1      =  7.014726142510211
    lsf_left_2      =  -19.324773636010804
    lsf_left_3      =  1.8923478501714466
    lsf_left_4      =  -1.9571701375704613
    lsf_left_5      =  0.9008926124964316
    lsf_right1      =  2.3221588046583626
    lsf_right2      =  -8.5505769473321
    lsf_right3      =  1.1625045340541336
    lsf_right4      =  -1.7341095415558812
    lsf_right5      =  0.959405647181568
    tem_depth       =  1.0309512493258182
    velocity        =  -2085.2267443139144
    wave_intercept  =  6021.300030611323
    wave_slope      =  0.014520946111827998
ERROR - Evaluated LSF:
ERROR - [nan nan nan nan nan nan nan nan nan nan nan nan nan nan nan nan nan nan
 nan nan nan nan nan nan nan nan nan nan nan nan nan nan nan nan nan nan
 nan nan nan nan nan nan nan nan nan nan nan nan nan nan nan nan nan nan
 nan nan nan nan nan nan nan nan nan nan nan nan nan nan nan nan nan nan
 nan]
WARNING - Chunk 448:
WARNING - NaN values detected in your input data or the output of your objective/model function - fitting algorithms cannot handle this! Please read https://lmfit.github.io/lmfit-py/faq.html#i-get-errors-from-nan-in-my-fit-what-can-i-do for more information.
ERROR - NaN value detected in oversampled model function.
ERROR - <ParameterSet (values: 17)>
    cont_intercept  =  10801.500874599693
    cont_slope      =  7.0990436821674
    iod_depth       =  0.8971990949929015
    lsf_left_1      =  2.3550827470509237
    lsf_left_2      =  -8.70766243768026
    lsf_left_3      =  7.425089099889571
    lsf_left_4      =  -3.8918670832633446
    lsf_left_5      =  0.5226895118042905
    lsf_right1      =  5.010095078736806
    lsf_right2      =  -19.346569901288913
    lsf_right3      =  1.1696014387201428
    lsf_right4      =  -3.956455683084741
    lsf_right5      =  0.5795536124248469
    tem_depth       =  0.8848502512202058
    velocity        =  -9594.204014363093
    wave_intercept  =  6037.084239769337
    wave_slope      =  0.01861497816583821
ERROR - Evaluated LSF:
ERROR - [nan nan nan nan nan nan nan nan nan nan nan nan nan nan nan nan nan nan
 nan nan nan nan nan nan nan nan nan nan nan nan nan nan nan nan nan nan
 nan nan nan nan nan nan nan nan nan nan nan nan nan nan nan nan nan nan
 nan nan nan nan nan nan nan nan nan nan nan nan nan nan nan nan nan nan
 nan]
WARNING - Chunk 453:
WARNING - NaN values detected in your input data or the output of your objective/model function - fitting algorithms cannot handle this! Please read https://lmfit.github.io/lmfit-py/faq.html#i-get-errors-from-nan-in-my-fit-what-can-i-do for more information.
ERROR - Chunk 470: No Data! Returning LmfitResult with None.
ERROR - NaN value detected in oversampled model function.
ERROR - <ParameterSet (values: 17)>
    cont_intercept  =  11466.162918756729
    cont_slope      =  6.11971972540101
    iod_depth       =  0.5157291856163211
    lsf_left_1      =  2.203677689293125
    lsf_left_2      =  -13.832494307767075
    lsf_left_3      =  3.2072580246332123
    lsf_left_4      =  -3.9611119870012828
    lsf_left_5      =  0.14066012236967657
    lsf_right1      =  5.031160207981859
    lsf_right2      =  -17.60830920277509
    lsf_right3      =  10.311582847393392
    lsf_right4      =  -3.700887765027424
    lsf_right5      =  0.7360037659009236
    tem_depth       =  1.0122683124294676
    velocity        =  -2693.7143907175173
    wave_intercept  =  6097.468638465143
    wave_slope      =  0.018832206820773304
ERROR - Evaluated LSF:
ERROR - [nan nan nan nan nan nan nan nan nan nan nan nan nan nan nan nan nan nan
 nan nan nan nan nan nan nan nan nan nan nan nan nan nan nan nan nan nan
 nan nan nan nan nan nan nan nan nan nan nan nan nan nan nan nan nan nan
 nan nan nan nan nan nan nan nan nan nan nan nan nan nan nan nan nan nan
 nan]
WARNING - Chunk 478:
WARNING - NaN values detected in your input data or the output of your objective/model function - fitting algorithms cannot handle this! Please read https://lmfit.github.io/lmfit-py/faq.html#i-get-errors-from-nan-in-my-fit-what-can-i-do for more information.
ERROR - NaN value detected in oversampled model function.
ERROR - <ParameterSet (values: 17)>
    cont_intercept  =  13305.562692826003
    cont_slope      =  5.604787603033493
    iod_depth       =  0.5150388903350336
    lsf_left_1      =  7.408295036781948
    lsf_left_2      =  -17.783448316497136
    lsf_left_3      =  8.42832446038594
    lsf_left_4      =  -3.901594393722923
    lsf_left_5      =  0.6349633738230827
    lsf_right1      =  6.700020660973083
    lsf_right2      =  -18.528935000105474
    lsf_right3      =  1.6922035081156892
    lsf_right4      =  -1.0108132872772697
    lsf_right5      =  0.5922679426010737
    tem_depth       =  0.9387431273711402
    velocity        =  -3418.115637060429
    wave_intercept  =  6104.690319105885
    wave_slope      =  0.018378255078925897
ERROR - Evaluated LSF:
ERROR - [nan nan nan nan nan nan nan nan nan nan nan nan nan nan nan nan nan nan
 nan nan nan nan nan nan nan nan nan nan nan nan nan nan nan nan nan nan
 nan nan nan nan nan nan nan nan nan nan nan nan nan nan nan nan nan nan
 nan nan nan nan nan nan nan nan nan nan nan nan nan nan nan nan nan nan
 nan]
WARNING - Chunk 481:
WARNING - NaN values detected in your input data or the output of your objective/model function - fitting algorithms cannot handle this! Please read https://lmfit.github.io/lmfit-py/faq.html#i-get-errors-from-nan-in-my-fit-what-can-i-do for more information.
ERROR - NaN value detected in oversampled model function.
ERROR - <ParameterSet (values: 17)>
    cont_intercept  =  15297.56312240786
    cont_slope      =  1.3577236369968975
    iod_depth       =  0.7144590150871852
    lsf_left_1      =  2.147995602321892
    lsf_left_2      =  -18.649840107429505
    lsf_left_3      =  1.2896830069579654
    lsf_left_4      =  -1.2637159716866244
    lsf_left_5      =  0.4263607642307857
    lsf_right1      =  5.623460483421642
    lsf_right2      =  -19.33078253385201
    lsf_right3      =  10.134751794137603
    lsf_right4      =  -3.957606809628723
    lsf_right5      =  1.038231807673005
    tem_depth       =  1.0522528964313547
    velocity        =  -2808.9201164780397
    wave_intercept  =  6111.679886317418
    wave_slope      =  0.017705440985787177
ERROR - Evaluated LSF:
ERROR - [nan nan nan nan nan nan nan nan nan nan nan nan nan nan nan nan nan nan
 nan nan nan nan nan nan nan nan nan nan nan nan nan nan nan nan nan nan
 nan nan nan nan nan nan nan nan nan nan nan nan nan nan nan nan nan nan
 nan nan nan nan nan nan nan nan nan nan nan nan nan nan nan nan nan nan
 nan]
WARNING - Chunk 484:
WARNING - NaN values detected in your input data or the output of your objective/model function - fitting algorithms cannot handle this! Please read https://lmfit.github.io/lmfit-py/faq.html#i-get-errors-from-nan-in-my-fit-what-can-i-do for more information.
ERROR - NaN value detected in oversampled model function.
ERROR - <ParameterSet (values: 17)>
    cont_intercept  =  16067.720383732707
    cont_slope      =  -1.654976704035984
    iod_depth       =  0.8583280696857785
    lsf_left_1      =  3.420288914804369
    lsf_left_2      =  -18.618489387698325
    lsf_left_3      =  7.29857577814934
    lsf_left_4      =  -2.7832723564987463
    lsf_left_5      =  0.15055117374323485
    lsf_right1      =  2.3658267663224177
    lsf_right2      =  -5.850483567218857
    lsf_right3      =  2.7306785704635965
    lsf_right4      =  -1.4606351271080662
    lsf_right5      =  0.1562391094114302
    tem_depth       =  1.0047586726487883
    velocity        =  -2864.476641927027
    wave_intercept  =  6131.4771709981305
    wave_slope      =  0.016147142208337097
ERROR - Evaluated LSF:
ERROR - [nan nan nan nan nan nan nan nan nan nan nan nan nan nan nan nan nan nan
 nan nan nan nan nan nan nan nan nan nan nan nan nan nan nan nan nan nan
 nan nan nan nan nan nan nan nan nan nan nan nan nan nan nan nan nan nan
 nan nan nan nan nan nan nan nan nan nan nan nan nan nan nan nan nan nan
 nan]
WARNING - Chunk 493:
WARNING - NaN values detected in your input data or the output of your objective/model function - fitting algorithms cannot handle this! Please read https://lmfit.github.io/lmfit-py/faq.html#i-get-errors-from-nan-in-my-fit-what-can-i-do for more information.
ERROR - NaN value detected in oversampled model function.
ERROR - <ParameterSet (values: 17)>
    cont_intercept  =  16832.490538300048
    cont_slope      =  -2.5155123586825234
    iod_depth       =  0.09308527742102801
    lsf_left_1      =  4.179184801275852
    lsf_left_2      =  -17.90273655656234
    lsf_left_3      =  1.147185716999576
    lsf_left_4      =  -3.665831292982006
    lsf_left_5      =  0.5546104605124769
    lsf_right1      =  2.8204631834154448
    lsf_right2      =  -19.15948701423471
    lsf_right3      =  4.385683690764816
    lsf_right4      =  -2.461191084031423
    lsf_right5      =  0.9642684390773979
    tem_depth       =  -0.6417096921470886
    velocity        =  -16783.255857131306
    wave_intercept  =  6186.973548671698
    wave_slope      =  0.016867311462349897
ERROR - Evaluated LSF:
ERROR - [nan nan nan nan nan nan nan nan nan nan nan nan nan nan nan nan nan nan
 nan nan nan nan nan nan nan nan nan nan nan nan nan nan nan nan nan nan
 nan nan nan nan nan nan nan nan nan nan nan nan nan nan nan nan nan nan
 nan nan nan nan nan nan nan nan nan nan nan nan nan nan nan nan nan nan
 nan]
WARNING - Chunk 515:
WARNING - NaN values detected in your input data or the output of your objective/model function - fitting algorithms cannot handle this! Please read https://lmfit.github.io/lmfit-py/faq.html#i-get-errors-from-nan-in-my-fit-what-can-i-do for more information.
ERROR - NaN value detected in oversampled model function.
ERROR - <ParameterSet (values: 17)>
    cont_intercept  =  15077.44736555167
    cont_slope      =  -1.487248322347137
    iod_depth       =  0.6283484942820207
    lsf_left_1      =  3.8853891043617694
    lsf_left_2      =  -15.140309349669238
    lsf_left_3      =  1.2207628716530574
    lsf_left_4      =  -0.7905002959859968
    lsf_left_5      =  0.6568719050778101
    lsf_right1      =  2.4075018726964146
    lsf_right2      =  -14.830487473765924
    lsf_right3      =  2.300415664957477
    lsf_right4      =  -0.5147990482652229
    lsf_right5      =  0.357597395954966
    tem_depth       =  1.0036125700501473
    velocity        =  -2721.228139470434
    wave_intercept  =  6191.28090409572
    wave_slope      =  0.01644632473276106
ERROR - Evaluated LSF:
ERROR - [nan nan nan nan nan nan nan nan nan nan nan nan nan nan nan nan nan nan
 nan nan nan nan nan nan nan nan nan nan nan nan nan nan nan nan nan nan
 nan nan nan nan nan nan nan nan nan nan nan nan nan nan nan nan nan nan
 nan nan nan nan nan nan nan nan nan nan nan nan nan nan nan nan nan nan
 nan]
WARNING - Chunk 517:
WARNING - NaN values detected in your input data or the output of your objective/model function - fitting algorithms cannot handle this! Please read https://lmfit.github.io/lmfit-py/faq.html#i-get-errors-from-nan-in-my-fit-what-can-i-do for more information.
ERROR - NaN value detected in oversampled model function.
ERROR - <ParameterSet (values: 17)>
    cont_intercept  =  13676.607259832788
    cont_slope      =  -3.9884682857487648
    iod_depth       =  0.6956972925199466
    lsf_left_1      =  2.165284025595934
    lsf_left_2      =  -19.341487301944724
    lsf_left_3      =  8.526606284580735
    lsf_left_4      =  -3.8242770334022738
    lsf_left_5      =  0.6040494173652176
    lsf_right1      =  6.003260092451734
    lsf_right2      =  -18.780942747943833
    lsf_right3      =  2.271318521446717
    lsf_right4      =  -1.0580781187066561
    lsf_right5      =  0.32379588141996984
    tem_depth       =  1.0061533989193896
    velocity        =  -2366.3864790407574
    wave_intercept  =  6199.683038846146
    wave_slope      =  0.01584983977726537
ERROR - Evaluated LSF:
ERROR - [nan nan nan nan nan nan nan nan nan nan nan nan nan nan nan nan nan nan
 nan nan nan nan nan nan nan nan nan nan nan nan nan nan nan nan nan nan
 nan nan nan nan nan nan nan nan nan nan nan nan nan nan nan nan nan nan
 nan nan nan nan nan nan nan nan nan nan nan nan nan nan nan nan nan nan
 nan]
WARNING - Chunk 521:
WARNING - NaN values detected in your input data or the output of your objective/model function - fitting algorithms cannot handle this! Please read https://lmfit.github.io/lmfit-py/faq.html#i-get-errors-from-nan-in-my-fit-what-can-i-do for more information.
ERROR - NaN value detected in oversampled model function.
ERROR - <ParameterSet (values: 17)>
    cont_intercept  =  14068.552937813869
    cont_slope      =  4.949795759655037
    iod_depth       =  0.5438843334332695
    lsf_left_1      =  7.670789710847674
    lsf_left_2      =  -13.149158364309603
    lsf_left_3      =  2.3714801359328312
    lsf_left_4      =  -2.4622487982753447
    lsf_left_5      =  0.18772148703665642
    lsf_right1      =  4.0769763905876975
    lsf_right2      =  -17.088023710223144
    lsf_right3      =  2.6278885938681764
    lsf_right4      =  -2.8822280094082755
    lsf_right5      =  0.9863527906716026
    tem_depth       =  1.1229633746027259
    velocity        =  -2524.4532522719405
    wave_intercept  =  6229.269000793162
    wave_slope      =  0.01875035911897634
ERROR - Evaluated LSF:
ERROR - [nan nan nan nan nan nan nan nan nan nan nan nan nan nan nan nan nan nan
 nan nan nan nan nan nan nan nan nan nan nan nan nan nan nan nan nan nan
 nan nan nan nan nan nan nan nan nan nan nan nan nan nan nan nan nan nan
 nan nan nan nan nan nan nan nan nan nan nan nan nan nan nan nan nan nan
 nan]
WARNING - Chunk 531:
WARNING - NaN values detected in your input data or the output of your objective/model function - fitting algorithms cannot handle this! Please read https://lmfit.github.io/lmfit-py/faq.html#i-get-errors-from-nan-in-my-fit-what-can-i-do for more information.
ERROR - Chunk 537: No Data! Returning LmfitResult with None.
ERROR - Chunk 544: No Data! Returning LmfitResult with None.
ERROR - NaN value detected in oversampled model function.
ERROR - <ParameterSet (values: 17)>
    cont_intercept  =  14420.08128806811
    cont_slope      =  -4.737395217791198
    iod_depth       =  0.8280899303044704
    lsf_left_1      =  3.7183523297970478
    lsf_left_2      =  -14.83711570129887
    lsf_left_3      =  1.5511928246136484
    lsf_left_4      =  -0.4608850026371072
    lsf_left_5      =  0.2993171785482934
    lsf_right1      =  9.278478052913051
    lsf_right2      =  -19.21992724097234
    lsf_right3      =  6.369979811015044
    lsf_right4      =  -2.7910679674688623
    lsf_right5      =  0.31972002442410474
    tem_depth       =  0.7003535746613585
    velocity        =  -6288.478261549078
    wave_intercept  =  6262.943000108488
    wave_slope      =  0.016164339689953577
ERROR - Evaluated LSF:
ERROR - [nan nan nan nan nan nan nan nan nan nan nan nan nan nan nan nan nan nan
 nan nan nan nan nan nan nan nan nan nan nan nan nan nan nan nan nan nan
 nan nan nan nan nan nan nan nan nan nan nan nan nan nan nan nan nan nan
 nan nan nan nan nan nan nan nan nan nan nan nan nan nan nan nan nan nan
 nan]
WARNING - Chunk 546:
WARNING - NaN values detected in your input data or the output of your objective/model function - fitting algorithms cannot handle this! Please read https://lmfit.github.io/lmfit-py/faq.html#i-get-errors-from-nan-in-my-fit-what-can-i-do for more information.
ERROR - NaN value detected in oversampled model function.
ERROR - <ParameterSet (values: 17)>
    cont_intercept  =  9265.07309268755
    cont_slope      =  8.514486927000167
    iod_depth       =  2.8462412476484578
    lsf_left_1      =  9.679749504925589
    lsf_left_2      =  -14.958621899336716
    lsf_left_3      =  1.1823107858648578
    lsf_left_4      =  -3.8895327515615614
    lsf_left_5      =  0.9878303311135717
    lsf_right1      =  2.2212144363953876
    lsf_right2      =  -19.32679153539487
    lsf_right3      =  2.1815502736880124
    lsf_right4      =  -3.8739542423130837
    lsf_right5      =  0.7938013150424306
    tem_depth       =  -0.552615804924073
    velocity        =  -21740.64229136279
    wave_intercept  =  6280.932737113822
    wave_slope      =  0.01782893049834294
ERROR - Evaluated LSF:
ERROR - [nan nan nan nan nan nan nan nan nan nan nan nan nan nan nan nan nan nan
 nan nan nan nan nan nan nan nan nan nan nan nan nan nan nan nan nan nan
 nan nan nan nan nan nan nan nan nan nan nan nan nan nan nan nan nan nan
 nan nan nan nan nan nan nan nan nan nan nan nan nan nan nan nan nan nan
 nan]
WARNING - Chunk 551:
WARNING - NaN values detected in your input data or the output of your objective/model function - fitting algorithms cannot handle this! Please read https://lmfit.github.io/lmfit-py/faq.html#i-get-errors-from-nan-in-my-fit-what-can-i-do for more information.
ERROR - NaN value detected in oversampled model function.
ERROR - <ParameterSet (values: 17)>
    cont_intercept  =  12827.66870605107
    cont_slope      =  5.077106260545869
    iod_depth       =  1.7981048973561016
    lsf_left_1      =  3.20336857725244
    lsf_left_2      =  -19.301054434439063
    lsf_left_3      =  8.102846597163314
    lsf_left_4      =  -3.1782674368244286
    lsf_left_5      =  0.5794212448818236
    lsf_right1      =  3.107405595343963
    lsf_right2      =  -10.148237880769909
    lsf_right3      =  1.7776854086158556
    lsf_right4      =  -3.907239073112481
    lsf_right5      =  0.7027054863946586
    tem_depth       =  0.2294321998483485
    velocity        =  -10705.841773956066
    wave_intercept  =  6288.5644241768605
    wave_slope      =  0.018934135807936393
ERROR - Evaluated LSF:
ERROR - [nan nan nan nan nan nan nan nan nan nan nan nan nan nan nan nan nan nan
 nan nan nan nan nan nan nan nan nan nan nan nan nan nan nan nan nan nan
 nan nan nan nan nan nan nan nan nan nan nan nan nan nan nan nan nan nan
 nan nan nan nan nan nan nan nan nan nan nan nan nan nan nan nan nan nan
 nan]
WARNING - Chunk 554:
WARNING - NaN values detected in your input data or the output of your objective/model function - fitting algorithms cannot handle this! Please read https://lmfit.github.io/lmfit-py/faq.html#i-get-errors-from-nan-in-my-fit-what-can-i-do for more information.
ERROR - NaN value detected in oversampled model function.
ERROR - <ParameterSet (values: 17)>
    cont_intercept  =  14985.869882377863
    cont_slope      =  2.2740076723620826
    iod_depth       =  0.7023414718091917
    lsf_left_1      =  2.290948921590627
    lsf_left_2      =  -11.518985205919392
    lsf_left_3      =  4.987021620779169
    lsf_left_4      =  -3.5920433862925196
    lsf_left_5      =  0.9530466671614978
    lsf_right1      =  8.905903641148086
    lsf_right2      =  -18.531347258960647
    lsf_right3      =  3.6023838008761864
    lsf_right4      =  -3.438355353082975
    lsf_right5      =  1.1325172932870071
    tem_depth       =  0.9536927392265115
    velocity        =  -1606.5655217465967
    wave_intercept  =  6295.95205745486
    wave_slope      =  0.01876965207778981
ERROR - Evaluated LSF:
ERROR - [nan nan nan nan nan nan nan nan nan nan nan nan nan nan nan nan nan nan
 nan nan nan nan nan nan nan nan nan nan nan nan nan nan nan nan nan nan
 nan nan nan nan nan nan nan nan nan nan nan nan nan nan nan nan nan nan
 nan nan nan nan nan nan nan nan nan nan nan nan nan nan nan nan nan nan
 nan]
WARNING - Chunk 557:
WARNING - NaN values detected in your input data or the output of your objective/model function - fitting algorithms cannot handle this! Please read https://lmfit.github.io/lmfit-py/faq.html#i-get-errors-from-nan-in-my-fit-what-can-i-do for more information.
ERROR - NaN value detected in oversampled model function.
ERROR - <ParameterSet (values: 17)>
    cont_intercept  =  16402.322270935205
    cont_slope      =  -1.5017798546480887
    iod_depth       =  0.7479047424228609
    lsf_left_1      =  9.67914881001873
    lsf_left_2      =  -19.09236631738288
    lsf_left_3      =  3.227033210413678
    lsf_left_4      =  -0.5541547990069957
    lsf_left_5      =  0.165865749223164
    lsf_right1      =  5.084396481399927
    lsf_right2      =  -19.090080602418123
    lsf_right3      =  1.7627506767588343
    lsf_right4      =  -3.123792523218093
    lsf_right5      =  0.33369546141411366
    tem_depth       =  1.0272106322848131
    velocity        =  -1910.7889762135528
    wave_intercept  =  6314.513672875451
    wave_slope      =  0.017857803875608876
ERROR - Evaluated LSF:
ERROR - [nan nan nan nan nan nan nan nan nan nan nan nan nan nan nan nan nan nan
 nan nan nan nan nan nan nan nan nan nan nan nan nan nan nan nan nan nan
 nan nan nan nan nan nan nan nan nan nan nan nan nan nan nan nan nan nan
 nan nan nan nan nan nan nan nan nan nan nan nan nan nan nan nan nan nan
 nan]
WARNING - Chunk 565:
WARNING - NaN values detected in your input data or the output of your objective/model function - fitting algorithms cannot handle this! Please read https://lmfit.github.io/lmfit-py/faq.html#i-get-errors-from-nan-in-my-fit-what-can-i-do for more information.
ERROR - Chunk 569: No Data! Returning LmfitResult with None.
ERROR - Chunk 570: No Data! Returning LmfitResult with None.
INFO - 
INFO - Number of chunks with no uncertainties: 2
INFO - Number of chunks with outliers: 0
INFO - Number of chunks with nan fitted red. Chi2: 52
INFO - 
INFO - Creating analysis plots...
INFO - Velocity robust mean: -2778.5260429453356
INFO - Velocity robust std: 656.181795905837
INFO - 
INFO - Velocity error robust mean: 210.64146896596932
INFO - Velocity error robust std: 198.65107453556834
INFO - 
INFO - Minimum error: 57.922264534412854 in chunk 286
INFO - Maximum error: 129266.56986946562 in chunk 447
INFO - 
INFO - Chunks with nan velocities: [ 23  29  59  63  73  85  90 108 110 147 151 166 188 190 200 210 214 234
 238 281 288 296 304 309 310 357 359 366 376 383 436 439 448 453 470 478
 481 484 493 515 517 521 531 537 544 546 551 554 557 565 569 570]
INFO - Chunks with nan velocity errors: [ 23  29  59  63  73  85  90 108 110 147 151 166 188 190 200 210 214 234
 238 276 281 288 296 304 309 310 357 359 366 376 383 436 439 448 453 470
 478 481 484 493 497 515 517 521 531 537 544 546 551 554 557 565 569 570]
INFO - Velocity error at percentile 80: 722.2487559418802
INFO - 
INFO - Time to model this observation: 134.26965188980103
