2026-03-26 14:42:33,995 - root - ERROR - NaN value detected in oversampled model function.
2026-03-26 14:42:33,996 - root - ERROR - <ParameterSet (values: 17)>
    cont_intercept  =  6800.975324315008
    cont_slope      =  4.406199840439795
    iod_depth       =  0.7736242575248076
    lsf_left_1      =  2.3141699717363773
    lsf_left_2      =  -11.130264488387336
    lsf_left_3      =  1.1572925882710663
    lsf_left_4      =  -3.96355184249321
    lsf_left_5      =  0.7129696995660073
    lsf_right1      =  6.749175121280036
    lsf_right2      =  -15.756548562027001
    lsf_right3      =  9.08462097363563
    lsf_right4      =  -3.9680935774994577
    lsf_right5      =  0.8244677290041561
    tem_depth       =  0.8969961947985476
    velocity        =  -2493.0747968451797
    wave_intercept  =  5127.958167584289
    wave_slope      =  0.015515852192430488
2026-03-26 14:42:33,997 - root - ERROR - Evaluated LSF:
2026-03-26 14:42:33,998 - root - ERROR - [nan nan nan nan nan nan nan nan nan nan nan nan nan nan nan nan nan nan
 nan nan nan nan nan nan nan nan nan nan nan nan nan nan nan nan nan nan
 nan nan nan nan nan nan nan nan nan nan nan nan nan nan nan nan nan nan
 nan nan nan nan nan nan nan nan nan nan nan nan nan nan nan nan nan nan
 nan]
2026-03-26 14:42:35,735 - root - ERROR - NaN value detected in oversampled model function.
2026-03-26 14:42:35,736 - root - ERROR - <ParameterSet (values: 17)>
    cont_intercept  =  10119.800398197061
    cont_slope      =  -1.7667119551391692
    iod_depth       =  0.7808838008832462
    lsf_left_1      =  2.2571721133644496
    lsf_left_2      =  -8.698044144442976
    lsf_left_3      =  1.3355954665437477
    lsf_left_4      =  -2.400414885042837
    lsf_left_5      =  1.0243819568560055
    lsf_right1      =  2.521270204756974
    lsf_right2      =  -19.130685620282204
    lsf_right3      =  4.647640015340066
    lsf_right4      =  -1.8423631051664566
    lsf_right5      =  0.16217429731458682
    tem_depth       =  0.9730910832075537
    velocity        =  -1624.2612975312159
    wave_intercept  =  5154.287101840055
    wave_slope      =  0.013443507786733144
2026-03-26 14:42:35,737 - root - ERROR - Evaluated LSF:
2026-03-26 14:42:35,738 - root - ERROR - [nan nan nan nan nan nan nan nan nan nan nan nan nan nan nan nan nan nan
 nan nan nan nan nan nan nan nan nan nan nan nan nan nan nan nan nan nan
 nan nan nan nan nan nan nan nan nan nan nan nan nan nan nan nan nan nan
 nan nan nan nan nan nan nan nan nan nan nan nan nan nan nan nan nan nan
 nan]
2026-03-26 14:42:36,785 - root - ERROR - NaN value detected in oversampled model function.
2026-03-26 14:42:36,787 - root - ERROR - <ParameterSet (values: 17)>
    cont_intercept  =  5202.631788541088
    cont_slope      =  4.204660691018457
    iod_depth       =  0.659721511200722
    lsf_left_1      =  7.027165889925293
    lsf_left_2      =  -18.24587548336871
    lsf_left_3      =  3.646238061579785
    lsf_left_4      =  -3.221307693029527
    lsf_left_5      =  0.16178263721092553
    lsf_right1      =  2.450122110804803
    lsf_right2      =  -18.936894891389475
    lsf_right3      =  5.891264694264124
    lsf_right4      =  -1.2544089146332293
    lsf_right5      =  0.21077762916743298
    tem_depth       =  0.8628037935315308
    velocity        =  -2527.92824485142
    wave_intercept  =  5165.219867418007
    wave_slope      =  0.016189995792260173
2026-03-26 14:42:36,788 - root - ERROR - Evaluated LSF:
2026-03-26 14:42:36,789 - root - ERROR - [nan nan nan nan nan nan nan nan nan nan nan nan nan nan nan nan nan nan
 nan nan nan nan nan nan nan nan nan nan nan nan nan nan nan nan nan nan
 nan nan nan nan nan nan nan nan nan nan nan nan nan nan nan nan nan nan
 nan nan nan nan nan nan nan nan nan nan nan nan nan nan nan nan nan nan
 nan]
2026-03-26 14:42:36,954 - root - ERROR - Chunk 29: No Data! Returning LmfitResult with None.
2026-03-26 14:42:40,866 - root - ERROR - NaN value detected in oversampled model function.
2026-03-26 14:42:40,868 - root - ERROR - <ParameterSet (values: 17)>
    cont_intercept  =  4844.047191041183
    cont_slope      =  5.35541242526964
    iod_depth       =  0.7346542527542188
    lsf_left_1      =  4.526128693427536
    lsf_left_2      =  -8.228395019573426
    lsf_left_3      =  3.291307325036004
    lsf_left_4      =  -3.035591871759733
    lsf_left_5      =  1.1946742490362534
    lsf_right1      =  5.2624135126768214
    lsf_right2      =  -19.240095518738478
    lsf_right3      =  1.1504064181060476
    lsf_right4      =  -2.642798046484435
    lsf_right5      =  1.1763626816872903
    tem_depth       =  0.9901346277295525
    velocity        =  -2173.470312004371
    wave_intercept  =  5207.2593811733395
    wave_slope      =  0.01643079575284668
2026-03-26 14:42:40,869 - root - ERROR - Evaluated LSF:
2026-03-26 14:42:40,870 - root - ERROR - [nan nan nan nan nan nan nan nan nan nan nan nan nan nan nan nan nan nan
 nan nan nan nan nan nan nan nan nan nan nan nan nan nan nan nan nan nan
 nan nan nan nan nan nan nan nan nan nan nan nan nan nan nan nan nan nan
 nan nan nan nan nan nan nan nan nan nan nan nan nan nan nan nan nan nan
 nan]
2026-03-26 14:42:42,598 - root - ERROR - Chunk 63: No Data! Returning LmfitResult with None.
2026-03-26 14:42:43,246 - root - ERROR - NaN value detected in oversampled model function.
2026-03-26 14:42:43,247 - root - ERROR - <ParameterSet (values: 17)>
    cont_intercept  =  11704.166771214006
    cont_slope      =  -2.6356594986696575
    iod_depth       =  0.824224481929612
    lsf_left_1      =  4.7948475521878695
    lsf_left_2      =  -19.056364068004164
    lsf_left_3      =  10.276530981470643
    lsf_left_4      =  -3.562353983487186
    lsf_left_5      =  0.9720997924558193
    lsf_right1      =  3.9990058908635664
    lsf_right2      =  -11.731381351965966
    lsf_right3      =  7.644616710583546
    lsf_right4      =  -3.403425066870551
    lsf_right5      =  0.8267261143684667
    tem_depth       =  1.0140967109221737
    velocity        =  -2329.7492197856786
    wave_intercept  =  5242.399660477183
    wave_slope      =  0.013700994367605924
2026-03-26 14:42:43,249 - root - ERROR - Evaluated LSF:
2026-03-26 14:42:43,249 - root - ERROR - [nan nan nan nan nan nan nan nan nan nan nan nan nan nan nan nan nan nan
 nan nan nan nan nan nan nan nan nan nan nan nan nan nan nan nan nan nan
 nan nan nan nan nan nan nan nan nan nan nan nan nan nan nan nan nan nan
 nan nan nan nan nan nan nan nan nan nan nan nan nan nan nan nan nan nan
 nan]
2026-03-26 14:42:53,600 - root - ERROR - NaN value detected in oversampled model function.
2026-03-26 14:42:53,603 - root - ERROR - <ParameterSet (values: 17)>
    cont_intercept  =  11360.934595159291
    cont_slope      =  1.8243672802202748
    iod_depth       =  0.9468415006746875
    lsf_left_1      =  4.719180138690874
    lsf_left_2      =  -13.770359672387233
    lsf_left_3      =  4.058588731507253
    lsf_left_4      =  -2.457897232706893
    lsf_left_5      =  0.4798766914704623
    lsf_right1      =  2.1495294490483374
    lsf_right2      =  -18.905718394973626
    lsf_right3      =  4.161478807889487
    lsf_right4      =  -3.815329953061651
    lsf_right5      =  1.1660228665362142
    tem_depth       =  0.9835715960466993
    velocity        =  -2279.955547632363
    wave_intercept  =  5371.003412073039
    wave_slope      =  0.014832818796820083
2026-03-26 14:42:53,604 - root - ERROR - Evaluated LSF:
2026-03-26 14:42:53,605 - root - ERROR - [nan nan nan nan nan nan nan nan nan nan nan nan nan nan nan nan nan nan
 nan nan nan nan nan nan nan nan nan nan nan nan nan nan nan nan nan nan
 nan nan nan nan nan nan nan nan nan nan nan nan nan nan nan nan nan nan
 nan nan nan nan nan nan nan nan nan nan nan nan nan nan nan nan nan nan
 nan]
2026-03-26 14:42:54,546 - root - ERROR - NaN value detected in oversampled model function.
2026-03-26 14:42:54,547 - root - ERROR - <ParameterSet (values: 17)>
    cont_intercept  =  12010.681358730479
    cont_slope      =  -7.119554718660422
    iod_depth       =  0.9435505990081907
    lsf_left_1      =  2.1736952897402655
    lsf_left_2      =  -18.303463139693076
    lsf_left_3      =  6.409209285130877
    lsf_left_4      =  -3.4389306185953656
    lsf_left_5      =  0.17481754485935982
    lsf_right1      =  9.612632419768946
    lsf_right2      =  -13.457439360201986
    lsf_right3      =  1.6218417411917652
    lsf_right4      =  -2.0974064291006496
    lsf_right5      =  0.20235107815858122
    tem_depth       =  1.0011229316454742
    velocity        =  -2340.2374492480017
    wave_intercept  =  5387.512655414065
    wave_slope      =  0.0134344595154788
2026-03-26 14:42:54,548 - root - ERROR - Evaluated LSF:
2026-03-26 14:42:54,549 - root - ERROR - [nan nan nan nan nan nan nan nan nan nan nan nan nan nan nan nan nan nan
 nan nan nan nan nan nan nan nan nan nan nan nan nan nan nan nan nan nan
 nan nan nan nan nan nan nan nan nan nan nan nan nan nan nan nan nan nan
 nan nan nan nan nan nan nan nan nan nan nan nan nan nan nan nan nan nan
 nan]
2026-03-26 14:42:56,242 - root - ERROR - NaN value detected in oversampled model function.
2026-03-26 14:42:56,244 - root - ERROR - <ParameterSet (values: 17)>
    cont_intercept  =  13712.005188512789
    cont_slope      =  4.990248084790718
    iod_depth       =  0.9017538413828635
    lsf_left_1      =  3.711855158645845
    lsf_left_2      =  -18.314353424818677
    lsf_left_3      =  5.595901793989039
    lsf_left_4      =  -2.9127299640432147
    lsf_left_5      =  0.6071906358261017
    lsf_right1      =  6.951902798830344
    lsf_right2      =  -14.682926975932846
    lsf_right3      =  3.9353703322116376
    lsf_right4      =  -1.7841129709254804
    lsf_right5      =  0.13317614412541795
    tem_depth       =  0.9368804116479494
    velocity        =  -2342.1371921384725
    wave_intercept  =  5408.572841935349
    wave_slope      =  0.015706886994257686
2026-03-26 14:42:56,245 - root - ERROR - Evaluated LSF:
2026-03-26 14:42:56,246 - root - ERROR - [nan nan nan nan nan nan nan nan nan nan nan nan nan nan nan nan nan nan
 nan nan nan nan nan nan nan nan nan nan nan nan nan nan nan nan nan nan
 nan nan nan nan nan nan nan nan nan nan nan nan nan nan nan nan nan nan
 nan nan nan nan nan nan nan nan nan nan nan nan nan nan nan nan nan nan
 nan]
2026-03-26 14:42:56,788 - root - ERROR - NaN value detected in oversampled model function.
2026-03-26 14:42:56,790 - root - ERROR - <ParameterSet (values: 17)>
    cont_intercept  =  15213.2624384879
    cont_slope      =  0.42146148353078056
    iod_depth       =  0.9123153878167347
    lsf_left_1      =  2.6701715764037948
    lsf_left_2      =  -18.816359515218394
    lsf_left_3      =  5.699517321034106
    lsf_left_4      =  -3.1155874468136284
    lsf_left_5      =  0.37929964497624447
    lsf_right1      =  2.833447741155776
    lsf_right2      =  -19.082154672734422
    lsf_right3      =  1.9279065025102078
    lsf_right4      =  -2.4472957324043323
    lsf_right5      =  1.0693298231524901
    tem_depth       =  0.9991348283298962
    velocity        =  -2461.55597876828
    wave_intercept  =  5420.443342917823
    wave_slope      =  0.014757247801311307
2026-03-26 14:42:56,791 - root - ERROR - Evaluated LSF:
2026-03-26 14:42:56,792 - root - ERROR - [nan nan nan nan nan nan nan nan nan nan nan nan nan nan nan nan nan nan
 nan nan nan nan nan nan nan nan nan nan nan nan nan nan nan nan nan nan
 nan nan nan nan nan nan nan nan nan nan nan nan nan nan nan nan nan nan
 nan nan nan nan nan nan nan nan nan nan nan nan nan nan nan nan nan nan
 nan]
2026-03-26 14:43:00,542 - root - ERROR - Chunk 190: No Data! Returning LmfitResult with None.
2026-03-26 14:43:04,959 - root - ERROR - Chunk 214: No Data! Returning LmfitResult with None.
2026-03-26 14:43:14,300 - root - ERROR - NaN value detected in oversampled model function.
2026-03-26 14:43:14,302 - root - ERROR - <ParameterSet (values: 17)>
    cont_intercept  =  12825.858978295615
    cont_slope      =  6.360533942309946
    iod_depth       =  0.8403201254070367
    lsf_left_1      =  2.4268177006067075
    lsf_left_2      =  -9.910101426702411
    lsf_left_3      =  4.091885972579742
    lsf_left_4      =  -3.4286139088520393
    lsf_left_5      =  1.1945780380761528
    lsf_right1      =  3.294688512800482
    lsf_right2      =  -17.064988239733065
    lsf_right3      =  9.656009191054743
    lsf_right4      =  -3.917139082689479
    lsf_right5      =  0.9448931058562461
    tem_depth       =  1.0162446489007473
    velocity        =  -2642.1223593700056
    wave_intercept  =  5650.267205774987
    wave_slope      =  0.01708984347921954
2026-03-26 14:43:14,304 - root - ERROR - Evaluated LSF:
2026-03-26 14:43:14,305 - root - ERROR - [nan nan nan nan nan nan nan nan nan nan nan nan nan nan nan nan nan nan
 nan nan nan nan nan nan nan nan nan nan nan nan nan nan nan nan nan nan
 nan nan nan nan nan nan nan nan nan nan nan nan nan nan nan nan nan nan
 nan nan nan nan nan nan nan nan nan nan nan nan nan nan nan nan nan nan
 nan]
2026-03-26 14:43:16,249 - root - ERROR - Chunk 296: No Data! Returning LmfitResult with None.
2026-03-26 14:43:17,584 - root - ERROR - NaN value detected in oversampled model function.
2026-03-26 14:43:17,586 - root - ERROR - <ParameterSet (values: 17)>
    cont_intercept  =  10120.341152643867
    cont_slope      =  16.157050426452123
    iod_depth       =  0.47970286794006184
    lsf_left_1      =  5.479445202666843
    lsf_left_2      =  -9.79636237439274
    lsf_left_3      =  1.2617142364281824
    lsf_left_4      =  -3.5450011194496227
    lsf_left_5      =  0.7696261229100486
    lsf_right1      =  2.2870032375255955
    lsf_right2      =  -16.415767312570804
    lsf_right3      =  5.040172043759167
    lsf_right4      =  -2.9373621791596753
    lsf_right5      =  0.5154864530391158
    tem_depth       =  -0.14276589272446857
    velocity        =  -9673.010680160389
    wave_intercept  =  5696.264457276334
    wave_slope      =  0.017753862907901753
2026-03-26 14:43:17,587 - root - ERROR - Evaluated LSF:
2026-03-26 14:43:17,588 - root - ERROR - [nan nan nan nan nan nan nan nan nan nan nan nan nan nan nan nan nan nan
 nan nan nan nan nan nan nan nan nan nan nan nan nan nan nan nan nan nan
 nan nan nan nan nan nan nan nan nan nan nan nan nan nan nan nan nan nan
 nan nan nan nan nan nan nan nan nan nan nan nan nan nan nan nan nan nan
 nan]
2026-03-26 14:43:18,326 - root - ERROR - NaN value detected in oversampled model function.
2026-03-26 14:43:18,328 - root - ERROR - <ParameterSet (values: 17)>
    cont_intercept  =  13332.47650497721
    cont_slope      =  7.25080697439482
    iod_depth       =  0.7237761752227366
    lsf_left_1      =  3.9241984400974124
    lsf_left_2      =  -18.888154903967393
    lsf_left_3      =  9.95333130887811
    lsf_left_4      =  -3.800977306674024
    lsf_left_5      =  1.1965743871500303
    lsf_right1      =  7.23060863554883
    lsf_right2      =  -14.592442218524525
    lsf_right3      =  1.291659053684752
    lsf_right4      =  -2.120522627544976
    lsf_right5      =  1.152833045003256
    tem_depth       =  1.0556177062176209
    velocity        =  -2297.427343456512
    wave_intercept  =  5703.094731954325
    wave_slope      =  0.01719466113192769
2026-03-26 14:43:18,329 - root - ERROR - Evaluated LSF:
2026-03-26 14:43:18,330 - root - ERROR - [nan nan nan nan nan nan nan nan nan nan nan nan nan nan nan nan nan nan
 nan nan nan nan nan nan nan nan nan nan nan nan nan nan nan nan nan nan
 nan nan nan nan nan nan nan nan nan nan nan nan nan nan nan nan nan nan
 nan nan nan nan nan nan nan nan nan nan nan nan nan nan nan nan nan nan
 nan]
2026-03-26 14:43:24,183 - root - ERROR - NaN value detected in oversampled model function.
2026-03-26 14:43:24,184 - root - ERROR - <ParameterSet (values: 17)>
    cont_intercept  =  9210.468046417667
    cont_slope      =  9.975408335506112
    iod_depth       =  0.9032021839115421
    lsf_left_1      =  2.264567827015829
    lsf_left_2      =  -8.91341750775644
    lsf_left_3      =  4.167541622156085
    lsf_left_4      =  -3.63198922447953
    lsf_left_5      =  0.7044646364804358
    lsf_right1      =  7.265483432739515
    lsf_right2      =  -17.818892960324206
    lsf_right3      =  3.4321592452931364
    lsf_right4      =  -0.6727121142330805
    lsf_right5      =  0.16109012732139386
    tem_depth       =  0.7985802166532681
    velocity        =  -2428.1799954173302
    wave_intercept  =  5800.014784834122
    wave_slope      =  0.018442773908248052
2026-03-26 14:43:24,186 - root - ERROR - Evaluated LSF:
2026-03-26 14:43:24,187 - root - ERROR - [nan nan nan nan nan nan nan nan nan nan nan nan nan nan nan nan nan nan
 nan nan nan nan nan nan nan nan nan nan nan nan nan nan nan nan nan nan
 nan nan nan nan nan nan nan nan nan nan nan nan nan nan nan nan nan nan
 nan nan nan nan nan nan nan nan nan nan nan nan nan nan nan nan nan nan
 nan]
2026-03-26 14:43:25,184 - root - ERROR - Chunk 357: No Data! Returning LmfitResult with None.
2026-03-26 14:43:25,207 - root - ERROR - NaN value detected in oversampled model function.
2026-03-26 14:43:25,209 - root - ERROR - <ParameterSet (values: 17)>
    cont_intercept  =  16311.727209109156
    cont_slope      =  0.9209007259428071
    iod_depth       =  1.1201964267093036
    lsf_left_1      =  7.560232096202141
    lsf_left_2      =  -10.906787858300165
    lsf_left_3      =  1.2207016571399296
    lsf_left_4      =  -3.0306672878665974
    lsf_left_5      =  1.0473959099492531
    lsf_right1      =  2.6914887315398737
    lsf_right2      =  -19.17659245214015
    lsf_right3      =  4.55973616577274
    lsf_right4      =  -3.911219188792371
    lsf_right5      =  0.5120559794145555
    tem_depth       =  -0.04155201318791513
    velocity        =  -4496.31176838874
    wave_intercept  =  5818.450192226335
    wave_slope      =  0.017107640229524337
2026-03-26 14:43:25,210 - root - ERROR - Evaluated LSF:
2026-03-26 14:43:25,212 - root - ERROR - [nan nan nan nan nan nan nan nan nan nan nan nan nan nan nan nan nan nan
 nan nan nan nan nan nan nan nan nan nan nan nan nan nan nan nan nan nan
 nan nan nan nan nan nan nan nan nan nan nan nan nan nan nan nan nan nan
 nan nan nan nan nan nan nan nan nan nan nan nan nan nan nan nan nan nan
 nan]
2026-03-26 14:43:26,200 - root - ERROR - Chunk 366: No Data! Returning LmfitResult with None.
2026-03-26 14:43:27,490 - root - ERROR - NaN value detected in oversampled model function.
2026-03-26 14:43:27,492 - root - ERROR - <ParameterSet (values: 17)>
    cont_intercept  =  9131.377070560919
    cont_slope      =  10.196968256447255
    iod_depth       =  0.8832981909811093
    lsf_left_1      =  7.639621012661447
    lsf_left_2      =  -13.979619292819173
    lsf_left_3      =  1.1627808987304857
    lsf_left_4      =  -3.3901409818532198
    lsf_left_5      =  0.7589335217594774
    lsf_right1      =  4.974774001345577
    lsf_right2      =  -18.77563227475712
    lsf_right3      =  6.139819218946147
    lsf_right4      =  -1.1399864137986677
    lsf_right5      =  0.13323189659098106
    tem_depth       =  1.1748785271452422
    velocity        =  -2363.269891545408
    wave_intercept  =  5855.786913613575
    wave_slope      =  0.018646184877340138
2026-03-26 14:43:27,493 - root - ERROR - Evaluated LSF:
2026-03-26 14:43:27,494 - root - ERROR - [nan nan nan nan nan nan nan nan nan nan nan nan nan nan nan nan nan nan
 nan nan nan nan nan nan nan nan nan nan nan nan nan nan nan nan nan nan
 nan nan nan nan nan nan nan nan nan nan nan nan nan nan nan nan nan nan
 nan nan nan nan nan nan nan nan nan nan nan nan nan nan nan nan nan nan
 nan]
2026-03-26 14:43:28,906 - root - ERROR - NaN value detected in oversampled model function.
2026-03-26 14:43:28,907 - root - ERROR - <ParameterSet (values: 17)>
    cont_intercept  =  20100.967161671535
    cont_slope      =  -0.6220837707816126
    iod_depth       =  0.9033253632548169
    lsf_left_1      =  6.825222420493383
    lsf_left_2      =  -15.109379213642978
    lsf_left_3      =  4.648842411487857
    lsf_left_4      =  -1.4275724605025193
    lsf_left_5      =  0.4289679516252863
    lsf_right1      =  5.6973153797139275
    lsf_right2      =  -19.185350378673835
    lsf_right3      =  3.660311102087505
    lsf_right4      =  -3.2341531520332842
    lsf_right5      =  1.0457761787186524
    tem_depth       =  0.9795277113394034
    velocity        =  -2527.34152257733
    wave_intercept  =  5881.004579005082
    wave_slope      =  0.016647390785085592
2026-03-26 14:43:28,908 - root - ERROR - Evaluated LSF:
2026-03-26 14:43:28,909 - root - ERROR - [nan nan nan nan nan nan nan nan nan nan nan nan nan nan nan nan nan nan
 nan nan nan nan nan nan nan nan nan nan nan nan nan nan nan nan nan nan
 nan nan nan nan nan nan nan nan nan nan nan nan nan nan nan nan nan nan
 nan nan nan nan nan nan nan nan nan nan nan nan nan nan nan nan nan nan
 nan]
2026-03-26 14:43:32,274 - root - ERROR - NaN value detected in oversampled model function.
2026-03-26 14:43:32,276 - root - ERROR - <ParameterSet (values: 17)>
    cont_intercept  =  17597.63712310535
    cont_slope      =  4.826909765615823
    iod_depth       =  0.887960252338754
    lsf_left_1      =  2.8553891749454374
    lsf_left_2      =  -19.135993164068477
    lsf_left_3      =  5.130712150013005
    lsf_left_4      =  -2.224142767740042
    lsf_left_5      =  0.870073406409275
    lsf_right1      =  8.674420049747392
    lsf_right2      =  -19.25404827175138
    lsf_right3      =  9.736226134712552
    lsf_right4      =  -3.112273595408544
    lsf_right5      =  0.2058729012993248
    tem_depth       =  1.0021092480655496
    velocity        =  -2380.7592450728835
    wave_intercept  =  5929.180300772144
    wave_slope      =  0.017558073229655267
2026-03-26 14:43:32,277 - root - ERROR - Evaluated LSF:
2026-03-26 14:43:32,278 - root - ERROR - [nan nan nan nan nan nan nan nan nan nan nan nan nan nan nan nan nan nan
 nan nan nan nan nan nan nan nan nan nan nan nan nan nan nan nan nan nan
 nan nan nan nan nan nan nan nan nan nan nan nan nan nan nan nan nan nan
 nan nan nan nan nan nan nan nan nan nan nan nan nan nan nan nan nan nan
 nan]
2026-03-26 14:43:34,451 - root - ERROR - NaN value detected in oversampled model function.
2026-03-26 14:43:34,453 - root - ERROR - <ParameterSet (values: 17)>
    cont_intercept  =  19756.659655564465
    cont_slope      =  12.0515244056452
    iod_depth       =  1.1291850362376392
    lsf_left_1      =  6.7305039569918685
    lsf_left_2      =  -14.661519115836466
    lsf_left_3      =  7.0293739021784845
    lsf_left_4      =  -3.8268253981189924
    lsf_left_5      =  0.17843380292919356
    lsf_right1      =  5.507356688062718
    lsf_right2      =  -17.318334694290492
    lsf_right3      =  10.3004375269551
    lsf_right4      =  -3.658841203855583
    lsf_right5      =  0.2521090243357373
    tem_depth       =  -0.7541218099839107
    velocity        =  -26784.601717525395
    wave_intercept  =  5954.933603433068
    wave_slope      =  0.015017232910166215
2026-03-26 14:43:34,454 - root - ERROR - Evaluated LSF:
2026-03-26 14:43:34,455 - root - ERROR - [nan nan nan nan nan nan nan nan nan nan nan nan nan nan nan nan nan nan
 nan nan nan nan nan nan nan nan nan nan nan nan nan nan nan nan nan nan
 nan nan nan nan nan nan nan nan nan nan nan nan nan nan nan nan nan nan
 nan nan nan nan nan nan nan nan nan nan nan nan nan nan nan nan nan nan
 nan]
2026-03-26 14:43:37,274 - root - ERROR - NaN value detected in oversampled model function.
2026-03-26 14:43:37,276 - root - ERROR - <ParameterSet (values: 17)>
    cont_intercept  =  19714.163154226677
    cont_slope      =  3.4724532776928685
    iod_depth       =  1.0536443097874006
    lsf_left_1      =  7.504017949122244
    lsf_left_2      =  -18.774952608337582
    lsf_left_3      =  7.1443110246527075
    lsf_left_4      =  -2.6677507143504315
    lsf_left_5      =  0.49079361921981324
    lsf_right1      =  2.3748975932573497
    lsf_right2      =  -11.64489565075393
    lsf_right3      =  6.588612071984069
    lsf_right4      =  -2.0406383410944606
    lsf_right5      =  0.3994155947482179
    tem_depth       =  0.22229685880419509
    velocity        =  -4032.088952374029
    wave_intercept  =  5994.083362591005
    wave_slope      =  0.01719668178142674
2026-03-26 14:43:37,277 - root - ERROR - Evaluated LSF:
2026-03-26 14:43:37,278 - root - ERROR - [nan nan nan nan nan nan nan nan nan nan nan nan nan nan nan nan nan nan
 nan nan nan nan nan nan nan nan nan nan nan nan nan nan nan nan nan nan
 nan nan nan nan nan nan nan nan nan nan nan nan nan nan nan nan nan nan
 nan nan nan nan nan nan nan nan nan nan nan nan nan nan nan nan nan nan
 nan]
2026-03-26 14:43:38,822 - root - ERROR - NaN value detected in oversampled model function.
2026-03-26 14:43:38,824 - root - ERROR - <ParameterSet (values: 17)>
    cont_intercept  =  15452.13391046058
    cont_slope      =  -9.925293700237175
    iod_depth       =  0.8021794869672975
    lsf_left_1      =  2.2952430838448756
    lsf_left_2      =  -15.46586448943879
    lsf_left_3      =  5.849532057707309
    lsf_left_4      =  -2.982551648105362
    lsf_left_5      =  1.0010661358472674
    lsf_right1      =  5.358399761124113
    lsf_right2      =  -17.386171334838796
    lsf_right3      =  6.8073064943492785
    lsf_right4      =  -3.948595007049792
    lsf_right5      =  1.0448355746909188
    tem_depth       =  1.0344152538549232
    velocity        =  -1918.2827297203582
    wave_intercept  =  6021.316278396034
    wave_slope      =  0.014776127851442873
2026-03-26 14:43:38,825 - root - ERROR - Evaluated LSF:
2026-03-26 14:43:38,826 - root - ERROR - [nan nan nan nan nan nan nan nan nan nan nan nan nan nan nan nan nan nan
 nan nan nan nan nan nan nan nan nan nan nan nan nan nan nan nan nan nan
 nan nan nan nan nan nan nan nan nan nan nan nan nan nan nan nan nan nan
 nan nan nan nan nan nan nan nan nan nan nan nan nan nan nan nan nan nan
 nan]
2026-03-26 14:43:41,904 - root - ERROR - NaN value detected in oversampled model function.
2026-03-26 14:43:41,906 - root - ERROR - <ParameterSet (values: 17)>
    cont_intercept  =  19765.848041554724
    cont_slope      =  -4.425265131377243
    iod_depth       =  0.990794331608503
    lsf_left_1      =  2.7411498667062784
    lsf_left_2      =  -7.492920807538946
    lsf_left_3      =  2.3732106788997376
    lsf_left_4      =  -3.9062375223262813
    lsf_left_5      =  0.30991724267849574
    lsf_right1      =  2.278136329079321
    lsf_right2      =  -19.314085422627
    lsf_right3      =  7.886079342636504
    lsf_right4      =  -3.329925617716287
    lsf_right5      =  0.8460226814086861
    tem_depth       =  0.09012355443466322
    velocity        =  -10987.010216547536
    wave_intercept  =  6072.837874447999
    wave_slope      =  0.015916899947572113
2026-03-26 14:43:41,907 - root - ERROR - Evaluated LSF:
2026-03-26 14:43:41,908 - root - ERROR - [nan nan nan nan nan nan nan nan nan nan nan nan nan nan nan nan nan nan
 nan nan nan nan nan nan nan nan nan nan nan nan nan nan nan nan nan nan
 nan nan nan nan nan nan nan nan nan nan nan nan nan nan nan nan nan nan
 nan nan nan nan nan nan nan nan nan nan nan nan nan nan nan nan nan nan
 nan]
2026-03-26 14:43:41,914 - root - ERROR - Chunk 470: No Data! Returning LmfitResult with None.
2026-03-26 14:43:42,389 - root - ERROR - NaN value detected in oversampled model function.
2026-03-26 14:43:42,391 - root - ERROR - <ParameterSet (values: 17)>
    cont_intercept  =  16582.479977714152
    cont_slope      =  -7.867301419728333
    iod_depth       =  0.7438274062776733
    lsf_left_1      =  10.028512906638376
    lsf_left_2      =  -16.74954554531587
    lsf_left_3      =  2.0549152062300493
    lsf_left_4      =  -2.605072362503156
    lsf_left_5      =  0.22148606061317616
    lsf_right1      =  2.133975772923344
    lsf_right2      =  -19.148348876745484
    lsf_right3      =  9.581930232104526
    lsf_right4      =  -3.515136933792432
    lsf_right5      =  0.4395131162080756
    tem_depth       =  0.09181985029421624
    velocity        =  -12759.559503483588
    wave_intercept  =  6080.908508874697
    wave_slope      =  0.0152106989977365
2026-03-26 14:43:42,392 - root - ERROR - Evaluated LSF:
2026-03-26 14:43:42,393 - root - ERROR - [nan nan nan nan nan nan nan nan nan nan nan nan nan nan nan nan nan nan
 nan nan nan nan nan nan nan nan nan nan nan nan nan nan nan nan nan nan
 nan nan nan nan nan nan nan nan nan nan nan nan nan nan nan nan nan nan
 nan nan nan nan nan nan nan nan nan nan nan nan nan nan nan nan nan nan
 nan]
2026-03-26 14:43:42,686 - root - ERROR - NaN value detected in oversampled model function.
2026-03-26 14:43:42,688 - root - ERROR - <ParameterSet (values: 17)>
    cont_intercept  =  13673.54254771485
    cont_slope      =  9.079191466913779
    iod_depth       =  0.7758162535746754
    lsf_left_1      =  3.874960394947396
    lsf_left_2      =  -14.810655353462
    lsf_left_3      =  9.043195523254607
    lsf_left_4      =  -3.3304677540735095
    lsf_left_5      =  0.8766255842488636
    lsf_right1      =  8.068133089300627
    lsf_right2      =  -18.89403461891314
    lsf_right3      =  8.477139352617383
    lsf_right4      =  -1.7278998421923006
    lsf_right5      =  0.15569768522726835
    tem_depth       =  1.1927429609830051
    velocity        =  -2460.8845410435574
    wave_intercept  =  6095.023022169809
    wave_slope      =  0.019071816087422852
2026-03-26 14:43:42,689 - root - ERROR - Evaluated LSF:
2026-03-26 14:43:42,690 - root - ERROR - [nan nan nan nan nan nan nan nan nan nan nan nan nan nan nan nan nan nan
 nan nan nan nan nan nan nan nan nan nan nan nan nan nan nan nan nan nan
 nan nan nan nan nan nan nan nan nan nan nan nan nan nan nan nan nan nan
 nan nan nan nan nan nan nan nan nan nan nan nan nan nan nan nan nan nan
 nan]
2026-03-26 14:43:45,444 - root - ERROR - NaN value detected in oversampled model function.
2026-03-26 14:43:45,445 - root - ERROR - <ParameterSet (values: 17)>
    cont_intercept  =  21611.21725506359
    cont_slope      =  -0.9644348031695509
    iod_depth       =  0.6770303281932167
    lsf_left_1      =  2.3359759232827404
    lsf_left_2      =  -6.521819569906123
    lsf_left_3      =  6.542234802774013
    lsf_left_4      =  -3.508594864967281
    lsf_left_5      =  0.6816207203890619
    lsf_right1      =  4.291713564553975
    lsf_right2      =  -16.405661594842186
    lsf_right3      =  1.653720534373087
    lsf_right4      =  -1.2850633588695342
    lsf_right5      =  0.306559102653457
    tem_depth       =  1.0378838576829916
    velocity        =  -2439.871150948757
    wave_intercept  =  6127.2338277314175
    wave_slope      =  0.016402050386423474
2026-03-26 14:43:45,446 - root - ERROR - Evaluated LSF:
2026-03-26 14:43:45,448 - root - ERROR - [nan nan nan nan nan nan nan nan nan nan nan nan nan nan nan nan nan nan
 nan nan nan nan nan nan nan nan nan nan nan nan nan nan nan nan nan nan
 nan nan nan nan nan nan nan nan nan nan nan nan nan nan nan nan nan nan
 nan nan nan nan nan nan nan nan nan nan nan nan nan nan nan nan nan nan
 nan]
2026-03-26 14:43:46,958 - root - ERROR - NaN value detected in oversampled model function.
2026-03-26 14:43:46,960 - root - ERROR - <ParameterSet (values: 17)>
    cont_intercept  =  16641.83429835699
    cont_slope      =  -8.595637127081654
    iod_depth       =  0.6464623631690385
    lsf_left_1      =  3.354350135702079
    lsf_left_2      =  -18.774969142050736
    lsf_left_3      =  1.2413758383210547
    lsf_left_4      =  -0.4541754977940067
    lsf_left_5      =  0.15719174118896337
    lsf_right1      =  6.696821141025447
    lsf_right2      =  -18.874882065261883
    lsf_right3      =  5.544754339005412
    lsf_right4      =  -3.236226563165662
    lsf_right5      =  0.13609761607494303
    tem_depth       =  1.0635675023409379
    velocity        =  -294.9502337163444
    wave_intercept  =  6141.729613845458
    wave_slope      =  0.01619288237916939
2026-03-26 14:43:46,961 - root - ERROR - Evaluated LSF:
2026-03-26 14:43:46,962 - root - ERROR - [nan nan nan nan nan nan nan nan nan nan nan nan nan nan nan nan nan nan
 nan nan nan nan nan nan nan nan nan nan nan nan nan nan nan nan nan nan
 nan nan nan nan nan nan nan nan nan nan nan nan nan nan nan nan nan nan
 nan nan nan nan nan nan nan nan nan nan nan nan nan nan nan nan nan nan
 nan]
2026-03-26 14:43:48,566 - root - ERROR - NaN value detected in oversampled model function.
2026-03-26 14:43:48,568 - root - ERROR - <ParameterSet (values: 17)>
    cont_intercept  =  18238.65865012671
    cont_slope      =  6.938787396049813
    iod_depth       =  0.639729760117133
    lsf_left_1      =  9.092920878091387
    lsf_left_2      =  -19.351308574682395
    lsf_left_3      =  1.172218326207671
    lsf_left_4      =  -3.9263966013331117
    lsf_left_5      =  0.6354785956027358
    lsf_right1      =  2.154956801044794
    lsf_right2      =  -18.194791615267192
    lsf_right3      =  5.366864037904253
    lsf_right4      =  -3.9385639429799943
    lsf_right5      =  0.6116575473846695
    tem_depth       =  1.0661974754435328
    velocity        =  -2195.033177023079
    wave_intercept  =  6166.364860842752
    wave_slope      =  0.018456212336703255
2026-03-26 14:43:48,569 - root - ERROR - Evaluated LSF:
2026-03-26 14:43:48,570 - root - ERROR - [nan nan nan nan nan nan nan nan nan nan nan nan nan nan nan nan nan nan
 nan nan nan nan nan nan nan nan nan nan nan nan nan nan nan nan nan nan
 nan nan nan nan nan nan nan nan nan nan nan nan nan nan nan nan nan nan
 nan nan nan nan nan nan nan nan nan nan nan nan nan nan nan nan nan nan
 nan]
2026-03-26 14:43:48,588 - root - ERROR - NaN value detected in oversampled model function.
2026-03-26 14:43:48,589 - root - ERROR - <ParameterSet (values: 17)>
    cont_intercept  =  18579.14288918241
    cont_slope      =  7.134124194580824
    iod_depth       =  0.5650508174745885
    lsf_left_1      =  2.8306762189066177
    lsf_left_2      =  -19.310663219222402
    lsf_left_3      =  5.822182780558401
    lsf_left_4      =  -2.680528207606265
    lsf_left_5      =  0.13526508029076303
    lsf_right1      =  6.457453089354512
    lsf_right2      =  -17.851770343417087
    lsf_right3      =  1.6260880873743078
    lsf_right4      =  -0.6855420027829582
    lsf_right5      =  0.14417992888351933
    tem_depth       =  1.0298859174399517
    velocity        =  -2050.304662302302
    wave_intercept  =  6168.753507344849
    wave_slope      =  0.018261908825158886
2026-03-26 14:43:48,591 - root - ERROR - Evaluated LSF:
2026-03-26 14:43:48,592 - root - ERROR - [nan nan nan nan nan nan nan nan nan nan nan nan nan nan nan nan nan nan
 nan nan nan nan nan nan nan nan nan nan nan nan nan nan nan nan nan nan
 nan nan nan nan nan nan nan nan nan nan nan nan nan nan nan nan nan nan
 nan nan nan nan nan nan nan nan nan nan nan nan nan nan nan nan nan nan
 nan]
2026-03-26 14:43:48,842 - root - ERROR - NaN value detected in oversampled model function.
2026-03-26 14:43:48,844 - root - ERROR - <ParameterSet (values: 17)>
    cont_intercept  =  20913.40324292903
    cont_slope      =  2.6966571290126278
    iod_depth       =  0.7353548976529255
    lsf_left_1      =  5.157659001395967
    lsf_left_2      =  -18.996984231557754
    lsf_left_3      =  6.024735764485207
    lsf_left_4      =  -3.118428759847397
    lsf_left_5      =  0.15620951719974963
    lsf_right1      =  3.0600402660662915
    lsf_right2      =  -15.2538373624005
    lsf_right3      =  2.4475038446142614
    lsf_right4      =  -3.761570988160203
    lsf_right5      =  1.1670786045885198
    tem_depth       =  1.0684742481213194
    velocity        =  -2299.664139361897
    wave_intercept  =  6173.425719712243
    wave_slope      =  0.017990785198151955
2026-03-26 14:43:48,845 - root - ERROR - Evaluated LSF:
2026-03-26 14:43:48,846 - root - ERROR - [nan nan nan nan nan nan nan nan nan nan nan nan nan nan nan nan nan nan
 nan nan nan nan nan nan nan nan nan nan nan nan nan nan nan nan nan nan
 nan nan nan nan nan nan nan nan nan nan nan nan nan nan nan nan nan nan
 nan nan nan nan nan nan nan nan nan nan nan nan nan nan nan nan nan nan
 nan]
2026-03-26 14:43:52,187 - root - ERROR - NaN value detected in oversampled model function.
2026-03-26 14:43:52,190 - root - ERROR - <ParameterSet (values: 17)>
    cont_intercept  =  15206.857848585934
    cont_slope      =  9.384488903831473
    iod_depth       =  1.0052899132988886
    lsf_left_1      =  5.337706833814543
    lsf_left_2      =  -17.2362006316262
    lsf_left_3      =  9.0329303007533
    lsf_left_4      =  -3.587897302897741
    lsf_left_5      =  0.9575697104731391
    lsf_right1      =  4.872086268911183
    lsf_right2      =  -16.956294146523717
    lsf_right3      =  5.453771310448971
    lsf_right4      =  -0.909901654572133
    lsf_right5      =  0.19230953196399228
    tem_depth       =  0.9497205432660037
    velocity        =  -1207.0382878451653
    wave_intercept  =  6221.891556491613
    wave_slope      =  0.019069752785081006
2026-03-26 14:43:52,191 - root - ERROR - Evaluated LSF:
2026-03-26 14:43:52,192 - root - ERROR - [nan nan nan nan nan nan nan nan nan nan nan nan nan nan nan nan nan nan
 nan nan nan nan nan nan nan nan nan nan nan nan nan nan nan nan nan nan
 nan nan nan nan nan nan nan nan nan nan nan nan nan nan nan nan nan nan
 nan nan nan nan nan nan nan nan nan nan nan nan nan nan nan nan nan nan
 nan]
2026-03-26 14:43:52,458 - root - ERROR - NaN value detected in oversampled model function.
2026-03-26 14:43:52,461 - root - ERROR - <ParameterSet (values: 17)>
    cont_intercept  =  17643.691983513334
    cont_slope      =  3.4417660869964335
    iod_depth       =  0.46409005674145887
    lsf_left_1      =  2.1316236631865277
    lsf_left_2      =  -17.954262025934415
    lsf_left_3      =  7.079086017475023
    lsf_left_4      =  -3.9584875237759714
    lsf_left_5      =  0.13325270085328236
    lsf_right1      =  7.688976743767391
    lsf_right2      =  -15.844447336376613
    lsf_right3      =  10.313137546237751
    lsf_right4      =  -3.968060010094039
    lsf_right5      =  0.839650004115495
    tem_depth       =  -0.07665161591415284
    velocity        =  -10303.990796346825
    wave_intercept  =  6226.835165515635
    wave_slope      =  0.018861175742126805
2026-03-26 14:43:52,462 - root - ERROR - Evaluated LSF:
2026-03-26 14:43:52,463 - root - ERROR - [nan nan nan nan nan nan nan nan nan nan nan nan nan nan nan nan nan nan
 nan nan nan nan nan nan nan nan nan nan nan nan nan nan nan nan nan nan
 nan nan nan nan nan nan nan nan nan nan nan nan nan nan nan nan nan nan
 nan nan nan nan nan nan nan nan nan nan nan nan nan nan nan nan nan nan
 nan]
2026-03-26 14:43:52,762 - root - ERROR - NaN value detected in oversampled model function.
2026-03-26 14:43:52,763 - root - ERROR - <ParameterSet (values: 17)>
    cont_intercept  =  19570.82618042078
    cont_slope      =  1.9061685732951408
    iod_depth       =  0.6549778754869937
    lsf_left_1      =  2.4517458020269016
    lsf_left_2      =  -15.714298329267404
    lsf_left_3      =  4.372435728836175
    lsf_left_4      =  -2.7408364484922734
    lsf_left_5      =  0.21385288143380324
    lsf_right1      =  8.22487458056844
    lsf_right2      =  -18.264258692220846
    lsf_right3      =  1.7895786497902249
    lsf_right4      =  -3.5548988263035386
    lsf_right5      =  0.13314628392933606
    tem_depth       =  1.0179963984202363
    velocity        =  -2316.3858798653932
    wave_intercept  =  6234.07553849676
    wave_slope      =  0.018236558353094637
2026-03-26 14:43:52,765 - root - ERROR - Evaluated LSF:
2026-03-26 14:43:52,766 - root - ERROR - [nan nan nan nan nan nan nan nan nan nan nan nan nan nan nan nan nan nan
 nan nan nan nan nan nan nan nan nan nan nan nan nan nan nan nan nan nan
 nan nan nan nan nan nan nan nan nan nan nan nan nan nan nan nan nan nan
 nan nan nan nan nan nan nan nan nan nan nan nan nan nan nan nan nan nan
 nan]
2026-03-26 14:43:53,301 - root - ERROR - Chunk 537: No Data! Returning LmfitResult with None.
2026-03-26 14:43:54,369 - root - ERROR - Chunk 544: No Data! Returning LmfitResult with None.
2026-03-26 14:43:54,977 - root - ERROR - NaN value detected in oversampled model function.
2026-03-26 14:43:54,979 - root - ERROR - <ParameterSet (values: 17)>
    cont_intercept  =  16049.671029911498
    cont_slope      =  -5.592840538100987
    iod_depth       =  2.395196705296472
    lsf_left_1      =  5.829151177167644
    lsf_left_2      =  -13.97028107741172
    lsf_left_3      =  1.4648270713194833
    lsf_left_4      =  -3.9682776139064093
    lsf_left_5      =  0.321763256703866
    lsf_right1      =  2.412540714696012
    lsf_right2      =  -7.19273867769979
    lsf_right3      =  3.1458804161695104
    lsf_right4      =  -3.856354591845791
    lsf_right5      =  0.33786236920415325
    tem_depth       =  0.11641983119261115
    velocity        =  -6779.424041536632
    wave_intercept  =  6269.080822068888
    wave_slope      =  0.016005659331756364
2026-03-26 14:43:54,980 - root - ERROR - Evaluated LSF:
2026-03-26 14:43:54,981 - root - ERROR - [nan nan nan nan nan nan nan nan nan nan nan nan nan nan nan nan nan nan
 nan nan nan nan nan nan nan nan nan nan nan nan nan nan nan nan nan nan
 nan nan nan nan nan nan nan nan nan nan nan nan nan nan nan nan nan nan
 nan nan nan nan nan nan nan nan nan nan nan nan nan nan nan nan nan nan
 nan]
2026-03-26 14:43:56,990 - root - ERROR - NaN value detected in oversampled model function.
2026-03-26 14:43:56,993 - root - ERROR - <ParameterSet (values: 17)>
    cont_intercept  =  21503.89309932595
    cont_slope      =  -5.727981162424523
    iod_depth       =  0.8832463349105234
    lsf_left_1      =  2.1380414392302347
    lsf_left_2      =  -4.703677883269586
    lsf_left_3      =  1.2680970894150012
    lsf_left_4      =  -3.641965590383205
    lsf_left_5      =  0.42804046770004256
    lsf_right1      =  4.162605808720899
    lsf_right2      =  -17.907990091797657
    lsf_right3      =  1.5928873978232807
    lsf_right4      =  -1.3631511024472025
    lsf_right5      =  0.6388262360926822
    tem_depth       =  -0.15301851896918423
    velocity        =  -12816.321957272516
    wave_intercept  =  6305.3946760958925
    wave_slope      =  0.017920460359752248
2026-03-26 14:43:56,994 - root - ERROR - Evaluated LSF:
2026-03-26 14:43:56,996 - root - ERROR - [nan nan nan nan nan nan nan nan nan nan nan nan nan nan nan nan nan nan
 nan nan nan nan nan nan nan nan nan nan nan nan nan nan nan nan nan nan
 nan nan nan nan nan nan nan nan nan nan nan nan nan nan nan nan nan nan
 nan nan nan nan nan nan nan nan nan nan nan nan nan nan nan nan nan nan
 nan]
2026-03-26 14:43:58,272 - root - ERROR - Chunk 569: No Data! Returning LmfitResult with None.
2026-03-26 14:43:58,273 - root - ERROR - Chunk 570: No Data! Returning LmfitResult with None.
2026-03-26 14:43:58,327 - root - ERROR - NaN value detected in oversampled model function.
2026-03-26 14:43:58,329 - root - ERROR - <ParameterSet (values: 17)>
    cont_intercept  =  18317.906906472315
    cont_slope      =  -4.210876517774201
    iod_depth       =  0.18874740357447234
    lsf_left_1      =  2.8527389606619025
    lsf_left_2      =  -6.343669667455172
    lsf_left_3      =  1.1598019266583066
    lsf_left_4      =  -3.1566257465834937
    lsf_left_5      =  0.20993586497845035
    lsf_right1      =  2.131633883686817
    lsf_right2      =  -19.101809033039025
    lsf_right3      =  1.1480740773180615
    lsf_right4      =  -2.8793970070360375
    lsf_right5      =  1.113418038131225
    tem_depth       =  1.0624653844361354
    velocity        =  -3197.9482776890613
    wave_intercept  =  6327.498864519902
    wave_slope      =  0.015640001422827537
2026-03-26 14:43:58,330 - root - ERROR - Evaluated LSF:
2026-03-26 14:43:58,331 - root - ERROR - [nan nan nan nan nan nan nan nan nan nan nan nan nan nan nan nan nan nan
 nan nan nan nan nan nan nan nan nan nan nan nan nan nan nan nan nan nan
 nan nan nan nan nan nan nan nan nan nan nan nan nan nan nan nan nan nan
 nan nan nan nan nan nan nan nan nan nan nan nan nan nan nan nan nan nan
 nan]
