2026-03-26 14:30:45,762 - root - ERROR - Chunk 29: No Data! Returning LmfitResult with None.
2026-03-26 14:30:45,776 - root - ERROR - NaN value detected in oversampled model function.
2026-03-26 14:30:45,777 - root - ERROR - <ParameterSet (values: 17)>
    cont_intercept  =  6256.666640699327
    cont_slope      =  3.252561779486611
    iod_depth       =  0.7637366969777677
    lsf_left_1      =  2.6193483866927876
    lsf_left_2      =  -18.781509925127242
    lsf_left_3      =  4.155197171402597
    lsf_left_4      =  -0.9177505207517975
    lsf_left_5      =  0.1454614354281234
    lsf_right1      =  2.25648232015532
    lsf_right2      =  -18.886951124607553
    lsf_right3      =  2.9784757176595096
    lsf_right4      =  -3.9572696860789205
    lsf_right5      =  1.0895633903554085
    tem_depth       =  0.9361705595211134
    velocity        =  -1707.0568040629562
    wave_intercept  =  5171.44295197896
    wave_slope      =  0.015642261864010965
2026-03-26 14:30:45,779 - root - ERROR - Evaluated LSF:
2026-03-26 14:30:45,780 - root - ERROR - [nan nan nan nan nan nan nan nan nan nan nan nan nan nan nan nan nan nan
 nan nan nan nan nan nan nan nan nan nan nan nan nan nan nan nan nan nan
 nan nan nan nan nan nan nan nan nan nan nan nan nan nan nan nan nan nan
 nan nan nan nan nan nan nan nan nan nan nan nan nan nan nan nan nan nan
 nan]
2026-03-26 14:30:50,759 - root - ERROR - Chunk 63: No Data! Returning LmfitResult with None.
2026-03-26 14:30:53,443 - root - ERROR - NaN value detected in oversampled model function.
2026-03-26 14:30:53,445 - root - ERROR - <ParameterSet (values: 17)>
    cont_intercept  =  9380.74987841252
    cont_slope      =  4.377010625737474
    iod_depth       =  0.8470365148307584
    lsf_left_1      =  6.936127798854304
    lsf_left_2      =  -12.671266468454215
    lsf_left_3      =  6.79693828081367
    lsf_left_4      =  -2.535087433307032
    lsf_left_5      =  0.25472443848262166
    lsf_right1      =  2.6377190801557644
    lsf_right2      =  -18.426693000537465
    lsf_right3      =  3.000668274284168
    lsf_right4      =  -3.774096484806655
    lsf_right5      =  1.1668274105284246
    tem_depth       =  0.9907712991375744
    velocity        =  -1088.4454445167423
    wave_intercept  =  5262.685204224735
    wave_slope      =  0.01577119108617091
2026-03-26 14:30:53,446 - root - ERROR - Evaluated LSF:
2026-03-26 14:30:53,447 - root - ERROR - [nan nan nan nan nan nan nan nan nan nan nan nan nan nan nan nan nan nan
 nan nan nan nan nan nan nan nan nan nan nan nan nan nan nan nan nan nan
 nan nan nan nan nan nan nan nan nan nan nan nan nan nan nan nan nan nan
 nan nan nan nan nan nan nan nan nan nan nan nan nan nan nan nan nan nan
 nan]
2026-03-26 14:30:53,785 - root - ERROR - NaN value detected in oversampled model function.
2026-03-26 14:30:53,787 - root - ERROR - <ParameterSet (values: 17)>
    cont_intercept  =  9145.165917818698
    cont_slope      =  -0.18383678325368535
    iod_depth       =  0.7767549455204754
    lsf_left_1      =  8.846299546732762
    lsf_left_2      =  -15.817176623723904
    lsf_left_3      =  1.3252605456875162
    lsf_left_4      =  -3.5520121742004136
    lsf_left_5      =  1.1919757524802685
    lsf_right1      =  2.4223912623574497
    lsf_right2      =  -18.534919382330084
    lsf_right3      =  4.033216034841005
    lsf_right4      =  -3.7540773116054424
    lsf_right5      =  0.38990492039394564
    tem_depth       =  1.0064204777048622
    velocity        =  -1416.0259152911603
    wave_intercept  =  5270.693742204962
    wave_slope      =  0.015126785423579195
2026-03-26 14:30:53,788 - root - ERROR - Evaluated LSF:
2026-03-26 14:30:53,789 - root - ERROR - [nan nan nan nan nan nan nan nan nan nan nan nan nan nan nan nan nan nan
 nan nan nan nan nan nan nan nan nan nan nan nan nan nan nan nan nan nan
 nan nan nan nan nan nan nan nan nan nan nan nan nan nan nan nan nan nan
 nan nan nan nan nan nan nan nan nan nan nan nan nan nan nan nan nan nan
 nan]
2026-03-26 14:30:55,205 - root - ERROR - NaN value detected in oversampled model function.
2026-03-26 14:30:55,207 - root - ERROR - <ParameterSet (values: 17)>
    cont_intercept  =  12208.932072837062
    cont_slope      =  -4.34884945085467
    iod_depth       =  0.8164195995943611
    lsf_left_1      =  2.404763834336623
    lsf_left_2      =  -19.272438725406374
    lsf_left_3      =  10.312729992420174
    lsf_left_4      =  -2.618791117882835
    lsf_left_5      =  0.4261728307334829
    lsf_right1      =  5.017503374997908
    lsf_right2      =  -17.414004514930063
    lsf_right3      =  1.458206604758624
    lsf_right4      =  -3.961515669428617
    lsf_right5      =  0.48073140892981087
    tem_depth       =  1.0525984988861847
    velocity        =  -831.8764811049795
    wave_intercept  =  5291.158947494504
    wave_slope      =  0.013512578301688817
2026-03-26 14:30:55,208 - root - ERROR - Evaluated LSF:
2026-03-26 14:30:55,209 - root - ERROR - [nan nan nan nan nan nan nan nan nan nan nan nan nan nan nan nan nan nan
 nan nan nan nan nan nan nan nan nan nan nan nan nan nan nan nan nan nan
 nan nan nan nan nan nan nan nan nan nan nan nan nan nan nan nan nan nan
 nan nan nan nan nan nan nan nan nan nan nan nan nan nan nan nan nan nan
 nan]
2026-03-26 14:30:55,478 - root - ERROR - NaN value detected in oversampled model function.
2026-03-26 14:30:55,480 - root - ERROR - <ParameterSet (values: 17)>
    cont_intercept  =  10628.735209778883
    cont_slope      =  1.0011359375094582
    iod_depth       =  0.5875413044261779
    lsf_left_1      =  3.9872457810615494
    lsf_left_2      =  -12.869198895092616
    lsf_left_3      =  6.809115863887016
    lsf_left_4      =  -1.766696181881823
    lsf_left_5      =  0.13698603277249216
    lsf_right1      =  5.035171745751754
    lsf_right2      =  -11.146358431569638
    lsf_right3      =  5.324186697448966
    lsf_right4      =  -3.3675244297072267
    lsf_right5      =  0.3692987861497347
    tem_depth       =  1.0006008254567704
    velocity        =  -2103.429730428995
    wave_intercept  =  5296.348566795853
    wave_slope      =  0.01300911839882147
2026-03-26 14:30:55,481 - root - ERROR - Evaluated LSF:
2026-03-26 14:30:55,482 - root - ERROR - [nan nan nan nan nan nan nan nan nan nan nan nan nan nan nan nan nan nan
 nan nan nan nan nan nan nan nan nan nan nan nan nan nan nan nan nan nan
 nan nan nan nan nan nan nan nan nan nan nan nan nan nan nan nan nan nan
 nan nan nan nan nan nan nan nan nan nan nan nan nan nan nan nan nan nan
 nan]
2026-03-26 14:30:56,226 - root - ERROR - NaN value detected in oversampled model function.
2026-03-26 14:30:56,229 - root - ERROR - <ParameterSet (values: 17)>
    cont_intercept  =  11206.671148448046
    cont_slope      =  7.433965958122486
    iod_depth       =  0.8411092660400606
    lsf_left_1      =  3.2976553851416677
    lsf_left_2      =  -7.375309019325105
    lsf_left_3      =  1.156307854426019
    lsf_left_4      =  -0.4782675687635547
    lsf_left_5      =  0.26750144502034695
    lsf_right1      =  4.067690296806253
    lsf_right2      =  -17.436063016028154
    lsf_right3      =  3.8712460923927874
    lsf_right4      =  -0.6199248978140566
    lsf_right5      =  0.14743119306942043
    tem_depth       =  0.851130551750612
    velocity        =  -1544.5254317216707
    wave_intercept  =  5306.374928166455
    wave_slope      =  0.01602698410323198
2026-03-26 14:30:56,230 - root - ERROR - Evaluated LSF:
2026-03-26 14:30:56,231 - root - ERROR - [nan nan nan nan nan nan nan nan nan nan nan nan nan nan nan nan nan nan
 nan nan nan nan nan nan nan nan nan nan nan nan nan nan nan nan nan nan
 nan nan nan nan nan nan nan nan nan nan nan nan nan nan nan nan nan nan
 nan nan nan nan nan nan nan nan nan nan nan nan nan nan nan nan nan nan
 nan]
2026-03-26 14:30:58,233 - root - ERROR - NaN value detected in oversampled model function.
2026-03-26 14:30:58,235 - root - ERROR - <ParameterSet (values: 17)>
    cont_intercept  =  14493.831995858634
    cont_slope      =  -1.925089634512489
    iod_depth       =  0.8136369754510282
    lsf_left_1      =  2.9644189788824824
    lsf_left_2      =  -15.439023975525007
    lsf_left_3      =  2.0486523141013597
    lsf_left_4      =  -3.7075385625275192
    lsf_left_5      =  1.0756482367181053
    lsf_right1      =  6.850701430465786
    lsf_right2      =  -19.33113153966378
    lsf_right3      =  1.357879840496585
    lsf_right4      =  -0.666621060895773
    lsf_right5      =  0.7336056003773979
    tem_depth       =  0.9763745829748917
    velocity        =  -1305.2011236004746
    wave_intercept  =  5333.586836623248
    wave_slope      =  0.013923828263057587
2026-03-26 14:30:58,237 - root - ERROR - Evaluated LSF:
2026-03-26 14:30:58,238 - root - ERROR - [nan nan nan nan nan nan nan nan nan nan nan nan nan nan nan nan nan nan
 nan nan nan nan nan nan nan nan nan nan nan nan nan nan nan nan nan nan
 nan nan nan nan nan nan nan nan nan nan nan nan nan nan nan nan nan nan
 nan nan nan nan nan nan nan nan nan nan nan nan nan nan nan nan nan nan
 nan]
2026-03-26 14:31:06,190 - root - ERROR - NaN value detected in oversampled model function.
2026-03-26 14:31:06,193 - root - ERROR - <ParameterSet (values: 17)>
    cont_intercept  =  14608.179731530321
    cont_slope      =  -4.492124144234588
    iod_depth       =  0.8561598894078144
    lsf_left_1      =  4.440336972611105
    lsf_left_2      =  -18.891319912786408
    lsf_left_3      =  10.308668803266386
    lsf_left_4      =  -3.2462330522399885
    lsf_left_5      =  0.7241461338370011
    lsf_right1      =  2.1906114658156124
    lsf_right2      =  -12.73574858633855
    lsf_right3      =  8.863786969761415
    lsf_right4      =  -3.115726604984284
    lsf_right5      =  0.1508724513451477
    tem_depth       =  0.9133246156058569
    velocity        =  -1404.77432452608
    wave_intercept  =  5431.624302545173
    wave_slope      =  0.013886724059768233
2026-03-26 14:31:06,194 - root - ERROR - Evaluated LSF:
2026-03-26 14:31:06,196 - root - ERROR - [nan nan nan nan nan nan nan nan nan nan nan nan nan nan nan nan nan nan
 nan nan nan nan nan nan nan nan nan nan nan nan nan nan nan nan nan nan
 nan nan nan nan nan nan nan nan nan nan nan nan nan nan nan nan nan nan
 nan nan nan nan nan nan nan nan nan nan nan nan nan nan nan nan nan nan
 nan]
2026-03-26 14:31:07,332 - root - ERROR - NaN value detected in oversampled model function.
2026-03-26 14:31:07,333 - root - ERROR - <ParameterSet (values: 17)>
    cont_intercept  =  10816.812473442242
    cont_slope      =  4.567191524344871
    iod_depth       =  0.8686274949703858
    lsf_left_1      =  8.676325937525377
    lsf_left_2      =  -18.821181563651407
    lsf_left_3      =  9.906451891978175
    lsf_left_4      =  -3.9674515873896814
    lsf_left_5      =  0.32389181684454993
    lsf_right1      =  4.115240965032472
    lsf_right2      =  -18.718123293685114
    lsf_right3      =  3.7920738823310027
    lsf_right4      =  -1.6056293800651584
    lsf_right5      =  0.3415790004968622
    tem_depth       =  1.024051973724654
    velocity        =  -1273.1149734937912
    wave_intercept  =  5448.494849012707
    wave_slope      =  0.016473988912734737
2026-03-26 14:31:07,335 - root - ERROR - Evaluated LSF:
2026-03-26 14:31:07,336 - root - ERROR - [nan nan nan nan nan nan nan nan nan nan nan nan nan nan nan nan nan nan
 nan nan nan nan nan nan nan nan nan nan nan nan nan nan nan nan nan nan
 nan nan nan nan nan nan nan nan nan nan nan nan nan nan nan nan nan nan
 nan nan nan nan nan nan nan nan nan nan nan nan nan nan nan nan nan nan
 nan]
2026-03-26 14:31:08,559 - root - ERROR - Chunk 190: No Data! Returning LmfitResult with None.
2026-03-26 14:31:09,521 - root - ERROR - NaN value detected in oversampled model function.
2026-03-26 14:31:09,523 - root - ERROR - <ParameterSet (values: 17)>
    cont_intercept  =  15535.33798658121
    cont_slope      =  -4.463074487988836
    iod_depth       =  0.8786305050279406
    lsf_left_1      =  9.88404347751861
    lsf_left_2      =  -18.805924922719168
    lsf_left_3      =  2.320051145212159
    lsf_left_4      =  -1.3745240437219848
    lsf_left_5      =  0.8580696665858591
    lsf_right1      =  5.825979898717227
    lsf_right2      =  -17.655494267684293
    lsf_right3      =  2.241404828269548
    lsf_right4      =  -3.645702538609677
    lsf_right5      =  1.14601303829363
    tem_depth       =  0.6773624120205634
    velocity        =  -1708.6437709952281
    wave_intercept  =  5480.120681911053
    wave_slope      =  0.014006478096703889
2026-03-26 14:31:09,524 - root - ERROR - Evaluated LSF:
2026-03-26 14:31:09,525 - root - ERROR - [nan nan nan nan nan nan nan nan nan nan nan nan nan nan nan nan nan nan
 nan nan nan nan nan nan nan nan nan nan nan nan nan nan nan nan nan nan
 nan nan nan nan nan nan nan nan nan nan nan nan nan nan nan nan nan nan
 nan nan nan nan nan nan nan nan nan nan nan nan nan nan nan nan nan nan
 nan]
2026-03-26 14:31:11,826 - root - ERROR - NaN value detected in oversampled model function.
2026-03-26 14:31:11,828 - root - ERROR - <ParameterSet (values: 17)>
    cont_intercept  =  16469.72769730858
    cont_slope      =  5.291323857002123
    iod_depth       =  0.8068112973966879
    lsf_left_1      =  4.0713284947144235
    lsf_left_2      =  -11.594578161985812
    lsf_left_3      =  8.612118742984173
    lsf_left_4      =  -3.944706701239652
    lsf_left_5      =  0.9668583815556596
    lsf_right1      =  7.23391404093741
    lsf_right2      =  -17.747784587520044
    lsf_right3      =  3.782432713897937
    lsf_right4      =  -2.6166306626399454
    lsf_right5      =  0.6441613807217202
    tem_depth       =  1.0201554340765964
    velocity        =  -1304.8733633480513
    wave_intercept  =  5514.186178068076
    wave_slope      =  0.01536611147260028
2026-03-26 14:31:11,830 - root - ERROR - Evaluated LSF:
2026-03-26 14:31:11,831 - root - ERROR - [nan nan nan nan nan nan nan nan nan nan nan nan nan nan nan nan nan nan
 nan nan nan nan nan nan nan nan nan nan nan nan nan nan nan nan nan nan
 nan nan nan nan nan nan nan nan nan nan nan nan nan nan nan nan nan nan
 nan nan nan nan nan nan nan nan nan nan nan nan nan nan nan nan nan nan
 nan]
2026-03-26 14:31:11,837 - root - ERROR - Chunk 214: No Data! Returning LmfitResult with None.
2026-03-26 14:31:13,559 - root - ERROR - NaN value detected in oversampled model function.
2026-03-26 14:31:13,560 - root - ERROR - <ParameterSet (values: 17)>
    cont_intercept  =  10566.584523230116
    cont_slope      =  7.845411332755198
    iod_depth       =  0.8024882260506776
    lsf_left_1      =  2.2307922154999313
    lsf_left_2      =  -16.42455013735218
    lsf_left_3      =  1.158060011733203
    lsf_left_4      =  -3.643306536063728
    lsf_left_5      =  0.13988007223077953
    lsf_right1      =  2.32684414204061
    lsf_right2      =  -3.5806037014203156
    lsf_right3      =  1.3307142726772039
    lsf_right4      =  -3.9423649122837645
    lsf_right5      =  0.7717046006665974
    tem_depth       =  1.1080228126193536
    velocity        =  -1800.632352751366
    wave_intercept  =  5543.15765646784
    wave_slope      =  0.017117960509309915
2026-03-26 14:31:13,562 - root - ERROR - Evaluated LSF:
2026-03-26 14:31:13,563 - root - ERROR - [nan nan nan nan nan nan nan nan nan nan nan nan nan nan nan nan nan nan
 nan nan nan nan nan nan nan nan nan nan nan nan nan nan nan nan nan nan
 nan nan nan nan nan nan nan nan nan nan nan nan nan nan nan nan nan nan
 nan nan nan nan nan nan nan nan nan nan nan nan nan nan nan nan nan nan
 nan]
2026-03-26 14:31:13,912 - root - ERROR - NaN value detected in oversampled model function.
2026-03-26 14:31:13,914 - root - ERROR - <ParameterSet (values: 17)>
    cont_intercept  =  16162.788572562922
    cont_slope      =  5.075212130579803
    iod_depth       =  0.9385190583104892
    lsf_left_1      =  5.924783552863516
    lsf_left_2      =  -19.298591888564246
    lsf_left_3      =  1.7172980643169962
    lsf_left_4      =  -2.7039867698421958
    lsf_left_5      =  1.1342960088084593
    lsf_right1      =  2.149556621885693
    lsf_right2      =  -19.290049890463045
    lsf_right3      =  1.2312849568079978
    lsf_right4      =  -2.702936256831292
    lsf_right5      =  0.20701822737941403
    tem_depth       =  1.042386075488093
    velocity        =  -582.0207499111731
    wave_intercept  =  5554.003921973907
    wave_slope      =  0.016265399365574626
2026-03-26 14:31:13,915 - root - ERROR - Evaluated LSF:
2026-03-26 14:31:13,916 - root - ERROR - [nan nan nan nan nan nan nan nan nan nan nan nan nan nan nan nan nan nan
 nan nan nan nan nan nan nan nan nan nan nan nan nan nan nan nan nan nan
 nan nan nan nan nan nan nan nan nan nan nan nan nan nan nan nan nan nan
 nan nan nan nan nan nan nan nan nan nan nan nan nan nan nan nan nan nan
 nan]
2026-03-26 14:31:14,672 - root - ERROR - NaN value detected in oversampled model function.
2026-03-26 14:31:14,673 - root - ERROR - <ParameterSet (values: 17)>
    cont_intercept  =  17754.788276190575
    cont_slope      =  1.5597339250291284
    iod_depth       =  0.9503305800441916
    lsf_left_1      =  2.150462921486293
    lsf_left_2      =  -19.27809445014316
    lsf_left_3      =  1.1943186737047375
    lsf_left_4      =  -2.37307115116946
    lsf_left_5      =  0.6628258141962543
    lsf_right1      =  9.998629172270663
    lsf_right2      =  -18.392867103205628
    lsf_right3      =  1.2637453711643323
    lsf_right4      =  -0.6068253801542465
    lsf_right5      =  0.13316409357366976
    tem_depth       =  0.9533341652405791
    velocity        =  -1436.3498882203075
    wave_intercept  =  5564.330427483798
    wave_slope      =  0.015455627539512127
2026-03-26 14:31:14,675 - root - ERROR - Evaluated LSF:
2026-03-26 14:31:14,676 - root - ERROR - [nan nan nan nan nan nan nan nan nan nan nan nan nan nan nan nan nan nan
 nan nan nan nan nan nan nan nan nan nan nan nan nan nan nan nan nan nan
 nan nan nan nan nan nan nan nan nan nan nan nan nan nan nan nan nan nan
 nan nan nan nan nan nan nan nan nan nan nan nan nan nan nan nan nan nan
 nan]
2026-03-26 14:31:20,740 - root - ERROR - NaN value detected in oversampled model function.
2026-03-26 14:31:20,742 - root - ERROR - <ParameterSet (values: 17)>
    cont_intercept  =  12583.59821359356
    cont_slope      =  8.367535851380087
    iod_depth       =  0.7144039488747014
    lsf_left_1      =  4.398200105780786
    lsf_left_2      =  -7.609532693502086
    lsf_left_3      =  2.277000273911556
    lsf_left_4      =  -0.9503417601595419
    lsf_left_5      =  0.16074018133210008
    lsf_right1      =  2.8858376360941294
    lsf_right2      =  -18.00145413040322
    lsf_right3      =  7.3812181283328275
    lsf_right4      =  -1.7200024494773016
    lsf_right5      =  0.18547715439393195
    tem_depth       =  -0.29441328871020833
    velocity        =  -8708.313417769501
    wave_intercept  =  5648.06302310097
    wave_slope      =  0.017335661805522304
2026-03-26 14:31:20,745 - root - ERROR - Evaluated LSF:
2026-03-26 14:31:20,748 - root - ERROR - [nan nan nan nan nan nan nan nan nan nan nan nan nan nan nan nan nan nan
 nan nan nan nan nan nan nan nan nan nan nan nan nan nan nan nan nan nan
 nan nan nan nan nan nan nan nan nan nan nan nan nan nan nan nan nan nan
 nan nan nan nan nan nan nan nan nan nan nan nan nan nan nan nan nan nan
 nan]
2026-03-26 14:31:22,385 - root - ERROR - NaN value detected in oversampled model function.
2026-03-26 14:31:22,387 - root - ERROR - <ParameterSet (values: 17)>
    cont_intercept  =  20963.96042665474
    cont_slope      =  -8.53078845117905
    iod_depth       =  0.8866032429997287
    lsf_left_1      =  7.248620166179264
    lsf_left_2      =  -15.174744515398727
    lsf_left_3      =  3.232964023799465
    lsf_left_4      =  -0.6650424491302362
    lsf_left_5      =  0.13462009398926583
    lsf_right1      =  2.3242335520174464
    lsf_right2      =  -8.687010607379607
    lsf_right3      =  2.5621193394523094
    lsf_right4      =  -2.557325515372736
    lsf_right5      =  0.45708680717413286
    tem_depth       =  -0.2816495969574038
    velocity        =  -16733.107437021732
    wave_intercept  =  5669.38932004305
    wave_slope      =  0.015579583322159694
2026-03-26 14:31:22,389 - root - ERROR - Evaluated LSF:
2026-03-26 14:31:22,390 - root - ERROR - [nan nan nan nan nan nan nan nan nan nan nan nan nan nan nan nan nan nan
 nan nan nan nan nan nan nan nan nan nan nan nan nan nan nan nan nan nan
 nan nan nan nan nan nan nan nan nan nan nan nan nan nan nan nan nan nan
 nan nan nan nan nan nan nan nan nan nan nan nan nan nan nan nan nan nan
 nan]
2026-03-26 14:31:23,348 - root - ERROR - Chunk 296: No Data! Returning LmfitResult with None.
2026-03-26 14:31:23,365 - root - ERROR - NaN value detected in oversampled model function.
2026-03-26 14:31:23,367 - root - ERROR - <ParameterSet (values: 17)>
    cont_intercept  =  14357.180417295973
    cont_slope      =  -6.204433970837832
    iod_depth       =  0.7897960843209673
    lsf_left_1      =  5.988094129623084
    lsf_left_2      =  -19.213747916319495
    lsf_left_3      =  4.5167731567718095
    lsf_left_4      =  -3.446066514773653
    lsf_left_5      =  0.42740885261014216
    lsf_right1      =  2.6804837968050865
    lsf_right2      =  -13.60040523860647
    lsf_right3      =  5.697411609109319
    lsf_right4      =  -1.9158948705769014
    lsf_right5      =  0.42792186170341984
    tem_depth       =  1.069150582204119
    velocity        =  -979.5867792065837
    wave_intercept  =  5684.956715627743
    wave_slope      =  0.014417615530412476
2026-03-26 14:31:23,369 - root - ERROR - Evaluated LSF:
2026-03-26 14:31:23,370 - root - ERROR - [nan nan nan nan nan nan nan nan nan nan nan nan nan nan nan nan nan nan
 nan nan nan nan nan nan nan nan nan nan nan nan nan nan nan nan nan nan
 nan nan nan nan nan nan nan nan nan nan nan nan nan nan nan nan nan nan
 nan nan nan nan nan nan nan nan nan nan nan nan nan nan nan nan nan nan
 nan]
2026-03-26 14:31:23,858 - root - ERROR - NaN value detected in oversampled model function.
2026-03-26 14:31:23,859 - root - ERROR - <ParameterSet (values: 17)>
    cont_intercept  =  10744.350436946794
    cont_slope      =  18.142930485163713
    iod_depth       =  0.7310365574341395
    lsf_left_1      =  2.137105761247745
    lsf_left_2      =  -18.400364763012796
    lsf_left_3      =  6.444807515423643
    lsf_left_4      =  -3.3608065022600258
    lsf_left_5      =  0.25966215374272555
    lsf_right1      =  2.218130924014154
    lsf_right2      =  -4.562347612304217
    lsf_right3      =  1.8584896315688761
    lsf_right4      =  -3.3687373722415965
    lsf_right5      =  1.1659934136251398
    tem_depth       =  -0.19476768417259716
    velocity        =  -7846.384013780481
    wave_intercept  =  5696.276485145539
    wave_slope      =  0.017705522615192593
2026-03-26 14:31:23,860 - root - ERROR - Evaluated LSF:
2026-03-26 14:31:23,861 - root - ERROR - [nan nan nan nan nan nan nan nan nan nan nan nan nan nan nan nan nan nan
 nan nan nan nan nan nan nan nan nan nan nan nan nan nan nan nan nan nan
 nan nan nan nan nan nan nan nan nan nan nan nan nan nan nan nan nan nan
 nan nan nan nan nan nan nan nan nan nan nan nan nan nan nan nan nan nan
 nan]
2026-03-26 14:31:32,082 - root - ERROR - Chunk 357: No Data! Returning LmfitResult with None.
2026-03-26 14:31:33,070 - root - ERROR - Chunk 366: No Data! Returning LmfitResult with None.
2026-03-26 14:31:39,114 - root - ERROR - NaN value detected in oversampled model function.
2026-03-26 14:31:39,117 - root - ERROR - <ParameterSet (values: 17)>
    cont_intercept  =  12977.961899485736
    cont_slope      =  8.734498862984843
    iod_depth       =  0.6907014961397515
    lsf_left_1      =  10.178109858319585
    lsf_left_2      =  -18.756793379486144
    lsf_left_3      =  9.718037205279586
    lsf_left_4      =  -3.5159716529644127
    lsf_left_5      =  0.4169208693497741
    lsf_right1      =  2.35624286895876
    lsf_right2      =  -17.85242628972541
    lsf_right3      =  2.5056121215658305
    lsf_right4      =  -2.876445495142962
    lsf_right5      =  0.5520831959925034
    tem_depth       =  1.0396829876232616
    velocity        =  -1157.41794530085
    wave_intercept  =  5917.495662227192
    wave_slope      =  0.01840880411686945
2026-03-26 14:31:39,118 - root - ERROR - Evaluated LSF:
2026-03-26 14:31:39,119 - root - ERROR - [nan nan nan nan nan nan nan nan nan nan nan nan nan nan nan nan nan nan
 nan nan nan nan nan nan nan nan nan nan nan nan nan nan nan nan nan nan
 nan nan nan nan nan nan nan nan nan nan nan nan nan nan nan nan nan nan
 nan nan nan nan nan nan nan nan nan nan nan nan nan nan nan nan nan nan
 nan]
2026-03-26 14:31:40,769 - root - ERROR - NaN value detected in oversampled model function.
2026-03-26 14:31:40,771 - root - ERROR - <ParameterSet (values: 17)>
    cont_intercept  =  24473.6136900736
    cont_slope      =  -0.3890395107066893
    iod_depth       =  0.8717151984762745
    lsf_left_1      =  3.8243356959514125
    lsf_left_2      =  -16.60275724721924
    lsf_left_3      =  3.442966352908335
    lsf_left_4      =  -1.3987700422901295
    lsf_left_5      =  0.43437912543277907
    lsf_right1      =  4.216027528922689
    lsf_right2      =  -15.04997549685553
    lsf_right3      =  6.11918171393582
    lsf_right4      =  -2.059435505153904
    lsf_right5      =  0.31687538067798626
    tem_depth       =  1.3774873161796957
    velocity        =  -1287.6360189857137
    wave_intercept  =  5946.7122737592235
    wave_slope      =  0.016196603342570327
2026-03-26 14:31:40,772 - root - ERROR - Evaluated LSF:
2026-03-26 14:31:40,773 - root - ERROR - [nan nan nan nan nan nan nan nan nan nan nan nan nan nan nan nan nan nan
 nan nan nan nan nan nan nan nan nan nan nan nan nan nan nan nan nan nan
 nan nan nan nan nan nan nan nan nan nan nan nan nan nan nan nan nan nan
 nan nan nan nan nan nan nan nan nan nan nan nan nan nan nan nan nan nan
 nan]
2026-03-26 14:31:49,764 - root - ERROR - Chunk 470: No Data! Returning LmfitResult with None.
2026-03-26 14:31:56,019 - root - ERROR - NaN value detected in oversampled model function.
2026-03-26 14:31:56,020 - root - ERROR - <ParameterSet (values: 17)>
    cont_intercept  =  22895.632949079038
    cont_slope      =  3.9847114662354675
    iod_depth       =  0.2525068424424384
    lsf_left_1      =  5.858282347268963
    lsf_left_2      =  -16.1476880822446
    lsf_left_3      =  1.1581164207914791
    lsf_left_4      =  -3.959625853602855
    lsf_left_5      =  0.23233047000908774
    lsf_right1      =  8.041178596390775
    lsf_right2      =  -17.846121519120146
    lsf_right3      =  9.400369825266626
    lsf_right4      =  -3.012161384086475
    lsf_right5      =  0.5975316821917339
    tem_depth       =  1.0552947133799215
    velocity        =  -2105.1327888850856
    wave_intercept  =  6173.441380888086
    wave_slope      =  0.017743835527630116
2026-03-26 14:31:56,021 - root - ERROR - Evaluated LSF:
2026-03-26 14:31:56,022 - root - ERROR - [nan nan nan nan nan nan nan nan nan nan nan nan nan nan nan nan nan nan
 nan nan nan nan nan nan nan nan nan nan nan nan nan nan nan nan nan nan
 nan nan nan nan nan nan nan nan nan nan nan nan nan nan nan nan nan nan
 nan nan nan nan nan nan nan nan nan nan nan nan nan nan nan nan nan nan
 nan]
2026-03-26 14:32:00,031 - root - ERROR - NaN value detected in oversampled model function.
2026-03-26 14:32:00,033 - root - ERROR - <ParameterSet (values: 17)>
    cont_intercept  =  19950.135342173224
    cont_slope      =  10.764449484684878
    iod_depth       =  0.34669919258612947
    lsf_left_1      =  2.816112083335611
    lsf_left_2      =  -18.338728522941228
    lsf_left_3      =  6.894291556251521
    lsf_left_4      =  -3.729598343894545
    lsf_left_5      =  1.1969076766381832
    lsf_right1      =  2.6683746600261276
    lsf_right2      =  -7.2113010414029475
    lsf_right3      =  2.7896681097003553
    lsf_right4      =  -3.8268937075304947
    lsf_right5      =  0.5683986192840075
    tem_depth       =  1.0013400324225954
    velocity        =  -1160.4925677292197
    wave_intercept  =  6231.702295763404
    wave_slope      =  0.01842808821870296
2026-03-26 14:32:00,034 - root - ERROR - Evaluated LSF:
2026-03-26 14:32:00,035 - root - ERROR - [nan nan nan nan nan nan nan nan nan nan nan nan nan nan nan nan nan nan
 nan nan nan nan nan nan nan nan nan nan nan nan nan nan nan nan nan nan
 nan nan nan nan nan nan nan nan nan nan nan nan nan nan nan nan nan nan
 nan nan nan nan nan nan nan nan nan nan nan nan nan nan nan nan nan nan
 nan]
2026-03-26 14:32:00,493 - root - ERROR - Chunk 537: No Data! Returning LmfitResult with None.
2026-03-26 14:32:01,541 - root - ERROR - Chunk 544: No Data! Returning LmfitResult with None.
2026-03-26 14:32:01,554 - root - ERROR - NaN value detected in oversampled model function.
2026-03-26 14:32:01,555 - root - ERROR - <ParameterSet (values: 17)>
    cont_intercept  =  21752.762946406638
    cont_slope      =  -2.742011502454656
    iod_depth       =  0.7887577770683049
    lsf_left_1      =  4.938754736536924
    lsf_left_2      =  -19.253747817964648
    lsf_left_3      =  3.6174159321724693
    lsf_left_4      =  -1.1161998396410922
    lsf_left_5      =  0.16717339879458432
    lsf_right1      =  2.131456865715098
    lsf_right2      =  -17.47282188335108
    lsf_right3      =  9.067919908699462
    lsf_right4      =  -2.482189110820163
    lsf_right5      =  0.5429834341514461
    tem_depth       =  1.087034674567141
    velocity        =  -1266.5095918533143
    wave_intercept  =  6260.859434983566
    wave_slope      =  0.016132515929067677
2026-03-26 14:32:01,563 - root - ERROR - Evaluated LSF:
2026-03-26 14:32:01,570 - root - ERROR - [nan nan nan nan nan nan nan nan nan nan nan nan nan nan nan nan nan nan
 nan nan nan nan nan nan nan nan nan nan nan nan nan nan nan nan nan nan
 nan nan nan nan nan nan nan nan nan nan nan nan nan nan nan nan nan nan
 nan nan nan nan nan nan nan nan nan nan nan nan nan nan nan nan nan nan
 nan]
2026-03-26 14:32:02,252 - root - ERROR - NaN value detected in oversampled model function.
2026-03-26 14:32:02,254 - root - ERROR - <ParameterSet (values: 17)>
    cont_intercept  =  17675.686724040683
    cont_slope      =  -4.613630174678193
    iod_depth       =  1.890258386912354
    lsf_left_1      =  2.1305214504006966
    lsf_left_2      =  -11.40646420315787
    lsf_left_3      =  8.56592475849063
    lsf_left_4      =  -3.952591204176028
    lsf_left_5      =  1.197916300295224
    lsf_right1      =  2.529798401661652
    lsf_right2      =  -9.086960164476446
    lsf_right3      =  1.2718550261202815
    lsf_right4      =  -1.046920761125532
    lsf_right5      =  0.1481260218074067
    tem_depth       =  0.014193842346709916
    velocity        =  -8449.974470863119
    wave_intercept  =  6269.0901264793565
    wave_slope      =  0.015570234855925647
2026-03-26 14:32:02,255 - root - ERROR - Evaluated LSF:
2026-03-26 14:32:02,256 - root - ERROR - [nan nan nan nan nan nan nan nan nan nan nan nan nan nan nan nan nan nan
 nan nan nan nan nan nan nan nan nan nan nan nan nan nan nan nan nan nan
 nan nan nan nan nan nan nan nan nan nan nan nan nan nan nan nan nan nan
 nan nan nan nan nan nan nan nan nan nan nan nan nan nan nan nan nan nan
 nan]
2026-03-26 14:32:04,213 - root - ERROR - NaN value detected in oversampled model function.
2026-03-26 14:32:04,215 - root - ERROR - <ParameterSet (values: 17)>
    cont_intercept  =  21939.78730047774
    cont_slope      =  2.3398268200836565
    iod_depth       =  0.8619417066597281
    lsf_left_1      =  2.209005746423192
    lsf_left_2      =  -17.50395799245692
    lsf_left_3      =  1.2160047785169434
    lsf_left_4      =  -3.405668552940844
    lsf_left_5      =  1.1776827699711956
    lsf_right1      =  6.423165781431874
    lsf_right2      =  -15.840489467364328
    lsf_right3      =  6.8488554699857085
    lsf_right4      =  -2.6923303023371314
    lsf_right5      =  0.9244584267176698
    tem_depth       =  1.0071846865030447
    velocity        =  -2566.522332400632
    wave_intercept  =  6298.386234092517
    wave_slope      =  0.018639015085539258
2026-03-26 14:32:04,216 - root - ERROR - Evaluated LSF:
2026-03-26 14:32:04,217 - root - ERROR - [nan nan nan nan nan nan nan nan nan nan nan nan nan nan nan nan nan nan
 nan nan nan nan nan nan nan nan nan nan nan nan nan nan nan nan nan nan
 nan nan nan nan nan nan nan nan nan nan nan nan nan nan nan nan nan nan
 nan nan nan nan nan nan nan nan nan nan nan nan nan nan nan nan nan nan
 nan]
2026-03-26 14:32:05,730 - root - ERROR - Chunk 569: No Data! Returning LmfitResult with None.
2026-03-26 14:32:05,732 - root - ERROR - Chunk 570: No Data! Returning LmfitResult with None.
2026-03-26 14:32:05,788 - root - ERROR - NaN value detected in oversampled model function.
2026-03-26 14:32:05,790 - root - ERROR - <ParameterSet (values: 17)>
    cont_intercept  =  20285.175370944387
    cont_slope      =  -2.917525736320171
    iod_depth       =  0.37978975198626325
    lsf_left_1      =  2.1435211032797654
    lsf_left_2      =  -15.084975365186477
    lsf_left_3      =  1.1461672444878006
    lsf_left_4      =  -3.67675562629253
    lsf_left_5      =  0.6168428810523618
    lsf_right1      =  2.1365118786083577
    lsf_right2      =  -17.64590008645648
    lsf_right3      =  4.3187158645914
    lsf_right4      =  -1.9968890449927683
    lsf_right5      =  0.7727402196507658
    tem_depth       =  1.1622111247531204
    velocity        =  -2494.96439799943
    wave_intercept  =  6327.52530428601
    wave_slope      =  0.01602608767348423
2026-03-26 14:32:05,791 - root - ERROR - Evaluated LSF:
2026-03-26 14:32:05,792 - root - ERROR - [nan nan nan nan nan nan nan nan nan nan nan nan nan nan nan nan nan nan
 nan nan nan nan nan nan nan nan nan nan nan nan nan nan nan nan nan nan
 nan nan nan nan nan nan nan nan nan nan nan nan nan nan nan nan nan nan
 nan nan nan nan nan nan nan nan nan nan nan nan nan nan nan nan nan nan
 nan]
