INFO - 
INFO - Branch: master
INFO - Hash: c2a71ac
INFO - ---------------------------
INFO - Working on: /Users/jaklusmeyer/SONG/reduce/UT260321/sciencestar/HD185144_ec_260318.0187.fits
INFO - 
INFO - Median flux of the observation: 4442
INFO - Loading template from file: /Users/jaklusmeyer/SONG/reduce/0007_sigdra_temp_results_v1/obs_temp_highsnr_test.h5
INFO - 
INFO - Order correction: 0
INFO - 
INFO - Measured velocity rel. to reference spectrum: 29.450 km/s
INFO - Template velocity: 38.044 km/s
INFO - Velocity guess: -8.594 km/s (relative to template)

INFO - (Barycentric velocity of observation: -2.482 km/s)
INFO - (Barycentric velocity of template: -4.628 km/s)

INFO - 
INFO - Barycentric redshift between template and observation: 
INFO - v = -2145.9469741456383, z = -7.1581086077410205e-06

INFO - Startpixel (order 26, chunk 29): -65
INFO - -> Correcting to 0.
INFO - Startpixel (order 27, chunk 63): -65
INFO - -> Correcting to 0.
INFO - Startpixel (order 32, chunk 190): -65
INFO - -> Correcting to 0.
INFO - Startpixel (order 33, chunk 214): -65
INFO - -> Correcting to 0.
INFO - Startpixel (order 36, chunk 296): -65
INFO - -> Correcting to 0.
INFO - Startpixel (order 39, chunk 357): -65
INFO - -> Correcting to 0.
INFO - Startpixel (order 39, chunk 366): -65
INFO - -> Correcting to 0.
INFO - Startpixel (order 43, chunk 470): -65
INFO - -> Correcting to 0.
INFO - Startpixel (order 46, chunk 537): -65
INFO - -> Correcting to 0.
INFO - Startpixel (order 46, chunk 544): -65
INFO - -> Correcting to 0.
INFO - Startpixel (order 47, chunk 569): -65
INFO - -> Correcting to 0.
INFO - Startpixel (order 47, chunk 570): -65
INFO - -> Correcting to 0.
INFO - 
INFO - Total number of chunks: 575
INFO - Nr. chunks in order 0: 25
INFO - First and last covered pixel of chunks in order 0: 15, 3263
INFO - Orders: 25 - 47 (23 in total)
INFO - 
INFO - ----------------------
INFO - RUN 0
INFO - ----------------------
INFO - 
INFO - Constraining parameters for RUN 0
WARNING - Chunk 29:
WARNING - (xb<=x[0]) failed for 1st keyword xb: curfit:xb=nan
WARNING - Chunk 63:
WARNING - (xb<=x[0]) failed for 1st keyword xb: curfit:xb=nan
WARNING - Chunk 190:
WARNING - (xb<=x[0]) failed for 1st keyword xb: curfit:xb=nan
WARNING - Chunk 214:
WARNING - (xb<=x[0]) failed for 1st keyword xb: curfit:xb=nan
WARNING - Chunk 296:
WARNING - (xb<=x[0]) failed for 1st keyword xb: curfit:xb=nan
WARNING - Chunk 357:
WARNING - (xb<=x[0]) failed for 1st keyword xb: curfit:xb=nan
WARNING - Chunk 366:
WARNING - (xb<=x[0]) failed for 1st keyword xb: curfit:xb=nan
WARNING - Chunk 470:
WARNING - (xb<=x[0]) failed for 1st keyword xb: curfit:xb=nan
WARNING - Chunk 537:
WARNING - (xb<=x[0]) failed for 1st keyword xb: curfit:xb=nan
WARNING - Chunk 544:
WARNING - (xb<=x[0]) failed for 1st keyword xb: curfit:xb=nan
WARNING - Chunk 569:
WARNING - (xb<=x[0]) failed for 1st keyword xb: curfit:xb=nan
WARNING - Chunk 570:
WARNING - (xb<=x[0]) failed for 1st keyword xb: curfit:xb=nan
INFO - 
INFO - Number of chunks with no uncertainties: 0
INFO - Number of chunks with outliers: 0
INFO - Number of chunks with nan fitted red. Chi2: 12
INFO - 
INFO - Creating analysis plots...
INFO - 
INFO - ----------------------
INFO - RUN 1
INFO - ----------------------
INFO - 
INFO - Constraining parameters for RUN 1
INFO - 
INFO - Fitted LSF parameters:
INFO - <ParameterSet (values: 10)>
    left_1  =  10.456821145368947
    left_2  =  -10.776443890220136
    left_3  =  5.694758682708547
    left_4  =  -2.200576604339144
    left_5  =  0.6641135045458614
    right1  =  10.456817130008995
    right2  =  -10.776439134061192
    right3  =  5.694754907051125
    right4  =  -2.200574437079332
    right5  =  0.6641126885444207
ERROR - Chunk 29: No Data! Returning LmfitResult with None.
ERROR - NaN value detected in oversampled model function.
ERROR - <ParameterSet (values: 17)>
    cont_intercept  =  2806.5242720543456
    cont_slope      =  0.30304097420436543
    iod_depth       =  0.45964829144536534
    lsf_left_1      =  4.145933699354454
    lsf_left_2      =  -7.655498131890198
    lsf_left_3      =  4.372849955105334
    lsf_left_4      =  -3.6437088686672037
    lsf_left_5      =  0.14742379709480255
    lsf_right1      =  2.925734177967314
    lsf_right2      =  -19.37949592223307
    lsf_right3      =  3.3113604453116245
    lsf_right4      =  -3.948893759079739
    lsf_right5      =  0.19161718859404986
    tem_depth       =  0.6193044315401172
    velocity        =  -2690.0003814829533
    wave_intercept  =  5173.459541184894
    wave_slope      =  0.015474092832083742
ERROR - Evaluated LSF:
ERROR - [nan nan nan nan nan nan nan nan nan nan nan nan nan nan nan nan nan nan
 nan nan nan nan nan nan nan nan nan nan nan nan nan nan nan nan nan nan
 nan nan nan nan nan nan nan nan nan nan nan nan nan nan nan nan nan nan
 nan nan nan nan nan nan nan nan nan nan nan nan nan nan nan nan nan nan
 nan]
WARNING - Chunk 31:
WARNING - NaN values detected in your input data or the output of your objective/model function - fitting algorithms cannot handle this! Please read https://lmfit.github.io/lmfit-py/faq.html#i-get-errors-from-nan-in-my-fit-what-can-i-do for more information.
ERROR - NaN value detected in oversampled model function.
ERROR - <ParameterSet (values: 17)>
    cont_intercept  =  4608.023172315791
    cont_slope      =  1.104454985787908
    iod_depth       =  0.6400225243748081
    lsf_left_1      =  3.981154858143187
    lsf_left_2      =  -17.5521069219116
    lsf_left_3      =  1.1446536690207554
    lsf_left_4      =  -3.045456986700934
    lsf_left_5      =  1.1789139932164305
    lsf_right1      =  2.6752392376763527
    lsf_right2      =  -11.897003032500313
    lsf_right3      =  6.655886260144695
    lsf_right4      =  -3.574390769701363
    lsf_right5      =  0.8728689384691508
    tem_depth       =  0.7020693170135122
    velocity        =  -2036.7920077420358
    wave_intercept  =  5181.342490072438
    wave_slope      =  0.014899114713202124
ERROR - Evaluated LSF:
ERROR - [nan nan nan nan nan nan nan nan nan nan nan nan nan nan nan nan nan nan
 nan nan nan nan nan nan nan nan nan nan nan nan nan nan nan nan nan nan
 nan nan nan nan nan nan nan nan nan nan nan nan nan nan nan nan nan nan
 nan nan nan nan nan nan nan nan nan nan nan nan nan nan nan nan nan nan
 nan]
WARNING - Chunk 35:
WARNING - NaN values detected in your input data or the output of your objective/model function - fitting algorithms cannot handle this! Please read https://lmfit.github.io/lmfit-py/faq.html#i-get-errors-from-nan-in-my-fit-what-can-i-do for more information.
ERROR - NaN value detected in oversampled model function.
ERROR - <ParameterSet (values: 17)>
    cont_intercept  =  5234.056226856553
    cont_slope      =  1.8096656743121493
    iod_depth       =  0.6040903638636422
    lsf_left_1      =  9.095665982517762
    lsf_left_2      =  -16.411013638237176
    lsf_left_3      =  2.1434713443460325
    lsf_left_4      =  -3.8261238190413676
    lsf_left_5      =  0.18395566848663591
    lsf_right1      =  3.1889892555638917
    lsf_right2      =  -18.65090921172083
    lsf_right3      =  1.548082716447348
    lsf_right4      =  -0.7877454795725267
    lsf_right5      =  0.3433471569575305
    tem_depth       =  -0.3500624411748993
    velocity        =  -10507.749944660995
    wave_intercept  =  5201.467010577519
    wave_slope      =  0.013185614175491744
ERROR - Evaluated LSF:
ERROR - [nan nan nan nan nan nan nan nan nan nan nan nan nan nan nan nan nan nan
 nan nan nan nan nan nan nan nan nan nan nan nan nan nan nan nan nan nan
 nan nan nan nan nan nan nan nan nan nan nan nan nan nan nan nan nan nan
 nan nan nan nan nan nan nan nan nan nan nan nan nan nan nan nan nan nan
 nan]
WARNING - Chunk 46:
WARNING - NaN values detected in your input data or the output of your objective/model function - fitting algorithms cannot handle this! Please read https://lmfit.github.io/lmfit-py/faq.html#i-get-errors-from-nan-in-my-fit-what-can-i-do for more information.
ERROR - Chunk 63: No Data! Returning LmfitResult with None.
ERROR - NaN value detected in oversampled model function.
ERROR - <ParameterSet (values: 17)>
    cont_intercept  =  4518.242926133102
    cont_slope      =  1.5069242468383444
    iod_depth       =  0.615246533786639
    lsf_left_1      =  11.68527276905906
    lsf_left_2      =  -18.63810119658113
    lsf_left_3      =  1.2883087813077954
    lsf_left_4      =  -2.456080404012365
    lsf_left_5      =  0.7829315124254272
    lsf_right1      =  4.572176337488824
    lsf_right2      =  -16.240025140246896
    lsf_right3      =  1.3225519224231237
    lsf_right4      =  -3.4374750423402536
    lsf_right5      =  0.14474025608203359
    tem_depth       =  0.772538231966311
    velocity        =  -2168.2706508172564
    wave_intercept  =  5266.699488145522
    wave_slope      =  0.01544778715790472
ERROR - Evaluated LSF:
ERROR - [nan nan nan nan nan nan nan nan nan nan nan nan nan nan nan nan nan nan
 nan nan nan nan nan nan nan nan nan nan nan nan nan nan nan nan nan nan
 nan nan nan nan nan nan nan nan nan nan nan nan nan nan nan nan nan nan
 nan nan nan nan nan nan nan nan nan nan nan nan nan nan nan nan nan nan
 nan]
WARNING - Chunk 83:
WARNING - NaN values detected in your input data or the output of your objective/model function - fitting algorithms cannot handle this! Please read https://lmfit.github.io/lmfit-py/faq.html#i-get-errors-from-nan-in-my-fit-what-can-i-do for more information.
ERROR - NaN value detected in oversampled model function.
ERROR - <ParameterSet (values: 17)>
    cont_intercept  =  6024.5712851602075
    cont_slope      =  -0.9692016705097337
    iod_depth       =  0.6145457243090757
    lsf_left_1      =  10.41667075470234
    lsf_left_2      =  -18.86702987322012
    lsf_left_3      =  1.2537753912660259
    lsf_left_4      =  -0.5009510966802933
    lsf_left_5      =  0.47139856168499294
    lsf_right1      =  2.1421157640142
    lsf_right2      =  -11.805601441055227
    lsf_right3      =  1.4521733330786553
    lsf_right4      =  -3.222331666608329
    lsf_right5      =  0.3503733920723109
    tem_depth       =  0.7854179407887691
    velocity        =  -2199.6600372999333
    wave_intercept  =  5283.961030935167
    wave_slope      =  0.01410940537037772
ERROR - Evaluated LSF:
ERROR - [nan nan nan nan nan nan nan nan nan nan nan nan nan nan nan nan nan nan
 nan nan nan nan nan nan nan nan nan nan nan nan nan nan nan nan nan nan
 nan nan nan nan nan nan nan nan nan nan nan nan nan nan nan nan nan nan
 nan nan nan nan nan nan nan nan nan nan nan nan nan nan nan nan nan nan
 nan]
WARNING - Chunk 92:
WARNING - NaN values detected in your input data or the output of your objective/model function - fitting algorithms cannot handle this! Please read https://lmfit.github.io/lmfit-py/faq.html#i-get-errors-from-nan-in-my-fit-what-can-i-do for more information.
ERROR - NaN value detected in oversampled model function.
ERROR - <ParameterSet (values: 17)>
    cont_intercept  =  5050.413282391097
    cont_slope      =  2.9411792224824764
    iod_depth       =  0.6104295906901742
    lsf_left_1      =  2.8464265565376197
    lsf_left_2      =  -18.383651982728466
    lsf_left_3      =  9.155399004068379
    lsf_left_4      =  -2.486215973125863
    lsf_left_5      =  0.3134160589717965
    lsf_right1      =  4.21755969961565
    lsf_right2      =  -19.358302934614873
    lsf_right3      =  1.355123837408992
    lsf_right4      =  -3.945784613567016
    lsf_right5      =  0.14338563000802335
    tem_depth       =  0.7478649522829555
    velocity        =  -1972.2798273849567
    wave_intercept  =  5306.35427478615
    wave_slope      =  0.01605143164588285
ERROR - Evaluated LSF:
ERROR - [nan nan nan nan nan nan nan nan nan nan nan nan nan nan nan nan nan nan
 nan nan nan nan nan nan nan nan nan nan nan nan nan nan nan nan nan nan
 nan nan nan nan nan nan nan nan nan nan nan nan nan nan nan nan nan nan
 nan nan nan nan nan nan nan nan nan nan nan nan nan nan nan nan nan nan
 nan]
WARNING - Chunk 105:
WARNING - NaN values detected in your input data or the output of your objective/model function - fitting algorithms cannot handle this! Please read https://lmfit.github.io/lmfit-py/faq.html#i-get-errors-from-nan-in-my-fit-what-can-i-do for more information.
ERROR - NaN value detected in oversampled model function.
ERROR - <ParameterSet (values: 17)>
    cont_intercept  =  6506.175347648769
    cont_slope      =  -1.4835517953511932
    iod_depth       =  0.7040173824245961
    lsf_left_1      =  7.5226535909163585
    lsf_left_2      =  -17.40841104030196
    lsf_left_3      =  1.1409741011069874
    lsf_left_4      =  -1.4150010298034736
    lsf_left_5      =  0.1479339768727457
    lsf_right1      =  5.266158175668018
    lsf_right2      =  -12.345959105112513
    lsf_right3      =  3.2031133885667593
    lsf_right4      =  -3.731860870878665
    lsf_right5      =  1.001581775511369
    tem_depth       =  1.0569683765150346
    velocity        =  -3177.091969296388
    wave_intercept  =  5335.363360976057
    wave_slope      =  0.013789330518918336
ERROR - Evaluated LSF:
ERROR - [nan nan nan nan nan nan nan nan nan nan nan nan nan nan nan nan nan nan
 nan nan nan nan nan nan nan nan nan nan nan nan nan nan nan nan nan nan
 nan nan nan nan nan nan nan nan nan nan nan nan nan nan nan nan nan nan
 nan nan nan nan nan nan nan nan nan nan nan nan nan nan nan nan nan nan
 nan]
WARNING - Chunk 120:
WARNING - NaN values detected in your input data or the output of your objective/model function - fitting algorithms cannot handle this! Please read https://lmfit.github.io/lmfit-py/faq.html#i-get-errors-from-nan-in-my-fit-what-can-i-do for more information.
ERROR - NaN value detected in oversampled model function.
ERROR - <ParameterSet (values: 17)>
    cont_intercept  =  4905.489256345536
    cont_slope      =  2.579605260855632
    iod_depth       =  0.7135955065639835
    lsf_left_1      =  2.3426861268096886
    lsf_left_2      =  -5.370853765795742
    lsf_left_3      =  1.6765218681043386
    lsf_left_4      =  -3.4732991925818717
    lsf_left_5      =  0.20724353228579417
    lsf_right1      =  5.1513613805896465
    lsf_right2      =  -19.397256705705047
    lsf_right3      =  5.109996122221718
    lsf_right4      =  -0.7594189759326895
    lsf_right5      =  0.21227522539548455
    tem_depth       =  0.8564403890953531
    velocity        =  -1890.945758063526
    wave_intercept  =  5352.877824010683
    wave_slope      =  0.016239495594014962
ERROR - Evaluated LSF:
ERROR - [nan nan nan nan nan nan nan nan nan nan nan nan nan nan nan nan nan nan
 nan nan nan nan nan nan nan nan nan nan nan nan nan nan nan nan nan nan
 nan nan nan nan nan nan nan nan nan nan nan nan nan nan nan nan nan nan
 nan nan nan nan nan nan nan nan nan nan nan nan nan nan nan nan nan nan
 nan]
WARNING - Chunk 130:
WARNING - NaN values detected in your input data or the output of your objective/model function - fitting algorithms cannot handle this! Please read https://lmfit.github.io/lmfit-py/faq.html#i-get-errors-from-nan-in-my-fit-what-can-i-do for more information.
ERROR - NaN value detected in oversampled model function.
ERROR - <ParameterSet (values: 17)>
    cont_intercept  =  6088.114951537781
    cont_slope      =  1.4585602956952448
    iod_depth       =  0.6008708804256847
    lsf_left_1      =  2.477410831241021
    lsf_left_2      =  -15.556505918652086
    lsf_left_3      =  6.849007945293378
    lsf_left_4      =  -3.891040220151636
    lsf_left_5      =  1.149841914041563
    lsf_right1      =  4.1805012503937
    lsf_right2      =  -10.81014435603391
    lsf_right3      =  3.4526116984734783
    lsf_right4      =  -3.6811645482653863
    lsf_right5      =  0.20913480647249652
    tem_depth       =  0.9875830618760919
    velocity        =  -2132.6485987997667
    wave_intercept  =  5412.610214086469
    wave_slope      =  0.015351700116441883
ERROR - Evaluated LSF:
ERROR - [nan nan nan nan nan nan nan nan nan nan nan nan nan nan nan nan nan nan
 nan nan nan nan nan nan nan nan nan nan nan nan nan nan nan nan nan nan
 nan nan nan nan nan nan nan nan nan nan nan nan nan nan nan nan nan nan
 nan nan nan nan nan nan nan nan nan nan nan nan nan nan nan nan nan nan
 nan]
WARNING - Chunk 161:
WARNING - NaN values detected in your input data or the output of your objective/model function - fitting algorithms cannot handle this! Please read https://lmfit.github.io/lmfit-py/faq.html#i-get-errors-from-nan-in-my-fit-what-can-i-do for more information.
ERROR - NaN value detected in oversampled model function.
ERROR - <ParameterSet (values: 17)>
    cont_intercept  =  6445.048560665948
    cont_slope      =  0.35319197933196983
    iod_depth       =  0.6341841294999431
    lsf_left_1      =  2.1117326330669597
    lsf_left_2      =  -18.86877683490544
    lsf_left_3      =  5.0594490816525735
    lsf_left_4      =  -1.568447840960078
    lsf_left_5      =  0.2765799043824626
    lsf_right1      =  2.77476811501291
    lsf_right2      =  -7.35367987648284
    lsf_right3      =  1.5153265403838265
    lsf_right4      =  -0.9672498813115138
    lsf_right5      =  0.13988644115810517
    tem_depth       =  0.7735248258021904
    velocity        =  -2526.5016658583554
    wave_intercept  =  5414.601054593082
    wave_slope      =  0.015216556429887526
ERROR - Evaluated LSF:
ERROR - [nan nan nan nan nan nan nan nan nan nan nan nan nan nan nan nan nan nan
 nan nan nan nan nan nan nan nan nan nan nan nan nan nan nan nan nan nan
 nan nan nan nan nan nan nan nan nan nan nan nan nan nan nan nan nan nan
 nan nan nan nan nan nan nan nan nan nan nan nan nan nan nan nan nan nan
 nan]
WARNING - Chunk 162:
WARNING - NaN values detected in your input data or the output of your objective/model function - fitting algorithms cannot handle this! Please read https://lmfit.github.io/lmfit-py/faq.html#i-get-errors-from-nan-in-my-fit-what-can-i-do for more information.
ERROR - NaN value detected in oversampled model function.
ERROR - <ParameterSet (values: 17)>
    cont_intercept  =  6193.777939530552
    cont_slope      =  1.4126024199396854
    iod_depth       =  0.8100819144856384
    lsf_left_1      =  5.556925101249164
    lsf_left_2      =  -14.545726861815524
    lsf_left_3      =  1.1389985053471248
    lsf_left_4      =  -1.4183319880265697
    lsf_left_5      =  0.18183875945265196
    lsf_right1      =  2.1655663945624997
    lsf_right2      =  -8.81558156082129
    lsf_right3      =  2.5880890319961605
    lsf_right4      =  -3.9225224947610946
    lsf_right5      =  0.13758832150193376
    tem_depth       =  0.16592173464799265
    velocity        =  -10729.48334872507
    wave_intercept  =  5454.799368786603
    wave_slope      =  0.016006137655456554
ERROR - Evaluated LSF:
ERROR - [nan nan nan nan nan nan nan nan nan nan nan nan nan nan nan nan nan nan
 nan nan nan nan nan nan nan nan nan nan nan nan nan nan nan nan nan nan
 nan nan nan nan nan nan nan nan nan nan nan nan nan nan nan nan nan nan
 nan nan nan nan nan nan nan nan nan nan nan nan nan nan nan nan nan nan
 nan]
WARNING - Chunk 183:
WARNING - NaN values detected in your input data or the output of your objective/model function - fitting algorithms cannot handle this! Please read https://lmfit.github.io/lmfit-py/faq.html#i-get-errors-from-nan-in-my-fit-what-can-i-do for more information.
ERROR - Chunk 190: No Data! Returning LmfitResult with None.
ERROR - NaN value detected in oversampled model function.
ERROR - <ParameterSet (values: 17)>
    cont_intercept  =  6236.112181547471
    cont_slope      =  -1.3434866806054861
    iod_depth       =  0.7590851443139953
    lsf_left_1      =  12.643092778651221
    lsf_left_2      =  -19.37164539903621
    lsf_left_3      =  1.2193129117553492
    lsf_left_4      =  -3.5175988161469314
    lsf_left_5      =  0.13563418603986635
    lsf_right1      =  2.4113318465135385
    lsf_right2      =  -18.474572769704928
    lsf_right3      =  3.383721691938297
    lsf_right4      =  -2.6782084754278923
    lsf_right5      =  0.42618255095681434
    tem_depth       =  0.786650816287028
    velocity        =  -2253.4923925204052
    wave_intercept  =  5478.285675558398
    wave_slope      =  0.014149712110261958
ERROR - Evaluated LSF:
ERROR - [nan nan nan nan nan nan nan nan nan nan nan nan nan nan nan nan nan nan
 nan nan nan nan nan nan nan nan nan nan nan nan nan nan nan nan nan nan
 nan nan nan nan nan nan nan nan nan nan nan nan nan nan nan nan nan nan
 nan nan nan nan nan nan nan nan nan nan nan nan nan nan nan nan nan nan
 nan]
WARNING - Chunk 195:
WARNING - NaN values detected in your input data or the output of your objective/model function - fitting algorithms cannot handle this! Please read https://lmfit.github.io/lmfit-py/faq.html#i-get-errors-from-nan-in-my-fit-what-can-i-do for more information.
ERROR - NaN value detected in oversampled model function.
ERROR - <ParameterSet (values: 17)>
    cont_intercept  =  5655.227521910958
    cont_slope      =  -1.466611657807582
    iod_depth       =  0.6408435533798604
    lsf_left_1      =  3.3265477453101777
    lsf_left_2      =  -18.264539649278717
    lsf_left_3      =  3.3826648681244262
    lsf_left_4      =  -3.949134554948903
    lsf_left_5      =  0.528262263516281
    lsf_right1      =  5.885749557419717
    lsf_right2      =  -15.258412673849298
    lsf_right3      =  4.583961848535786
    lsf_right4      =  -2.6609717972053915
    lsf_right5      =  0.6971520816748483
    tem_depth       =  1.3173136775141014
    velocity        =  -1566.8607174971442
    wave_intercept  =  5485.470752605614
    wave_slope      =  0.013510382741009137
ERROR - Evaluated LSF:
ERROR - [nan nan nan nan nan nan nan nan nan nan nan nan nan nan nan nan nan nan
 nan nan nan nan nan nan nan nan nan nan nan nan nan nan nan nan nan nan
 nan nan nan nan nan nan nan nan nan nan nan nan nan nan nan nan nan nan
 nan nan nan nan nan nan nan nan nan nan nan nan nan nan nan nan nan nan
 nan]
WARNING - Chunk 199:
WARNING - NaN values detected in your input data or the output of your objective/model function - fitting algorithms cannot handle this! Please read https://lmfit.github.io/lmfit-py/faq.html#i-get-errors-from-nan-in-my-fit-what-can-i-do for more information.
ERROR - NaN value detected in oversampled model function.
ERROR - <ParameterSet (values: 17)>
    cont_intercept  =  7031.386104252457
    cont_slope      =  1.7820693302271327
    iod_depth       =  0.774301048242624
    lsf_left_1      =  2.9259126045502604
    lsf_left_2      =  -15.665702414501665
    lsf_left_3      =  1.8941166003210197
    lsf_left_4      =  -2.20521605373506
    lsf_left_5      =  0.8330274896672292
    lsf_right1      =  2.6323611424195144
    lsf_right2      =  -7.306751145838659
    lsf_right3      =  2.4804515108035856
    lsf_right4      =  -3.577675081589385
    lsf_right5      =  0.37671326289182183
    tem_depth       =  0.906436059023765
    velocity        =  -2050.997079205953
    wave_intercept  =  5514.188563735366
    wave_slope      =  0.015424202006599925
ERROR - Evaluated LSF:
ERROR - [nan nan nan nan nan nan nan nan nan nan nan nan nan nan nan nan nan nan
 nan nan nan nan nan nan nan nan nan nan nan nan nan nan nan nan nan nan
 nan nan nan nan nan nan nan nan nan nan nan nan nan nan nan nan nan nan
 nan nan nan nan nan nan nan nan nan nan nan nan nan nan nan nan nan nan
 nan]
WARNING - Chunk 213:
WARNING - NaN values detected in your input data or the output of your objective/model function - fitting algorithms cannot handle this! Please read https://lmfit.github.io/lmfit-py/faq.html#i-get-errors-from-nan-in-my-fit-what-can-i-do for more information.
ERROR - Chunk 214: No Data! Returning LmfitResult with None.
ERROR - NaN value detected in oversampled model function.
ERROR - <ParameterSet (values: 17)>
    cont_intercept  =  7853.205794743644
    cont_slope      =  0.07669743181423938
    iod_depth       =  0.7288710580705005
    lsf_left_1      =  2.3626429273227507
    lsf_left_2      =  -18.603635979744787
    lsf_left_3      =  2.071733974425316
    lsf_left_4      =  -1.0840287810159746
    lsf_left_5      =  0.5460851905434713
    lsf_right1      =  5.3284781693443986
    lsf_right2      =  -8.972321014695623
    lsf_right3      =  1.3664144069979403
    lsf_right4      =  -3.9123215088583336
    lsf_right5      =  0.1504073046515699
    tem_depth       =  0.9175669153980794
    velocity        =  -2216.151244288815
    wave_intercept  =  5520.051346797258
    wave_slope      =  0.01485567971012459
ERROR - Evaluated LSF:
ERROR - [nan nan nan nan nan nan nan nan nan nan nan nan nan nan nan nan nan nan
 nan nan nan nan nan nan nan nan nan nan nan nan nan nan nan nan nan nan
 nan nan nan nan nan nan nan nan nan nan nan nan nan nan nan nan nan nan
 nan nan nan nan nan nan nan nan nan nan nan nan nan nan nan nan nan nan
 nan]
WARNING - Chunk 216:
WARNING - NaN values detected in your input data or the output of your objective/model function - fitting algorithms cannot handle this! Please read https://lmfit.github.io/lmfit-py/faq.html#i-get-errors-from-nan-in-my-fit-what-can-i-do for more information.
ERROR - NaN value detected in oversampled model function.
ERROR - <ParameterSet (values: 17)>
    cont_intercept  =  7384.062375783989
    cont_slope      =  -0.01726022427253624
    iod_depth       =  0.7054533430626264
    lsf_left_1      =  2.4499304519583784
    lsf_left_2      =  -19.190670623290107
    lsf_left_3      =  1.6062687410873184
    lsf_left_4      =  -2.143506323872659
    lsf_left_5      =  1.1926032926436982
    lsf_right1      =  7.457068480215401
    lsf_right2      =  -19.095606424918692
    lsf_right3      =  9.939644060270837
    lsf_right4      =  -3.94867655424252
    lsf_right5      =  1.0948479559314532
    tem_depth       =  1.1408271318728462
    velocity        =  -2545.629106533652
    wave_intercept  =  5521.983218234234
    wave_slope      =  0.014731033830736852
ERROR - Evaluated LSF:
ERROR - [nan nan nan nan nan nan nan nan nan nan nan nan nan nan nan nan nan nan
 nan nan nan nan nan nan nan nan nan nan nan nan nan nan nan nan nan nan
 nan nan nan nan nan nan nan nan nan nan nan nan nan nan nan nan nan nan
 nan nan nan nan nan nan nan nan nan nan nan nan nan nan nan nan nan nan
 nan]
WARNING - Chunk 217:
WARNING - NaN values detected in your input data or the output of your objective/model function - fitting algorithms cannot handle this! Please read https://lmfit.github.io/lmfit-py/faq.html#i-get-errors-from-nan-in-my-fit-what-can-i-do for more information.
ERROR - NaN value detected in oversampled model function.
ERROR - <ParameterSet (values: 17)>
    cont_intercept  =  6150.352037010032
    cont_slope      =  -1.3711980383873805
    iod_depth       =  0.6042848145723393
    lsf_left_1      =  5.413835865196289
    lsf_left_2      =  -14.711586189657293
    lsf_left_3      =  4.649164443439808
    lsf_left_4      =  -1.8813050393300434
    lsf_left_5      =  0.21835699373768153
    lsf_right1      =  8.20340119289358
    lsf_right2      =  -19.377386664011446
    lsf_right3      =  1.1728900197546128
    lsf_right4      =  -3.4216553693432212
    lsf_right5      =  0.17359190544728217
    tem_depth       =  0.8430234465471936
    velocity        =  -2143.6502702720177
    wave_intercept  =  5529.47157813111
    wave_slope      =  0.014141142182625898
ERROR - Evaluated LSF:
ERROR - [nan nan nan nan nan nan nan nan nan nan nan nan nan nan nan nan nan nan
 nan nan nan nan nan nan nan nan nan nan nan nan nan nan nan nan nan nan
 nan nan nan nan nan nan nan nan nan nan nan nan nan nan nan nan nan nan
 nan nan nan nan nan nan nan nan nan nan nan nan nan nan nan nan nan nan
 nan]
WARNING - Chunk 221:
WARNING - NaN values detected in your input data or the output of your objective/model function - fitting algorithms cannot handle this! Please read https://lmfit.github.io/lmfit-py/faq.html#i-get-errors-from-nan-in-my-fit-what-can-i-do for more information.
ERROR - NaN value detected in oversampled model function.
ERROR - <ParameterSet (values: 17)>
    cont_intercept  =  5897.704258833799
    cont_slope      =  -1.6833588699284976
    iod_depth       =  0.7250966757167953
    lsf_left_1      =  4.200753106073664
    lsf_left_2      =  -18.457296655122786
    lsf_left_3      =  5.08331486533546
    lsf_left_4      =  -3.8025505815947476
    lsf_left_5      =  1.1332451545554045
    lsf_right1      =  2.8831392400957676
    lsf_right2      =  -16.482205983389797
    lsf_right3      =  2.68097073813679
    lsf_right4      =  -1.3430483063721335
    lsf_right5      =  0.3755074781018243
    tem_depth       =  0.825248121768703
    velocity        =  -2407.674574811273
    wave_intercept  =  5533.102010760728
    wave_slope      =  0.013840453974310198
ERROR - Evaluated LSF:
ERROR - [nan nan nan nan nan nan nan nan nan nan nan nan nan nan nan nan nan nan
 nan nan nan nan nan nan nan nan nan nan nan nan nan nan nan nan nan nan
 nan nan nan nan nan nan nan nan nan nan nan nan nan nan nan nan nan nan
 nan nan nan nan nan nan nan nan nan nan nan nan nan nan nan nan nan nan
 nan]
WARNING - Chunk 223:
WARNING - NaN values detected in your input data or the output of your objective/model function - fitting algorithms cannot handle this! Please read https://lmfit.github.io/lmfit-py/faq.html#i-get-errors-from-nan-in-my-fit-what-can-i-do for more information.
ERROR - NaN value detected in oversampled model function.
ERROR - <ParameterSet (values: 17)>
    cont_intercept  =  5262.5798385256985
    cont_slope      =  3.1702475479794847
    iod_depth       =  0.7717926124839605
    lsf_left_1      =  3.9774868792648337
    lsf_left_2      =  -19.143741392955143
    lsf_left_3      =  4.969946751117353
    lsf_left_4      =  -3.017411584762727
    lsf_left_5      =  0.6805720454591018
    lsf_right1      =  3.2572896203002495
    lsf_right2      =  -7.740442349851788
    lsf_right3      =  2.515140262508112
    lsf_right4      =  -3.9183451369024476
    lsf_right5      =  1.0438448561376226
    tem_depth       =  0.8938717635817912
    velocity        =  -2414.3303898916156
    wave_intercept  =  5545.338734590185
    wave_slope      =  0.01697142670818583
ERROR - Evaluated LSF:
ERROR - [nan nan nan nan nan nan nan nan nan nan nan nan nan nan nan nan nan nan
 nan nan nan nan nan nan nan nan nan nan nan nan nan nan nan nan nan nan
 nan nan nan nan nan nan nan nan nan nan nan nan nan nan nan nan nan nan
 nan nan nan nan nan nan nan nan nan nan nan nan nan nan nan nan nan nan
 nan]
WARNING - Chunk 229:
WARNING - NaN values detected in your input data or the output of your objective/model function - fitting algorithms cannot handle this! Please read https://lmfit.github.io/lmfit-py/faq.html#i-get-errors-from-nan-in-my-fit-what-can-i-do for more information.
ERROR - NaN value detected in oversampled model function.
ERROR - <ParameterSet (values: 17)>
    cont_intercept  =  6200.442702696625
    cont_slope      =  -2.253849700422802
    iod_depth       =  0.7117591983216214
    lsf_left_1      =  3.35733018079397
    lsf_left_2      =  -17.666819959235077
    lsf_left_3      =  1.156020460343634
    lsf_left_4      =  -2.776420496787571
    lsf_left_5      =  0.9179837514820539
    lsf_right1      =  2.296840643378878
    lsf_right2      =  -17.41396129845699
    lsf_right3      =  4.594959109362847
    lsf_right4      =  -2.9640548291277513
    lsf_right5      =  1.195402702275492
    tem_depth       =  0.7679378692384472
    velocity        =  -2891.836324539587
    wave_intercept  =  5585.203316444454
    wave_slope      =  0.013851120917357608
ERROR - Evaluated LSF:
ERROR - [nan nan nan nan nan nan nan nan nan nan nan nan nan nan nan nan nan nan
 nan nan nan nan nan nan nan nan nan nan nan nan nan nan nan nan nan nan
 nan nan nan nan nan nan nan nan nan nan nan nan nan nan nan nan nan nan
 nan nan nan nan nan nan nan nan nan nan nan nan nan nan nan nan nan nan
 nan]
WARNING - Chunk 249:
WARNING - NaN values detected in your input data or the output of your objective/model function - fitting algorithms cannot handle this! Please read https://lmfit.github.io/lmfit-py/faq.html#i-get-errors-from-nan-in-my-fit-what-can-i-do for more information.
ERROR - NaN value detected in oversampled model function.
ERROR - <ParameterSet (values: 17)>
    cont_intercept  =  6436.661809337858
    cont_slope      =  3.734454806947728
    iod_depth       =  0.7550135683861368
    lsf_left_1      =  4.26164792004904
    lsf_left_2      =  -6.811173412876396
    lsf_left_3      =  2.810279859156057
    lsf_left_4      =  -2.14866964072917
    lsf_left_5      =  0.7407264863467882
    lsf_right1      =  2.166485898238254
    lsf_right2      =  -17.184742548417283
    lsf_right3      =  8.184352790916464
    lsf_right4      =  -2.5261668230353074
    lsf_right5      =  0.44615018462080414
    tem_depth       =  0.8425210931432768
    velocity        =  -2421.546636354765
    wave_intercept  =  5652.47566054744
    wave_slope      =  0.016929945000819558
ERROR - Evaluated LSF:
ERROR - [nan nan nan nan nan nan nan nan nan nan nan nan nan nan nan nan nan nan
 nan nan nan nan nan nan nan nan nan nan nan nan nan nan nan nan nan nan
 nan nan nan nan nan nan nan nan nan nan nan nan nan nan nan nan nan nan
 nan nan nan nan nan nan nan nan nan nan nan nan nan nan nan nan nan nan
 nan]
WARNING - Chunk 281:
WARNING - NaN values detected in your input data or the output of your objective/model function - fitting algorithms cannot handle this! Please read https://lmfit.github.io/lmfit-py/faq.html#i-get-errors-from-nan-in-my-fit-what-can-i-do for more information.
ERROR - Chunk 296: No Data! Returning LmfitResult with None.
ERROR - NaN value detected in oversampled model function.
ERROR - <ParameterSet (values: 17)>
    cont_intercept  =  6656.334150448987
    cont_slope      =  1.3747375041470633
    iod_depth       =  0.8098294986519178
    lsf_left_1      =  6.681110916193028
    lsf_left_2      =  -15.340453510553097
    lsf_left_3      =  1.8777566328860025
    lsf_left_4      =  -3.7200786469453706
    lsf_left_5      =  1.1678052569735955
    lsf_right1      =  2.148203218679851
    lsf_right2      =  -17.43838910574241
    lsf_right3      =  7.629916261984303
    lsf_right4      =  -3.1659993947603065
    lsf_right5      =  0.14118231180726606
    tem_depth       =  0.901548128675745
    velocity        =  -2405.847896421605
    wave_intercept  =  5707.507222186355
    wave_slope      =  0.016860337366986944
ERROR - Evaluated LSF:
ERROR - [nan nan nan nan nan nan nan nan nan nan nan nan nan nan nan nan nan nan
 nan nan nan nan nan nan nan nan nan nan nan nan nan nan nan nan nan nan
 nan nan nan nan nan nan nan nan nan nan nan nan nan nan nan nan nan nan
 nan nan nan nan nan nan nan nan nan nan nan nan nan nan nan nan nan nan
 nan]
WARNING - Chunk 307:
WARNING - NaN values detected in your input data or the output of your objective/model function - fitting algorithms cannot handle this! Please read https://lmfit.github.io/lmfit-py/faq.html#i-get-errors-from-nan-in-my-fit-what-can-i-do for more information.
ERROR - NaN value detected in oversampled model function.
ERROR - <ParameterSet (values: 17)>
    cont_intercept  =  8479.695385434115
    cont_slope      =  -0.5494302737561509
    iod_depth       =  0.767987758126262
    lsf_left_1      =  4.658307411510625
    lsf_left_2      =  -16.131922813035946
    lsf_left_3      =  9.421313443766298
    lsf_left_4      =  -2.991206000154247
    lsf_left_5      =  0.28856253537577703
    lsf_right1      =  6.216232789287116
    lsf_right2      =  -11.75213346843761
    lsf_right3      =  2.3062037869574854
    lsf_right4      =  -0.4440436431950139
    lsf_right5      =  0.14346773100169105
    tem_depth       =  -0.22042655491503005
    velocity        =  1664.8427090860948
    wave_intercept  =  5730.385359098787
    wave_slope      =  0.015157203510570531
ERROR - Evaluated LSF:
ERROR - [nan nan nan nan nan nan nan nan nan nan nan nan nan nan nan nan nan nan
 nan nan nan nan nan nan nan nan nan nan nan nan nan nan nan nan nan nan
 nan nan nan nan nan nan nan nan nan nan nan nan nan nan nan nan nan nan
 nan nan nan nan nan nan nan nan nan nan nan nan nan nan nan nan nan nan
 nan]
WARNING - Chunk 318:
WARNING - NaN values detected in your input data or the output of your objective/model function - fitting algorithms cannot handle this! Please read https://lmfit.github.io/lmfit-py/faq.html#i-get-errors-from-nan-in-my-fit-what-can-i-do for more information.
ERROR - NaN value detected in oversampled model function.
ERROR - <ParameterSet (values: 17)>
    cont_intercept  =  7214.607078783299
    cont_slope      =  2.9897999931815953
    iod_depth       =  0.8030778560202109
    lsf_left_1      =  4.2674844216753485
    lsf_left_2      =  -15.064346139289377
    lsf_left_3      =  1.2682264334030486
    lsf_left_4      =  -3.7925481244714763
    lsf_left_5      =  1.1919537359335033
    lsf_right1      =  7.166528857006624
    lsf_right2      =  -12.744126184693577
    lsf_right3      =  1.641128762997448
    lsf_right4      =  -3.1620653398610603
    lsf_right5      =  1.1893054696762475
    tem_depth       =  0.8955162240213731
    velocity        =  -2480.10168748616
    wave_intercept  =  5761.357678311015
    wave_slope      =  0.017028913450390266
ERROR - Evaluated LSF:
ERROR - [nan nan nan nan nan nan nan nan nan nan nan nan nan nan nan nan nan nan
 nan nan nan nan nan nan nan nan nan nan nan nan nan nan nan nan nan nan
 nan nan nan nan nan nan nan nan nan nan nan nan nan nan nan nan nan nan
 nan nan nan nan nan nan nan nan nan nan nan nan nan nan nan nan nan nan
 nan]
WARNING - Chunk 332:
WARNING - NaN values detected in your input data or the output of your objective/model function - fitting algorithms cannot handle this! Please read https://lmfit.github.io/lmfit-py/faq.html#i-get-errors-from-nan-in-my-fit-what-can-i-do for more information.
ERROR - NaN value detected in oversampled model function.
ERROR - <ParameterSet (values: 17)>
    cont_intercept  =  8594.567021050274
    cont_slope      =  3.2638903584874814
    iod_depth       =  0.924097917441053
    lsf_left_1      =  8.909129035929151
    lsf_left_2      =  -19.316985485345064
    lsf_left_3      =  6.774111237512538
    lsf_left_4      =  -3.5882749043973394
    lsf_left_5      =  0.7821093531764096
    lsf_right1      =  4.468826141868564
    lsf_right2      =  -19.383221122261396
    lsf_right3      =  5.344280802846616
    lsf_right4      =  -1.8368441838595317
    lsf_right5      =  0.15351755506606557
    tem_depth       =  0.46653565813681264
    velocity        =  -9959.415328924246
    wave_intercept  =  5767.919433230576
    wave_slope      =  0.01659682322231242
ERROR - Evaluated LSF:
ERROR - [nan nan nan nan nan nan nan nan nan nan nan nan nan nan nan nan nan nan
 nan nan nan nan nan nan nan nan nan nan nan nan nan nan nan nan nan nan
 nan nan nan nan nan nan nan nan nan nan nan nan nan nan nan nan nan nan
 nan nan nan nan nan nan nan nan nan nan nan nan nan nan nan nan nan nan
 nan]
WARNING - Chunk 335:
WARNING - NaN values detected in your input data or the output of your objective/model function - fitting algorithms cannot handle this! Please read https://lmfit.github.io/lmfit-py/faq.html#i-get-errors-from-nan-in-my-fit-what-can-i-do for more information.
ERROR - NaN value detected in oversampled model function.
ERROR - <ParameterSet (values: 17)>
    cont_intercept  =  8281.458751820028
    cont_slope      =  0.6955430356694134
    iod_depth       =  0.8107003817611177
    lsf_left_1      =  2.43889090613991
    lsf_left_2      =  -17.620269853984944
    lsf_left_3      =  10.020944505473963
    lsf_left_4      =  -3.4239589677963282
    lsf_left_5      =  0.30882348978765906
    lsf_right1      =  4.026699048793103
    lsf_right2      =  -12.831735232070375
    lsf_right3      =  5.709732964042033
    lsf_right4      =  -3.6621266164916055
    lsf_right5      =  0.24114632643508982
    tem_depth       =  1.1136140615259653
    velocity        =  -2012.9060471288822
    wave_intercept  =  5778.391501724514
    wave_slope      =  0.015862808204198935
ERROR - Evaluated LSF:
ERROR - [nan nan nan nan nan nan nan nan nan nan nan nan nan nan nan nan nan nan
 nan nan nan nan nan nan nan nan nan nan nan nan nan nan nan nan nan nan
 nan nan nan nan nan nan nan nan nan nan nan nan nan nan nan nan nan nan
 nan nan nan nan nan nan nan nan nan nan nan nan nan nan nan nan nan nan
 nan]
WARNING - Chunk 340:
WARNING - NaN values detected in your input data or the output of your objective/model function - fitting algorithms cannot handle this! Please read https://lmfit.github.io/lmfit-py/faq.html#i-get-errors-from-nan-in-my-fit-what-can-i-do for more information.
ERROR - NaN value detected in oversampled model function.
ERROR - <ParameterSet (values: 17)>
    cont_intercept  =  7850.846395409516
    cont_slope      =  -0.1145174101074849
    iod_depth       =  0.7077671775694794
    lsf_left_1      =  8.128589779632312
    lsf_left_2      =  -16.66645317920242
    lsf_left_3      =  3.728518879569178
    lsf_left_4      =  -1.2370712183855725
    lsf_left_5      =  0.1329684512264739
    lsf_right1      =  5.186206432672687
    lsf_right2      =  -17.101924762839843
    lsf_right3      =  6.336331983797309
    lsf_right4      =  -2.4808023619897916
    lsf_right5      =  0.7662884123604974
    tem_depth       =  0.8345438369759053
    velocity        =  -2109.6921701567744
    wave_intercept  =  5782.449487976894
    wave_slope      =  0.015368927010586156
ERROR - Evaluated LSF:
ERROR - [nan nan nan nan nan nan nan nan nan nan nan nan nan nan nan nan nan nan
 nan nan nan nan nan nan nan nan nan nan nan nan nan nan nan nan nan nan
 nan nan nan nan nan nan nan nan nan nan nan nan nan nan nan nan nan nan
 nan nan nan nan nan nan nan nan nan nan nan nan nan nan nan nan nan nan
 nan]
WARNING - Chunk 342:
WARNING - NaN values detected in your input data or the output of your objective/model function - fitting algorithms cannot handle this! Please read https://lmfit.github.io/lmfit-py/faq.html#i-get-errors-from-nan-in-my-fit-what-can-i-do for more information.
ERROR - NaN value detected in oversampled model function.
ERROR - <ParameterSet (values: 17)>
    cont_intercept  =  6887.210773684299
    cont_slope      =  -4.531416893924767
    iod_depth       =  0.6184297380781402
    lsf_left_1      =  4.924975768028238
    lsf_left_2      =  -12.32067363215549
    lsf_left_3      =  6.284455556792634
    lsf_left_4      =  -3.3942347884136916
    lsf_left_5      =  1.1131024495507498
    lsf_right1      =  4.042584444171414
    lsf_right2      =  -18.958482161395768
    lsf_right3      =  4.490307986539108
    lsf_right4      =  -0.9011932228136348
    lsf_right5      =  0.2055925622918227
    tem_depth       =  -0.5467270562687677
    velocity        =  -10511.081264809984
    wave_intercept  =  5795.961486491168
    wave_slope      =  0.01437079472732536
ERROR - Evaluated LSF:
ERROR - [nan nan nan nan nan nan nan nan nan nan nan nan nan nan nan nan nan nan
 nan nan nan nan nan nan nan nan nan nan nan nan nan nan nan nan nan nan
 nan nan nan nan nan nan nan nan nan nan nan nan nan nan nan nan nan nan
 nan nan nan nan nan nan nan nan nan nan nan nan nan nan nan nan nan nan
 nan]
WARNING - Chunk 349:
WARNING - NaN values detected in your input data or the output of your objective/model function - fitting algorithms cannot handle this! Please read https://lmfit.github.io/lmfit-py/faq.html#i-get-errors-from-nan-in-my-fit-what-can-i-do for more information.
ERROR - Chunk 357: No Data! Returning LmfitResult with None.
ERROR - NaN value detected in oversampled model function.
ERROR - <ParameterSet (values: 17)>
    cont_intercept  =  9005.794022525031
    cont_slope      =  0.006072459629880223
    iod_depth       =  0.8000088078393427
    lsf_left_1      =  3.032720446461557
    lsf_left_2      =  -18.33359906961076
    lsf_left_3      =  7.859778545475843
    lsf_left_4      =  -3.288336793993536
    lsf_left_5      =  1.1720025643366188
    lsf_right1      =  3.5519359352774584
    lsf_right2      =  -19.04397093786493
    lsf_right3      =  1.1958697681606298
    lsf_right4      =  -2.1594220103602138
    lsf_right5      =  1.170908507967235
    tem_depth       =  0.05074953167019569
    velocity        =  -20892.17507056619
    wave_intercept  =  5827.137868131469
    wave_slope      =  0.016348236313384987
ERROR - Evaluated LSF:
ERROR - [nan nan nan nan nan nan nan nan nan nan nan nan nan nan nan nan nan nan
 nan nan nan nan nan nan nan nan nan nan nan nan nan nan nan nan nan nan
 nan nan nan nan nan nan nan nan nan nan nan nan nan nan nan nan nan nan
 nan nan nan nan nan nan nan nan nan nan nan nan nan nan nan nan nan nan
 nan]
WARNING - Chunk 362:
WARNING - NaN values detected in your input data or the output of your objective/model function - fitting algorithms cannot handle this! Please read https://lmfit.github.io/lmfit-py/faq.html#i-get-errors-from-nan-in-my-fit-what-can-i-do for more information.
ERROR - Chunk 366: No Data! Returning LmfitResult with None.
ERROR - NaN value detected in oversampled model function.
ERROR - <ParameterSet (values: 17)>
    cont_intercept  =  7036.428953787903
    cont_slope      =  3.1360271891696176
    iod_depth       =  0.7286552094916589
    lsf_left_1      =  3.71343726449067
    lsf_left_2      =  -18.29741207891048
    lsf_left_3      =  1.6390962564579425
    lsf_left_4      =  -1.759117386899832
    lsf_left_5      =  0.6255724320412288
    lsf_right1      =  3.810748262290087
    lsf_right2      =  -13.06054749124187
    lsf_right3      =  5.672069011056658
    lsf_right4      =  -1.8637990261485835
    lsf_right5      =  0.13547038914168738
    tem_depth       =  0.9514582157091473
    velocity        =  -2517.364379033932
    wave_intercept  =  5867.590512308245
    wave_slope      =  0.017773294035884655
ERROR - Evaluated LSF:
ERROR - [nan nan nan nan nan nan nan nan nan nan nan nan nan nan nan nan nan nan
 nan nan nan nan nan nan nan nan nan nan nan nan nan nan nan nan nan nan
 nan nan nan nan nan nan nan nan nan nan nan nan nan nan nan nan nan nan
 nan nan nan nan nan nan nan nan nan nan nan nan nan nan nan nan nan nan
 nan]
WARNING - Chunk 380:
WARNING - NaN values detected in your input data or the output of your objective/model function - fitting algorithms cannot handle this! Please read https://lmfit.github.io/lmfit-py/faq.html#i-get-errors-from-nan-in-my-fit-what-can-i-do for more information.
ERROR - NaN value detected in oversampled model function.
ERROR - <ParameterSet (values: 17)>
    cont_intercept  =  8614.999348865811
    cont_slope      =  0.17626674142101015
    iod_depth       =  0.22815371583416227
    lsf_left_1      =  5.6167185839053815
    lsf_left_2      =  -19.208478291348726
    lsf_left_3      =  1.1389525901940305
    lsf_left_4      =  -3.961037886664758
    lsf_left_5      =  0.1335000690780285
    lsf_right1      =  2.1202769945962463
    lsf_right2      =  -19.397489759170924
    lsf_right3      =  1.6195814225337841
    lsf_right4      =  -3.3181981201691437
    lsf_right5      =  0.6325284395240547
    tem_depth       =  1.3388906658787572
    velocity        =  -1761.168936294581
    wave_intercept  =  5874.394890893975
    wave_slope      =  0.017304879155717177
ERROR - Evaluated LSF:
ERROR - [nan nan nan nan nan nan nan nan nan nan nan nan nan nan nan nan nan nan
 nan nan nan nan nan nan nan nan nan nan nan nan nan nan nan nan nan nan
 nan nan nan nan nan nan nan nan nan nan nan nan nan nan nan nan nan nan
 nan nan nan nan nan nan nan nan nan nan nan nan nan nan nan nan nan nan
 nan]
WARNING - Chunk 383:
WARNING - NaN values detected in your input data or the output of your objective/model function - fitting algorithms cannot handle this! Please read https://lmfit.github.io/lmfit-py/faq.html#i-get-errors-from-nan-in-my-fit-what-can-i-do for more information.
ERROR - NaN value detected in oversampled model function.
ERROR - <ParameterSet (values: 17)>
    cont_intercept  =  8885.431406148116
    cont_slope      =  1.8924906117009195
    iod_depth       =  0.7162396064478218
    lsf_left_1      =  4.17874865118503
    lsf_left_2      =  -19.263857345774774
    lsf_left_3      =  2.650380397089717
    lsf_left_4      =  -3.952406797204919
    lsf_left_5      =  0.5860684579568884
    lsf_right1      =  3.2717411896188087
    lsf_right2      =  -15.70567443732265
    lsf_right3      =  9.930535164746114
    lsf_right4      =  -3.9201548895695972
    lsf_right5      =  0.8257730197728936
    tem_depth       =  -0.26490165349279093
    velocity        =  -25551.966377509223
    wave_intercept  =  5880.987887227675
    wave_slope      =  0.016773791334826118
ERROR - Evaluated LSF:
ERROR - [nan nan nan nan nan nan nan nan nan nan nan nan nan nan nan nan nan nan
 nan nan nan nan nan nan nan nan nan nan nan nan nan nan nan nan nan nan
 nan nan nan nan nan nan nan nan nan nan nan nan nan nan nan nan nan nan
 nan nan nan nan nan nan nan nan nan nan nan nan nan nan nan nan nan nan
 nan]
WARNING - Chunk 386:
WARNING - NaN values detected in your input data or the output of your objective/model function - fitting algorithms cannot handle this! Please read https://lmfit.github.io/lmfit-py/faq.html#i-get-errors-from-nan-in-my-fit-what-can-i-do for more information.
ERROR - NaN value detected in oversampled model function.
ERROR - <ParameterSet (values: 17)>
    cont_intercept  =  9457.940563376305
    cont_slope      =  -0.4878184100589681
    iod_depth       =  0.7292799076703814
    lsf_left_1      =  2.8543749072977818
    lsf_left_2      =  -18.8914465265394
    lsf_left_3      =  5.636884897991159
    lsf_left_4      =  -1.452223447960204
    lsf_left_5      =  0.4782385901949438
    lsf_right1      =  3.287778796990338
    lsf_right2      =  -19.06728736650076
    lsf_right3      =  7.759263566003773
    lsf_right4      =  -3.311125720326315
    lsf_right5      =  0.7208521128822499
    tem_depth       =  0.9691011783643381
    velocity        =  -2057.3221903038016
    wave_intercept  =  5948.780199823753
    wave_slope      =  0.016016575187501915
ERROR - Evaluated LSF:
ERROR - [nan nan nan nan nan nan nan nan nan nan nan nan nan nan nan nan nan nan
 nan nan nan nan nan nan nan nan nan nan nan nan nan nan nan nan nan nan
 nan nan nan nan nan nan nan nan nan nan nan nan nan nan nan nan nan nan
 nan nan nan nan nan nan nan nan nan nan nan nan nan nan nan nan nan nan
 nan]
WARNING - Chunk 416:
WARNING - NaN values detected in your input data or the output of your objective/model function - fitting algorithms cannot handle this! Please read https://lmfit.github.io/lmfit-py/faq.html#i-get-errors-from-nan-in-my-fit-what-can-i-do for more information.
ERROR - NaN value detected in oversampled model function.
ERROR - <ParameterSet (values: 17)>
    cont_intercept  =  9068.685966393525
    cont_slope      =  -20.202596352928673
    iod_depth       =  0.6753164811019148
    lsf_left_1      =  7.2659440525750725
    lsf_left_2      =  -14.460537779059486
    lsf_left_3      =  9.043652532461934
    lsf_left_4      =  -2.8674746889169143
    lsf_left_5      =  0.18318605252113
    lsf_right1      =  2.1748769238815915
    lsf_right2      =  -18.649087706457124
    lsf_right3      =  3.7709170085725545
    lsf_right4      =  -3.565779536976592
    lsf_right5      =  1.0409036138111896
    tem_depth       =  -0.4674886614273643
    velocity        =  -21591.898615495407
    wave_intercept  =  5952.831156926224
    wave_slope      =  0.01290289449038043
ERROR - Evaluated LSF:
ERROR - [nan nan nan nan nan nan nan nan nan nan nan nan nan nan nan nan nan nan
 nan nan nan nan nan nan nan nan nan nan nan nan nan nan nan nan nan nan
 nan nan nan nan nan nan nan nan nan nan nan nan nan nan nan nan nan nan
 nan nan nan nan nan nan nan nan nan nan nan nan nan nan nan nan nan nan
 nan]
WARNING - Chunk 418:
WARNING - NaN values detected in your input data or the output of your objective/model function - fitting algorithms cannot handle this! Please read https://lmfit.github.io/lmfit-py/faq.html#i-get-errors-from-nan-in-my-fit-what-can-i-do for more information.
ERROR - NaN value detected in oversampled model function.
ERROR - <ParameterSet (values: 17)>
    cont_intercept  =  8053.410053996462
    cont_slope      =  -1.5505984924175988
    iod_depth       =  0.747956722014387
    lsf_left_1      =  2.1843835854105724
    lsf_left_2      =  -18.988789686395066
    lsf_left_3      =  9.396687703268835
    lsf_left_4      =  -2.2929104876460507
    lsf_left_5      =  0.31534433382228777
    lsf_right1      =  2.167662250451123
    lsf_right2      =  -17.68018059334045
    lsf_right3      =  1.260774764112205
    lsf_right4      =  -1.1974475632071009
    lsf_right5      =  0.6567716710632403
    tem_depth       =  0.7829709696687247
    velocity        =  -2600.0934055204193
    wave_intercept  =  5956.95156756021
    wave_slope      =  0.015317122054599706
ERROR - Evaluated LSF:
ERROR - [nan nan nan nan nan nan nan nan nan nan nan nan nan nan nan nan nan nan
 nan nan nan nan nan nan nan nan nan nan nan nan nan nan nan nan nan nan
 nan nan nan nan nan nan nan nan nan nan nan nan nan nan nan nan nan nan
 nan nan nan nan nan nan nan nan nan nan nan nan nan nan nan nan nan nan
 nan]
WARNING - Chunk 420:
WARNING - NaN values detected in your input data or the output of your objective/model function - fitting algorithms cannot handle this! Please read https://lmfit.github.io/lmfit-py/faq.html#i-get-errors-from-nan-in-my-fit-what-can-i-do for more information.
ERROR - NaN value detected in oversampled model function.
ERROR - <ParameterSet (values: 17)>
    cont_intercept  =  8869.100693149028
    cont_slope      =  -0.13015037933803142
    iod_depth       =  0.3823337277488601
    lsf_left_1      =  3.5700016045197387
    lsf_left_2      =  -18.859570239872173
    lsf_left_3      =  10.054313006324179
    lsf_left_4      =  -3.837272640277554
    lsf_left_5      =  1.1066512219299045
    lsf_right1      =  8.819179955345533
    lsf_right2      =  -15.874505420162526
    lsf_right3      =  4.072619025685004
    lsf_right4      =  -2.3115079206702185
    lsf_right5      =  0.37719602106994427
    tem_depth       =  -0.3700379599664988
    velocity        =  -7177.005386874202
    wave_intercept  =  5991.918731013617
    wave_slope      =  0.017550069414365817
ERROR - Evaluated LSF:
ERROR - [nan nan nan nan nan nan nan nan nan nan nan nan nan nan nan nan nan nan
 nan nan nan nan nan nan nan nan nan nan nan nan nan nan nan nan nan nan
 nan nan nan nan nan nan nan nan nan nan nan nan nan nan nan nan nan nan
 nan nan nan nan nan nan nan nan nan nan nan nan nan nan nan nan nan nan
 nan]
WARNING - Chunk 434:
WARNING - NaN values detected in your input data or the output of your objective/model function - fitting algorithms cannot handle this! Please read https://lmfit.github.io/lmfit-py/faq.html#i-get-errors-from-nan-in-my-fit-what-can-i-do for more information.
ERROR - NaN value detected in oversampled model function.
ERROR - <ParameterSet (values: 17)>
    cont_intercept  =  8330.793735938678
    cont_slope      =  -1.4750426085445698
    iod_depth       =  0.23124778714913513
    lsf_left_1      =  4.256283677663778
    lsf_left_2      =  -16.54418114276511
    lsf_left_3      =  5.149199168717325
    lsf_left_4      =  -3.1262070820329297
    lsf_left_5      =  0.24742130126622397
    lsf_right1      =  2.2657254721329085
    lsf_right2      =  -9.967506975119573
    lsf_right3      =  1.7146732323596234
    lsf_right4      =  -2.317150172351414
    lsf_right5      =  0.6385800194790108
    tem_depth       =  0.8687647936604347
    velocity        =  -1204.1855558558836
    wave_intercept  =  6017.350809237072
    wave_slope      =  0.015289961215575215
ERROR - Evaluated LSF:
ERROR - [nan nan nan nan nan nan nan nan nan nan nan nan nan nan nan nan nan nan
 nan nan nan nan nan nan nan nan nan nan nan nan nan nan nan nan nan nan
 nan nan nan nan nan nan nan nan nan nan nan nan nan nan nan nan nan nan
 nan nan nan nan nan nan nan nan nan nan nan nan nan nan nan nan nan nan
 nan]
WARNING - Chunk 446:
WARNING - NaN values detected in your input data or the output of your objective/model function - fitting algorithms cannot handle this! Please read https://lmfit.github.io/lmfit-py/faq.html#i-get-errors-from-nan-in-my-fit-what-can-i-do for more information.
ERROR - Chunk 470: No Data! Returning LmfitResult with None.
ERROR - NaN value detected in oversampled model function.
ERROR - <ParameterSet (values: 17)>
    cont_intercept  =  7316.124533361019
    cont_slope      =  4.518230682803155
    iod_depth       =  0.6958326198147216
    lsf_left_1      =  2.193396297347721
    lsf_left_2      =  -18.760673430210115
    lsf_left_3      =  6.213144454909298
    lsf_left_4      =  -3.9610135562328757
    lsf_left_5      =  0.15070169841989384
    lsf_right1      =  8.77672998808455
    lsf_right2      =  -18.164651642695695
    lsf_right3      =  9.781117443190904
    lsf_right4      =  -3.9422929255065386
    lsf_right5      =  0.1330422060329181
    tem_depth       =  -0.1529119854494139
    velocity        =  -22006.40977100258
    wave_intercept  =  6099.874013297095
    wave_slope      =  0.018704048953170908
ERROR - Evaluated LSF:
ERROR - [nan nan nan nan nan nan nan nan nan nan nan nan nan nan nan nan nan nan
 nan nan nan nan nan nan nan nan nan nan nan nan nan nan nan nan nan nan
 nan nan nan nan nan nan nan nan nan nan nan nan nan nan nan nan nan nan
 nan nan nan nan nan nan nan nan nan nan nan nan nan nan nan nan nan nan
 nan]
WARNING - Chunk 479:
WARNING - NaN values detected in your input data or the output of your objective/model function - fitting algorithms cannot handle this! Please read https://lmfit.github.io/lmfit-py/faq.html#i-get-errors-from-nan-in-my-fit-what-can-i-do for more information.
ERROR - NaN value detected in oversampled model function.
ERROR - <ParameterSet (values: 17)>
    cont_intercept  =  9419.566803635182
    cont_slope      =  -1.9182446897838237
    iod_depth       =  0.5609750305338609
    lsf_left_1      =  2.4689416818155694
    lsf_left_2      =  -19.3880163326203
    lsf_left_3      =  6.052176456123655
    lsf_left_4      =  -3.071455666526651
    lsf_left_5      =  0.24795867831093227
    lsf_right1      =  5.980963938864054
    lsf_right2      =  -12.606586723682167
    lsf_right3      =  1.3437314323850733
    lsf_right4      =  -3.8627394084816373
    lsf_right5      =  1.1901185865652046
    tem_depth       =  -0.31537878344389736
    velocity        =  -10122.918572252096
    wave_intercept  =  6133.549814264089
    wave_slope      =  0.01600163334542987
ERROR - Evaluated LSF:
ERROR - [nan nan nan nan nan nan nan nan nan nan nan nan nan nan nan nan nan nan
 nan nan nan nan nan nan nan nan nan nan nan nan nan nan nan nan nan nan
 nan nan nan nan nan nan nan nan nan nan nan nan nan nan nan nan nan nan
 nan nan nan nan nan nan nan nan nan nan nan nan nan nan nan nan nan nan
 nan]
WARNING - Chunk 494:
WARNING - NaN values detected in your input data or the output of your objective/model function - fitting algorithms cannot handle this! Please read https://lmfit.github.io/lmfit-py/faq.html#i-get-errors-from-nan-in-my-fit-what-can-i-do for more information.
ERROR - NaN value detected in oversampled model function.
ERROR - <ParameterSet (values: 17)>
    cont_intercept  =  8963.529259273102
    cont_slope      =  -5.977369774377021
    iod_depth       =  0.36559011028782024
    lsf_left_1      =  10.878689061292812
    lsf_left_2      =  -18.77827307161692
    lsf_left_3      =  1.8019237429190809
    lsf_left_4      =  -3.959845023488977
    lsf_left_5      =  1.1542563952197802
    lsf_right1      =  2.5247424459693475
    lsf_right2      =  -13.894555247248363
    lsf_right3      =  6.283474222742483
    lsf_right4      =  -1.440840394931854
    lsf_right5      =  0.20778063849724007
    tem_depth       =  -0.27944505788658575
    velocity        =  -15247.110519572503
    wave_intercept  =  6135.609740117901
    wave_slope      =  0.01578460635480574
ERROR - Evaluated LSF:
ERROR - [nan nan nan nan nan nan nan nan nan nan nan nan nan nan nan nan nan nan
 nan nan nan nan nan nan nan nan nan nan nan nan nan nan nan nan nan nan
 nan nan nan nan nan nan nan nan nan nan nan nan nan nan nan nan nan nan
 nan nan nan nan nan nan nan nan nan nan nan nan nan nan nan nan nan nan
 nan]
WARNING - Chunk 495:
WARNING - NaN values detected in your input data or the output of your objective/model function - fitting algorithms cannot handle this! Please read https://lmfit.github.io/lmfit-py/faq.html#i-get-errors-from-nan-in-my-fit-what-can-i-do for more information.
ERROR - NaN value detected in oversampled model function.
ERROR - <ParameterSet (values: 17)>
    cont_intercept  =  8326.38562364269
    cont_slope      =  -2.988001932193976
    iod_depth       =  0.6092140233037332
    lsf_left_1      =  2.315869643654903
    lsf_left_2      =  -11.648274480234779
    lsf_left_3      =  3.1950394076586277
    lsf_left_4      =  -2.4517105354166633
    lsf_left_5      =  0.7237592405638851
    lsf_right1      =  3.71162162823989
    lsf_right2      =  -19.387334124039644
    lsf_right3      =  6.653105973078373
    lsf_right4      =  -3.8757441150525462
    lsf_right5      =  0.1390651071623381
    tem_depth       =  0.9201890011477953
    velocity        =  -2011.105575532087
    wave_intercept  =  6139.712981335096
    wave_slope      =  0.01536668250640588
ERROR - Evaluated LSF:
ERROR - [nan nan nan nan nan nan nan nan nan nan nan nan nan nan nan nan nan nan
 nan nan nan nan nan nan nan nan nan nan nan nan nan nan nan nan nan nan
 nan nan nan nan nan nan nan nan nan nan nan nan nan nan nan nan nan nan
 nan nan nan nan nan nan nan nan nan nan nan nan nan nan nan nan nan nan
 nan]
WARNING - Chunk 497:
WARNING - NaN values detected in your input data or the output of your objective/model function - fitting algorithms cannot handle this! Please read https://lmfit.github.io/lmfit-py/faq.html#i-get-errors-from-nan-in-my-fit-what-can-i-do for more information.
ERROR - NaN value detected in oversampled model function.
ERROR - <ParameterSet (values: 17)>
    cont_intercept  =  4998.326399658936
    cont_slope      =  3.9263968312802073
    iod_depth       =  0.24610648607377664
    lsf_left_1      =  3.8901377608983525
    lsf_left_2      =  -18.204746002308614
    lsf_left_3      =  3.308427675969994
    lsf_left_4      =  -2.0665846734517856
    lsf_left_5      =  1.1677578431900444
    lsf_right1      =  2.2931143940970533
    lsf_right2      =  -13.284098758708689
    lsf_right3      =  1.1391607021943297
    lsf_right4      =  -3.961033841147489
    lsf_right5      =  0.14019844402224185
    tem_depth       =  0.8677674755514967
    velocity        =  -2090.0786352923114
    wave_intercept  =  6151.544449270325
    wave_slope      =  0.019447071881680655
ERROR - Evaluated LSF:
ERROR - [nan nan nan nan nan nan nan nan nan nan nan nan nan nan nan nan nan nan
 nan nan nan nan nan nan nan nan nan nan nan nan nan nan nan nan nan nan
 nan nan nan nan nan nan nan nan nan nan nan nan nan nan nan nan nan nan
 nan nan nan nan nan nan nan nan nan nan nan nan nan nan nan nan nan nan
 nan]
WARNING - Chunk 500:
WARNING - NaN values detected in your input data or the output of your objective/model function - fitting algorithms cannot handle this! Please read https://lmfit.github.io/lmfit-py/faq.html#i-get-errors-from-nan-in-my-fit-what-can-i-do for more information.
ERROR - NaN value detected in oversampled model function.
ERROR - <ParameterSet (values: 17)>
    cont_intercept  =  5600.692751404339
    cont_slope      =  5.059275515280472
    iod_depth       =  0.10979614039575691
    lsf_left_1      =  2.091593682944434
    lsf_left_2      =  -14.914560176789383
    lsf_left_3      =  1.1709749160260912
    lsf_left_4      =  -3.1149280522950473
    lsf_left_5      =  1.1779358573243492
    lsf_right1      =  2.6359647854991994
    lsf_right2      =  -18.79051984240394
    lsf_right3      =  2.845564187889704
    lsf_right4      =  -3.0029827580611945
    lsf_right5      =  1.1185147293167907
    tem_depth       =  1.0076368844565131
    velocity        =  -2109.613550214323
    wave_intercept  =  6154.092430852328
    wave_slope      =  0.01934635813309934
ERROR - Evaluated LSF:
ERROR - [nan nan nan nan nan nan nan nan nan nan nan nan nan nan nan nan nan nan
 nan nan nan nan nan nan nan nan nan nan nan nan nan nan nan nan nan nan
 nan nan nan nan nan nan nan nan nan nan nan nan nan nan nan nan nan nan
 nan nan nan nan nan nan nan nan nan nan nan nan nan nan nan nan nan nan
 nan]
WARNING - Chunk 501:
WARNING - NaN values detected in your input data or the output of your objective/model function - fitting algorithms cannot handle this! Please read https://lmfit.github.io/lmfit-py/faq.html#i-get-errors-from-nan-in-my-fit-what-can-i-do for more information.
ERROR - NaN value detected in oversampled model function.
ERROR - <ParameterSet (values: 17)>
    cont_intercept  =  8361.260393018018
    cont_slope      =  1.08166762836345
    iod_depth       =  0.6069691998882235
    lsf_left_1      =  4.612693307234242
    lsf_left_2      =  -16.994292358820204
    lsf_left_3      =  8.262102663790289
    lsf_left_4      =  -2.895739342464661
    lsf_left_5      =  0.8536639767996079
    lsf_right1      =  6.922669924314241
    lsf_right2      =  -18.224415913607665
    lsf_right3      =  3.4599291763630458
    lsf_right4      =  -2.286641495928107
    lsf_right5      =  0.8767818972765785
    tem_depth       =  0.921944610523868
    velocity        =  -2437.109607144623
    wave_intercept  =  6171.101703542455
    wave_slope      =  0.018018937788220325
ERROR - Evaluated LSF:
ERROR - [nan nan nan nan nan nan nan nan nan nan nan nan nan nan nan nan nan nan
 nan nan nan nan nan nan nan nan nan nan nan nan nan nan nan nan nan nan
 nan nan nan nan nan nan nan nan nan nan nan nan nan nan nan nan nan nan
 nan nan nan nan nan nan nan nan nan nan nan nan nan nan nan nan nan nan
 nan]
WARNING - Chunk 508:
WARNING - NaN values detected in your input data or the output of your objective/model function - fitting algorithms cannot handle this! Please read https://lmfit.github.io/lmfit-py/faq.html#i-get-errors-from-nan-in-my-fit-what-can-i-do for more information.
ERROR - NaN value detected in oversampled model function.
ERROR - <ParameterSet (values: 17)>
    cont_intercept  =  10144.029855703797
    cont_slope      =  0.23396432063807127
    iod_depth       =  0.33399978804046
    lsf_left_1      =  2.1155667137063823
    lsf_left_2      =  -10.743526727937963
    lsf_left_3      =  1.1534514632142776
    lsf_left_4      =  -1.641656843464672
    lsf_left_5      =  1.032740982731882
    lsf_right1      =  2.102761597871173
    lsf_right2      =  -11.112813630079028
    lsf_right3      =  7.553061936900997
    lsf_right4      =  -3.168179709258839
    lsf_right5      =  0.14794551735908518
    tem_depth       =  0.42104637392049293
    velocity        =  -2570.8608281717416
    wave_intercept  =  6182.529147813264
    wave_slope      =  0.01697475087645537
ERROR - Evaluated LSF:
ERROR - [nan nan nan nan nan nan nan nan nan nan nan nan nan nan nan nan nan nan
 nan nan nan nan nan nan nan nan nan nan nan nan nan nan nan nan nan nan
 nan nan nan nan nan nan nan nan nan nan nan nan nan nan nan nan nan nan
 nan nan nan nan nan nan nan nan nan nan nan nan nan nan nan nan nan nan
 nan]
WARNING - Chunk 513:
WARNING - NaN values detected in your input data or the output of your objective/model function - fitting algorithms cannot handle this! Please read https://lmfit.github.io/lmfit-py/faq.html#i-get-errors-from-nan-in-my-fit-what-can-i-do for more information.
ERROR - NaN value detected in oversampled model function.
ERROR - <ParameterSet (values: 17)>
    cont_intercept  =  8746.663538302882
    cont_slope      =  -4.155128983082495
    iod_depth       =  0.5959502589439464
    lsf_left_1      =  3.8166678797218214
    lsf_left_2      =  -17.297579290923906
    lsf_left_3      =  1.1625533670896482
    lsf_left_4      =  -3.9101235275380026
    lsf_left_5      =  0.34693010622831666
    lsf_right1      =  7.21916282041262
    lsf_right2      =  -18.606785069228472
    lsf_right3      =  1.235145360581908
    lsf_right4      =  -3.95837671087649
    lsf_right5      =  0.9011076273364585
    tem_depth       =  -0.1862291872935562
    velocity        =  -7908.364027646893
    wave_intercept  =  6197.624985179326
    wave_slope      =  0.015917677020113912
ERROR - Evaluated LSF:
ERROR - [nan nan nan nan nan nan nan nan nan nan nan nan nan nan nan nan nan nan
 nan nan nan nan nan nan nan nan nan nan nan nan nan nan nan nan nan nan
 nan nan nan nan nan nan nan nan nan nan nan nan nan nan nan nan nan nan
 nan nan nan nan nan nan nan nan nan nan nan nan nan nan nan nan nan nan
 nan]
WARNING - Chunk 520:
WARNING - NaN values detected in your input data or the output of your objective/model function - fitting algorithms cannot handle this! Please read https://lmfit.github.io/lmfit-py/faq.html#i-get-errors-from-nan-in-my-fit-what-can-i-do for more information.
ERROR - NaN value detected in oversampled model function.
ERROR - <ParameterSet (values: 17)>
    cont_intercept  =  5047.706637939692
    cont_slope      =  3.593452359366678
    iod_depth       =  0.3875625999456198
    lsf_left_1      =  2.206131663880641
    lsf_left_2      =  -9.55101453303915
    lsf_left_3      =  1.6486064739507764
    lsf_left_4      =  -3.726378174885899
    lsf_left_5      =  0.22523222094309236
    lsf_right1      =  4.254033585545772
    lsf_right2      =  -14.43980225321238
    lsf_right3      =  1.2854779812379133
    lsf_right4      =  -3.922274156021551
    lsf_right5      =  0.1404409274862102
    tem_depth       =  0.943551861200383
    velocity        =  -2703.951587151656
    wave_intercept  =  6214.417432989744
    wave_slope      =  0.019694695572811373
ERROR - Evaluated LSF:
ERROR - [nan nan nan nan nan nan nan nan nan nan nan nan nan nan nan nan nan nan
 nan nan nan nan nan nan nan nan nan nan nan nan nan nan nan nan nan nan
 nan nan nan nan nan nan nan nan nan nan nan nan nan nan nan nan nan nan
 nan nan nan nan nan nan nan nan nan nan nan nan nan nan nan nan nan nan
 nan]
WARNING - Chunk 525:
WARNING - NaN values detected in your input data or the output of your objective/model function - fitting algorithms cannot handle this! Please read https://lmfit.github.io/lmfit-py/faq.html#i-get-errors-from-nan-in-my-fit-what-can-i-do for more information.
ERROR - Chunk 537: No Data! Returning LmfitResult with None.
ERROR - NaN value detected in oversampled model function.
ERROR - <ParameterSet (values: 17)>
    cont_intercept  =  9367.772947060143
    cont_slope      =  2.256462616743146
    iod_depth       =  0.738872141444043
    lsf_left_1      =  5.595060981647477
    lsf_left_2      =  -15.413107784196828
    lsf_left_3      =  5.36093730795132
    lsf_left_4      =  -1.1986741084675478
    lsf_left_5      =  0.1698802651088461
    lsf_right1      =  10.217626295700079
    lsf_right2      =  -19.13143901555492
    lsf_right3      =  1.1394501738455094
    lsf_right4      =  -3.840664745565565
    lsf_right5      =  0.4974336231794837
    tem_depth       =  0.9769788258086338
    velocity        =  -2128.7529980131158
    wave_intercept  =  6252.28623752773
    wave_slope      =  0.016764017048712044
ERROR - Evaluated LSF:
ERROR - [nan nan nan nan nan nan nan nan nan nan nan nan nan nan nan nan nan nan
 nan nan nan nan nan nan nan nan nan nan nan nan nan nan nan nan nan nan
 nan nan nan nan nan nan nan nan nan nan nan nan nan nan nan nan nan nan
 nan nan nan nan nan nan nan nan nan nan nan nan nan nan nan nan nan nan
 nan]
WARNING - Chunk 541:
WARNING - NaN values detected in your input data or the output of your objective/model function - fitting algorithms cannot handle this! Please read https://lmfit.github.io/lmfit-py/faq.html#i-get-errors-from-nan-in-my-fit-what-can-i-do for more information.
ERROR - Chunk 544: No Data! Returning LmfitResult with None.
ERROR - NaN value detected in oversampled model function.
ERROR - <ParameterSet (values: 17)>
    cont_intercept  =  4915.431097732016
    cont_slope      =  4.736204121762636
    iod_depth       =  0.5799197572504823
    lsf_left_1      =  4.491626507634518
    lsf_left_2      =  -7.949504637203125
    lsf_left_3      =  3.434381745093761
    lsf_left_4      =  -3.9503589482943955
    lsf_left_5      =  0.391947139064039
    lsf_right1      =  2.151459954976112
    lsf_right2      =  -17.711612979826235
    lsf_right3      =  1.284908278810754
    lsf_right4      =  -2.149869031239167
    lsf_right5      =  1.053406838345564
    tem_depth       =  0.9015401021748449
    velocity        =  -887.1192798375517
    wave_intercept  =  6278.382119869458
    wave_slope      =  0.019925992341339904
ERROR - Evaluated LSF:
ERROR - [nan nan nan nan nan nan nan nan nan nan nan nan nan nan nan nan nan nan
 nan nan nan nan nan nan nan nan nan nan nan nan nan nan nan nan nan nan
 nan nan nan nan nan nan nan nan nan nan nan nan nan nan nan nan nan nan
 nan nan nan nan nan nan nan nan nan nan nan nan nan nan nan nan nan nan
 nan]
WARNING - Chunk 550:
WARNING - NaN values detected in your input data or the output of your objective/model function - fitting algorithms cannot handle this! Please read https://lmfit.github.io/lmfit-py/faq.html#i-get-errors-from-nan-in-my-fit-what-can-i-do for more information.
ERROR - NaN value detected in oversampled model function.
ERROR - <ParameterSet (values: 17)>
    cont_intercept  =  6919.815197354668
    cont_slope      =  3.534356609575908
    iod_depth       =  0.6680108699125035
    lsf_left_1      =  2.584381859906462
    lsf_left_2      =  -16.42514856798108
    lsf_left_3      =  1.525069744753234
    lsf_left_4      =  -3.806356059497273
    lsf_left_5      =  1.135666227216378
    lsf_right1      =  9.512520413277478
    lsf_right2      =  -19.39708175556049
    lsf_right3      =  1.1389524255955488
    lsf_right4      =  -3.5573775765869255
    lsf_right5      =  0.7308935748463606
    tem_depth       =  0.9574352549394687
    velocity        =  -1518.5702614500638
    wave_intercept  =  6286.047356370605
    wave_slope      =  0.019285735400655757
ERROR - Evaluated LSF:
ERROR - [nan nan nan nan nan nan nan nan nan nan nan nan nan nan nan nan nan nan
 nan nan nan nan nan nan nan nan nan nan nan nan nan nan nan nan nan nan
 nan nan nan nan nan nan nan nan nan nan nan nan nan nan nan nan nan nan
 nan nan nan nan nan nan nan nan nan nan nan nan nan nan nan nan nan nan
 nan]
WARNING - Chunk 553:
WARNING - NaN values detected in your input data or the output of your objective/model function - fitting algorithms cannot handle this! Please read https://lmfit.github.io/lmfit-py/faq.html#i-get-errors-from-nan-in-my-fit-what-can-i-do for more information.
ERROR - NaN value detected in oversampled model function.
ERROR - <ParameterSet (values: 17)>
    cont_intercept  =  8274.070546091521
    cont_slope      =  4.1216730914768736
    iod_depth       =  0.9253611002436304
    lsf_left_1      =  10.356208161861629
    lsf_left_2      =  -17.745232222947134
    lsf_left_3      =  1.1825445015375011
    lsf_left_4      =  -1.521222808326009
    lsf_left_5      =  0.5870093263756757
    lsf_right1      =  2.541209839242922
    lsf_right2      =  -17.085614762714634
    lsf_right3      =  1.1427671975718656
    lsf_right4      =  -0.5054306353386147
    lsf_right5      =  0.27036262504545305
    tem_depth       =  -0.38792405920423284
    velocity        =  -14255.182987204045
    wave_intercept  =  6293.426631952879
    wave_slope      =  0.01969553710055803
ERROR - Evaluated LSF:
ERROR - [nan nan nan nan nan nan nan nan nan nan nan nan nan nan nan nan nan nan
 nan nan nan nan nan nan nan nan nan nan nan nan nan nan nan nan nan nan
 nan nan nan nan nan nan nan nan nan nan nan nan nan nan nan nan nan nan
 nan nan nan nan nan nan nan nan nan nan nan nan nan nan nan nan nan nan
 nan]
WARNING - Chunk 556:
WARNING - NaN values detected in your input data or the output of your objective/model function - fitting algorithms cannot handle this! Please read https://lmfit.github.io/lmfit-py/faq.html#i-get-errors-from-nan-in-my-fit-what-can-i-do for more information.
ERROR - NaN value detected in oversampled model function.
ERROR - <ParameterSet (values: 17)>
    cont_intercept  =  8857.653451039336
    cont_slope      =  1.8300088566195485
    iod_depth       =  0.5913463129285106
    lsf_left_1      =  4.635205234715492
    lsf_left_2      =  -15.081143894946877
    lsf_left_3      =  4.245545853357855
    lsf_left_4      =  -3.773691113044668
    lsf_left_5      =  1.1168136143408507
    lsf_right1      =  2.7457538704464604
    lsf_right2      =  -9.34350309724036
    lsf_right3      =  7.142047244871551
    lsf_right4      =  -3.949456660889173
    lsf_right5      =  0.1460471072306628
    tem_depth       =  0.9601654869600503
    velocity        =  -3001.4884679516254
    wave_intercept  =  6298.353649445275
    wave_slope      =  0.018343726470079928
ERROR - Evaluated LSF:
ERROR - [nan nan nan nan nan nan nan nan nan nan nan nan nan nan nan nan nan nan
 nan nan nan nan nan nan nan nan nan nan nan nan nan nan nan nan nan nan
 nan nan nan nan nan nan nan nan nan nan nan nan nan nan nan nan nan nan
 nan nan nan nan nan nan nan nan nan nan nan nan nan nan nan nan nan nan
 nan]
WARNING - Chunk 558:
WARNING - NaN values detected in your input data or the output of your objective/model function - fitting algorithms cannot handle this! Please read https://lmfit.github.io/lmfit-py/faq.html#i-get-errors-from-nan-in-my-fit-what-can-i-do for more information.
ERROR - Chunk 569: No Data! Returning LmfitResult with None.
ERROR - Chunk 570: No Data! Returning LmfitResult with None.
ERROR - NaN value detected in oversampled model function.
ERROR - <ParameterSet (values: 17)>
    cont_intercept  =  7315.532948183158
    cont_slope      =  -3.386830485975568
    iod_depth       =  1.1368098801198714
    lsf_left_1      =  3.774232396431186
    lsf_left_2      =  -14.572396348741037
    lsf_left_3      =  2.007101836044331
    lsf_left_4      =  -3.2862741042686636
    lsf_left_5      =  0.958152026525243
    lsf_right1      =  3.254219075660008
    lsf_right2      =  -17.238535993002905
    lsf_right3      =  9.934745408874171
    lsf_right4      =  -3.860344374752881
    lsf_right5      =  0.541702822888715
    tem_depth       =  0.11107040521263223
    velocity        =  -12728.357078126208
    wave_intercept  =  6333.722691962316
    wave_slope      =  0.015544863815528805
ERROR - Evaluated LSF:
ERROR - [nan nan nan nan nan nan nan nan nan nan nan nan nan nan nan nan nan nan
 nan nan nan nan nan nan nan nan nan nan nan nan nan nan nan nan nan nan
 nan nan nan nan nan nan nan nan nan nan nan nan nan nan nan nan nan nan
 nan nan nan nan nan nan nan nan nan nan nan nan nan nan nan nan nan nan
 nan]
WARNING - Chunk 574:
WARNING - NaN values detected in your input data or the output of your objective/model function - fitting algorithms cannot handle this! Please read https://lmfit.github.io/lmfit-py/faq.html#i-get-errors-from-nan-in-my-fit-what-can-i-do for more information.
INFO - 
INFO - Number of chunks with no uncertainties: 1
INFO - Number of chunks with outliers: 0
INFO - Number of chunks with nan fitted red. Chi2: 65
INFO - 
INFO - Creating analysis plots...
ERROR - NaN value detected in iodine function.
ERROR - Chunk could not be plotted
Traceback (most recent call last):
  File "/Users/jaklusmeyer/SONG/pyodine/pyodine/plot_lib.py", line 62, in plot_chunkmodel
    sp = fit_results[chunk_nr].fitted_spectrum
  File "/Users/jaklusmeyer/SONG/pyodine/pyodine/fitters/base.py", line 45, in fitted_spectrum
    return self.model.eval_spectrum(self.chunk, self.params, chunk_ind=self.chunk_ind)
  File "/Users/jaklusmeyer/SONG/pyodine/pyodine/models/base.py", line 79, in eval_spectrum
    flux = self.eval(chunk, params, chunk_ind=chunk_ind, **kwargs)
  File "/Users/jaklusmeyer/SONG/pyodine/pyodine/models/spectrum.py", line 138, in eval
    tck = splrep(tem.wave * doppler, flux_tem, s=0)
  File "/Users/jaklusmeyer/miniconda/envs/pyodine_env/lib/python3.9/site-packages/scipy/interpolate/_fitpack_py.py", line 295, in splrep
    res = _impl.splrep(x, y, w, xb, xe, k, task, s, t, full_output, per, quiet)
  File "/Users/jaklusmeyer/miniconda/envs/pyodine_env/lib/python3.9/site-packages/scipy/interpolate/_fitpack_impl.py", line 276, in splrep
    n, c, fp, ier = dfitpack.curfit(task, x, y, w, t, wrk, iwrk,
dfitpack.error: (xb<=x[0]) failed for 1st keyword xb: curfit:xb=nan
ERROR - NaN value detected in iodine function.
ERROR - Chunk could not be plotted
Traceback (most recent call last):
  File "/Users/jaklusmeyer/SONG/pyodine/pyodine/plot_lib.py", line 62, in plot_chunkmodel
    sp = fit_results[chunk_nr].fitted_spectrum
  File "/Users/jaklusmeyer/SONG/pyodine/pyodine/fitters/base.py", line 45, in fitted_spectrum
    return self.model.eval_spectrum(self.chunk, self.params, chunk_ind=self.chunk_ind)
  File "/Users/jaklusmeyer/SONG/pyodine/pyodine/models/base.py", line 79, in eval_spectrum
    flux = self.eval(chunk, params, chunk_ind=chunk_ind, **kwargs)
  File "/Users/jaklusmeyer/SONG/pyodine/pyodine/models/spectrum.py", line 138, in eval
    tck = splrep(tem.wave * doppler, flux_tem, s=0)
  File "/Users/jaklusmeyer/miniconda/envs/pyodine_env/lib/python3.9/site-packages/scipy/interpolate/_fitpack_py.py", line 295, in splrep
    res = _impl.splrep(x, y, w, xb, xe, k, task, s, t, full_output, per, quiet)
  File "/Users/jaklusmeyer/miniconda/envs/pyodine_env/lib/python3.9/site-packages/scipy/interpolate/_fitpack_impl.py", line 276, in splrep
    n, c, fp, ier = dfitpack.curfit(task, x, y, w, t, wrk, iwrk,
dfitpack.error: (xb<=x[0]) failed for 1st keyword xb: curfit:xb=nan
INFO - Velocity robust mean: -2279.7646146030556
INFO - Velocity robust std: 577.8623958954835
INFO - 
INFO - Velocity error robust mean: 298.606334447666
INFO - Velocity error robust std: 306.1054012379192
INFO - 
INFO - Minimum error: 94.53933124792776 in chunk 18
INFO - Maximum error: 29432.32301718159 in chunk 316
INFO - 
INFO - Chunks with nan velocities: [ 29  31  35  46  63  83  92 105 120 130 161 162 183 190 195 199 213 214
 216 217 221 223 229 249 281 296 307 318 332 335 340 342 349 357 362 366
 380 383 386 416 418 420 434 446 470 479 494 495 497 500 501 508 513 520
 525 537 541 544 550 553 556 558 569 570 574]
INFO - Chunks with nan velocity errors: [ 29  31  35  46  63  83  92 105 120 130 161 162 183 190 195 199 213 214
 216 217 221 223 229 249 281 296 307 318 332 335 340 342 349 357 362 366
 374 380 383 386 416 418 420 434 446 470 479 494 495 497 500 501 508 513
 520 525 537 541 544 550 553 556 558 569 570 574]
INFO - Velocity error at percentile 80: 968.8193564242968
INFO - 
INFO - Time to model this observation: 135.71907806396484
