2026-03-26 14:37:54,860 - root - ERROR - NaN value detected in oversampled model function.
2026-03-26 14:37:54,863 - root - ERROR - <ParameterSet (values: 17)>
    cont_intercept  =  3119.8587098618923
    cont_slope      =  0.9520159826481032
    iod_depth       =  0.4887721367942904
    lsf_left_1      =  11.47258250981005
    lsf_left_2      =  -19.00123272599598
    lsf_left_3      =  1.1362717601629995
    lsf_left_4      =  -2.2657620470278017
    lsf_left_5      =  1.0378589578082997
    lsf_right1      =  3.2563187405885374
    lsf_right2      =  -19.32690834767376
    lsf_right3      =  5.536531427528184
    lsf_right4      =  -2.7240654881349817
    lsf_right5      =  0.15357773963081517
    tem_depth       =  0.5015441096617461
    velocity        =  -2055.461868599262
    wave_intercept  =  5127.963370781329
    wave_slope      =  0.015510001310385822
2026-03-26 14:37:54,865 - root - ERROR - Evaluated LSF:
2026-03-26 14:37:54,868 - root - ERROR - [nan nan nan nan nan nan nan nan nan nan nan nan nan nan nan nan nan nan
 nan nan nan nan nan nan nan nan nan nan nan nan nan nan nan nan nan nan
 nan nan nan nan nan nan nan nan nan nan nan nan nan nan nan nan nan nan
 nan nan nan nan nan nan nan nan nan nan nan nan nan nan nan nan nan nan
 nan]
2026-03-26 14:38:01,200 - root - ERROR - NaN value detected in oversampled model function.
2026-03-26 14:38:01,203 - root - ERROR - <ParameterSet (values: 17)>
    cont_intercept  =  2327.522111224931
    cont_slope      =  0.8175160567525853
    iod_depth       =  0.3496671207730403
    lsf_left_1      =  2.0739278350049166
    lsf_left_2      =  -19.02841946368631
    lsf_left_3      =  8.237012145296667
    lsf_left_4      =  -3.0881319037842556
    lsf_left_5      =  0.19944022854591875
    lsf_right1      =  8.761787495534492
    lsf_right2      =  -17.913220178173262
    lsf_right3      =  8.606396281918098
    lsf_right4      =  -3.211513726890985
    lsf_right5      =  0.23931251327341604
    tem_depth       =  0.5022980266941066
    velocity        =  -2178.305520172331
    wave_intercept  =  5167.3040549679845
    wave_slope      =  0.01599027128118943
2026-03-26 14:38:01,204 - root - ERROR - Evaluated LSF:
2026-03-26 14:38:01,206 - root - ERROR - [nan nan nan nan nan nan nan nan nan nan nan nan nan nan nan nan nan nan
 nan nan nan nan nan nan nan nan nan nan nan nan nan nan nan nan nan nan
 nan nan nan nan nan nan nan nan nan nan nan nan nan nan nan nan nan nan
 nan nan nan nan nan nan nan nan nan nan nan nan nan nan nan nan nan nan
 nan]
2026-03-26 14:38:01,211 - root - ERROR - Chunk 29: No Data! Returning LmfitResult with None.
2026-03-26 14:38:02,659 - root - ERROR - NaN value detected in oversampled model function.
2026-03-26 14:38:02,667 - root - ERROR - <ParameterSet (values: 17)>
    cont_intercept  =  3059.318806899005
    cont_slope      =  0.4145413234867569
    iod_depth       =  0.47524786795110796
    lsf_left_1      =  4.983703030783008
    lsf_left_2      =  -19.08732521822761
    lsf_left_3      =  4.217627362301986
    lsf_left_4      =  -0.44594255148288875
    lsf_left_5      =  0.13270129690156474
    lsf_right1      =  4.390044206196867
    lsf_right2      =  -17.124142276251618
    lsf_right3      =  3.0134177189694857
    lsf_right4      =  -2.1255664812673194
    lsf_right5      =  0.44787345653528265
    tem_depth       =  0.5511155270541251
    velocity        =  -2809.218308697091
    wave_intercept  =  5183.283596194743
    wave_slope      =  0.014867515213665892
2026-03-26 14:38:02,669 - root - ERROR - Evaluated LSF:
2026-03-26 14:38:02,671 - root - ERROR - [nan nan nan nan nan nan nan nan nan nan nan nan nan nan nan nan nan nan
 nan nan nan nan nan nan nan nan nan nan nan nan nan nan nan nan nan nan
 nan nan nan nan nan nan nan nan nan nan nan nan nan nan nan nan nan nan
 nan nan nan nan nan nan nan nan nan nan nan nan nan nan nan nan nan nan
 nan]
2026-03-26 14:38:03,308 - root - ERROR - NaN value detected in oversampled model function.
2026-03-26 14:38:03,310 - root - ERROR - <ParameterSet (values: 17)>
    cont_intercept  =  4994.101630391379
    cont_slope      =  -0.43896618088611356
    iod_depth       =  0.7061878356729713
    lsf_left_1      =  3.9762346555686072
    lsf_left_2      =  -14.216640120113635
    lsf_left_3      =  1.881558132889297
    lsf_left_4      =  -3.6968267831739317
    lsf_left_5      =  0.4015047398356301
    lsf_right1      =  2.938115435559327
    lsf_right2      =  -10.046847126754978
    lsf_right3      =  5.549083376984414
    lsf_right4      =  -3.31215605278299
    lsf_right5      =  0.13269299537903023
    tem_depth       =  0.12986692730581115
    velocity        =  -18901.063794653448
    wave_intercept  =  5190.800236568795
    wave_slope      =  0.014117078527290917
2026-03-26 14:38:03,312 - root - ERROR - Evaluated LSF:
2026-03-26 14:38:03,313 - root - ERROR - [nan nan nan nan nan nan nan nan nan nan nan nan nan nan nan nan nan nan
 nan nan nan nan nan nan nan nan nan nan nan nan nan nan nan nan nan nan
 nan nan nan nan nan nan nan nan nan nan nan nan nan nan nan nan nan nan
 nan nan nan nan nan nan nan nan nan nan nan nan nan nan nan nan nan nan
 nan]
2026-03-26 14:38:03,339 - root - ERROR - NaN value detected in oversampled model function.
2026-03-26 14:38:03,341 - root - ERROR - <ParameterSet (values: 17)>
    cont_intercept  =  4080.0111001880405
    cont_slope      =  0.490625345248308
    iod_depth       =  0.5307487553579754
    lsf_left_1      =  2.1089580177611658
    lsf_left_2      =  -11.68408375505452
    lsf_left_3      =  8.532864329644562
    lsf_left_4      =  -2.815300097252848
    lsf_left_5      =  0.26013293392910686
    lsf_right1      =  4.879324766743279
    lsf_right2      =  -19.369808244751187
    lsf_right3      =  9.519050429480307
    lsf_right4      =  -2.657734796728432
    lsf_right5      =  0.5752439438962629
    tem_depth       =  0.6288072050379832
    velocity        =  -1881.32181755117
    wave_intercept  =  5192.597993862679
    wave_slope      =  0.014001870697205225
2026-03-26 14:38:03,343 - root - ERROR - Evaluated LSF:
2026-03-26 14:38:03,344 - root - ERROR - [nan nan nan nan nan nan nan nan nan nan nan nan nan nan nan nan nan nan
 nan nan nan nan nan nan nan nan nan nan nan nan nan nan nan nan nan nan
 nan nan nan nan nan nan nan nan nan nan nan nan nan nan nan nan nan nan
 nan nan nan nan nan nan nan nan nan nan nan nan nan nan nan nan nan nan
 nan]
2026-03-26 14:38:07,677 - root - ERROR - Chunk 63: No Data! Returning LmfitResult with None.
2026-03-26 14:38:09,523 - root - ERROR - NaN value detected in oversampled model function.
2026-03-26 14:38:09,525 - root - ERROR - <ParameterSet (values: 17)>
    cont_intercept  =  4258.301730157245
    cont_slope      =  -0.5587323082408393
    iod_depth       =  0.5130559800554689
    lsf_left_1      =  2.177606322780671
    lsf_left_2      =  -9.186842986167779
    lsf_left_3      =  1.140352272177638
    lsf_left_4      =  -3.78341980666993
    lsf_left_5      =  1.1144019613997065
    lsf_right1      =  10.578593409444169
    lsf_right2      =  -19.311041949264354
    lsf_right3      =  2.1572430388044253
    lsf_right4      =  -1.5588034769021766
    lsf_right5      =  0.20595266935806544
    tem_depth       =  0.6995228762778558
    velocity        =  -2087.1714500210755
    wave_intercept  =  5247.654013457671
    wave_slope      =  0.013211725211045333
2026-03-26 14:38:09,527 - root - ERROR - Evaluated LSF:
2026-03-26 14:38:09,528 - root - ERROR - [nan nan nan nan nan nan nan nan nan nan nan nan nan nan nan nan nan nan
 nan nan nan nan nan nan nan nan nan nan nan nan nan nan nan nan nan nan
 nan nan nan nan nan nan nan nan nan nan nan nan nan nan nan nan nan nan
 nan nan nan nan nan nan nan nan nan nan nan nan nan nan nan nan nan nan
 nan]
2026-03-26 14:38:10,297 - root - ERROR - NaN value detected in oversampled model function.
2026-03-26 14:38:10,299 - root - ERROR - <ParameterSet (values: 17)>
    cont_intercept  =  2897.6481885861795
    cont_slope      =  1.5038938948611575
    iod_depth       =  0.37012840979030914
    lsf_left_1      =  4.260147194446884
    lsf_left_2      =  -19.31011222313357
    lsf_left_3      =  5.1930358115553155
    lsf_left_4      =  -2.652760677130543
    lsf_left_5      =  0.9473891083257834
    lsf_right1      =  4.290060071284124
    lsf_right2      =  -15.82748636377846
    lsf_right3      =  3.868996725380925
    lsf_right4      =  -2.9563976997247527
    lsf_right5      =  1.1879939561661206
    tem_depth       =  0.7187387330760341
    velocity        =  -3096.394077263202
    wave_intercept  =  5254.271235175608
    wave_slope      =  0.01650330439924661
2026-03-26 14:38:10,300 - root - ERROR - Evaluated LSF:
2026-03-26 14:38:10,301 - root - ERROR - [nan nan nan nan nan nan nan nan nan nan nan nan nan nan nan nan nan nan
 nan nan nan nan nan nan nan nan nan nan nan nan nan nan nan nan nan nan
 nan nan nan nan nan nan nan nan nan nan nan nan nan nan nan nan nan nan
 nan nan nan nan nan nan nan nan nan nan nan nan nan nan nan nan nan nan
 nan]
2026-03-26 14:38:18,517 - root - ERROR - NaN value detected in oversampled model function.
2026-03-26 14:38:18,519 - root - ERROR - <ParameterSet (values: 17)>
    cont_intercept  =  4160.399110710754
    cont_slope      =  1.6386647777763168
    iod_depth       =  0.5920467246415813
    lsf_left_1      =  7.329041850906099
    lsf_left_2      =  -19.305906513575923
    lsf_left_3      =  5.290974363044401
    lsf_left_4      =  -2.7029851681866526
    lsf_left_5      =  0.3187032297570738
    lsf_right1      =  2.1949911350928066
    lsf_right2      =  -17.73810579192171
    lsf_right3      =  2.822005827552993
    lsf_right4      =  -1.2733267081663042
    lsf_right5      =  0.2012224183162309
    tem_depth       =  0.6862088160544867
    velocity        =  -2149.8652445075027
    wave_intercept  =  5328.067840471651
    wave_slope      =  0.014357977314450312
2026-03-26 14:38:18,520 - root - ERROR - Evaluated LSF:
2026-03-26 14:38:18,521 - root - ERROR - [nan nan nan nan nan nan nan nan nan nan nan nan nan nan nan nan nan nan
 nan nan nan nan nan nan nan nan nan nan nan nan nan nan nan nan nan nan
 nan nan nan nan nan nan nan nan nan nan nan nan nan nan nan nan nan nan
 nan nan nan nan nan nan nan nan nan nan nan nan nan nan nan nan nan nan
 nan]
2026-03-26 14:38:19,291 - root - ERROR - NaN value detected in oversampled model function.
2026-03-26 14:38:19,293 - root - ERROR - <ParameterSet (values: 17)>
    cont_intercept  =  4915.439750757664
    cont_slope      =  -1.3860214861610725
    iod_depth       =  0.5393987245863094
    lsf_left_1      =  7.160149304986124
    lsf_left_2      =  -10.164301298109702
    lsf_left_3      =  1.2179600357488254
    lsf_left_4      =  -2.5451839068066624
    lsf_left_5      =  0.8797667642937629
    lsf_right1      =  2.083996661494744
    lsf_right2      =  -17.421905301490302
    lsf_right3      =  3.5023771397588193
    lsf_right4      =  -1.0284998741432672
    lsf_right5      =  0.19689442228022985
    tem_depth       =  0.8092032392174269
    velocity        =  -1491.8257689334364
    wave_intercept  =  5337.151218599686
    wave_slope      =  0.013655342933327047
2026-03-26 14:38:19,295 - root - ERROR - Evaluated LSF:
2026-03-26 14:38:19,295 - root - ERROR - [nan nan nan nan nan nan nan nan nan nan nan nan nan nan nan nan nan nan
 nan nan nan nan nan nan nan nan nan nan nan nan nan nan nan nan nan nan
 nan nan nan nan nan nan nan nan nan nan nan nan nan nan nan nan nan nan
 nan nan nan nan nan nan nan nan nan nan nan nan nan nan nan nan nan nan
 nan]
2026-03-26 14:38:26,062 - root - ERROR - NaN value detected in oversampled model function.
2026-03-26 14:38:26,064 - root - ERROR - <ParameterSet (values: 17)>
    cont_intercept  =  3475.96416307626
    cont_slope      =  1.4644794586801588
    iod_depth       =  0.3225897274676773
    lsf_left_1      =  5.703659999206627
    lsf_left_2      =  -18.979765665731797
    lsf_left_3      =  1.5104251386337222
    lsf_left_4      =  -0.46569431023199703
    lsf_left_5      =  0.13339019740637853
    lsf_right1      =  2.1679488317276294
    lsf_right2      =  -18.536319497292435
    lsf_right3      =  4.950926877128944
    lsf_right4      =  -2.485265747167087
    lsf_right5      =  0.5232179309679854
    tem_depth       =  0.662244827554804
    velocity        =  -2573.483711565662
    wave_intercept  =  5398.121389598073
    wave_slope      =  0.016392542835171105
2026-03-26 14:38:26,065 - root - ERROR - Evaluated LSF:
2026-03-26 14:38:26,066 - root - ERROR - [nan nan nan nan nan nan nan nan nan nan nan nan nan nan nan nan nan nan
 nan nan nan nan nan nan nan nan nan nan nan nan nan nan nan nan nan nan
 nan nan nan nan nan nan nan nan nan nan nan nan nan nan nan nan nan nan
 nan nan nan nan nan nan nan nan nan nan nan nan nan nan nan nan nan nan
 nan]
2026-03-26 14:38:27,594 - root - ERROR - NaN value detected in oversampled model function.
2026-03-26 14:38:27,595 - root - ERROR - <ParameterSet (values: 17)>
    cont_intercept  =  5673.759111650838
    cont_slope      =  1.2111167310375157
    iod_depth       =  0.5875512838093564
    lsf_left_1      =  4.4826870387776445
    lsf_left_2      =  -18.790467015931274
    lsf_left_3      =  8.72443978568253
    lsf_left_4      =  -2.1843498696495196
    lsf_left_5      =  0.3045452073496957
    lsf_right1      =  4.038883294661307
    lsf_right2      =  -17.10320355880145
    lsf_right3      =  1.5231730255630853
    lsf_right4      =  -3.4209626102202653
    lsf_right5      =  0.4235984023854428
    tem_depth       =  0.7734208818668923
    velocity        =  -2376.2910429789126
    wave_intercept  =  5420.459559534962
    wave_slope      =  0.014757655110093552
2026-03-26 14:38:27,597 - root - ERROR - Evaluated LSF:
2026-03-26 14:38:27,598 - root - ERROR - [nan nan nan nan nan nan nan nan nan nan nan nan nan nan nan nan nan nan
 nan nan nan nan nan nan nan nan nan nan nan nan nan nan nan nan nan nan
 nan nan nan nan nan nan nan nan nan nan nan nan nan nan nan nan nan nan
 nan nan nan nan nan nan nan nan nan nan nan nan nan nan nan nan nan nan
 nan]
2026-03-26 14:38:28,153 - root - ERROR - NaN value detected in oversampled model function.
2026-03-26 14:38:28,155 - root - ERROR - <ParameterSet (values: 17)>
    cont_intercept  =  4858.724802986696
    cont_slope      =  -1.2320979822401286
    iod_depth       =  0.5233044301860514
    lsf_left_1      =  4.949840672283341
    lsf_left_2      =  -18.911868965081666
    lsf_left_3      =  4.8188350266406355
    lsf_left_4      =  -3.1264816985671833
    lsf_left_5      =  0.13354998616366276
    lsf_right1      =  7.734753829120347
    lsf_right2      =  -17.767168245260326
    lsf_right3      =  4.766126147185413
    lsf_right4      =  -3.7640998284446936
    lsf_right5      =  0.9888142535659467
    tem_depth       =  0.6918890003054535
    velocity        =  -2467.825930000058
    wave_intercept  =  5429.792345134923
    wave_slope      =  0.013982793867871591
2026-03-26 14:38:28,156 - root - ERROR - Evaluated LSF:
2026-03-26 14:38:28,157 - root - ERROR - [nan nan nan nan nan nan nan nan nan nan nan nan nan nan nan nan nan nan
 nan nan nan nan nan nan nan nan nan nan nan nan nan nan nan nan nan nan
 nan nan nan nan nan nan nan nan nan nan nan nan nan nan nan nan nan nan
 nan nan nan nan nan nan nan nan nan nan nan nan nan nan nan nan nan nan
 nan]
2026-03-26 14:38:29,412 - root - ERROR - NaN value detected in oversampled model function.
2026-03-26 14:38:29,413 - root - ERROR - <ParameterSet (values: 17)>
    cont_intercept  =  3354.475759981275
    cont_slope      =  2.187744814377472
    iod_depth       =  0.9220297820771408
    lsf_left_1      =  3.252255904665329
    lsf_left_2      =  -11.827043640248423
    lsf_left_3      =  1.171969771037121
    lsf_left_4      =  -1.2233335817722755
    lsf_left_5      =  0.7607145776103565
    lsf_right1      =  2.1551767403642494
    lsf_right2      =  -18.25797614536757
    lsf_right3      =  1.6112043371734555
    lsf_right4      =  -0.8453057874571996
    lsf_right5      =  0.674855777579627
    tem_depth       =  0.440640795086984
    velocity        =  -9248.785780180036
    wave_intercept  =  5441.93423447999
    wave_slope      =  0.017107088563644558
2026-03-26 14:38:29,415 - root - ERROR - Evaluated LSF:
2026-03-26 14:38:29,416 - root - ERROR - [nan nan nan nan nan nan nan nan nan nan nan nan nan nan nan nan nan nan
 nan nan nan nan nan nan nan nan nan nan nan nan nan nan nan nan nan nan
 nan nan nan nan nan nan nan nan nan nan nan nan nan nan nan nan nan nan
 nan nan nan nan nan nan nan nan nan nan nan nan nan nan nan nan nan nan
 nan]
2026-03-26 14:38:32,728 - root - ERROR - Chunk 190: No Data! Returning LmfitResult with None.
2026-03-26 14:38:33,233 - root - ERROR - NaN value detected in oversampled model function.
2026-03-26 14:38:33,235 - root - ERROR - <ParameterSet (values: 17)>
    cont_intercept  =  5084.878244440734
    cont_slope      =  -0.27204740490452817
    iod_depth       =  0.5879532943351065
    lsf_left_1      =  6.84827437281686
    lsf_left_2      =  -16.890765473262945
    lsf_left_3      =  1.1945664856862324
    lsf_left_4      =  -3.8995168400618314
    lsf_left_5      =  0.4125748588373007
    lsf_right1      =  3.7068595084049862
    lsf_right2      =  -17.314094504424773
    lsf_right3      =  5.707912700118007
    lsf_right4      =  -3.643012926617016
    lsf_right5      =  1.1776057197916698
    tem_depth       =  0.744513797880776
    velocity        =  -2024.8331419467213
    wave_intercept  =  5476.426047227495
    wave_slope      =  0.014340360534030434
2026-03-26 14:38:33,236 - root - ERROR - Evaluated LSF:
2026-03-26 14:38:33,237 - root - ERROR - [nan nan nan nan nan nan nan nan nan nan nan nan nan nan nan nan nan nan
 nan nan nan nan nan nan nan nan nan nan nan nan nan nan nan nan nan nan
 nan nan nan nan nan nan nan nan nan nan nan nan nan nan nan nan nan nan
 nan nan nan nan nan nan nan nan nan nan nan nan nan nan nan nan nan nan
 nan]
2026-03-26 14:38:35,045 - root - ERROR - NaN value detected in oversampled model function.
2026-03-26 14:38:35,048 - root - ERROR - <ParameterSet (values: 17)>
    cont_intercept  =  3752.4193463845104
    cont_slope      =  1.4444499691997514
    iod_depth       =  0.5101894385221352
    lsf_left_1      =  2.0741894612548193
    lsf_left_2      =  -18.641364564945825
    lsf_left_3      =  1.802137176312999
    lsf_left_4      =  -3.5728230159298673
    lsf_left_5      =  1.1143189113123029
    lsf_right1      =  10.351749518013866
    lsf_right2      =  -18.27986215731804
    lsf_right3      =  1.8311101007487034
    lsf_right4      =  -3.906928696814841
    lsf_right5      =  0.9294915150013222
    tem_depth       =  -0.1716430283705421
    velocity        =  29282.044358444728
    wave_intercept  =  5493.186657570319
    wave_slope      =  0.017028407873218215
2026-03-26 14:38:35,050 - root - ERROR - Evaluated LSF:
2026-03-26 14:38:35,051 - root - ERROR - [nan nan nan nan nan nan nan nan nan nan nan nan nan nan nan nan nan nan
 nan nan nan nan nan nan nan nan nan nan nan nan nan nan nan nan nan nan
 nan nan nan nan nan nan nan nan nan nan nan nan nan nan nan nan nan nan
 nan nan nan nan nan nan nan nan nan nan nan nan nan nan nan nan nan nan
 nan]
2026-03-26 14:38:37,344 - root - ERROR - Chunk 214: No Data! Returning LmfitResult with None.
2026-03-26 14:38:38,107 - root - ERROR - NaN value detected in oversampled model function.
2026-03-26 14:38:38,108 - root - ERROR - <ParameterSet (values: 17)>
    cont_intercept  =  5501.979831555052
    cont_slope      =  -0.6519839241213982
    iod_depth       =  0.5689591325938268
    lsf_left_1      =  4.651296726271163
    lsf_left_2      =  -18.452066578876835
    lsf_left_3      =  3.9515133970817264
    lsf_left_4      =  -2.4995074563207846
    lsf_left_5      =  0.6732372225128255
    lsf_right1      =  2.4844946071661695
    lsf_right2      =  -19.209664048328488
    lsf_right3      =  2.7456547833153575
    lsf_right4      =  -0.4481994616107645
    lsf_right5      =  0.1456081498424361
    tem_depth       =  0.7921429834344461
    velocity        =  -1958.8330169342469
    wave_intercept  =  5527.62163109325
    wave_slope      =  0.01425017477327558
2026-03-26 14:38:38,110 - root - ERROR - Evaluated LSF:
2026-03-26 14:38:38,111 - root - ERROR - [nan nan nan nan nan nan nan nan nan nan nan nan nan nan nan nan nan nan
 nan nan nan nan nan nan nan nan nan nan nan nan nan nan nan nan nan nan
 nan nan nan nan nan nan nan nan nan nan nan nan nan nan nan nan nan nan
 nan nan nan nan nan nan nan nan nan nan nan nan nan nan nan nan nan nan
 nan]
2026-03-26 14:38:41,250 - root - ERROR - NaN value detected in oversampled model function.
2026-03-26 14:38:41,252 - root - ERROR - <ParameterSet (values: 17)>
    cont_intercept  =  5832.156350948583
    cont_slope      =  0.17824988826830496
    iod_depth       =  0.6902198439811821
    lsf_left_1      =  5.7167607812964825
    lsf_left_2      =  -18.266113985606946
    lsf_left_3      =  1.4532866946545906
    lsf_left_4      =  -1.9486383364706459
    lsf_left_5      =  0.9653367607769762
    lsf_right1      =  8.455848151838786
    lsf_right2      =  -17.845166352248942
    lsf_right3      =  9.539168152709287
    lsf_right4      =  -3.143337118224552
    lsf_right5      =  0.2062228406854873
    tem_depth       =  0.7905685699695268
    velocity        =  -2810.761044352128
    wave_intercept  =  5564.3029668908775
    wave_slope      =  0.015467994589517333
2026-03-26 14:38:41,253 - root - ERROR - Evaluated LSF:
2026-03-26 14:38:41,254 - root - ERROR - [nan nan nan nan nan nan nan nan nan nan nan nan nan nan nan nan nan nan
 nan nan nan nan nan nan nan nan nan nan nan nan nan nan nan nan nan nan
 nan nan nan nan nan nan nan nan nan nan nan nan nan nan nan nan nan nan
 nan nan nan nan nan nan nan nan nan nan nan nan nan nan nan nan nan nan
 nan]
2026-03-26 14:38:42,975 - root - ERROR - NaN value detected in oversampled model function.
2026-03-26 14:38:42,977 - root - ERROR - <ParameterSet (values: 17)>
    cont_intercept  =  5322.208197393573
    cont_slope      =  -2.0667606440539696
    iod_depth       =  0.6202867035663425
    lsf_left_1      =  5.802304066950885
    lsf_left_2      =  -12.756414647317609
    lsf_left_3      =  1.4339767000323271
    lsf_left_4      =  -3.0323099968524163
    lsf_left_5      =  1.1930790567288438
    lsf_right1      =  7.503786087832407
    lsf_right2      =  -16.105694673084727
    lsf_right3      =  2.780840128943676
    lsf_right4      =  -3.9547386771821245
    lsf_right5      =  0.1430823927963457
    tem_depth       =  0.8212402705162181
    velocity        =  -1704.3498527364707
    wave_intercept  =  5581.578575496877
    wave_slope      =  0.014073655249037881
2026-03-26 14:38:42,979 - root - ERROR - Evaluated LSF:
2026-03-26 14:38:42,980 - root - ERROR - [nan nan nan nan nan nan nan nan nan nan nan nan nan nan nan nan nan nan
 nan nan nan nan nan nan nan nan nan nan nan nan nan nan nan nan nan nan
 nan nan nan nan nan nan nan nan nan nan nan nan nan nan nan nan nan nan
 nan nan nan nan nan nan nan nan nan nan nan nan nan nan nan nan nan nan
 nan]
2026-03-26 14:38:46,038 - root - ERROR - NaN value detected in oversampled model function.
2026-03-26 14:38:46,039 - root - ERROR - <ParameterSet (values: 17)>
    cont_intercept  =  5812.778529501244
    cont_slope      =  -0.5034808818525457
    iod_depth       =  0.7495967412186838
    lsf_left_1      =  6.8559568732818725
    lsf_left_2      =  -13.256425220337004
    lsf_left_3      =  5.7151430202262095
    lsf_left_4      =  -3.0477173452355633
    lsf_left_5      =  0.7662625322969109
    lsf_right1      =  2.2574137845712645
    lsf_right2      =  -10.385638187139149
    lsf_right3      =  1.4717767685960559
    lsf_right4      =  -0.4884936197530756
    lsf_right5      =  0.18342623040540207
    tem_depth       =  0.19569123171797448
    velocity        =  -9200.569531137604
    wave_intercept  =  5627.163073594412
    wave_slope      =  0.01464561735105003
2026-03-26 14:38:46,040 - root - ERROR - Evaluated LSF:
2026-03-26 14:38:46,042 - root - ERROR - [nan nan nan nan nan nan nan nan nan nan nan nan nan nan nan nan nan nan
 nan nan nan nan nan nan nan nan nan nan nan nan nan nan nan nan nan nan
 nan nan nan nan nan nan nan nan nan nan nan nan nan nan nan nan nan nan
 nan nan nan nan nan nan nan nan nan nan nan nan nan nan nan nan nan nan
 nan]
2026-03-26 14:38:49,097 - root - ERROR - NaN value detected in oversampled model function.
2026-03-26 14:38:49,098 - root - ERROR - <ParameterSet (values: 17)>
    cont_intercept  =  5963.382956288029
    cont_slope      =  2.5177331665133558
    iod_depth       =  0.6717730040146166
    lsf_left_1      =  3.718593104561534
    lsf_left_2      =  -18.53560502340695
    lsf_left_3      =  10.20605559119731
    lsf_left_4      =  -3.7544143718353826
    lsf_left_5      =  0.7228533584592677
    lsf_right1      =  2.9161093452513707
    lsf_right2      =  -18.24496703263722
    lsf_right3      =  1.256495747138366
    lsf_right4      =  -3.557017138415583
    lsf_right5      =  0.7811498480706044
    tem_depth       =  0.8317739736726871
    velocity        =  -2636.516343483422
    wave_intercept  =  5661.111126613209
    wave_slope      =  0.016220081482084817
2026-03-26 14:38:49,100 - root - ERROR - Evaluated LSF:
2026-03-26 14:38:49,101 - root - ERROR - [nan nan nan nan nan nan nan nan nan nan nan nan nan nan nan nan nan nan
 nan nan nan nan nan nan nan nan nan nan nan nan nan nan nan nan nan nan
 nan nan nan nan nan nan nan nan nan nan nan nan nan nan nan nan nan nan
 nan nan nan nan nan nan nan nan nan nan nan nan nan nan nan nan nan nan
 nan]
2026-03-26 14:38:50,409 - root - ERROR - NaN value detected in oversampled model function.
2026-03-26 14:38:50,410 - root - ERROR - <ParameterSet (values: 17)>
    cont_intercept  =  6173.684223166189
    cont_slope      =  -1.8979389976463878
    iod_depth       =  0.8188700124710269
    lsf_left_1      =  4.060556795856199
    lsf_left_2      =  -14.18895815650653
    lsf_left_3      =  8.831214056047507
    lsf_left_4      =  -3.8028537431819647
    lsf_left_5      =  1.139831891742135
    lsf_right1      =  4.004981368423929
    lsf_right2      =  -12.789513044156022
    lsf_right3      =  4.589235559639631
    lsf_right4      =  -3.613973404632686
    lsf_right5      =  0.40565508288235436
    tem_depth       =  0.583495925298741
    velocity        =  -39567.10060191195
    wave_intercept  =  5677.306178000876
    wave_slope      =  0.01495493811247278
2026-03-26 14:38:50,411 - root - ERROR - Evaluated LSF:
2026-03-26 14:38:50,412 - root - ERROR - [nan nan nan nan nan nan nan nan nan nan nan nan nan nan nan nan nan nan
 nan nan nan nan nan nan nan nan nan nan nan nan nan nan nan nan nan nan
 nan nan nan nan nan nan nan nan nan nan nan nan nan nan nan nan nan nan
 nan nan nan nan nan nan nan nan nan nan nan nan nan nan nan nan nan nan
 nan]
2026-03-26 14:38:50,689 - root - ERROR - Chunk 296: No Data! Returning LmfitResult with None.
2026-03-26 14:38:50,703 - root - ERROR - NaN value detected in oversampled model function.
2026-03-26 14:38:50,704 - root - ERROR - <ParameterSet (values: 17)>
    cont_intercept  =  5140.392517637143
    cont_slope      =  -1.4671277715533075
    iod_depth       =  0.4949333489176727
    lsf_left_1      =  4.9198045470173035
    lsf_left_2      =  -18.29666144137121
    lsf_left_3      =  9.911798994674204
    lsf_left_4      =  -3.8946177674905593
    lsf_left_5      =  0.8875517198245597
    lsf_right1      =  5.034077703677862
    lsf_right2      =  -13.822257252545274
    lsf_right3      =  3.6530462581600736
    lsf_right4      =  -3.613822109196301
    lsf_right5      =  1.035805454855946
    tem_depth       =  0.7757182745572663
    velocity        =  -2339.460026454543
    wave_intercept  =  5684.932151855825
    wave_slope      =  0.014283954606686978
2026-03-26 14:38:50,706 - root - ERROR - Evaluated LSF:
2026-03-26 14:38:50,707 - root - ERROR - [nan nan nan nan nan nan nan nan nan nan nan nan nan nan nan nan nan nan
 nan nan nan nan nan nan nan nan nan nan nan nan nan nan nan nan nan nan
 nan nan nan nan nan nan nan nan nan nan nan nan nan nan nan nan nan nan
 nan nan nan nan nan nan nan nan nan nan nan nan nan nan nan nan nan nan
 nan]
2026-03-26 14:38:51,358 - root - ERROR - NaN value detected in oversampled model function.
2026-03-26 14:38:51,360 - root - ERROR - <ParameterSet (values: 17)>
    cont_intercept  =  3528.333901928634
    cont_slope      =  2.3808828484684845
    iod_depth       =  0.5357276954461467
    lsf_left_1      =  4.1253298540084105
    lsf_left_2      =  -18.997086691304848
    lsf_left_3      =  1.7679663048996286
    lsf_left_4      =  -1.0444789919090254
    lsf_left_5      =  0.4578383588844334
    lsf_right1      =  3.6269355154061333
    lsf_right2      =  -12.330244098713495
    lsf_right3      =  4.2420913129577436
    lsf_right4      =  -3.5059978298313257
    lsf_right5      =  1.1112162056294475
    tem_depth       =  0.7624100758614404
    velocity        =  -2242.921173858855
    wave_intercept  =  5693.928154182473
    wave_slope      =  0.017894103472193973
2026-03-26 14:38:51,362 - root - ERROR - Evaluated LSF:
2026-03-26 14:38:51,363 - root - ERROR - [nan nan nan nan nan nan nan nan nan nan nan nan nan nan nan nan nan nan
 nan nan nan nan nan nan nan nan nan nan nan nan nan nan nan nan nan nan
 nan nan nan nan nan nan nan nan nan nan nan nan nan nan nan nan nan nan
 nan nan nan nan nan nan nan nan nan nan nan nan nan nan nan nan nan nan
 nan]
2026-03-26 14:38:51,473 - root - ERROR - NaN value detected in oversampled model function.
2026-03-26 14:38:51,475 - root - ERROR - <ParameterSet (values: 17)>
    cont_intercept  =  3876.9804821455364
    cont_slope      =  4.057536353327844
    iod_depth       =  0.1348312402595596
    lsf_left_1      =  2.3478020137045528
    lsf_left_2      =  -19.391093072978126
    lsf_left_3      =  1.2037708314482858
    lsf_left_4      =  -2.4297560232471875
    lsf_left_5      =  1.1880676975728508
    lsf_right1      =  2.0813311913488164
    lsf_right2      =  -3.4556320930827784
    lsf_right3      =  1.1596109553350256
    lsf_right4      =  -2.937892724533401
    lsf_right5      =  0.13302934856437135
    tem_depth       =  0.7746085085990142
    velocity        =  -1333.7055826635913
    wave_intercept  =  5696.255093899456
    wave_slope      =  0.01773008083320255
2026-03-26 14:38:51,477 - root - ERROR - Evaluated LSF:
2026-03-26 14:38:51,478 - root - ERROR - [nan nan nan nan nan nan nan nan nan nan nan nan nan nan nan nan nan nan
 nan nan nan nan nan nan nan nan nan nan nan nan nan nan nan nan nan nan
 nan nan nan nan nan nan nan nan nan nan nan nan nan nan nan nan nan nan
 nan nan nan nan nan nan nan nan nan nan nan nan nan nan nan nan nan nan
 nan]
2026-03-26 14:38:52,626 - root - ERROR - NaN value detected in oversampled model function.
2026-03-26 14:38:52,627 - root - ERROR - <ParameterSet (values: 17)>
    cont_intercept  =  5468.0172017977375
    cont_slope      =  1.3044427222265993
    iod_depth       =  0.1380612229053123
    lsf_left_1      =  4.658088949910484
    lsf_left_2      =  -6.194493679428451
    lsf_left_3      =  1.5985632700255212
    lsf_left_4      =  -2.4831661758995818
    lsf_left_5      =  0.5889280333810945
    lsf_right1      =  2.076985990038764
    lsf_right2      =  -17.052474947247276
    lsf_right3      =  2.0447214227429127
    lsf_right4      =  -1.2436082296712256
    lsf_right5      =  0.1364369221025297
    tem_depth       =  0.7556789516609633
    velocity        =  -1894.016567406624
    wave_intercept  =  5711.878356178998
    wave_slope      =  0.016564331038953474
2026-03-26 14:38:52,629 - root - ERROR - Evaluated LSF:
2026-03-26 14:38:52,630 - root - ERROR - [nan nan nan nan nan nan nan nan nan nan nan nan nan nan nan nan nan nan
 nan nan nan nan nan nan nan nan nan nan nan nan nan nan nan nan nan nan
 nan nan nan nan nan nan nan nan nan nan nan nan nan nan nan nan nan nan
 nan nan nan nan nan nan nan nan nan nan nan nan nan nan nan nan nan nan
 nan]
2026-03-26 14:38:53,209 - root - ERROR - NaN value detected in oversampled model function.
2026-03-26 14:38:53,211 - root - ERROR - <ParameterSet (values: 17)>
    cont_intercept  =  6425.780695786047
    cont_slope      =  0.49248943752898977
    iod_depth       =  0.45424738622918087
    lsf_left_1      =  5.682544350891672
    lsf_left_2      =  -16.388778877038153
    lsf_left_3      =  4.217996874917596
    lsf_left_4      =  -1.7206369785750977
    lsf_left_5      =  0.2915421625507155
    lsf_right1      =  2.68193676451053
    lsf_right2      =  -18.84629882939107
    lsf_right3      =  1.2515562145680583
    lsf_right4      =  -2.9967919822685625
    lsf_right5      =  1.1591243433194662
    tem_depth       =  1.7888608187532253
    velocity        =  -1872.7690454056135
    wave_intercept  =  5720.315079301105
    wave_slope      =  0.01584998314448634
2026-03-26 14:38:53,212 - root - ERROR - Evaluated LSF:
2026-03-26 14:38:53,213 - root - ERROR - [nan nan nan nan nan nan nan nan nan nan nan nan nan nan nan nan nan nan
 nan nan nan nan nan nan nan nan nan nan nan nan nan nan nan nan nan nan
 nan nan nan nan nan nan nan nan nan nan nan nan nan nan nan nan nan nan
 nan nan nan nan nan nan nan nan nan nan nan nan nan nan nan nan nan nan
 nan]
2026-03-26 14:38:53,230 - root - ERROR - NaN value detected in oversampled model function.
2026-03-26 14:38:53,231 - root - ERROR - <ParameterSet (values: 17)>
    cont_intercept  =  6573.453140695546
    cont_slope      =  2.3408908598736087
    iod_depth       =  0.5482754270048739
    lsf_left_1      =  2.0779388808469936
    lsf_left_2      =  -11.779903316969929
    lsf_left_3      =  6.956834528984371
    lsf_left_4      =  -3.815093199791857
    lsf_left_5      =  0.6185543724691379
    lsf_right1      =  3.7409308569994266
    lsf_right2      =  -18.77088701784771
    lsf_right3      =  5.3956584613406084
    lsf_right4      =  -1.1918805602036784
    lsf_right5      =  0.21861664989028412
    tem_depth       =  -0.41682681417906575
    velocity        =  -15924.313083411063
    wave_intercept  =  5722.345959342214
    wave_slope      =  0.015710488430165828
2026-03-26 14:38:53,232 - root - ERROR - Evaluated LSF:
2026-03-26 14:38:53,233 - root - ERROR - [nan nan nan nan nan nan nan nan nan nan nan nan nan nan nan nan nan nan
 nan nan nan nan nan nan nan nan nan nan nan nan nan nan nan nan nan nan
 nan nan nan nan nan nan nan nan nan nan nan nan nan nan nan nan nan nan
 nan nan nan nan nan nan nan nan nan nan nan nan nan nan nan nan nan nan
 nan]
2026-03-26 14:38:55,886 - root - ERROR - NaN value detected in oversampled model function.
2026-03-26 14:38:55,888 - root - ERROR - <ParameterSet (values: 17)>
    cont_intercept  =  4373.174220103075
    cont_slope      =  1.8698797946926835
    iod_depth       =  0.6970047850088343
    lsf_left_1      =  3.0663742643475054
    lsf_left_2      =  -18.321627042523133
    lsf_left_3      =  1.1374594753661469
    lsf_left_4      =  -3.9569590085192727
    lsf_left_5      =  0.39370754406647385
    lsf_right1      =  10.529563891140139
    lsf_right2      =  -19.233025072668305
    lsf_right3      =  1.1694628127270459
    lsf_right4      =  -3.834030604703209
    lsf_right5      =  1.1941109880627665
    tem_depth       =  0.8396897380743709
    velocity        =  -2251.1583508946596
    wave_intercept  =  5754.618081656442
    wave_slope      =  0.0177003391285855
2026-03-26 14:38:55,890 - root - ERROR - Evaluated LSF:
2026-03-26 14:38:55,891 - root - ERROR - [nan nan nan nan nan nan nan nan nan nan nan nan nan nan nan nan nan nan
 nan nan nan nan nan nan nan nan nan nan nan nan nan nan nan nan nan nan
 nan nan nan nan nan nan nan nan nan nan nan nan nan nan nan nan nan nan
 nan nan nan nan nan nan nan nan nan nan nan nan nan nan nan nan nan nan
 nan]
2026-03-26 14:38:59,841 - root - ERROR - Chunk 357: No Data! Returning LmfitResult with None.
2026-03-26 14:39:01,277 - root - ERROR - Chunk 366: No Data! Returning LmfitResult with None.
2026-03-26 14:39:04,368 - root - ERROR - NaN value detected in oversampled model function.
2026-03-26 14:39:04,370 - root - ERROR - <ParameterSet (values: 17)>
    cont_intercept  =  6547.171471531687
    cont_slope      =  -0.22713570829766755
    iod_depth       =  0.15947551657220232
    lsf_left_1      =  6.873670453428655
    lsf_left_2      =  -14.541438196404393
    lsf_left_3      =  2.0424844102853275
    lsf_left_4      =  -1.4817429011234626
    lsf_left_5      =  0.15424959444028674
    lsf_right1      =  3.6882086858437515
    lsf_right2      =  -19.30224058702583
    lsf_right3      =  10.190795232584426
    lsf_right4      =  -3.8518347164973505
    lsf_right5      =  0.29391715356460085
    tem_depth       =  1.3920504510533815
    velocity        =  -1725.6824114336619
    wave_intercept  =  5874.413980231468
    wave_slope      =  0.01735519419262185
2026-03-26 14:39:04,371 - root - ERROR - Evaluated LSF:
2026-03-26 14:39:04,372 - root - ERROR - [nan nan nan nan nan nan nan nan nan nan nan nan nan nan nan nan nan nan
 nan nan nan nan nan nan nan nan nan nan nan nan nan nan nan nan nan nan
 nan nan nan nan nan nan nan nan nan nan nan nan nan nan nan nan nan nan
 nan nan nan nan nan nan nan nan nan nan nan nan nan nan nan nan nan nan
 nan]
2026-03-26 14:39:07,022 - root - ERROR - NaN value detected in oversampled model function.
2026-03-26 14:39:07,024 - root - ERROR - <ParameterSet (values: 17)>
    cont_intercept  =  5732.0374414864555
    cont_slope      =  -2.181083287287
    iod_depth       =  0.5968439700760868
    lsf_left_1      =  5.422558856433064
    lsf_left_2      =  -19.256386056927784
    lsf_left_3      =  7.847384028077371
    lsf_left_4      =  -1.6557271536462936
    lsf_left_5      =  0.14172979598476654
    lsf_right1      =  4.258519361823378
    lsf_right2      =  -10.07958439534353
    lsf_right3      =  1.1902512601739408
    lsf_right4      =  -3.634484615094291
    lsf_right5      =  0.1954293721217883
    tem_depth       =  0.46903261838434823
    velocity        =  -6214.919812728723
    wave_intercept  =  5907.409184992516
    wave_slope      =  0.014588443260414655
2026-03-26 14:39:07,025 - root - ERROR - Evaluated LSF:
2026-03-26 14:39:07,026 - root - ERROR - [nan nan nan nan nan nan nan nan nan nan nan nan nan nan nan nan nan nan
 nan nan nan nan nan nan nan nan nan nan nan nan nan nan nan nan nan nan
 nan nan nan nan nan nan nan nan nan nan nan nan nan nan nan nan nan nan
 nan nan nan nan nan nan nan nan nan nan nan nan nan nan nan nan nan nan
 nan]
2026-03-26 14:39:08,966 - root - ERROR - NaN value detected in oversampled model function.
2026-03-26 14:39:08,968 - root - ERROR - <ParameterSet (values: 17)>
    cont_intercept  =  6116.416200526869
    cont_slope      =  0.7346543281673703
    iod_depth       =  0.7053918725306222
    lsf_left_1      =  2.714015640123392
    lsf_left_2      =  -11.562538800197895
    lsf_left_3      =  4.670148157142831
    lsf_left_4      =  -3.9194967297162115
    lsf_left_5      =  0.14314519919483168
    lsf_right1      =  8.129876731882828
    lsf_right2      =  -19.394236903147117
    lsf_right3      =  2.014057450281453
    lsf_right4      =  -0.4742156854865902
    lsf_right5      =  0.5304409621098756
    tem_depth       =  0.8529386874456735
    velocity        =  -2303.828349287587
    wave_intercept  =  5931.453013306292
    wave_slope      =  0.01737142790613546
2026-03-26 14:39:08,969 - root - ERROR - Evaluated LSF:
2026-03-26 14:39:08,970 - root - ERROR - [nan nan nan nan nan nan nan nan nan nan nan nan nan nan nan nan nan nan
 nan nan nan nan nan nan nan nan nan nan nan nan nan nan nan nan nan nan
 nan nan nan nan nan nan nan nan nan nan nan nan nan nan nan nan nan nan
 nan nan nan nan nan nan nan nan nan nan nan nan nan nan nan nan nan nan
 nan]
2026-03-26 14:39:08,988 - root - ERROR - NaN value detected in oversampled model function.
2026-03-26 14:39:08,990 - root - ERROR - <ParameterSet (values: 17)>
    cont_intercept  =  6692.799235109249
    cont_slope      =  1.8259896397949404
    iod_depth       =  0.7193099185585696
    lsf_left_1      =  2.1254065572393737
    lsf_left_2      =  -15.05685013154299
    lsf_left_3      =  1.9164645806253415
    lsf_left_4      =  -3.21112209960105
    lsf_left_5      =  0.218562679230349
    lsf_right1      =  6.144856292049288
    lsf_right2      =  -18.632823982861158
    lsf_right3      =  1.1752554126820813
    lsf_right4      =  -0.6458394974779531
    lsf_right5      =  0.31736499003645546
    tem_depth       =  0.8946079500835198
    velocity        =  -2893.1738877754324
    wave_intercept  =  5933.700068496533
    wave_slope      =  0.0171846217972442
2026-03-26 14:39:08,991 - root - ERROR - Evaluated LSF:
2026-03-26 14:39:08,992 - root - ERROR - [nan nan nan nan nan nan nan nan nan nan nan nan nan nan nan nan nan nan
 nan nan nan nan nan nan nan nan nan nan nan nan nan nan nan nan nan nan
 nan nan nan nan nan nan nan nan nan nan nan nan nan nan nan nan nan nan
 nan nan nan nan nan nan nan nan nan nan nan nan nan nan nan nan nan nan
 nan]
2026-03-26 14:39:09,029 - root - ERROR - NaN value detected in oversampled model function.
2026-03-26 14:39:09,030 - root - ERROR - <ParameterSet (values: 17)>
    cont_intercept  =  6763.097983411968
    cont_slope      =  0.9325404818835547
    iod_depth       =  0.5283409114343656
    lsf_left_1      =  2.516530895645459
    lsf_left_2      =  -10.964417689163472
    lsf_left_3      =  4.797835943932467
    lsf_left_4      =  -3.2513073996016653
    lsf_left_5      =  0.8912958450349356
    lsf_right1      =  2.0737023364840894
    lsf_right2      =  -16.59817122891259
    lsf_right3      =  3.6535938082788206
    lsf_right4      =  -3.05836830937257
    lsf_right5      =  0.7064317220345415
    tem_depth       =  0.9909553778074619
    velocity        =  -2277.043443582245
    wave_intercept  =  5935.918481242989
    wave_slope      =  0.017078595260939786
2026-03-26 14:39:09,031 - root - ERROR - Evaluated LSF:
2026-03-26 14:39:09,033 - root - ERROR - [nan nan nan nan nan nan nan nan nan nan nan nan nan nan nan nan nan nan
 nan nan nan nan nan nan nan nan nan nan nan nan nan nan nan nan nan nan
 nan nan nan nan nan nan nan nan nan nan nan nan nan nan nan nan nan nan
 nan nan nan nan nan nan nan nan nan nan nan nan nan nan nan nan nan nan
 nan]
2026-03-26 14:39:10,863 - root - ERROR - NaN value detected in oversampled model function.
2026-03-26 14:39:10,865 - root - ERROR - <ParameterSet (values: 17)>
    cont_intercept  =  6639.2510702893915
    cont_slope      =  -4.760109750532387
    iod_depth       =  0.23739639832102982
    lsf_left_1      =  2.0760625192384907
    lsf_left_2      =  -19.393933600507353
    lsf_left_3      =  1.14544173183891
    lsf_left_4      =  -3.9297515897160147
    lsf_left_5      =  0.9026670733669054
    lsf_right1      =  3.155989206698988
    lsf_right2      =  -19.376619136691687
    lsf_right3      =  8.167665227448053
    lsf_right4      =  -3.956975240206254
    lsf_right5      =  0.13576460246906294
    tem_depth       =  0.9418962339917232
    velocity        =  -2375.4266307691864
    wave_intercept  =  5954.941671610486
    wave_slope      =  0.015593806646152559
2026-03-26 14:39:10,866 - root - ERROR - Evaluated LSF:
2026-03-26 14:39:10,867 - root - ERROR - [nan nan nan nan nan nan nan nan nan nan nan nan nan nan nan nan nan nan
 nan nan nan nan nan nan nan nan nan nan nan nan nan nan nan nan nan nan
 nan nan nan nan nan nan nan nan nan nan nan nan nan nan nan nan nan nan
 nan nan nan nan nan nan nan nan nan nan nan nan nan nan nan nan nan nan
 nan]
2026-03-26 14:39:12,148 - root - ERROR - NaN value detected in oversampled model function.
2026-03-26 14:39:12,150 - root - ERROR - <ParameterSet (values: 17)>
    cont_intercept  =  3699.788382733836
    cont_slope      =  2.8270824982811305
    iod_depth       =  0.6671647669594951
    lsf_left_1      =  8.444865577813308
    lsf_left_2      =  -13.527106610032732
    lsf_left_3      =  2.637299775289306
    lsf_left_4      =  -1.461605893629284
    lsf_left_5      =  0.1534568038286179
    lsf_right1      =  2.8885179740486575
    lsf_right2      =  -18.031398570238593
    lsf_right3      =  9.80400840805271
    lsf_right4      =  -3.5414575566690827
    lsf_right5      =  0.7156880907418002
    tem_depth       =  0.17164850441121257
    velocity        =  -31554.47975910675
    wave_intercept  =  5970.597841549204
    wave_slope      =  0.0192022612655622
2026-03-26 14:39:12,151 - root - ERROR - Evaluated LSF:
2026-03-26 14:39:12,152 - root - ERROR - [nan nan nan nan nan nan nan nan nan nan nan nan nan nan nan nan nan nan
 nan nan nan nan nan nan nan nan nan nan nan nan nan nan nan nan nan nan
 nan nan nan nan nan nan nan nan nan nan nan nan nan nan nan nan nan nan
 nan nan nan nan nan nan nan nan nan nan nan nan nan nan nan nan nan nan
 nan]
2026-03-26 14:39:17,089 - root - ERROR - NaN value detected in oversampled model function.
2026-03-26 14:39:17,091 - root - ERROR - <ParameterSet (values: 17)>
    cont_intercept  =  5729.87307225807
    cont_slope      =  -2.299326737790164
    iod_depth       =  0.2921897088101194
    lsf_left_1      =  4.410807888804226
    lsf_left_2      =  -18.55118431322158
    lsf_left_3      =  2.2635421442679107
    lsf_left_4      =  -2.7300249357189754
    lsf_left_5      =  0.3559615509899414
    lsf_right1      =  2.254889408214528
    lsf_right2      =  -9.195746884895824
    lsf_right3      =  2.2802798385778287
    lsf_right4      =  -0.4882804430099812
    lsf_right5      =  0.1683091819862124
    tem_depth       =  0.8119627882755925
    velocity        =  -2755.044024018828
    wave_intercept  =  6021.2962367859045
    wave_slope      =  0.01515133883253191
2026-03-26 14:39:17,092 - root - ERROR - Evaluated LSF:
2026-03-26 14:39:17,093 - root - ERROR - [nan nan nan nan nan nan nan nan nan nan nan nan nan nan nan nan nan nan
 nan nan nan nan nan nan nan nan nan nan nan nan nan nan nan nan nan nan
 nan nan nan nan nan nan nan nan nan nan nan nan nan nan nan nan nan nan
 nan nan nan nan nan nan nan nan nan nan nan nan nan nan nan nan nan nan
 nan]
2026-03-26 14:39:18,614 - root - ERROR - NaN value detected in oversampled model function.
2026-03-26 14:39:18,615 - root - ERROR - <ParameterSet (values: 17)>
    cont_intercept  =  6117.118189470139
    cont_slope      =  2.5501319021647824
    iod_depth       =  0.6181621415005416
    lsf_left_1      =  6.26958388170552
    lsf_left_2      =  -17.621830556175766
    lsf_left_3      =  9.225786715440861
    lsf_left_4      =  -3.5726399382244045
    lsf_left_5      =  0.24781183162355774
    lsf_right1      =  3.233424072836101
    lsf_right2      =  -9.997774363166439
    lsf_right3      =  6.678258171724784
    lsf_right4      =  -3.1250045711773944
    lsf_right5      =  0.9476076348733949
    tem_depth       =  -0.573050128767793
    velocity        =  -7506.337527556311
    wave_intercept  =  6044.2619741920735
    wave_slope      =  0.018124830529893752
2026-03-26 14:39:18,617 - root - ERROR - Evaluated LSF:
2026-03-26 14:39:18,618 - root - ERROR - [nan nan nan nan nan nan nan nan nan nan nan nan nan nan nan nan nan nan
 nan nan nan nan nan nan nan nan nan nan nan nan nan nan nan nan nan nan
 nan nan nan nan nan nan nan nan nan nan nan nan nan nan nan nan nan nan
 nan nan nan nan nan nan nan nan nan nan nan nan nan nan nan nan nan nan
 nan]
2026-03-26 14:39:21,287 - root - ERROR - Chunk 470: No Data! Returning LmfitResult with None.
2026-03-26 14:39:23,583 - root - ERROR - NaN value detected in oversampled model function.
2026-03-26 14:39:23,584 - root - ERROR - <ParameterSet (values: 17)>
    cont_intercept  =  6633.696069303892
    cont_slope      =  2.4527046594451027
    iod_depth       =  0.30405400195324284
    lsf_left_1      =  2.9649455301470646
    lsf_left_2      =  -19.3881331133372
    lsf_left_3      =  7.381034513121544
    lsf_left_4      =  -3.8210239469374634
    lsf_left_5      =  0.5763802011837309
    lsf_right1      =  2.44659153383466
    lsf_right2      =  -17.990538443910282
    lsf_right3      =  4.0334329829692965
    lsf_right4      =  -3.835745334854571
    lsf_right5      =  0.1427361412353394
    tem_depth       =  0.967450358247694
    velocity        =  -3415.1464880278004
    wave_intercept  =  6109.378412085325
    wave_slope      =  0.018228285881729037
2026-03-26 14:39:23,585 - root - ERROR - Evaluated LSF:
2026-03-26 14:39:23,586 - root - ERROR - [nan nan nan nan nan nan nan nan nan nan nan nan nan nan nan nan nan nan
 nan nan nan nan nan nan nan nan nan nan nan nan nan nan nan nan nan nan
 nan nan nan nan nan nan nan nan nan nan nan nan nan nan nan nan nan nan
 nan nan nan nan nan nan nan nan nan nan nan nan nan nan nan nan nan nan
 nan]
2026-03-26 14:39:24,752 - root - ERROR - NaN value detected in oversampled model function.
2026-03-26 14:39:24,753 - root - ERROR - <ParameterSet (values: 17)>
    cont_intercept  =  7276.705302175927
    cont_slope      =  -0.3287145952368101
    iod_depth       =  0.6429364225578491
    lsf_left_1      =  2.073892643319817
    lsf_left_2      =  -3.2168504182395417
    lsf_left_3      =  1.7978729173209045
    lsf_left_4      =  -1.0045197034405655
    lsf_left_5      =  0.18878297262796004
    lsf_right1      =  2.2898809120305956
    lsf_right2      =  -19.29072098696978
    lsf_right3      =  2.943553357124757
    lsf_right4      =  -2.2146333401527043
    lsf_right5      =  0.13709287688201988
    tem_depth       =  0.8622800932784048
    velocity        =  -2209.3242895024373
    wave_intercept  =  6120.73053047202
    wave_slope      =  0.016971290392030387
2026-03-26 14:39:24,755 - root - ERROR - Evaluated LSF:
2026-03-26 14:39:24,755 - root - ERROR - [nan nan nan nan nan nan nan nan nan nan nan nan nan nan nan nan nan nan
 nan nan nan nan nan nan nan nan nan nan nan nan nan nan nan nan nan nan
 nan nan nan nan nan nan nan nan nan nan nan nan nan nan nan nan nan nan
 nan nan nan nan nan nan nan nan nan nan nan nan nan nan nan nan nan nan
 nan]
2026-03-26 14:39:25,204 - root - ERROR - NaN value detected in oversampled model function.
2026-03-26 14:39:25,205 - root - ERROR - <ParameterSet (values: 17)>
    cont_intercept  =  7213.962798891417
    cont_slope      =  -0.503810238531719
    iod_depth       =  0.4101795489884342
    lsf_left_1      =  5.659216947901713
    lsf_left_2      =  -19.28987321307668
    lsf_left_3      =  3.9423308885236215
    lsf_left_4      =  -1.9224159670517347
    lsf_left_5      =  0.6976383955410383
    lsf_right1      =  2.9829276430550733
    lsf_right2      =  -16.12238357193212
    lsf_right3      =  4.301260847515676
    lsf_right4      =  -3.4220243931059713
    lsf_right5      =  1.1940604838463516
    tem_depth       =  0.8635801371270915
    velocity        =  -1967.1037455878197
    wave_intercept  =  6131.50919920112
    wave_slope      =  0.016173544689469452
2026-03-26 14:39:25,206 - root - ERROR - Evaluated LSF:
2026-03-26 14:39:25,207 - root - ERROR - [nan nan nan nan nan nan nan nan nan nan nan nan nan nan nan nan nan nan
 nan nan nan nan nan nan nan nan nan nan nan nan nan nan nan nan nan nan
 nan nan nan nan nan nan nan nan nan nan nan nan nan nan nan nan nan nan
 nan nan nan nan nan nan nan nan nan nan nan nan nan nan nan nan nan nan
 nan]
2026-03-26 14:39:25,796 - root - ERROR - NaN value detected in oversampled model function.
2026-03-26 14:39:25,798 - root - ERROR - <ParameterSet (values: 17)>
    cont_intercept  =  5887.831966739879
    cont_slope      =  -1.9801569806967365
    iod_depth       =  -0.11716656610468512
    lsf_left_1      =  2.119371762111688
    lsf_left_2      =  -19.12541423269978
    lsf_left_3      =  3.2028692589638807
    lsf_left_4      =  -2.768612484574431
    lsf_left_5      =  0.9233630753050547
    lsf_right1      =  7.179303379755099
    lsf_right2      =  -19.34334154210911
    lsf_right3      =  9.251300323564712
    lsf_right4      =  -3.308980606709656
    lsf_right5      =  1.011372627987964
    tem_depth       =  0.7644987328088491
    velocity        =  -2231.1336681529415
    wave_intercept  =  6137.699784074821
    wave_slope      =  0.015759537475099072
2026-03-26 14:39:25,799 - root - ERROR - Evaluated LSF:
2026-03-26 14:39:25,800 - root - ERROR - [nan nan nan nan nan nan nan nan nan nan nan nan nan nan nan nan nan nan
 nan nan nan nan nan nan nan nan nan nan nan nan nan nan nan nan nan nan
 nan nan nan nan nan nan nan nan nan nan nan nan nan nan nan nan nan nan
 nan nan nan nan nan nan nan nan nan nan nan nan nan nan nan nan nan nan
 nan]
2026-03-26 14:39:25,816 - root - ERROR - NaN value detected in oversampled model function.
2026-03-26 14:39:25,818 - root - ERROR - <ParameterSet (values: 17)>
    cont_intercept  =  6422.064733055097
    cont_slope      =  -0.03229273286797321
    iod_depth       =  0.7296464301066452
    lsf_left_1      =  3.952373232665816
    lsf_left_2      =  -17.449384588576965
    lsf_left_3      =  1.3240577799784883
    lsf_left_4      =  -2.88148595975837
    lsf_left_5      =  0.5144173106242916
    lsf_right1      =  2.249469578984893
    lsf_right2      =  -16.518669247073884
    lsf_right3      =  6.584390131834138
    lsf_right4      =  -3.9076744108109813
    lsf_right5      =  0.6716872448567959
    tem_depth       =  -0.23870808531452503
    velocity        =  -12120.290053059722
    wave_intercept  =  6139.707064276825
    wave_slope      =  0.015287761368181139
2026-03-26 14:39:25,820 - root - ERROR - Evaluated LSF:
2026-03-26 14:39:25,821 - root - ERROR - [nan nan nan nan nan nan nan nan nan nan nan nan nan nan nan nan nan nan
 nan nan nan nan nan nan nan nan nan nan nan nan nan nan nan nan nan nan
 nan nan nan nan nan nan nan nan nan nan nan nan nan nan nan nan nan nan
 nan nan nan nan nan nan nan nan nan nan nan nan nan nan nan nan nan nan
 nan]
2026-03-26 14:39:26,176 - root - ERROR - NaN value detected in oversampled model function.
2026-03-26 14:39:26,178 - root - ERROR - <ParameterSet (values: 17)>
    cont_intercept  =  3882.102488254597
    cont_slope      =  3.3740525007735864
    iod_depth       =  -0.033216436526175286
    lsf_left_1      =  2.073648582535744
    lsf_left_2      =  -19.389006541629325
    lsf_left_3      =  10.13429395832185
    lsf_left_4      =  -3.7513288286917725
    lsf_left_5      =  0.3079912458196301
    lsf_right1      =  2.431690952116397
    lsf_right2      =  -3.045417609133537
    lsf_right3      =  1.1362675965131903
    lsf_right4      =  -3.956975061291708
    lsf_right5      =  0.13299291490340925
    tem_depth       =  0.8855275664341418
    velocity        =  176.4672174197788
    wave_intercept  =  6151.582863397395
    wave_slope      =  0.019628212014762995
2026-03-26 14:39:26,179 - root - ERROR - Evaluated LSF:
2026-03-26 14:39:26,180 - root - ERROR - [nan nan nan nan nan nan nan nan nan nan nan nan nan nan nan nan nan nan
 nan nan nan nan nan nan nan nan nan nan nan nan nan nan nan nan nan nan
 nan nan nan nan nan nan nan nan nan nan nan nan nan nan nan nan nan nan
 nan nan nan nan nan nan nan nan nan nan nan nan nan nan nan nan nan nan
 nan]
2026-03-26 14:39:26,627 - root - ERROR - NaN value detected in oversampled model function.
2026-03-26 14:39:26,628 - root - ERROR - <ParameterSet (values: 17)>
    cont_intercept  =  4951.761939660039
    cont_slope      =  2.804332980988564
    iod_depth       =  0.3509031283944058
    lsf_left_1      =  4.345287074015722
    lsf_left_2      =  -12.557073225190539
    lsf_left_3      =  3.554964313283948
    lsf_left_4      =  -3.646615041980567
    lsf_left_5      =  1.125891291318478
    lsf_right1      =  2.4730258986602727
    lsf_right2      =  -14.828064104618724
    lsf_right3      =  1.4837511731116322
    lsf_right4      =  -3.63232863052702
    lsf_right5      =  0.22617983428673627
    tem_depth       =  0.763986549993662
    velocity        =  -2107.822627800058
    wave_intercept  =  6161.524624319085
    wave_slope      =  0.018999953495812134
2026-03-26 14:39:26,630 - root - ERROR - Evaluated LSF:
2026-03-26 14:39:26,631 - root - ERROR - [nan nan nan nan nan nan nan nan nan nan nan nan nan nan nan nan nan nan
 nan nan nan nan nan nan nan nan nan nan nan nan nan nan nan nan nan nan
 nan nan nan nan nan nan nan nan nan nan nan nan nan nan nan nan nan nan
 nan nan nan nan nan nan nan nan nan nan nan nan nan nan nan nan nan nan
 nan]
2026-03-26 14:39:29,128 - root - ERROR - NaN value detected in oversampled model function.
2026-03-26 14:39:29,129 - root - ERROR - <ParameterSet (values: 17)>
    cont_intercept  =  6821.108931578299
    cont_slope      =  -1.7583440685565412
    iod_depth       =  0.884001241631585
    lsf_left_1      =  7.907226396319599
    lsf_left_2      =  -19.347529766932666
    lsf_left_3      =  3.2675663825296786
    lsf_left_4      =  -0.7215763894318941
    lsf_left_5      =  0.2920754239370569
    lsf_right1      =  2.673293582024715
    lsf_right2      =  -8.71651113530132
    lsf_right3      =  8.142677299758937
    lsf_right4      =  -3.842398730260332
    lsf_right5      =  0.1621568169254826
    tem_depth       =  0.05062392650264775
    velocity        =  -10866.237295645084
    wave_intercept  =  6195.5530420067835
    wave_slope      =  0.016056838639377787
2026-03-26 14:39:29,130 - root - ERROR - Evaluated LSF:
2026-03-26 14:39:29,131 - root - ERROR - [nan nan nan nan nan nan nan nan nan nan nan nan nan nan nan nan nan nan
 nan nan nan nan nan nan nan nan nan nan nan nan nan nan nan nan nan nan
 nan nan nan nan nan nan nan nan nan nan nan nan nan nan nan nan nan nan
 nan nan nan nan nan nan nan nan nan nan nan nan nan nan nan nan nan nan
 nan]
2026-03-26 14:39:30,105 - root - ERROR - NaN value detected in oversampled model function.
2026-03-26 14:39:30,106 - root - ERROR - <ParameterSet (values: 17)>
    cont_intercept  =  3898.9961816508394
    cont_slope      =  2.5983249371740262
    iod_depth       =  0.3876179456925707
    lsf_left_1      =  2.6807741355793095
    lsf_left_2      =  -18.915720350123042
    lsf_left_3      =  1.6120157469512528
    lsf_left_4      =  -0.7431520501910116
    lsf_left_5      =  0.3447641709662126
    lsf_right1      =  2.076465577583539
    lsf_right2      =  -2.6200023379403596
    lsf_right3      =  1.2743807345993265
    lsf_right4      =  -3.9180666324896185
    lsf_right5      =  1.08044150245875
    tem_depth       =  0.8197432956743045
    velocity        =  -2548.576169219665
    wave_intercept  =  6214.32045296093
    wave_slope      =  0.019684051782282948
2026-03-26 14:39:30,107 - root - ERROR - Evaluated LSF:
2026-03-26 14:39:30,108 - root - ERROR - [nan nan nan nan nan nan nan nan nan nan nan nan nan nan nan nan nan nan
 nan nan nan nan nan nan nan nan nan nan nan nan nan nan nan nan nan nan
 nan nan nan nan nan nan nan nan nan nan nan nan nan nan nan nan nan nan
 nan nan nan nan nan nan nan nan nan nan nan nan nan nan nan nan nan nan
 nan]
2026-03-26 14:39:30,606 - root - ERROR - NaN value detected in oversampled model function.
2026-03-26 14:39:30,607 - root - ERROR - <ParameterSet (values: 17)>
    cont_intercept  =  4767.219343461634
    cont_slope      =  3.089411178242996
    iod_depth       =  -0.08605753152979967
    lsf_left_1      =  2.3115171167027526
    lsf_left_2      =  -17.104420469893725
    lsf_left_3      =  1.9100497689876383
    lsf_left_4      =  -1.0235774396260728
    lsf_left_5      =  0.6831368036152016
    lsf_right1      =  12.222533465298964
    lsf_right2      =  -19.337137025451547
    lsf_right3      =  3.9332965628558685
    lsf_right4      =  -1.325485051475984
    lsf_right5      =  0.23484956029533818
    tem_depth       =  0.7894473846944889
    velocity        =  -2173.419734694362
    wave_intercept  =  6219.421359241226
    wave_slope      =  0.019528388079557674
2026-03-26 14:39:30,608 - root - ERROR - Evaluated LSF:
2026-03-26 14:39:30,610 - root - ERROR - [nan nan nan nan nan nan nan nan nan nan nan nan nan nan nan nan nan nan
 nan nan nan nan nan nan nan nan nan nan nan nan nan nan nan nan nan nan
 nan nan nan nan nan nan nan nan nan nan nan nan nan nan nan nan nan nan
 nan nan nan nan nan nan nan nan nan nan nan nan nan nan nan nan nan nan
 nan]
2026-03-26 14:39:30,675 - root - ERROR - NaN value detected in oversampled model function.
2026-03-26 14:39:30,677 - root - ERROR - <ParameterSet (values: 17)>
    cont_intercept  =  5201.716227366606
    cont_slope      =  3.1990901306130257
    iod_depth       =  0.16047000022726504
    lsf_left_1      =  4.398937782146063
    lsf_left_2      =  -19.398093994859977
    lsf_left_3      =  1.2765336838901178
    lsf_left_4      =  -1.2907912744876358
    lsf_left_5      =  0.18736474713583604
    lsf_right1      =  12.580925497170872
    lsf_right2      =  -19.272958227434515
    lsf_right3      =  3.509235677998766
    lsf_right4      =  -3.3685300935368456
    lsf_right5      =  0.13898983900427847
    tem_depth       =  0.811557617841423
    velocity        =  -1386.6178550003817
    wave_intercept  =  6221.903144687405
    wave_slope      =  0.018914633000055324
2026-03-26 14:39:30,678 - root - ERROR - Evaluated LSF:
2026-03-26 14:39:30,679 - root - ERROR - [nan nan nan nan nan nan nan nan nan nan nan nan nan nan nan nan nan nan
 nan nan nan nan nan nan nan nan nan nan nan nan nan nan nan nan nan nan
 nan nan nan nan nan nan nan nan nan nan nan nan nan nan nan nan nan nan
 nan nan nan nan nan nan nan nan nan nan nan nan nan nan nan nan nan nan
 nan]
2026-03-26 14:39:30,834 - root - ERROR - NaN value detected in oversampled model function.
2026-03-26 14:39:30,835 - root - ERROR - <ParameterSet (values: 17)>
    cont_intercept  =  5921.31987439585
    cont_slope      =  0.8264949110208004
    iod_depth       =  -0.7585261432769428
    lsf_left_1      =  2.0785705821690925
    lsf_left_2      =  -7.051003581807807
    lsf_left_3      =  5.526745192040068
    lsf_left_4      =  -3.7023554543299637
    lsf_left_5      =  1.157178763021657
    lsf_right1      =  2.1709460263390907
    lsf_right2      =  -13.737000620302016
    lsf_right3      =  4.069842070706542
    lsf_right4      =  -2.8105977234891695
    lsf_right5      =  1.1712121289102597
    tem_depth       =  -0.2360437922182373
    velocity        =  -1085.4229130009035
    wave_intercept  =  6226.111191527362
    wave_slope      =  0.018138311561051376
2026-03-26 14:39:30,837 - root - ERROR - Evaluated LSF:
2026-03-26 14:39:30,837 - root - ERROR - [nan nan nan nan nan nan nan nan nan nan nan nan nan nan nan nan nan nan
 nan nan nan nan nan nan nan nan nan nan nan nan nan nan nan nan nan nan
 nan nan nan nan nan nan nan nan nan nan nan nan nan nan nan nan nan nan
 nan nan nan nan nan nan nan nan nan nan nan nan nan nan nan nan nan nan
 nan]
2026-03-26 14:39:31,611 - root - ERROR - Chunk 537: No Data! Returning LmfitResult with None.
2026-03-26 14:39:31,824 - root - ERROR - NaN value detected in oversampled model function.
2026-03-26 14:39:31,832 - root - ERROR - <ParameterSet (values: 17)>
    cont_intercept  =  7438.388634600868
    cont_slope      =  0.35100276190890095
    iod_depth       =  0.684787083960667
    lsf_left_1      =  2.6873846698881962
    lsf_left_2      =  -12.526373777221238
    lsf_left_3      =  6.015453670812971
    lsf_left_4      =  -1.6604495087748328
    lsf_left_5      =  0.14090419493567435
    lsf_right1      =  4.278567194419647
    lsf_right2      =  -16.038198134221705
    lsf_right3      =  2.730050819923762
    lsf_right4      =  -3.8240143332382877
    lsf_right5      =  0.6547275077433412
    tem_depth       =  1.126416774874798
    velocity        =  -2489.7524211867512
    wave_intercept  =  6250.071213645558
    wave_slope      =  0.01718367531709064
2026-03-26 14:39:31,837 - root - ERROR - Evaluated LSF:
2026-03-26 14:39:31,841 - root - ERROR - [nan nan nan nan nan nan nan nan nan nan nan nan nan nan nan nan nan nan
 nan nan nan nan nan nan nan nan nan nan nan nan nan nan nan nan nan nan
 nan nan nan nan nan nan nan nan nan nan nan nan nan nan nan nan nan nan
 nan nan nan nan nan nan nan nan nan nan nan nan nan nan nan nan nan nan
 nan]
2026-03-26 14:39:32,296 - root - ERROR - NaN value detected in oversampled model function.
2026-03-26 14:39:32,297 - root - ERROR - <ParameterSet (values: 17)>
    cont_intercept  =  7003.316219646945
    cont_slope      =  -0.8789646050042057
    iod_depth       =  0.5251361346978676
    lsf_left_1      =  4.469338532249749
    lsf_left_2      =  -14.791279309146969
    lsf_left_3      =  10.219524761701047
    lsf_left_4      =  -3.947185270851572
    lsf_left_5      =  0.1789236385261539
    lsf_right1      =  5.018640616520173
    lsf_right2      =  -19.06682952817893
    lsf_right3      =  1.3044086278963387
    lsf_right4      =  -2.8356450701453175
    lsf_right5      =  0.13279365115949132
    tem_depth       =  0.8119043169808927
    velocity        =  -2547.284431368096
    wave_intercept  =  6256.631405941648
    wave_slope      =  0.01640018406746852
2026-03-26 14:39:32,298 - root - ERROR - Evaluated LSF:
2026-03-26 14:39:32,299 - root - ERROR - [nan nan nan nan nan nan nan nan nan nan nan nan nan nan nan nan nan nan
 nan nan nan nan nan nan nan nan nan nan nan nan nan nan nan nan nan nan
 nan nan nan nan nan nan nan nan nan nan nan nan nan nan nan nan nan nan
 nan nan nan nan nan nan nan nan nan nan nan nan nan nan nan nan nan nan
 nan]
2026-03-26 14:39:32,303 - root - ERROR - Chunk 544: No Data! Returning LmfitResult with None.
2026-03-26 14:39:32,886 - root - ERROR - NaN value detected in oversampled model function.
2026-03-26 14:39:32,887 - root - ERROR - <ParameterSet (values: 17)>
    cont_intercept  =  6151.211469208709
    cont_slope      =  -2.3219979767985217
    iod_depth       =  1.18298674607733
    lsf_left_1      =  4.300610767666631
    lsf_left_2      =  -18.050062799562962
    lsf_left_3      =  5.0920905819483835
    lsf_left_4      =  -1.0629180958949749
    lsf_left_5      =  0.3975126530507617
    lsf_right1      =  3.0786561892455673
    lsf_right2      =  -7.395563913744331
    lsf_right3      =  1.381406772557039
    lsf_right4      =  -1.9314420054059744
    lsf_right5      =  0.4779949090093549
    tem_depth       =  -0.262996075889028
    velocity        =  -7635.154249898413
    wave_intercept  =  6267.063174490352
    wave_slope      =  0.015489435121259528
2026-03-26 14:39:32,889 - root - ERROR - Evaluated LSF:
2026-03-26 14:39:32,890 - root - ERROR - [nan nan nan nan nan nan nan nan nan nan nan nan nan nan nan nan nan nan
 nan nan nan nan nan nan nan nan nan nan nan nan nan nan nan nan nan nan
 nan nan nan nan nan nan nan nan nan nan nan nan nan nan nan nan nan nan
 nan nan nan nan nan nan nan nan nan nan nan nan nan nan nan nan nan nan
 nan]
2026-03-26 14:39:34,904 - root - ERROR - NaN value detected in oversampled model function.
2026-03-26 14:39:34,905 - root - ERROR - <ParameterSet (values: 17)>
    cont_intercept  =  5908.81599642194
    cont_slope      =  2.742282173966289
    iod_depth       =  0.37839056146173244
    lsf_left_1      =  2.2963430284060915
    lsf_left_2      =  -18.984824488551567
    lsf_left_3      =  2.452625005394572
    lsf_left_4      =  -3.871019094414572
    lsf_left_5      =  0.40507849470719337
    lsf_right1      =  2.125470858582383
    lsf_right2      =  -18.889482676196103
    lsf_right3      =  2.3983218398561963
    lsf_right4      =  -2.873257118465224
    lsf_right5      =  0.2254390491036669
    tem_depth       =  0.808042064381636
    velocity        =  -1952.984853258152
    wave_intercept  =  6291.030507957341
    wave_slope      =  0.018912150768705796
2026-03-26 14:39:34,907 - root - ERROR - Evaluated LSF:
2026-03-26 14:39:34,908 - root - ERROR - [nan nan nan nan nan nan nan nan nan nan nan nan nan nan nan nan nan nan
 nan nan nan nan nan nan nan nan nan nan nan nan nan nan nan nan nan nan
 nan nan nan nan nan nan nan nan nan nan nan nan nan nan nan nan nan nan
 nan nan nan nan nan nan nan nan nan nan nan nan nan nan nan nan nan nan
 nan]
2026-03-26 14:39:35,121 - root - ERROR - NaN value detected in oversampled model function.
2026-03-26 14:39:35,123 - root - ERROR - <ParameterSet (values: 17)>
    cont_intercept  =  6523.597061906833
    cont_slope      =  2.0073894863762334
    iod_depth       =  0.3115006262845162
    lsf_left_1      =  2.2891567833485316
    lsf_left_2      =  -6.759605005217862
    lsf_left_3      =  3.0997457506517825
    lsf_left_4      =  -1.6977702684410532
    lsf_left_5      =  0.13424340714475672
    lsf_right1      =  4.364073903110484
    lsf_right2      =  -18.660263689523976
    lsf_right3      =  1.423967005716385
    lsf_right4      =  -1.1461480276440157
    lsf_right5      =  0.4517716440220087
    tem_depth       =  0.06962720649666965
    velocity        =  -9714.091914804103
    wave_intercept  =  6295.902764515045
    wave_slope      =  0.018330847450522283
2026-03-26 14:39:35,126 - root - ERROR - Evaluated LSF:
2026-03-26 14:39:35,128 - root - ERROR - [nan nan nan nan nan nan nan nan nan nan nan nan nan nan nan nan nan nan
 nan nan nan nan nan nan nan nan nan nan nan nan nan nan nan nan nan nan
 nan nan nan nan nan nan nan nan nan nan nan nan nan nan nan nan nan nan
 nan nan nan nan nan nan nan nan nan nan nan nan nan nan nan nan nan nan
 nan]
2026-03-26 14:39:36,369 - root - ERROR - NaN value detected in oversampled model function.
2026-03-26 14:39:36,370 - root - ERROR - <ParameterSet (values: 17)>
    cont_intercept  =  7366.721633518996
    cont_slope      =  -0.19283661835129448
    iod_depth       =  0.7505456707428498
    lsf_left_1      =  3.2776036434157114
    lsf_left_2      =  -19.402379423302897
    lsf_left_3      =  1.1375155382718094
    lsf_left_4      =  -3.944902840749068
    lsf_left_5      =  0.25716615793435227
    lsf_right1      =  3.64832335412364
    lsf_right2      =  -13.842821211565784
    lsf_right3      =  9.760562891770135
    lsf_right4      =  -2.97938237713177
    lsf_right5      =  0.13269100033009149
    tem_depth       =  0.1293646142223311
    velocity        =  -12805.086855205043
    wave_intercept  =  6307.730324077838
    wave_slope      =  0.017648320578276484
2026-03-26 14:39:36,372 - root - ERROR - Evaluated LSF:
2026-03-26 14:39:36,372 - root - ERROR - [nan nan nan nan nan nan nan nan nan nan nan nan nan nan nan nan nan nan
 nan nan nan nan nan nan nan nan nan nan nan nan nan nan nan nan nan nan
 nan nan nan nan nan nan nan nan nan nan nan nan nan nan nan nan nan nan
 nan nan nan nan nan nan nan nan nan nan nan nan nan nan nan nan nan nan
 nan]
2026-03-26 14:39:36,410 - root - ERROR - NaN value detected in oversampled model function.
2026-03-26 14:39:36,411 - root - ERROR - <ParameterSet (values: 17)>
    cont_intercept  =  7335.515245434252
    cont_slope      =  -2.4340333828755014
    iod_depth       =  0.6854930435942512
    lsf_left_1      =  4.509595741490681
    lsf_left_2      =  -13.5545191746975
    lsf_left_3      =  7.959040843618488
    lsf_left_4      =  -3.956943825930577
    lsf_left_5      =  0.25250671354784165
    lsf_right1      =  4.685796010293174
    lsf_right2      =  -9.88437327383905
    lsf_right3      =  1.6665823473410812
    lsf_right4      =  -2.454778080773395
    lsf_right5      =  1.042038080400219
    tem_depth       =  -0.33683142689086043
    velocity        =  -15782.146091800814
    wave_intercept  =  6309.99627776077
    wave_slope      =  0.01691345584472444
2026-03-26 14:39:36,412 - root - ERROR - Evaluated LSF:
2026-03-26 14:39:36,413 - root - ERROR - [nan nan nan nan nan nan nan nan nan nan nan nan nan nan nan nan nan nan
 nan nan nan nan nan nan nan nan nan nan nan nan nan nan nan nan nan nan
 nan nan nan nan nan nan nan nan nan nan nan nan nan nan nan nan nan nan
 nan nan nan nan nan nan nan nan nan nan nan nan nan nan nan nan nan nan
 nan]
2026-03-26 14:39:36,526 - root - ERROR - NaN value detected in oversampled model function.
2026-03-26 14:39:36,528 - root - ERROR - <ParameterSet (values: 17)>
    cont_intercept  =  7202.718800667218
    cont_slope      =  -0.25993972171021035
    iod_depth       =  0.7648729964070021
    lsf_left_1      =  3.006476668062758
    lsf_left_2      =  -18.146769063768858
    lsf_left_3      =  3.179779676674928
    lsf_left_4      =  -1.013974177097745
    lsf_left_5      =  0.32697114816549977
    lsf_right1      =  10.086699832821475
    lsf_right2      =  -17.95126696505418
    lsf_right3      =  1.1434080497641823
    lsf_right4      =  -3.4895495188142527
    lsf_right5      =  0.39145442915723977
    tem_depth       =  0.9416344152190295
    velocity        =  -1543.1956389037396
    wave_intercept  =  6314.540292347022
    wave_slope      =  0.017701871987237477
2026-03-26 14:39:36,529 - root - ERROR - Evaluated LSF:
2026-03-26 14:39:36,531 - root - ERROR - [nan nan nan nan nan nan nan nan nan nan nan nan nan nan nan nan nan nan
 nan nan nan nan nan nan nan nan nan nan nan nan nan nan nan nan nan nan
 nan nan nan nan nan nan nan nan nan nan nan nan nan nan nan nan nan nan
 nan nan nan nan nan nan nan nan nan nan nan nan nan nan nan nan nan nan
 nan]
2026-03-26 14:39:37,210 - root - ERROR - Chunk 569: No Data! Returning LmfitResult with None.
2026-03-26 14:39:37,211 - root - ERROR - Chunk 570: No Data! Returning LmfitResult with None.
2026-03-26 14:39:37,235 - root - ERROR - NaN value detected in oversampled model function.
2026-03-26 14:39:37,237 - root - ERROR - <ParameterSet (values: 17)>
    cont_intercept  =  6367.748282944872
    cont_slope      =  -2.0819479953571265
    iod_depth       =  0.5055027688586398
    lsf_left_1      =  2.6801655479473467
    lsf_left_2      =  -5.308066866693606
    lsf_left_3      =  1.1701494459890185
    lsf_left_4      =  -3.0211396428090858
    lsf_left_5      =  0.5320552856267142
    lsf_right1      =  4.319270455246533
    lsf_right2      =  -16.830574130494707
    lsf_right3      =  5.160414865844564
    lsf_right4      =  -3.7601021910280723
    lsf_right5      =  0.3131391513857098
    tem_depth       =  0.6812168036574516
    velocity        =  -4638.096011253942
    wave_intercept  =  6327.491465725951
    wave_slope      =  0.015146003530372196
2026-03-26 14:39:37,238 - root - ERROR - Evaluated LSF:
2026-03-26 14:39:37,239 - root - ERROR - [nan nan nan nan nan nan nan nan nan nan nan nan nan nan nan nan nan nan
 nan nan nan nan nan nan nan nan nan nan nan nan nan nan nan nan nan nan
 nan nan nan nan nan nan nan nan nan nan nan nan nan nan nan nan nan nan
 nan nan nan nan nan nan nan nan nan nan nan nan nan nan nan nan nan nan
 nan]
2026-03-26 14:39:37,266 - root - ERROR - NaN value detected in oversampled model function.
2026-03-26 14:39:37,268 - root - ERROR - <ParameterSet (values: 17)>
    cont_intercept  =  6276.706239714437
    cont_slope      =  -0.4012969037111142
    iod_depth       =  0.703775203403509
    lsf_left_1      =  3.6842376937742367
    lsf_left_2      =  -15.312309250234684
    lsf_left_3      =  1.4529903676702156
    lsf_left_4      =  -3.206893649174677
    lsf_left_5      =  0.1547629981887788
    lsf_right1      =  5.015623674393399
    lsf_right2      =  -18.923426996523315
    lsf_right3      =  1.4882737241697195
    lsf_right4      =  -2.640166331046532
    lsf_right5      =  0.13369960233317374
    tem_depth       =  0.21277262373618427
    velocity        =  -9195.18503444397
    wave_intercept  =  6329.592294895006
    wave_slope      =  0.016195770411354414
2026-03-26 14:39:37,269 - root - ERROR - Evaluated LSF:
2026-03-26 14:39:37,270 - root - ERROR - [nan nan nan nan nan nan nan nan nan nan nan nan nan nan nan nan nan nan
 nan nan nan nan nan nan nan nan nan nan nan nan nan nan nan nan nan nan
 nan nan nan nan nan nan nan nan nan nan nan nan nan nan nan nan nan nan
 nan nan nan nan nan nan nan nan nan nan nan nan nan nan nan nan nan nan
 nan]
2026-03-26 14:39:44,369 - root - ERROR - NaN value detected in iodine function.
2026-03-26 14:39:44,371 - root - ERROR - Chunk could not be plotted
Traceback (most recent call last):
  File "/Users/jaklusmeyer/SONG/pyodine/pyodine/plot_lib.py", line 62, in plot_chunkmodel
    sp = fit_results[chunk_nr].fitted_spectrum
  File "/Users/jaklusmeyer/SONG/pyodine/pyodine/fitters/base.py", line 45, in fitted_spectrum
    return self.model.eval_spectrum(self.chunk, self.params, chunk_ind=self.chunk_ind)
  File "/Users/jaklusmeyer/SONG/pyodine/pyodine/models/base.py", line 79, in eval_spectrum
    flux = self.eval(chunk, params, chunk_ind=chunk_ind, **kwargs)
  File "/Users/jaklusmeyer/SONG/pyodine/pyodine/models/spectrum.py", line 138, in eval
    tck = splrep(tem.wave * doppler, flux_tem, s=0)
  File "/Users/jaklusmeyer/miniconda/envs/pyodine_env/lib/python3.9/site-packages/scipy/interpolate/_fitpack_py.py", line 295, in splrep
    res = _impl.splrep(x, y, w, xb, xe, k, task, s, t, full_output, per, quiet)
  File "/Users/jaklusmeyer/miniconda/envs/pyodine_env/lib/python3.9/site-packages/scipy/interpolate/_fitpack_impl.py", line 276, in splrep
    n, c, fp, ier = dfitpack.curfit(task, x, y, w, t, wrk, iwrk,
dfitpack.error: (xb<=x[0]) failed for 1st keyword xb: curfit:xb=nan
2026-03-26 14:39:44,666 - root - ERROR - NaN value detected in iodine function.
2026-03-26 14:39:44,668 - root - ERROR - Chunk could not be plotted
Traceback (most recent call last):
  File "/Users/jaklusmeyer/SONG/pyodine/pyodine/plot_lib.py", line 62, in plot_chunkmodel
    sp = fit_results[chunk_nr].fitted_spectrum
  File "/Users/jaklusmeyer/SONG/pyodine/pyodine/fitters/base.py", line 45, in fitted_spectrum
    return self.model.eval_spectrum(self.chunk, self.params, chunk_ind=self.chunk_ind)
  File "/Users/jaklusmeyer/SONG/pyodine/pyodine/models/base.py", line 79, in eval_spectrum
    flux = self.eval(chunk, params, chunk_ind=chunk_ind, **kwargs)
  File "/Users/jaklusmeyer/SONG/pyodine/pyodine/models/spectrum.py", line 138, in eval
    tck = splrep(tem.wave * doppler, flux_tem, s=0)
  File "/Users/jaklusmeyer/miniconda/envs/pyodine_env/lib/python3.9/site-packages/scipy/interpolate/_fitpack_py.py", line 295, in splrep
    res = _impl.splrep(x, y, w, xb, xe, k, task, s, t, full_output, per, quiet)
  File "/Users/jaklusmeyer/miniconda/envs/pyodine_env/lib/python3.9/site-packages/scipy/interpolate/_fitpack_impl.py", line 276, in splrep
    n, c, fp, ier = dfitpack.curfit(task, x, y, w, t, wrk, iwrk,
dfitpack.error: (xb<=x[0]) failed for 1st keyword xb: curfit:xb=nan
