2026-03-26 15:45:42,256 - root - ERROR - NaN value detected in oversampled model function.
2026-03-26 15:45:42,258 - root - ERROR - <ParameterSet (values: 17)>
    cont_intercept  =  3851.140185285642
    cont_slope      =  2.358495032698661
    iod_depth       =  0.6017585008448472
    lsf_left_1      =  2.790846323889622
    lsf_left_2      =  -19.274066227416576
    lsf_left_3      =  2.1893318539163658
    lsf_left_4      =  -3.8617330523741975
    lsf_left_5      =  1.1269545907109713
    lsf_right1      =  9.54969542973977
    lsf_right2      =  -15.378308946687955
    lsf_right3      =  2.57497330663016
    lsf_right4      =  -3.957712118255617
    lsf_right5      =  0.223606718240573
    tem_depth       =  0.7524790762166661
    velocity        =  -1908.9553702697278
    wave_intercept  =  5125.938591053202
    wave_slope      =  0.01571760938512293
2026-03-26 15:45:42,260 - root - ERROR - Evaluated LSF:
2026-03-26 15:45:42,262 - root - ERROR - [nan nan nan nan nan nan nan nan nan nan nan nan nan nan nan nan nan nan
 nan nan nan nan nan nan nan nan nan nan nan nan nan nan nan nan nan nan
 nan nan nan nan nan nan nan nan nan nan nan nan nan nan nan nan nan nan
 nan nan nan nan nan nan nan nan nan nan nan nan nan nan nan nan nan nan
 nan]
2026-03-26 15:45:42,395 - root - ERROR - NaN value detected in oversampled model function.
2026-03-26 15:45:42,397 - root - ERROR - <ParameterSet (values: 17)>
    cont_intercept  =  4620.372479319667
    cont_slope      =  1.7790628586475932
    iod_depth       =  0.647367810529159
    lsf_left_1      =  2.777942083894038
    lsf_left_2      =  -19.30923272894012
    lsf_left_3      =  3.5961863831285603
    lsf_left_4      =  -3.9268137857329224
    lsf_left_5      =  0.49071638309724436
    lsf_right1      =  9.189771873259966
    lsf_right2      =  -17.127550650980464
    lsf_right3      =  2.3113771092265276
    lsf_right4      =  -3.2911503980025563
    lsf_right5      =  0.3612888520984654
    tem_depth       =  0.851550758289046
    velocity        =  -2349.2306174199857
    wave_intercept  =  5129.965138106637
    wave_slope      =  0.015362949365390774
2026-03-26 15:45:42,399 - root - ERROR - Evaluated LSF:
2026-03-26 15:45:42,400 - root - ERROR - [nan nan nan nan nan nan nan nan nan nan nan nan nan nan nan nan nan nan
 nan nan nan nan nan nan nan nan nan nan nan nan nan nan nan nan nan nan
 nan nan nan nan nan nan nan nan nan nan nan nan nan nan nan nan nan nan
 nan nan nan nan nan nan nan nan nan nan nan nan nan nan nan nan nan nan
 nan]
2026-03-26 15:45:45,897 - root - ERROR - NaN value detected in oversampled model function.
2026-03-26 15:45:45,899 - root - ERROR - <ParameterSet (values: 17)>
    cont_intercept  =  3104.835222130893
    cont_slope      =  3.250307975075167
    iod_depth       =  0.5465873522482876
    lsf_left_1      =  4.8481750217742245
    lsf_left_2      =  -18.10875240351944
    lsf_left_3      =  3.7050801577259596
    lsf_left_4      =  -0.9190000795815148
    lsf_left_5      =  0.1329393260666841
    lsf_right1      =  2.4211562386371694
    lsf_right2      =  -5.575321789483947
    lsf_right3      =  1.406831381693189
    lsf_right4      =  -2.433191457123349
    lsf_right5      =  0.4611441789741688
    tem_depth       =  0.7921398913739618
    velocity        =  -2121.7320531271143
    wave_intercept  =  5163.135579022847
    wave_slope      =  0.016382884770454974
2026-03-26 15:45:45,900 - root - ERROR - Evaluated LSF:
2026-03-26 15:45:45,901 - root - ERROR - [nan nan nan nan nan nan nan nan nan nan nan nan nan nan nan nan nan nan
 nan nan nan nan nan nan nan nan nan nan nan nan nan nan nan nan nan nan
 nan nan nan nan nan nan nan nan nan nan nan nan nan nan nan nan nan nan
 nan nan nan nan nan nan nan nan nan nan nan nan nan nan nan nan nan nan
 nan]
2026-03-26 15:45:46,231 - root - ERROR - Chunk 29: No Data! Returning LmfitResult with None.
2026-03-26 15:45:49,060 - root - ERROR - NaN value detected in oversampled model function.
2026-03-26 15:45:49,062 - root - ERROR - <ParameterSet (values: 17)>
    cont_intercept  =  5877.805327961849
    cont_slope      =  0.11742706800014968
    iod_depth       =  0.6690209958719225
    lsf_left_1      =  6.471631671785975
    lsf_left_2      =  -18.52363578658504
    lsf_left_3      =  1.14037599899624
    lsf_left_4      =  -3.9624632728909286
    lsf_left_5      =  0.13287608104955057
    lsf_right1      =  2.1650625480676453
    lsf_right2      =  -6.783898269910615
    lsf_right3      =  3.570934771242044
    lsf_right4      =  -2.120701657743479
    lsf_right5      =  0.2724084746282337
    tem_depth       =  0.8182725872585848
    velocity        =  -2310.564475633414
    wave_intercept  =  5196.198515151735
    wave_slope      =  0.013754924443391542
2026-03-26 15:45:49,063 - root - ERROR - Evaluated LSF:
2026-03-26 15:45:49,064 - root - ERROR - [nan nan nan nan nan nan nan nan nan nan nan nan nan nan nan nan nan nan
 nan nan nan nan nan nan nan nan nan nan nan nan nan nan nan nan nan nan
 nan nan nan nan nan nan nan nan nan nan nan nan nan nan nan nan nan nan
 nan nan nan nan nan nan nan nan nan nan nan nan nan nan nan nan nan nan
 nan]
2026-03-26 15:45:53,196 - root - ERROR - Chunk 63: No Data! Returning LmfitResult with None.
2026-03-26 15:45:53,538 - root - ERROR - NaN value detected in oversampled model function.
2026-03-26 15:45:53,540 - root - ERROR - <ParameterSet (values: 17)>
    cont_intercept  =  7859.816914820248
    cont_slope      =  -0.5710469822285602
    iod_depth       =  0.718412935725595
    lsf_left_1      =  3.2918102914276126
    lsf_left_2      =  -19.319157721292104
    lsf_left_3      =  3.640703275100348
    lsf_left_4      =  -3.5747690534076253
    lsf_left_5      =  0.39958376976217924
    lsf_right1      =  3.807530469269783
    lsf_right2      =  -8.642967959447498
    lsf_right3      =  2.855246511590555
    lsf_right4      =  -3.148762463524389
    lsf_right5      =  1.0828208997138307
    tem_depth       =  0.9107707810909699
    velocity        =  -2462.987804245003
    wave_intercept  =  5236.97414365637
    wave_slope      =  0.01408420001544961
2026-03-26 15:45:53,541 - root - ERROR - Evaluated LSF:
2026-03-26 15:45:53,542 - root - ERROR - [nan nan nan nan nan nan nan nan nan nan nan nan nan nan nan nan nan nan
 nan nan nan nan nan nan nan nan nan nan nan nan nan nan nan nan nan nan
 nan nan nan nan nan nan nan nan nan nan nan nan nan nan nan nan nan nan
 nan nan nan nan nan nan nan nan nan nan nan nan nan nan nan nan nan nan
 nan]
2026-03-26 15:45:54,145 - root - ERROR - NaN value detected in oversampled model function.
2026-03-26 15:45:54,147 - root - ERROR - <ParameterSet (values: 17)>
    cont_intercept  =  7032.072890709586
    cont_slope      =  -1.3205793558687542
    iod_depth       =  0.7307047889345103
    lsf_left_1      =  2.2775176400616655
    lsf_left_2      =  -17.50023825343144
    lsf_left_3      =  1.5043316192240461
    lsf_left_4      =  -3.3764554021073234
    lsf_left_5      =  0.1498084364679539
    lsf_right1      =  4.10493417667391
    lsf_right2      =  -6.737251132465865
    lsf_right3      =  1.3200972875861328
    lsf_right4      =  -3.9422978022814377
    lsf_right5      =  0.208847808867563
    tem_depth       =  0.989934237130291
    velocity        =  -3181.140642499909
    wave_intercept  =  5245.920877711214
    wave_slope      =  0.013383417569140526
2026-03-26 15:45:54,148 - root - ERROR - Evaluated LSF:
2026-03-26 15:45:54,149 - root - ERROR - [nan nan nan nan nan nan nan nan nan nan nan nan nan nan nan nan nan nan
 nan nan nan nan nan nan nan nan nan nan nan nan nan nan nan nan nan nan
 nan nan nan nan nan nan nan nan nan nan nan nan nan nan nan nan nan nan
 nan nan nan nan nan nan nan nan nan nan nan nan nan nan nan nan nan nan
 nan]
2026-03-26 15:45:54,607 - root - ERROR - NaN value detected in oversampled model function.
2026-03-26 15:45:54,610 - root - ERROR - <ParameterSet (values: 17)>
    cont_intercept  =  3253.689576551761
    cont_slope      =  3.180930088994264
    iod_depth       =  0.5617397913362918
    lsf_left_1      =  11.427350382503226
    lsf_left_2      =  -18.872671389867527
    lsf_left_3      =  3.322199397343387
    lsf_left_4      =  -3.933101094152838
    lsf_left_5      =  1.1808950673996248
    lsf_right1      =  2.12636583206931
    lsf_right2      =  -14.886800170769899
    lsf_right3      =  3.778793617907749
    lsf_right4      =  -2.742120083169847
    lsf_right5      =  0.9063054949246273
    tem_depth       =  0.8522537233862326
    velocity        =  -2049.766567005186
    wave_intercept  =  5249.990653140616
    wave_slope      =  0.016757364446523905
2026-03-26 15:45:54,611 - root - ERROR - Evaluated LSF:
2026-03-26 15:45:54,613 - root - ERROR - [nan nan nan nan nan nan nan nan nan nan nan nan nan nan nan nan nan nan
 nan nan nan nan nan nan nan nan nan nan nan nan nan nan nan nan nan nan
 nan nan nan nan nan nan nan nan nan nan nan nan nan nan nan nan nan nan
 nan nan nan nan nan nan nan nan nan nan nan nan nan nan nan nan nan nan
 nan]
2026-03-26 15:45:55,644 - root - ERROR - NaN value detected in oversampled model function.
2026-03-26 15:45:55,645 - root - ERROR - <ParameterSet (values: 17)>
    cont_intercept  =  5312.260724898559
    cont_slope      =  2.641646647189283
    iod_depth       =  0.7922312787666703
    lsf_left_1      =  3.068146040165862
    lsf_left_2      =  -19.2623050177827
    lsf_left_3      =  9.640769675699758
    lsf_left_4      =  -3.752158451538071
    lsf_left_5      =  0.6898642721764671
    lsf_right1      =  8.8678883198749
    lsf_right2      =  -17.095255864667415
    lsf_right3      =  1.576259152785655
    lsf_right4      =  -1.7608908325897636
    lsf_right5      =  0.812600645122717
    tem_depth       =  0.8564846405415711
    velocity        =  -2589.4020744797544
    wave_intercept  =  5262.659469973641
    wave_slope      =  0.0158239866935102
2026-03-26 15:45:55,647 - root - ERROR - Evaluated LSF:
2026-03-26 15:45:55,648 - root - ERROR - [nan nan nan nan nan nan nan nan nan nan nan nan nan nan nan nan nan nan
 nan nan nan nan nan nan nan nan nan nan nan nan nan nan nan nan nan nan
 nan nan nan nan nan nan nan nan nan nan nan nan nan nan nan nan nan nan
 nan nan nan nan nan nan nan nan nan nan nan nan nan nan nan nan nan nan
 nan]
2026-03-26 15:46:03,806 - root - ERROR - NaN value detected in oversampled model function.
2026-03-26 15:46:03,807 - root - ERROR - <ParameterSet (values: 17)>
    cont_intercept  =  4283.893454377906
    cont_slope      =  3.2693363825602924
    iod_depth       =  0.7520988938426063
    lsf_left_1      =  6.236459095901077
    lsf_left_2      =  -19.26123966630732
    lsf_left_3      =  1.6242899980104304
    lsf_left_4      =  -1.2256182949370356
    lsf_left_5      =  0.6154954363086386
    lsf_right1      =  4.922895975903058
    lsf_right2      =  -12.488766792690221
    lsf_right3      =  1.6994872438688602
    lsf_right4      =  -1.5777125591048113
    lsf_right5      =  0.43395976186669244
    tem_depth       =  0.9306355920206809
    velocity        =  -2104.918883101899
    wave_intercept  =  5346.470100626586
    wave_slope      =  0.01668028557487591
2026-03-26 15:46:03,808 - root - ERROR - Evaluated LSF:
2026-03-26 15:46:03,809 - root - ERROR - [nan nan nan nan nan nan nan nan nan nan nan nan nan nan nan nan nan nan
 nan nan nan nan nan nan nan nan nan nan nan nan nan nan nan nan nan nan
 nan nan nan nan nan nan nan nan nan nan nan nan nan nan nan nan nan nan
 nan nan nan nan nan nan nan nan nan nan nan nan nan nan nan nan nan nan
 nan]
2026-03-26 15:46:04,999 - root - ERROR - NaN value detected in oversampled model function.
2026-03-26 15:46:05,001 - root - ERROR - <ParameterSet (values: 17)>
    cont_intercept  =  8091.761094646102
    cont_slope      =  1.4583441176788428
    iod_depth       =  0.8056555593887548
    lsf_left_1      =  3.5910708932359325
    lsf_left_2      =  -19.340370631847325
    lsf_left_3      =  7.384503649761906
    lsf_left_4      =  -2.0790748864357598
    lsf_left_5      =  0.22072017240889474
    lsf_right1      =  10.808662048903086
    lsf_right2      =  -18.617961968828215
    lsf_right3      =  3.252053126936445
    lsf_right4      =  -2.2214585093960126
    lsf_right5      =  0.42661410640983555
    tem_depth       =  0.8868139498665056
    velocity        =  -2420.4194664164183
    wave_intercept  =  5363.14175999583
    wave_slope      =  0.01541467509019179
2026-03-26 15:46:05,003 - root - ERROR - Evaluated LSF:
2026-03-26 15:46:05,004 - root - ERROR - [nan nan nan nan nan nan nan nan nan nan nan nan nan nan nan nan nan nan
 nan nan nan nan nan nan nan nan nan nan nan nan nan nan nan nan nan nan
 nan nan nan nan nan nan nan nan nan nan nan nan nan nan nan nan nan nan
 nan nan nan nan nan nan nan nan nan nan nan nan nan nan nan nan nan nan
 nan]
2026-03-26 15:46:08,426 - root - ERROR - NaN value detected in oversampled model function.
2026-03-26 15:46:08,428 - root - ERROR - <ParameterSet (values: 17)>
    cont_intercept  =  6727.224834145376
    cont_slope      =  2.58172166801803
    iod_depth       =  0.7306082758450729
    lsf_left_1      =  9.58497255215979
    lsf_left_2      =  -16.287596726511175
    lsf_left_3      =  4.5501482850995
    lsf_left_4      =  -2.606769423549758
    lsf_left_5      =  1.1881554523392368
    lsf_right1      =  5.3259969111628145
    lsf_right2      =  -18.24643937342568
    lsf_right3      =  1.8983056828377547
    lsf_right4      =  -0.8602368964948863
    lsf_right5      =  0.13978055677819554
    tem_depth       =  0.8669282587491094
    velocity        =  -2391.2273870496483
    wave_intercept  =  5406.525734175396
    wave_slope      =  0.015869121458206507
2026-03-26 15:46:08,429 - root - ERROR - Evaluated LSF:
2026-03-26 15:46:08,430 - root - ERROR - [nan nan nan nan nan nan nan nan nan nan nan nan nan nan nan nan nan nan
 nan nan nan nan nan nan nan nan nan nan nan nan nan nan nan nan nan nan
 nan nan nan nan nan nan nan nan nan nan nan nan nan nan nan nan nan nan
 nan nan nan nan nan nan nan nan nan nan nan nan nan nan nan nan nan nan
 nan]
2026-03-26 15:46:12,554 - root - ERROR - NaN value detected in oversampled model function.
2026-03-26 15:46:12,556 - root - ERROR - <ParameterSet (values: 17)>
    cont_intercept  =  7340.735473232102
    cont_slope      =  2.908242636881356
    iod_depth       =  0.937276515632841
    lsf_left_1      =  3.6985973971528088
    lsf_left_2      =  -18.88821384694862
    lsf_left_3      =  4.178778921143563
    lsf_left_4      =  -3.5946967612946743
    lsf_left_5      =  1.1379498787930895
    lsf_right1      =  2.0980534732765235
    lsf_right2      =  -4.700478102797431
    lsf_right3      =  3.5710768089308877
    lsf_right4      =  -3.085807420252055
    lsf_right5      =  1.1958296393631547
    tem_depth       =  0.05655750241955993
    velocity        =  -7262.4287929354505
    wave_intercept  =  5452.715788563786
    wave_slope      =  0.01608755542659453
2026-03-26 15:46:12,558 - root - ERROR - Evaluated LSF:
2026-03-26 15:46:12,560 - root - ERROR - [nan nan nan nan nan nan nan nan nan nan nan nan nan nan nan nan nan nan
 nan nan nan nan nan nan nan nan nan nan nan nan nan nan nan nan nan nan
 nan nan nan nan nan nan nan nan nan nan nan nan nan nan nan nan nan nan
 nan nan nan nan nan nan nan nan nan nan nan nan nan nan nan nan nan nan
 nan]
2026-03-26 15:46:14,011 - root - ERROR - Chunk 190: No Data! Returning LmfitResult with None.
2026-03-26 15:46:14,362 - root - ERROR - NaN value detected in oversampled model function.
2026-03-26 15:46:14,363 - root - ERROR - <ParameterSet (values: 17)>
    cont_intercept  =  8554.819626168688
    cont_slope      =  -0.1783082785267857
    iod_depth       =  0.6772703905933067
    lsf_left_1      =  5.808410965463912
    lsf_left_2      =  -18.886503599957624
    lsf_left_3      =  1.1643812327561551
    lsf_left_4      =  -3.867441947316916
    lsf_left_5      =  0.6706702550568395
    lsf_right1      =  2.142196829367443
    lsf_right2      =  -11.32058489848579
    lsf_right3      =  1.3207074791440605
    lsf_right4      =  -1.2406355161954967
    lsf_right5      =  0.15442543143898466
    tem_depth       =  0.9806021431049385
    velocity        =  -2454.3244537111846
    wave_intercept  =  5474.555590182246
    wave_slope      =  0.014421381302900833
2026-03-26 15:46:14,365 - root - ERROR - Evaluated LSF:
2026-03-26 15:46:14,366 - root - ERROR - [nan nan nan nan nan nan nan nan nan nan nan nan nan nan nan nan nan nan
 nan nan nan nan nan nan nan nan nan nan nan nan nan nan nan nan nan nan
 nan nan nan nan nan nan nan nan nan nan nan nan nan nan nan nan nan nan
 nan nan nan nan nan nan nan nan nan nan nan nan nan nan nan nan nan nan
 nan]
2026-03-26 15:46:19,220 - root - ERROR - Chunk 214: No Data! Returning LmfitResult with None.
2026-03-26 15:46:25,515 - root - ERROR - NaN value detected in oversampled model function.
2026-03-26 15:46:25,517 - root - ERROR - <ParameterSet (values: 17)>
    cont_intercept  =  5765.806277968283
    cont_slope      =  5.472789588363917
    iod_depth       =  0.7401470871699072
    lsf_left_1      =  3.0905053931285194
    lsf_left_2      =  -12.530751142435802
    lsf_left_3      =  7.749050896799489
    lsf_left_4      =  -3.68899424990927
    lsf_left_5      =  0.7983262840356886
    lsf_right1      =  2.1479064270233006
    lsf_right2      =  -19.295242183106705
    lsf_right3      =  2.95278490663752
    lsf_right4      =  -1.1144944804998023
    lsf_right5      =  0.20595654822007364
    tem_depth       =  0.8176758198707228
    velocity        =  -2548.3481212199495
    wave_intercept  =  5593.985887840218
    wave_slope      =  0.017285143324785174
2026-03-26 15:46:25,518 - root - ERROR - Evaluated LSF:
2026-03-26 15:46:25,519 - root - ERROR - [nan nan nan nan nan nan nan nan nan nan nan nan nan nan nan nan nan nan
 nan nan nan nan nan nan nan nan nan nan nan nan nan nan nan nan nan nan
 nan nan nan nan nan nan nan nan nan nan nan nan nan nan nan nan nan nan
 nan nan nan nan nan nan nan nan nan nan nan nan nan nan nan nan nan nan
 nan]
2026-03-26 15:46:27,353 - root - ERROR - NaN value detected in oversampled model function.
2026-03-26 15:46:27,355 - root - ERROR - <ParameterSet (values: 17)>
    cont_intercept  =  8630.061199556403
    cont_slope      =  -1.6717756621458904
    iod_depth       =  0.8422947605680234
    lsf_left_1      =  10.24020222596498
    lsf_left_2      =  -17.670885081712182
    lsf_left_3      =  5.40600246106674
    lsf_left_4      =  -3.6234177222469377
    lsf_left_5      =  0.39947607883359826
    lsf_right1      =  2.3418259991309305
    lsf_right2      =  -18.825859459636156
    lsf_right3      =  3.504191399031049
    lsf_right4      =  -0.8682111373297903
    lsf_right5      =  0.1903530553452979
    tem_depth       =  0.9839692268961318
    velocity        =  -1789.7751739613416
    wave_intercept  =  5617.376485317219
    wave_slope      =  0.015379351497083072
2026-03-26 15:46:27,356 - root - ERROR - Evaluated LSF:
2026-03-26 15:46:27,358 - root - ERROR - [nan nan nan nan nan nan nan nan nan nan nan nan nan nan nan nan nan nan
 nan nan nan nan nan nan nan nan nan nan nan nan nan nan nan nan nan nan
 nan nan nan nan nan nan nan nan nan nan nan nan nan nan nan nan nan nan
 nan nan nan nan nan nan nan nan nan nan nan nan nan nan nan nan nan nan
 nan]
2026-03-26 15:46:32,225 - root - ERROR - NaN value detected in oversampled model function.
2026-03-26 15:46:32,227 - root - ERROR - <ParameterSet (values: 17)>
    cont_intercept  =  9496.11713214461
    cont_slope      =  -1.834087644595923
    iod_depth       =  0.8290365103911307
    lsf_left_1      =  4.136517855363184
    lsf_left_2      =  -19.198649552396464
    lsf_left_3      =  1.2272999614839135
    lsf_left_4      =  -3.5427266799020662
    lsf_left_5      =  0.9446648072330054
    lsf_right1      =  2.420905943880032
    lsf_right2      =  -12.531525473530952
    lsf_right3      =  1.9067306660356163
    lsf_right4      =  -3.347809137134141
    lsf_right5      =  0.1471791587111674
    tem_depth       =  0.9418004163019443
    velocity        =  -2001.7141004635462
    wave_intercept  =  5679.250636742573
    wave_slope      =  0.014810809248602242
2026-03-26 15:46:32,229 - root - ERROR - Evaluated LSF:
2026-03-26 15:46:32,231 - root - ERROR - [nan nan nan nan nan nan nan nan nan nan nan nan nan nan nan nan nan nan
 nan nan nan nan nan nan nan nan nan nan nan nan nan nan nan nan nan nan
 nan nan nan nan nan nan nan nan nan nan nan nan nan nan nan nan nan nan
 nan nan nan nan nan nan nan nan nan nan nan nan nan nan nan nan nan nan
 nan]
2026-03-26 15:46:32,295 - root - ERROR - Chunk 296: No Data! Returning LmfitResult with None.
2026-03-26 15:46:32,443 - root - ERROR - NaN value detected in oversampled model function.
2026-03-26 15:46:32,444 - root - ERROR - <ParameterSet (values: 17)>
    cont_intercept  =  7726.253448544616
    cont_slope      =  -2.887024454719971
    iod_depth       =  0.6701126709417164
    lsf_left_1      =  4.818074966770121
    lsf_left_2      =  -19.245747111605596
    lsf_left_3      =  9.864816584732829
    lsf_left_4      =  -2.405746322886983
    lsf_left_5      =  0.4464074885552703
    lsf_right1      =  2.9165382726868962
    lsf_right2      =  -10.774078022202266
    lsf_right3      =  1.622708329369086
    lsf_right4      =  -3.5882885764882255
    lsf_right5      =  0.15097388273498363
    tem_depth       =  0.8667476249834359
    velocity        =  -2171.0114232734545
    wave_intercept  =  5686.794492151528
    wave_slope      =  0.014180778331498028
2026-03-26 15:46:32,446 - root - ERROR - Evaluated LSF:
2026-03-26 15:46:32,446 - root - ERROR - [nan nan nan nan nan nan nan nan nan nan nan nan nan nan nan nan nan nan
 nan nan nan nan nan nan nan nan nan nan nan nan nan nan nan nan nan nan
 nan nan nan nan nan nan nan nan nan nan nan nan nan nan nan nan nan nan
 nan nan nan nan nan nan nan nan nan nan nan nan nan nan nan nan nan nan
 nan]
2026-03-26 15:46:34,191 - root - ERROR - NaN value detected in oversampled model function.
2026-03-26 15:46:34,193 - root - ERROR - <ParameterSet (values: 17)>
    cont_intercept  =  8194.004099811993
    cont_slope      =  2.645712751304651
    iod_depth       =  0.6380478394164412
    lsf_left_1      =  6.2568589587659496
    lsf_left_2      =  -17.283676215416346
    lsf_left_3      =  2.015994061931311
    lsf_left_4      =  -0.46760468152932644
    lsf_left_5      =  0.23501387292957765
    lsf_right1      =  2.312343746661086
    lsf_right2      =  -9.31282333193362
    lsf_right3      =  1.2776033701065366
    lsf_right4      =  -3.9506412283684624
    lsf_right5      =  0.7122409434713041
    tem_depth       =  0.894429292977365
    velocity        =  -2279.3922109545083
    wave_intercept  =  5709.715738433915
    wave_slope      =  0.01669414811954176
2026-03-26 15:46:34,194 - root - ERROR - Evaluated LSF:
2026-03-26 15:46:34,195 - root - ERROR - [nan nan nan nan nan nan nan nan nan nan nan nan nan nan nan nan nan nan
 nan nan nan nan nan nan nan nan nan nan nan nan nan nan nan nan nan nan
 nan nan nan nan nan nan nan nan nan nan nan nan nan nan nan nan nan nan
 nan nan nan nan nan nan nan nan nan nan nan nan nan nan nan nan nan nan
 nan]
2026-03-26 15:46:35,920 - root - ERROR - NaN value detected in oversampled model function.
2026-03-26 15:46:35,921 - root - ERROR - <ParameterSet (values: 17)>
    cont_intercept  =  9797.409945278654
    cont_slope      =  -3.0420248102580474
    iod_depth       =  0.7600460150766278
    lsf_left_1      =  4.95331526488037
    lsf_left_2      =  -14.646272853327403
    lsf_left_3      =  2.2437652077241963
    lsf_left_4      =  -3.4555241873267795
    lsf_left_5      =  0.4578044395889267
    lsf_right1      =  4.711307477666576
    lsf_right2      =  -13.507255284354486
    lsf_right3      =  1.640258169912134
    lsf_right4      =  -2.1701057209531434
    lsf_right5      =  0.16909358312197942
    tem_depth       =  1.080017556317547
    velocity        =  -2525.5032883869526
    wave_intercept  =  5736.166939631654
    wave_slope      =  0.014597868449654399
2026-03-26 15:46:35,923 - root - ERROR - Evaluated LSF:
2026-03-26 15:46:35,923 - root - ERROR - [nan nan nan nan nan nan nan nan nan nan nan nan nan nan nan nan nan nan
 nan nan nan nan nan nan nan nan nan nan nan nan nan nan nan nan nan nan
 nan nan nan nan nan nan nan nan nan nan nan nan nan nan nan nan nan nan
 nan nan nan nan nan nan nan nan nan nan nan nan nan nan nan nan nan nan
 nan]
2026-03-26 15:46:36,148 - root - ERROR - NaN value detected in oversampled model function.
2026-03-26 15:46:36,149 - root - ERROR - <ParameterSet (values: 17)>
    cont_intercept  =  8662.467598449432
    cont_slope      =  -4.16345332622812
    iod_depth       =  0.6809298822351122
    lsf_left_1      =  10.797983872342655
    lsf_left_2      =  -18.512346858722754
    lsf_left_3      =  2.658939756532982
    lsf_left_4      =  -3.960602924439577
    lsf_left_5      =  0.19775073971732016
    lsf_right1      =  2.2941708748820036
    lsf_right2      =  -19.023910733873496
    lsf_right3      =  1.4877586485676024
    lsf_right4      =  -3.961124891633034
    lsf_right5      =  1.053625303222439
    tem_depth       =  1.0844569813641083
    velocity        =  -2275.201161644699
    wave_intercept  =  5739.936848954634
    wave_slope      =  0.014363897896282887
2026-03-26 15:46:36,151 - root - ERROR - Evaluated LSF:
2026-03-26 15:46:36,152 - root - ERROR - [nan nan nan nan nan nan nan nan nan nan nan nan nan nan nan nan nan nan
 nan nan nan nan nan nan nan nan nan nan nan nan nan nan nan nan nan nan
 nan nan nan nan nan nan nan nan nan nan nan nan nan nan nan nan nan nan
 nan nan nan nan nan nan nan nan nan nan nan nan nan nan nan nan nan nan
 nan]
2026-03-26 15:46:37,886 - root - ERROR - NaN value detected in oversampled model function.
2026-03-26 15:46:37,888 - root - ERROR - <ParameterSet (values: 17)>
    cont_intercept  =  9279.214699618324
    cont_slope      =  2.7675567105899206
    iod_depth       =  0.7882858330345742
    lsf_left_1      =  4.725189693604181
    lsf_left_2      =  -19.350272181031933
    lsf_left_3      =  4.088460237142945
    lsf_left_4      =  -3.688936192592414
    lsf_left_5      =  0.37389089381486956
    lsf_right1      =  2.364533727916239
    lsf_right2      =  -15.69555037517497
    lsf_right3      =  5.574416648351455
    lsf_right4      =  -3.820158303613267
    lsf_right5      =  0.13590113729779327
    tem_depth       =  0.9441938508040741
    velocity        =  -2258.2216622078327
    wave_intercept  =  5763.586777401266
    wave_slope      =  0.016887390558525096
2026-03-26 15:46:37,889 - root - ERROR - Evaluated LSF:
2026-03-26 15:46:37,891 - root - ERROR - [nan nan nan nan nan nan nan nan nan nan nan nan nan nan nan nan nan nan
 nan nan nan nan nan nan nan nan nan nan nan nan nan nan nan nan nan nan
 nan nan nan nan nan nan nan nan nan nan nan nan nan nan nan nan nan nan
 nan nan nan nan nan nan nan nan nan nan nan nan nan nan nan nan nan nan
 nan]
2026-03-26 15:46:40,330 - root - ERROR - NaN value detected in oversampled model function.
2026-03-26 15:46:40,331 - root - ERROR - <ParameterSet (values: 17)>
    cont_intercept  =  5384.769109651647
    cont_slope      =  6.044836510275995
    iod_depth       =  0.8977306277331422
    lsf_left_1      =  3.697102294655255
    lsf_left_2      =  -11.421180334361352
    lsf_left_3      =  5.874050559719732
    lsf_left_4      =  -3.739628315446021
    lsf_left_5      =  0.27431063239655973
    lsf_right1      =  9.70028553360732
    lsf_right2      =  -19.390719428853036
    lsf_right3      =  1.3172914102038786
    lsf_right4      =  -3.723896138491394
    lsf_right5      =  0.3766575349915332
    tem_depth       =  0.9899415162073041
    velocity        =  -2540.321231124619
    wave_intercept  =  5800.01110006587
    wave_slope      =  0.018459848983647845
2026-03-26 15:46:40,333 - root - ERROR - Evaluated LSF:
2026-03-26 15:46:40,334 - root - ERROR - [nan nan nan nan nan nan nan nan nan nan nan nan nan nan nan nan nan nan
 nan nan nan nan nan nan nan nan nan nan nan nan nan nan nan nan nan nan
 nan nan nan nan nan nan nan nan nan nan nan nan nan nan nan nan nan nan
 nan nan nan nan nan nan nan nan nan nan nan nan nan nan nan nan nan nan
 nan]
2026-03-26 15:46:41,042 - root - ERROR - Chunk 357: No Data! Returning LmfitResult with None.
2026-03-26 15:46:41,856 - root - ERROR - NaN value detected in oversampled model function.
2026-03-26 15:46:41,858 - root - ERROR - <ParameterSet (values: 17)>
    cont_intercept  =  11346.930082872328
    cont_slope      =  0.8589730361954899
    iod_depth       =  0.866723253874427
    lsf_left_1      =  3.3630883778884737
    lsf_left_2      =  -16.71429934343053
    lsf_left_3      =  3.0112282107658044
    lsf_left_4      =  -2.0963053020274405
    lsf_left_5      =  0.1331104214538883
    lsf_right1      =  3.9457405378936476
    lsf_right2      =  -13.60323691695802
    lsf_right3      =  8.356795993903031
    lsf_right4      =  -3.1170355706074853
    lsf_right5      =  0.5108084687545621
    tem_depth       =  -0.07769211356555394
    velocity        =  -34952.716425701175
    wave_intercept  =  5827.138954322937
    wave_slope      =  0.016381037475459354
2026-03-26 15:46:41,859 - root - ERROR - Evaluated LSF:
2026-03-26 15:46:41,860 - root - ERROR - [nan nan nan nan nan nan nan nan nan nan nan nan nan nan nan nan nan nan
 nan nan nan nan nan nan nan nan nan nan nan nan nan nan nan nan nan nan
 nan nan nan nan nan nan nan nan nan nan nan nan nan nan nan nan nan nan
 nan nan nan nan nan nan nan nan nan nan nan nan nan nan nan nan nan nan
 nan]
2026-03-26 15:46:42,439 - root - ERROR - Chunk 366: No Data! Returning LmfitResult with None.
2026-03-26 15:46:44,756 - root - ERROR - NaN value detected in oversampled model function.
2026-03-26 15:46:44,758 - root - ERROR - <ParameterSet (values: 17)>
    cont_intercept  =  10894.807268963545
    cont_slope      =  0.32973736426511274
    iod_depth       =  0.19766797565569236
    lsf_left_1      =  5.703934300380771
    lsf_left_2      =  -11.34434835775414
    lsf_left_3      =  5.803858005251685
    lsf_left_4      =  -2.2148043268681197
    lsf_left_5      =  0.5708706203648524
    lsf_right1      =  3.5941939466957793
    lsf_right2      =  -14.241115206637613
    lsf_right3      =  3.000265087265272
    lsf_right4      =  -2.590142987889985
    lsf_right5      =  0.2526492342775495
    tem_depth       =  1.1737526969479422
    velocity        =  -1449.671907512893
    wave_intercept  =  5874.416375820405
    wave_slope      =  0.01731152213593833
2026-03-26 15:46:44,760 - root - ERROR - Evaluated LSF:
2026-03-26 15:46:44,761 - root - ERROR - [nan nan nan nan nan nan nan nan nan nan nan nan nan nan nan nan nan nan
 nan nan nan nan nan nan nan nan nan nan nan nan nan nan nan nan nan nan
 nan nan nan nan nan nan nan nan nan nan nan nan nan nan nan nan nan nan
 nan nan nan nan nan nan nan nan nan nan nan nan nan nan nan nan nan nan
 nan]
2026-03-26 15:46:49,506 - root - ERROR - NaN value detected in oversampled model function.
2026-03-26 15:46:49,508 - root - ERROR - <ParameterSet (values: 17)>
    cont_intercept  =  12061.103809474453
    cont_slope      =  -0.803710975293075
    iod_depth       =  0.8093679998548512
    lsf_left_1      =  2.711153152737573
    lsf_left_2      =  -14.56276876194228
    lsf_left_3      =  3.4764361579840304
    lsf_left_4      =  -3.5682456318135833
    lsf_left_5      =  0.5131041870810451
    lsf_right1      =  3.727831384423099
    lsf_right2      =  -15.491356568513183
    lsf_right3      =  1.1719098437695097
    lsf_right4      =  -2.9494730555921094
    lsf_right5      =  1.186731859434242
    tem_depth       =  1.1313094021776868
    velocity        =  -2098.6434616902256
    wave_intercept  =  5942.452019611217
    wave_slope      =  0.01649820256707586
2026-03-26 15:46:49,510 - root - ERROR - Evaluated LSF:
2026-03-26 15:46:49,511 - root - ERROR - [nan nan nan nan nan nan nan nan nan nan nan nan nan nan nan nan nan nan
 nan nan nan nan nan nan nan nan nan nan nan nan nan nan nan nan nan nan
 nan nan nan nan nan nan nan nan nan nan nan nan nan nan nan nan nan nan
 nan nan nan nan nan nan nan nan nan nan nan nan nan nan nan nan nan nan
 nan]
2026-03-26 15:46:50,358 - root - ERROR - NaN value detected in oversampled model function.
2026-03-26 15:46:50,360 - root - ERROR - <ParameterSet (values: 17)>
    cont_intercept  =  11385.255303277021
    cont_slope      =  -25.433191902636885
    iod_depth       =  0.6335210828426211
    lsf_left_1      =  3.91774478639172
    lsf_left_2      =  -13.638191529543965
    lsf_left_3      =  1.151545320409106
    lsf_left_4      =  -2.5352257961981763
    lsf_left_5      =  1.194381765292596
    lsf_right1      =  3.453060820883295
    lsf_right2      =  -18.258771586625933
    lsf_right3      =  7.088943314091697
    lsf_right4      =  -3.5134670403116433
    lsf_right5      =  0.5514038160308021
    tem_depth       =  -0.41646292664758633
    velocity        =  -22018.619478469398
    wave_intercept  =  5952.814492631139
    wave_slope      =  0.012817215361998037
2026-03-26 15:46:50,362 - root - ERROR - Evaluated LSF:
2026-03-26 15:46:50,367 - root - ERROR - [nan nan nan nan nan nan nan nan nan nan nan nan nan nan nan nan nan nan
 nan nan nan nan nan nan nan nan nan nan nan nan nan nan nan nan nan nan
 nan nan nan nan nan nan nan nan nan nan nan nan nan nan nan nan nan nan
 nan nan nan nan nan nan nan nan nan nan nan nan nan nan nan nan nan nan
 nan]
2026-03-26 15:46:52,996 - root - ERROR - NaN value detected in oversampled model function.
2026-03-26 15:46:52,998 - root - ERROR - <ParameterSet (values: 17)>
    cont_intercept  =  9702.967176731952
    cont_slope      =  3.1945922202657826
    iod_depth       =  0.6591886029934664
    lsf_left_1      =  2.7870198790768335
    lsf_left_2      =  -13.454541775537976
    lsf_left_3      =  2.4949499225214105
    lsf_left_4      =  -3.8285520800920807
    lsf_left_5      =  0.13881495924162568
    lsf_right1      =  2.201152963449456
    lsf_right2      =  -13.593804888778074
    lsf_right3      =  10.2133585241131
    lsf_right4      =  -2.9464499342655706
    lsf_right5      =  0.2484809698821927
    tem_depth       =  0.9462855637043841
    velocity        =  -2097.4476384874683
    wave_intercept  =  5984.997899476994
    wave_slope      =  0.017899760941535132
2026-03-26 15:46:52,999 - root - ERROR - Evaluated LSF:
2026-03-26 15:46:53,000 - root - ERROR - [nan nan nan nan nan nan nan nan nan nan nan nan nan nan nan nan nan nan
 nan nan nan nan nan nan nan nan nan nan nan nan nan nan nan nan nan nan
 nan nan nan nan nan nan nan nan nan nan nan nan nan nan nan nan nan nan
 nan nan nan nan nan nan nan nan nan nan nan nan nan nan nan nan nan nan
 nan]
2026-03-26 15:46:53,426 - root - ERROR - NaN value detected in oversampled model function.
2026-03-26 15:46:53,428 - root - ERROR - <ParameterSet (values: 17)>
    cont_intercept  =  11200.660350775224
    cont_slope      =  1.8652903497123101
    iod_depth       =  0.762250677783587
    lsf_left_1      =  2.099192807701744
    lsf_left_2      =  -17.889860401089948
    lsf_left_3      =  8.748028994671596
    lsf_left_4      =  -3.7096642447769232
    lsf_left_5      =  1.080955198781838
    lsf_right1      =  4.837001909925889
    lsf_right2      =  -18.538641792543093
    lsf_right3      =  2.110856883620867
    lsf_right4      =  -1.9531355118478997
    lsf_right5      =  0.21240730524417373
    tem_depth       =  -0.043523915171194374
    velocity        =  -6505.654127609271
    wave_intercept  =  5991.8830487791365
    wave_slope      =  0.01689001431450571
2026-03-26 15:46:53,429 - root - ERROR - Evaluated LSF:
2026-03-26 15:46:53,430 - root - ERROR - [nan nan nan nan nan nan nan nan nan nan nan nan nan nan nan nan nan nan
 nan nan nan nan nan nan nan nan nan nan nan nan nan nan nan nan nan nan
 nan nan nan nan nan nan nan nan nan nan nan nan nan nan nan nan nan nan
 nan nan nan nan nan nan nan nan nan nan nan nan nan nan nan nan nan nan
 nan]
2026-03-26 15:46:55,264 - root - ERROR - NaN value detected in oversampled model function.
2026-03-26 15:46:55,265 - root - ERROR - <ParameterSet (values: 17)>
    cont_intercept  =  10414.351377923887
    cont_slope      =  -2.5363995706861515
    iod_depth       =  0.284612399814522
    lsf_left_1      =  11.09167006326048
    lsf_left_2      =  -19.06226378176518
    lsf_left_3      =  1.191561537863003
    lsf_left_4      =  -2.131755912555726
    lsf_left_5      =  0.1333972585027926
    lsf_right1      =  3.3670063621417134
    lsf_right2      =  -15.116598028616115
    lsf_right3      =  1.188826470311678
    lsf_right4      =  -3.4548571577005416
    lsf_right5      =  0.4695097579110041
    tem_depth       =  0.8878320891014134
    velocity        =  -1993.8840142075771
    wave_intercept  =  6017.342804542306
    wave_slope      =  0.015289143680781898
2026-03-26 15:46:55,266 - root - ERROR - Evaluated LSF:
2026-03-26 15:46:55,267 - root - ERROR - [nan nan nan nan nan nan nan nan nan nan nan nan nan nan nan nan nan nan
 nan nan nan nan nan nan nan nan nan nan nan nan nan nan nan nan nan nan
 nan nan nan nan nan nan nan nan nan nan nan nan nan nan nan nan nan nan
 nan nan nan nan nan nan nan nan nan nan nan nan nan nan nan nan nan nan
 nan]
2026-03-26 15:46:58,053 - root - ERROR - NaN value detected in oversampled model function.
2026-03-26 15:46:58,055 - root - ERROR - <ParameterSet (values: 17)>
    cont_intercept  =  11910.621634417865
    cont_slope      =  -2.195053975219087
    iod_depth       =  0.7779005479028666
    lsf_left_1      =  2.1255070149367663
    lsf_left_2      =  -18.763640236273794
    lsf_left_3      =  8.424320519666875
    lsf_left_4      =  -2.1681884947021057
    lsf_left_5      =  0.1490755406301137
    lsf_right1      =  2.974626366831214
    lsf_right2      =  -19.27088479353988
    lsf_right3      =  10.258072199511524
    lsf_right4      =  -3.7809872824002158
    lsf_right5      =  0.7511035529813537
    tem_depth       =  -0.5844135370046267
    velocity        =  -13978.573676068685
    wave_intercept  =  6053.460208510074
    wave_slope      =  0.017432442113503952
2026-03-26 15:46:58,057 - root - ERROR - Evaluated LSF:
2026-03-26 15:46:58,058 - root - ERROR - [nan nan nan nan nan nan nan nan nan nan nan nan nan nan nan nan nan nan
 nan nan nan nan nan nan nan nan nan nan nan nan nan nan nan nan nan nan
 nan nan nan nan nan nan nan nan nan nan nan nan nan nan nan nan nan nan
 nan nan nan nan nan nan nan nan nan nan nan nan nan nan nan nan nan nan
 nan]
2026-03-26 15:46:59,874 - root - ERROR - Chunk 470: No Data! Returning LmfitResult with None.
2026-03-26 15:47:03,934 - root - ERROR - NaN value detected in oversampled model function.
2026-03-26 15:47:03,935 - root - ERROR - <ParameterSet (values: 17)>
    cont_intercept  =  11223.681054348552
    cont_slope      =  -7.332231700189313
    iod_depth       =  0.5494877328385411
    lsf_left_1      =  2.4341841427905524
    lsf_left_2      =  -17.510926665189537
    lsf_left_3      =  2.4088364066053813
    lsf_left_4      =  -2.1593583136412384
    lsf_left_5      =  0.9508271116809502
    lsf_right1      =  8.153501341623144
    lsf_right2      =  -17.946344618704504
    lsf_right3      =  1.4972997909681567
    lsf_right4      =  -2.9542636355450753
    lsf_right5      =  0.8775032211669415
    tem_depth       =  -0.27262881598640276
    velocity        =  -13346.649574650291
    wave_intercept  =  6135.622720875693
    wave_slope      =  0.01573236876851786
2026-03-26 15:47:03,937 - root - ERROR - Evaluated LSF:
2026-03-26 15:47:03,938 - root - ERROR - [nan nan nan nan nan nan nan nan nan nan nan nan nan nan nan nan nan nan
 nan nan nan nan nan nan nan nan nan nan nan nan nan nan nan nan nan nan
 nan nan nan nan nan nan nan nan nan nan nan nan nan nan nan nan nan nan
 nan nan nan nan nan nan nan nan nan nan nan nan nan nan nan nan nan nan
 nan]
2026-03-26 15:47:04,737 - root - ERROR - NaN value detected in oversampled model function.
2026-03-26 15:47:04,739 - root - ERROR - <ParameterSet (values: 17)>
    cont_intercept  =  6209.268698659522
    cont_slope      =  6.2174949678089515
    iod_depth       =  0.20077224195663268
    lsf_left_1      =  5.400564366001811
    lsf_left_2      =  -14.065059344518314
    lsf_left_3      =  1.6958088908205742
    lsf_left_4      =  -3.842544075750359
    lsf_left_5      =  1.0297023068472932
    lsf_right1      =  4.190529328710106
    lsf_right2      =  -8.46458699750243
    lsf_right3      =  1.140047508709481
    lsf_right4      =  -3.962462443432769
    lsf_right5      =  0.13287152111446762
    tem_depth       =  0.9624683314936843
    velocity        =  -2100.4434272848657
    wave_intercept  =  6151.550240010211
    wave_slope      =  0.019358677655799975
2026-03-26 15:47:04,741 - root - ERROR - Evaluated LSF:
2026-03-26 15:47:04,742 - root - ERROR - [nan nan nan nan nan nan nan nan nan nan nan nan nan nan nan nan nan nan
 nan nan nan nan nan nan nan nan nan nan nan nan nan nan nan nan nan nan
 nan nan nan nan nan nan nan nan nan nan nan nan nan nan nan nan nan nan
 nan nan nan nan nan nan nan nan nan nan nan nan nan nan nan nan nan nan
 nan]
2026-03-26 15:47:04,794 - root - ERROR - NaN value detected in oversampled model function.
2026-03-26 15:47:04,796 - root - ERROR - <ParameterSet (values: 17)>
    cont_intercept  =  6966.94494746199
    cont_slope      =  6.7037987539532535
    iod_depth       =  0.18633179672896943
    lsf_left_1      =  4.130117033926615
    lsf_left_2      =  -13.721073925746953
    lsf_left_3      =  4.794643230277535
    lsf_left_4      =  -2.220537967381988
    lsf_left_5      =  0.8034878988377123
    lsf_right1      =  5.709211970243647
    lsf_right2      =  -11.699470913886827
    lsf_right3      =  5.2243424709373745
    lsf_right4      =  -2.3710166865094022
    lsf_right5      =  0.1801383645637502
    tem_depth       =  0.8507271397963857
    velocity        =  -1967.652073076787
    wave_intercept  =  6154.082156246632
    wave_slope      =  0.019345590443409538
2026-03-26 15:47:04,797 - root - ERROR - Evaluated LSF:
2026-03-26 15:47:04,798 - root - ERROR - [nan nan nan nan nan nan nan nan nan nan nan nan nan nan nan nan nan nan
 nan nan nan nan nan nan nan nan nan nan nan nan nan nan nan nan nan nan
 nan nan nan nan nan nan nan nan nan nan nan nan nan nan nan nan nan nan
 nan nan nan nan nan nan nan nan nan nan nan nan nan nan nan nan nan nan
 nan]
2026-03-26 15:47:06,084 - root - ERROR - NaN value detected in oversampled model function.
2026-03-26 15:47:06,086 - root - ERROR - <ParameterSet (values: 17)>
    cont_intercept  =  12126.11843354245
    cont_slope      =  1.59104406917946
    iod_depth       =  0.7328044891627653
    lsf_left_1      =  2.114106139454944
    lsf_left_2      =  -11.779072941842106
    lsf_left_3      =  4.344838466641661
    lsf_left_4      =  -3.0985493401461746
    lsf_left_5      =  1.1761519813417185
    lsf_right1      =  5.161897420141141
    lsf_right2      =  -18.255767514995643
    lsf_right3      =  8.331832418138173
    lsf_right4      =  -3.9554421954976213
    lsf_right5      =  0.781626672288893
    tem_depth       =  0.981171267497281
    velocity        =  -2227.978846439364
    wave_intercept  =  6175.7584533879035
    wave_slope      =  0.017610064680611374
2026-03-26 15:47:06,088 - root - ERROR - Evaluated LSF:
2026-03-26 15:47:06,089 - root - ERROR - [nan nan nan nan nan nan nan nan nan nan nan nan nan nan nan nan nan nan
 nan nan nan nan nan nan nan nan nan nan nan nan nan nan nan nan nan nan
 nan nan nan nan nan nan nan nan nan nan nan nan nan nan nan nan nan nan
 nan nan nan nan nan nan nan nan nan nan nan nan nan nan nan nan nan nan
 nan]
2026-03-26 15:47:06,567 - root - ERROR - NaN value detected in oversampled model function.
2026-03-26 15:47:06,569 - root - ERROR - <ParameterSet (values: 17)>
    cont_intercept  =  12926.337704543232
    cont_slope      =  -1.500189158080232
    iod_depth       =  0.7411231656609321
    lsf_left_1      =  5.428206477040761
    lsf_left_2      =  -19.2418345285125
    lsf_left_3      =  8.044102205746533
    lsf_left_4      =  -3.840144572667481
    lsf_left_5      =  0.1332642883814779
    lsf_right1      =  2.503733232237907
    lsf_right2      =  -17.17997169984487
    lsf_right3      =  1.611545233536252
    lsf_right4      =  -1.3771673263469202
    lsf_right5      =  0.17107662105201435
    tem_depth       =  1.1786271663979602
    velocity        =  -2429.8297219864444
    wave_intercept  =  6184.743862410639
    wave_slope      =  0.017277756151637062
2026-03-26 15:47:06,570 - root - ERROR - Evaluated LSF:
2026-03-26 15:47:06,571 - root - ERROR - [nan nan nan nan nan nan nan nan nan nan nan nan nan nan nan nan nan nan
 nan nan nan nan nan nan nan nan nan nan nan nan nan nan nan nan nan nan
 nan nan nan nan nan nan nan nan nan nan nan nan nan nan nan nan nan nan
 nan nan nan nan nan nan nan nan nan nan nan nan nan nan nan nan nan nan
 nan]
2026-03-26 15:47:07,375 - root - ERROR - NaN value detected in oversampled model function.
2026-03-26 15:47:07,376 - root - ERROR - <ParameterSet (values: 17)>
    cont_intercept  =  11318.837794335428
    cont_slope      =  -4.000480695065385
    iod_depth       =  1.4088600568259542
    lsf_left_1      =  2.2879337709233565
    lsf_left_2      =  -8.489690094254835
    lsf_left_3      =  4.870956391061842
    lsf_left_4      =  -3.3628358589115925
    lsf_left_5      =  0.3236953477338568
    lsf_right1      =  3.4616631969698712
    lsf_right2      =  -18.564196586339865
    lsf_right3      =  2.5476476627132
    lsf_right4      =  -0.8255179782588313
    lsf_right5      =  0.18705989782762475
    tem_depth       =  0.3892402971726551
    velocity        =  -7504.5005462268655
    wave_intercept  =  6195.513196966984
    wave_slope      =  0.0160579867033455
2026-03-26 15:47:07,378 - root - ERROR - Evaluated LSF:
2026-03-26 15:47:07,379 - root - ERROR - [nan nan nan nan nan nan nan nan nan nan nan nan nan nan nan nan nan nan
 nan nan nan nan nan nan nan nan nan nan nan nan nan nan nan nan nan nan
 nan nan nan nan nan nan nan nan nan nan nan nan nan nan nan nan nan nan
 nan nan nan nan nan nan nan nan nan nan nan nan nan nan nan nan nan nan
 nan]
2026-03-26 15:47:09,720 - root - ERROR - NaN value detected in oversampled model function.
2026-03-26 15:47:09,722 - root - ERROR - <ParameterSet (values: 17)>
    cont_intercept  =  11014.391861851767
    cont_slope      =  0.8861646394296864
    iod_depth       =  0.8330591432838435
    lsf_left_1      =  9.583772820420972
    lsf_left_2      =  -19.3528437382472
    lsf_left_3      =  3.338283925372473
    lsf_left_4      =  -3.9107657490885774
    lsf_left_5      =  0.18377038930461898
    lsf_right1      =  2.5954461786044503
    lsf_right2      =  -8.04906856861749
    lsf_right3      =  1.1676481209409793
    lsf_right4      =  -1.9792208732476788
    lsf_right5      =  0.41628731582234946
    tem_depth       =  1.0143649656281202
    velocity        =  -1977.0732299606823
    wave_intercept  =  6234.086484946186
    wave_slope      =  0.018272885900522576
2026-03-26 15:47:09,723 - root - ERROR - Evaluated LSF:
2026-03-26 15:47:09,724 - root - ERROR - [nan nan nan nan nan nan nan nan nan nan nan nan nan nan nan nan nan nan
 nan nan nan nan nan nan nan nan nan nan nan nan nan nan nan nan nan nan
 nan nan nan nan nan nan nan nan nan nan nan nan nan nan nan nan nan nan
 nan nan nan nan nan nan nan nan nan nan nan nan nan nan nan nan nan nan
 nan]
2026-03-26 15:47:10,199 - root - ERROR - Chunk 537: No Data! Returning LmfitResult with None.
2026-03-26 15:47:11,026 - root - ERROR - Chunk 544: No Data! Returning LmfitResult with None.
2026-03-26 15:47:11,467 - root - ERROR - NaN value detected in oversampled model function.
2026-03-26 15:47:11,469 - root - ERROR - <ParameterSet (values: 17)>
    cont_intercept  =  10166.02872641578
    cont_slope      =  -1.0232364873917832
    iod_depth       =  0.11265994851235722
    lsf_left_1      =  2.5925500629948
    lsf_left_2      =  -17.987289972891126
    lsf_left_3      =  1.4945238586163059
    lsf_left_4      =  -2.934457720896498
    lsf_left_5      =  1.044241838157367
    lsf_right1      =  2.3049904630244815
    lsf_right2      =  -12.348348226235657
    lsf_right3      =  6.025019278505194
    lsf_right4      =  -3.927773636316341
    lsf_right5      =  1.1837471919302875
    tem_depth       =  0.8978960546566414
    velocity        =  -8328.589921072198
    wave_intercept  =  6264.939344421305
    wave_slope      =  0.015554143893729283
2026-03-26 15:47:11,470 - root - ERROR - Evaluated LSF:
2026-03-26 15:47:11,471 - root - ERROR - [nan nan nan nan nan nan nan nan nan nan nan nan nan nan nan nan nan nan
 nan nan nan nan nan nan nan nan nan nan nan nan nan nan nan nan nan nan
 nan nan nan nan nan nan nan nan nan nan nan nan nan nan nan nan nan nan
 nan nan nan nan nan nan nan nan nan nan nan nan nan nan nan nan nan nan
 nan]
2026-03-26 15:47:14,126 - root - ERROR - NaN value detected in oversampled model function.
2026-03-26 15:47:14,128 - root - ERROR - <ParameterSet (values: 17)>
    cont_intercept  =  11424.30646666292
    cont_slope      =  1.4823204548953954
    iod_depth       =  0.9338392829660094
    lsf_left_1      =  2.4858675015401075
    lsf_left_2      =  -14.550700875768444
    lsf_left_3      =  10.257273944358566
    lsf_left_4      =  -3.9216457336688157
    lsf_left_5      =  0.6835632211784397
    lsf_right1      =  9.65071188032995
    lsf_right2      =  -19.30947329139166
    lsf_right3      =  4.007197498407102
    lsf_right4      =  -0.9569653290227764
    lsf_right5      =  0.271624189838898
    tem_depth       =  1.2458341519910043
    velocity        =  -24749.170967455084
    wave_intercept  =  6317.146782686084
    wave_slope      =  0.016581262376699386
2026-03-26 15:47:14,129 - root - ERROR - Evaluated LSF:
2026-03-26 15:47:14,130 - root - ERROR - [nan nan nan nan nan nan nan nan nan nan nan nan nan nan nan nan nan nan
 nan nan nan nan nan nan nan nan nan nan nan nan nan nan nan nan nan nan
 nan nan nan nan nan nan nan nan nan nan nan nan nan nan nan nan nan nan
 nan nan nan nan nan nan nan nan nan nan nan nan nan nan nan nan nan nan
 nan]
2026-03-26 15:47:14,755 - root - ERROR - Chunk 569: No Data! Returning LmfitResult with None.
2026-03-26 15:47:14,757 - root - ERROR - Chunk 570: No Data! Returning LmfitResult with None.
2026-03-26 15:47:15,476 - root - ERROR - NaN value detected in oversampled model function.
2026-03-26 15:47:15,478 - root - ERROR - <ParameterSet (values: 17)>
    cont_intercept  =  9133.211124996553
    cont_slope      =  -4.270995773524245
    iod_depth       =  0.8333883193320295
    lsf_left_1      =  2.57630429275895
    lsf_left_2      =  -5.417543511188011
    lsf_left_3      =  3.98976735139664
    lsf_left_4      =  -1.4606546199686123
    lsf_left_5      =  0.19615236807251546
    lsf_right1      =  3.5260669264801665
    lsf_right2      =  -17.85458197171621
    lsf_right3      =  1.140069838143675
    lsf_right4      =  -3.962462430524697
    lsf_right5      =  0.1328715696782415
    tem_depth       =  -0.1624473200030783
    velocity        =  -7989.535646481037
    wave_intercept  =  6333.726763509239
    wave_slope      =  0.01544403927543302
2026-03-26 15:47:15,480 - root - ERROR - Evaluated LSF:
2026-03-26 15:47:15,481 - root - ERROR - [nan nan nan nan nan nan nan nan nan nan nan nan nan nan nan nan nan nan
 nan nan nan nan nan nan nan nan nan nan nan nan nan nan nan nan nan nan
 nan nan nan nan nan nan nan nan nan nan nan nan nan nan nan nan nan nan
 nan nan nan nan nan nan nan nan nan nan nan nan nan nan nan nan nan nan
 nan]
2026-03-26 15:47:22,131 - root - ERROR - NaN value detected in iodine function.
2026-03-26 15:47:22,132 - root - ERROR - Chunk could not be plotted
Traceback (most recent call last):
  File "/Users/jaklusmeyer/SONG/pyodine/pyodine/plot_lib.py", line 62, in plot_chunkmodel
    sp = fit_results[chunk_nr].fitted_spectrum
  File "/Users/jaklusmeyer/SONG/pyodine/pyodine/fitters/base.py", line 45, in fitted_spectrum
    return self.model.eval_spectrum(self.chunk, self.params, chunk_ind=self.chunk_ind)
  File "/Users/jaklusmeyer/SONG/pyodine/pyodine/models/base.py", line 79, in eval_spectrum
    flux = self.eval(chunk, params, chunk_ind=chunk_ind, **kwargs)
  File "/Users/jaklusmeyer/SONG/pyodine/pyodine/models/spectrum.py", line 138, in eval
    tck = splrep(tem.wave * doppler, flux_tem, s=0)
  File "/Users/jaklusmeyer/miniconda/envs/pyodine_env/lib/python3.9/site-packages/scipy/interpolate/_fitpack_py.py", line 295, in splrep
    res = _impl.splrep(x, y, w, xb, xe, k, task, s, t, full_output, per, quiet)
  File "/Users/jaklusmeyer/miniconda/envs/pyodine_env/lib/python3.9/site-packages/scipy/interpolate/_fitpack_impl.py", line 276, in splrep
    n, c, fp, ier = dfitpack.curfit(task, x, y, w, t, wrk, iwrk,
dfitpack.error: (xb<=x[0]) failed for 1st keyword xb: curfit:xb=nan
