2026-03-26 12:19:56,607 - root - ERROR - NaN value detected in oversampled model function.
2026-03-26 12:19:56,609 - root - ERROR - <ParameterSet (values: 17)>
    cont_intercept  =  4161.448816390439
    cont_slope      =  5.080210403980159
    iod_depth       =  0.6605460878475833
    lsf_left_1      =  2.202923528170063
    lsf_left_2      =  -19.376052698258828
    lsf_left_3      =  1.5267653536346373
    lsf_left_4      =  -3.8441496354125273
    lsf_left_5      =  0.14771318920220688
    lsf_right1      =  7.551083489953232
    lsf_right2      =  -19.325184650444413
    lsf_right3      =  1.2979369851383318
    lsf_right4      =  -3.9517104198933155
    lsf_right5      =  0.9144823857883946
    tem_depth       =  0.9171308921375739
    velocity        =  -2303.727701163822
    wave_intercept  =  5163.110183070012
    wave_slope      =  0.016330515971530908
2026-03-26 12:19:56,610 - root - ERROR - Evaluated LSF:
2026-03-26 12:19:56,611 - root - ERROR - [nan nan nan nan nan nan nan nan nan nan nan nan nan nan nan nan nan nan
 nan nan nan nan nan nan nan nan nan nan nan nan nan nan nan nan nan nan
 nan nan nan nan nan nan nan nan nan nan nan nan nan nan nan nan nan nan
 nan nan nan nan nan nan nan nan nan nan nan nan nan nan nan nan nan nan
 nan]
2026-03-26 12:19:57,410 - root - ERROR - Chunk 29: No Data! Returning LmfitResult with None.
2026-03-26 12:19:57,808 - root - ERROR - Chunk 32: No Data! Returning LmfitResult with None.
2026-03-26 12:20:00,491 - root - ERROR - Chunk 47: No Data! Returning LmfitResult with None.
2026-03-26 12:20:03,358 - root - ERROR - NaN value detected in oversampled model function.
2026-03-26 12:20:03,360 - root - ERROR - <ParameterSet (values: 17)>
    cont_intercept  =  10767.290991580347
    cont_slope      =  2.075217638968508
    iod_depth       =  0.9041229690440928
    lsf_left_1      =  5.628928083087133
    lsf_left_2      =  -12.375265761395429
    lsf_left_3      =  7.678575176679792
    lsf_left_4      =  -3.6128696501992517
    lsf_left_5      =  0.6304578431627256
    lsf_right1      =  2.8877570982450047
    lsf_right2      =  -17.699185066863638
    lsf_right3      =  9.862679886777396
    lsf_right4      =  -3.946051435168424
    lsf_right5      =  0.533185249172325
    tem_depth       =  0.9382791243662709
    velocity        =  -1514.7439120081244
    wave_intercept  =  5231.383775344911
    wave_slope      =  0.014564773184020571
2026-03-26 12:20:03,361 - root - ERROR - Evaluated LSF:
2026-03-26 12:20:03,362 - root - ERROR - [nan nan nan nan nan nan nan nan nan nan nan nan nan nan nan nan nan nan
 nan nan nan nan nan nan nan nan nan nan nan nan nan nan nan nan nan nan
 nan nan nan nan nan nan nan nan nan nan nan nan nan nan nan nan nan nan
 nan nan nan nan nan nan nan nan nan nan nan nan nan nan nan nan nan nan
 nan]
2026-03-26 12:20:05,562 - root - ERROR - NaN value detected in oversampled model function.
2026-03-26 12:20:05,564 - root - ERROR - <ParameterSet (values: 17)>
    cont_intercept  =  7934.822703163432
    cont_slope      =  4.886573615382883
    iod_depth       =  0.8911791072953418
    lsf_left_1      =  2.8133822686502574
    lsf_left_2      =  -10.103587340349478
    lsf_left_3      =  1.4333558126616002
    lsf_left_4      =  -0.9980409346709678
    lsf_left_5      =  0.3477561670995054
    lsf_right1      =  2.440480401539901
    lsf_right2      =  -7.2593188236691955
    lsf_right3      =  1.4988890427170625
    lsf_right4      =  -3.46720398005787
    lsf_right5      =  0.9867475661926028
    tem_depth       =  0.8466272582011721
    velocity        =  -1965.7932447127614
    wave_intercept  =  5260.584304446292
    wave_slope      =  0.015924369621754312
2026-03-26 12:20:05,565 - root - ERROR - Evaluated LSF:
2026-03-26 12:20:05,566 - root - ERROR - [nan nan nan nan nan nan nan nan nan nan nan nan nan nan nan nan nan nan
 nan nan nan nan nan nan nan nan nan nan nan nan nan nan nan nan nan nan
 nan nan nan nan nan nan nan nan nan nan nan nan nan nan nan nan nan nan
 nan nan nan nan nan nan nan nan nan nan nan nan nan nan nan nan nan nan
 nan]
2026-03-26 12:20:06,239 - root - ERROR - Chunk 87: No Data! Returning LmfitResult with None.
2026-03-26 12:20:06,253 - root - ERROR - NaN value detected in oversampled model function.
2026-03-26 12:20:06,255 - root - ERROR - <ParameterSet (values: 17)>
    cont_intercept  =  10354.84950736607
    cont_slope      =  -0.11597650868050713
    iod_depth       =  0.7853370150202877
    lsf_left_1      =  2.160454609414276
    lsf_left_2      =  -3.6244933934202166
    lsf_left_3      =  1.621050815089
    lsf_left_4      =  -1.1824929982452366
    lsf_left_5      =  0.3026897271336594
    lsf_right1      =  3.020327167841214
    lsf_right2      =  -16.605548254485196
    lsf_right3      =  3.173688597753334
    lsf_right4      =  -3.9517678894296777
    lsf_right5      =  0.33847826105874146
    tem_depth       =  1.0071397386210357
    velocity        =  -2377.098471796051
    wave_intercept  =  5276.482276759211
    wave_slope      =  0.014684368930255667
2026-03-26 12:20:06,256 - root - ERROR - Evaluated LSF:
2026-03-26 12:20:06,258 - root - ERROR - [nan nan nan nan nan nan nan nan nan nan nan nan nan nan nan nan nan nan
 nan nan nan nan nan nan nan nan nan nan nan nan nan nan nan nan nan nan
 nan nan nan nan nan nan nan nan nan nan nan nan nan nan nan nan nan nan
 nan nan nan nan nan nan nan nan nan nan nan nan nan nan nan nan nan nan
 nan]
2026-03-26 12:20:11,233 - root - ERROR - NaN value detected in oversampled model function.
2026-03-26 12:20:11,234 - root - ERROR - <ParameterSet (values: 17)>
    cont_intercept  =  11644.268720400341
    cont_slope      =  1.32884660602584
    iod_depth       =  0.9095342708768144
    lsf_left_1      =  8.919331342325872
    lsf_left_2      =  -18.82386258073424
    lsf_left_3      =  2.5357612416208273
    lsf_left_4      =  -1.4963071079821657
    lsf_left_5      =  0.1834611460312351
    lsf_right1      =  3.9724338703743802
    lsf_right2      =  -19.16833169461845
    lsf_right3      =  9.954753600125109
    lsf_right4      =  -3.5480949939645843
    lsf_right5      =  0.2473077824570546
    tem_depth       =  0.9996707054590666
    velocity        =  -2362.828339368921
    wave_intercept  =  5324.280236245765
    wave_slope      =  0.014667239987284874
2026-03-26 12:20:11,235 - root - ERROR - Evaluated LSF:
2026-03-26 12:20:11,236 - root - ERROR - [nan nan nan nan nan nan nan nan nan nan nan nan nan nan nan nan nan nan
 nan nan nan nan nan nan nan nan nan nan nan nan nan nan nan nan nan nan
 nan nan nan nan nan nan nan nan nan nan nan nan nan nan nan nan nan nan
 nan nan nan nan nan nan nan nan nan nan nan nan nan nan nan nan nan nan
 nan]
2026-03-26 12:20:15,928 - root - ERROR - NaN value detected in oversampled model function.
2026-03-26 12:20:15,931 - root - ERROR - <ParameterSet (values: 17)>
    cont_intercept  =  12128.554243109842
    cont_slope      =  -4.376560566523626
    iod_depth       =  0.8769240876622625
    lsf_left_1      =  3.9401991394999385
    lsf_left_2      =  -17.218676575433154
    lsf_left_3      =  3.6448856401765815
    lsf_left_4      =  -1.125246711778352
    lsf_left_5      =  0.5041073721656786
    lsf_right1      =  2.2609608062710804
    lsf_right2      =  -12.785130625107115
    lsf_right3      =  5.67588657819076
    lsf_right4      =  -2.0910644161511476
    lsf_right5      =  0.6465912096860406
    tem_depth       =  1.0641682053562058
    velocity        =  -1868.4485708044472
    wave_intercept  =  5382.167224843181
    wave_slope      =  0.013831895806926144
2026-03-26 12:20:15,932 - root - ERROR - Evaluated LSF:
2026-03-26 12:20:15,933 - root - ERROR - [nan nan nan nan nan nan nan nan nan nan nan nan nan nan nan nan nan nan
 nan nan nan nan nan nan nan nan nan nan nan nan nan nan nan nan nan nan
 nan nan nan nan nan nan nan nan nan nan nan nan nan nan nan nan nan nan
 nan nan nan nan nan nan nan nan nan nan nan nan nan nan nan nan nan nan
 nan]
2026-03-26 12:20:21,849 - root - ERROR - NaN value detected in oversampled model function.
2026-03-26 12:20:21,850 - root - ERROR - <ParameterSet (values: 17)>
    cont_intercept  =  12592.179185877092
    cont_slope      =  3.4288482169783587
    iod_depth       =  0.8926096632921677
    lsf_left_1      =  4.538414187889699
    lsf_left_2      =  -19.229640697047234
    lsf_left_3      =  1.1460985254489446
    lsf_left_4      =  -3.6089162179974696
    lsf_left_5      =  1.1949676451676141
    lsf_right1      =  2.366318962756616
    lsf_right2      =  -15.080104733279374
    lsf_right3      =  1.307749209138905
    lsf_right4      =  -2.698594053505783
    lsf_right5      =  1.071330819804917
    tem_depth       =  0.8910526642836557
    velocity        =  -1124.7990542986618
    wave_intercept  =  5460.934415459153
    wave_slope      =  0.015516552477813078
2026-03-26 12:20:21,851 - root - ERROR - Evaluated LSF:
2026-03-26 12:20:21,853 - root - ERROR - [nan nan nan nan nan nan nan nan nan nan nan nan nan nan nan nan nan nan
 nan nan nan nan nan nan nan nan nan nan nan nan nan nan nan nan nan nan
 nan nan nan nan nan nan nan nan nan nan nan nan nan nan nan nan nan nan
 nan nan nan nan nan nan nan nan nan nan nan nan nan nan nan nan nan nan
 nan]
2026-03-26 12:20:22,003 - root - ERROR - NaN value detected in oversampled model function.
2026-03-26 12:20:22,005 - root - ERROR - <ParameterSet (values: 17)>
    cont_intercept  =  13544.221761927785
    cont_slope      =  9.372220453637215
    iod_depth       =  0.3910141325364393
    lsf_left_1      =  2.7220662438254433
    lsf_left_2      =  -17.65246122601711
    lsf_left_3      =  1.9951700634678202
    lsf_left_4      =  -0.9505020295297806
    lsf_left_5      =  0.5243883787946064
    lsf_right1      =  3.68171881918812
    lsf_right2      =  -5.903435869269526
    lsf_right3      =  1.6938586298803155
    lsf_right4      =  -2.0480412759399007
    lsf_right5      =  0.23397675126323858
    tem_depth       =  -0.30940756986522266
    velocity        =  -9169.526845846887
    wave_intercept  =  5464.945011190721
    wave_slope      =  0.015156336296336625
2026-03-26 12:20:22,007 - root - ERROR - Evaluated LSF:
2026-03-26 12:20:22,008 - root - ERROR - [nan nan nan nan nan nan nan nan nan nan nan nan nan nan nan nan nan nan
 nan nan nan nan nan nan nan nan nan nan nan nan nan nan nan nan nan nan
 nan nan nan nan nan nan nan nan nan nan nan nan nan nan nan nan nan nan
 nan nan nan nan nan nan nan nan nan nan nan nan nan nan nan nan nan nan
 nan]
2026-03-26 12:20:28,565 - root - ERROR - NaN value detected in oversampled model function.
2026-03-26 12:20:28,568 - root - ERROR - <ParameterSet (values: 17)>
    cont_intercept  =  11141.768354687656
    cont_slope      =  5.519809496335325
    iod_depth       =  0.8553821129654954
    lsf_left_1      =  2.1249102484792344
    lsf_left_2      =  -17.44051080719009
    lsf_left_3      =  7.646257879008033
    lsf_left_4      =  -2.5851760161842217
    lsf_left_5      =  0.4757026303684335
    lsf_right1      =  7.985173874964592
    lsf_right2      =  -18.39352765360141
    lsf_right3      =  2.2856894893478534
    lsf_right4      =  -2.083253613353137
    lsf_right5      =  1.154280764897715
    tem_depth       =  0.8380771432956712
    velocity        =  -2229.8877709891885
    wave_intercept  =  5549.705080973882
    wave_slope      =  0.016607177954740142
2026-03-26 12:20:28,569 - root - ERROR - Evaluated LSF:
2026-03-26 12:20:28,571 - root - ERROR - [nan nan nan nan nan nan nan nan nan nan nan nan nan nan nan nan nan nan
 nan nan nan nan nan nan nan nan nan nan nan nan nan nan nan nan nan nan
 nan nan nan nan nan nan nan nan nan nan nan nan nan nan nan nan nan nan
 nan nan nan nan nan nan nan nan nan nan nan nan nan nan nan nan nan nan
 nan]
2026-03-26 12:20:33,231 - root - ERROR - NaN value detected in oversampled model function.
2026-03-26 12:20:33,233 - root - ERROR - <ParameterSet (values: 17)>
    cont_intercept  =  10129.364106186153
    cont_slope      =  4.880621697258531
    iod_depth       =  0.8329038924578421
    lsf_left_1      =  2.1377386927293798
    lsf_left_2      =  -18.595109383972463
    lsf_left_3      =  2.149572450478118
    lsf_left_4      =  -0.4458891944604071
    lsf_left_5      =  0.4075823399849484
    lsf_right1      =  2.650604892440568
    lsf_right2      =  -18.59062744087672
    lsf_right3      =  10.285919753284476
    lsf_right4      =  -3.803592195906825
    lsf_right5      =  0.30846146629315374
    tem_depth       =  0.9741409715426436
    velocity        =  -2480.376567084554
    wave_intercept  =  5598.447220575896
    wave_slope      =  0.016922123807877103
2026-03-26 12:20:33,234 - root - ERROR - Evaluated LSF:
2026-03-26 12:20:33,235 - root - ERROR - [nan nan nan nan nan nan nan nan nan nan nan nan nan nan nan nan nan nan
 nan nan nan nan nan nan nan nan nan nan nan nan nan nan nan nan nan nan
 nan nan nan nan nan nan nan nan nan nan nan nan nan nan nan nan nan nan
 nan nan nan nan nan nan nan nan nan nan nan nan nan nan nan nan nan nan
 nan]
2026-03-26 12:20:38,897 - root - ERROR - Chunk 286: No Data! Returning LmfitResult with None.
2026-03-26 12:20:47,293 - root - ERROR - NaN value detected in oversampled model function.
2026-03-26 12:20:47,296 - root - ERROR - <ParameterSet (values: 17)>
    cont_intercept  =  17269.3153509444
    cont_slope      =  2.921338634489461
    iod_depth       =  0.9245634914258519
    lsf_left_1      =  2.1177536418635485
    lsf_left_2      =  -13.77642310959042
    lsf_left_3      =  1.332337779937901
    lsf_left_4      =  -0.8528927350070039
    lsf_left_5      =  0.2755260249320227
    lsf_right1      =  6.381832177660802
    lsf_right2      =  -12.971995196241693
    lsf_right3      =  6.890154043238516
    lsf_right4      =  -3.963933429809286
    lsf_right5      =  0.5188657567374252
    tem_depth       =  1.0581872093722517
    velocity        =  -2280.472692864419
    wave_intercept  =  5772.159845830442
    wave_slope      =  0.016222625110793108
2026-03-26 12:20:47,297 - root - ERROR - Evaluated LSF:
2026-03-26 12:20:47,298 - root - ERROR - [nan nan nan nan nan nan nan nan nan nan nan nan nan nan nan nan nan nan
 nan nan nan nan nan nan nan nan nan nan nan nan nan nan nan nan nan nan
 nan nan nan nan nan nan nan nan nan nan nan nan nan nan nan nan nan nan
 nan nan nan nan nan nan nan nan nan nan nan nan nan nan nan nan nan nan
 nan]
2026-03-26 12:20:48,229 - root - ERROR - Chunk 343: No Data! Returning LmfitResult with None.
2026-03-26 12:20:48,863 - root - ERROR - NaN value detected in oversampled model function.
2026-03-26 12:20:48,864 - root - ERROR - <ParameterSet (values: 17)>
    cont_intercept  =  13097.12424738565
    cont_slope      =  -5.367383556821869
    iod_depth       =  0.8537993582657466
    lsf_left_1      =  5.379152469104687
    lsf_left_2      =  -15.375797119591903
    lsf_left_3      =  6.475802048798187
    lsf_left_4      =  -3.5406370478665226
    lsf_left_5      =  1.1822520708157065
    lsf_right1      =  3.6855559370515127
    lsf_right2      =  -19.28459802237304
    lsf_right3      =  1.952310936882763
    lsf_right4      =  -2.993718157442136
    lsf_right5      =  0.8449984389246044
    tem_depth       =  1.0459135801007438
    velocity        =  -2204.1633695056034
    wave_intercept  =  5792.191760356418
    wave_slope      =  0.014611181819897264
2026-03-26 12:20:48,866 - root - ERROR - Evaluated LSF:
2026-03-26 12:20:48,867 - root - ERROR - [nan nan nan nan nan nan nan nan nan nan nan nan nan nan nan nan nan nan
 nan nan nan nan nan nan nan nan nan nan nan nan nan nan nan nan nan nan
 nan nan nan nan nan nan nan nan nan nan nan nan nan nan nan nan nan nan
 nan nan nan nan nan nan nan nan nan nan nan nan nan nan nan nan nan nan
 nan]
2026-03-26 12:20:55,619 - root - ERROR - NaN value detected in oversampled model function.
2026-03-26 12:20:55,620 - root - ERROR - <ParameterSet (values: 17)>
    cont_intercept  =  15330.30946065463
    cont_slope      =  -5.603882298179124
    iod_depth       =  0.6893227061707363
    lsf_left_1      =  3.4515955833964695
    lsf_left_2      =  -18.686766209827617
    lsf_left_3      =  10.16418518480635
    lsf_left_4      =  -3.7290315414630393
    lsf_left_5      =  1.1179201301254986
    lsf_right1      =  2.277242401809344
    lsf_right2      =  -15.502872473785196
    lsf_right3      =  2.2840784642151997
    lsf_right4      =  -3.102900300191963
    lsf_right5      =  0.13381035563013988
    tem_depth       =  0.9038248799353924
    velocity        =  -2156.2956485801847
    wave_intercept  =  5899.677563757378
    wave_slope      =  0.0151040712498837
2026-03-26 12:20:55,622 - root - ERROR - Evaluated LSF:
2026-03-26 12:20:55,623 - root - ERROR - [nan nan nan nan nan nan nan nan nan nan nan nan nan nan nan nan nan nan
 nan nan nan nan nan nan nan nan nan nan nan nan nan nan nan nan nan nan
 nan nan nan nan nan nan nan nan nan nan nan nan nan nan nan nan nan nan
 nan nan nan nan nan nan nan nan nan nan nan nan nan nan nan nan nan nan
 nan]
2026-03-26 12:20:55,658 - root - ERROR - NaN value detected in oversampled model function.
2026-03-26 12:20:55,662 - root - ERROR - <ParameterSet (values: 17)>
    cont_intercept  =  15151.256721355454
    cont_slope      =  -5.414892647232749
    iod_depth       =  0.8005920789661722
    lsf_left_1      =  4.98511483950583
    lsf_left_2      =  -14.980519358666992
    lsf_left_3      =  6.563415486239442
    lsf_left_4      =  -3.455725370933681
    lsf_left_5      =  0.13299912767167985
    lsf_right1      =  2.1194629971248697
    lsf_right2      =  -7.891061215305406
    lsf_right3      =  1.2020619014908784
    lsf_right4      =  -3.0476091590216265
    lsf_right5      =  1.1840221364991028
    tem_depth       =  0.5935147325939021
    velocity        =  -2345.3497631493005
    wave_intercept  =  5901.632225370912
    wave_slope      =  0.015049452826410565
2026-03-26 12:20:55,664 - root - ERROR - Evaluated LSF:
2026-03-26 12:20:55,665 - root - ERROR - [nan nan nan nan nan nan nan nan nan nan nan nan nan nan nan nan nan nan
 nan nan nan nan nan nan nan nan nan nan nan nan nan nan nan nan nan nan
 nan nan nan nan nan nan nan nan nan nan nan nan nan nan nan nan nan nan
 nan nan nan nan nan nan nan nan nan nan nan nan nan nan nan nan nan nan
 nan]
2026-03-26 12:20:56,448 - root - ERROR - NaN value detected in oversampled model function.
2026-03-26 12:20:56,450 - root - ERROR - <ParameterSet (values: 17)>
    cont_intercept  =  10606.755970131431
    cont_slope      =  7.943006532084261
    iod_depth       =  0.7000519187605724
    lsf_left_1      =  3.5778267478503425
    lsf_left_2      =  -17.62987043918772
    lsf_left_3      =  7.445304517059509
    lsf_left_4      =  -2.8125236371730837
    lsf_left_5      =  0.39716010046607375
    lsf_right1      =  3.1939771017279877
    lsf_right2      =  -16.631460998278616
    lsf_right3      =  8.626864712277941
    lsf_right4      =  -3.7106340379314635
    lsf_right5      =  1.1321131955964367
    tem_depth       =  0.9384110111627374
    velocity        =  -2438.5093370467075
    wave_intercept  =  5917.4873428717165
    wave_slope      =  0.018521175755763133
2026-03-26 12:20:56,451 - root - ERROR - Evaluated LSF:
2026-03-26 12:20:56,452 - root - ERROR - [nan nan nan nan nan nan nan nan nan nan nan nan nan nan nan nan nan nan
 nan nan nan nan nan nan nan nan nan nan nan nan nan nan nan nan nan nan
 nan nan nan nan nan nan nan nan nan nan nan nan nan nan nan nan nan nan
 nan nan nan nan nan nan nan nan nan nan nan nan nan nan nan nan nan nan
 nan]
2026-03-26 12:20:57,673 - root - ERROR - NaN value detected in oversampled model function.
2026-03-26 12:20:57,674 - root - ERROR - <ParameterSet (values: 17)>
    cont_intercept  =  16939.536711053388
    cont_slope      =  3.1953344961016747
    iod_depth       =  0.7628209120851885
    lsf_left_1      =  10.346780116822616
    lsf_left_2      =  -18.663395395758222
    lsf_left_3      =  1.3258532988516178
    lsf_left_4      =  -1.1876063501635676
    lsf_left_5      =  0.13735982233388425
    lsf_right1      =  4.123309642232567
    lsf_right2      =  -14.967517023088249
    lsf_right3      =  7.383620557466272
    lsf_right4      =  -3.847254864556821
    lsf_right5      =  0.5221361428644175
    tem_depth       =  1.0551716308058938
    velocity        =  -1487.7167068450779
    wave_intercept  =  5935.919310787087
    wave_slope      =  0.017055780733360577
2026-03-26 12:20:57,676 - root - ERROR - Evaluated LSF:
2026-03-26 12:20:57,677 - root - ERROR - [nan nan nan nan nan nan nan nan nan nan nan nan nan nan nan nan nan nan
 nan nan nan nan nan nan nan nan nan nan nan nan nan nan nan nan nan nan
 nan nan nan nan nan nan nan nan nan nan nan nan nan nan nan nan nan nan
 nan nan nan nan nan nan nan nan nan nan nan nan nan nan nan nan nan nan
 nan]
2026-03-26 12:20:57,857 - root - ERROR - NaN value detected in oversampled model function.
2026-03-26 12:20:57,859 - root - ERROR - <ParameterSet (values: 17)>
    cont_intercept  =  18884.976481800306
    cont_slope      =  -3.0207120428503127
    iod_depth       =  0.8737010695682549
    lsf_left_1      =  2.1510798957591173
    lsf_left_2      =  -19.34139735057916
    lsf_left_3      =  1.3903676773215212
    lsf_left_4      =  -3.466733175962186
    lsf_left_5      =  0.4863571025639837
    lsf_right1      =  4.727636121818783
    lsf_right2      =  -18.44748953622671
    lsf_right3      =  1.8935226191524483
    lsf_right4      =  -3.3477146296337263
    lsf_right5      =  0.2516350983734078
    tem_depth       =  -0.2159525836582558
    velocity        =  -8756.347621791472
    wave_intercept  =  5940.283559539027
    wave_slope      =  0.01660825008293394
2026-03-26 12:20:57,860 - root - ERROR - Evaluated LSF:
2026-03-26 12:20:57,861 - root - ERROR - [nan nan nan nan nan nan nan nan nan nan nan nan nan nan nan nan nan nan
 nan nan nan nan nan nan nan nan nan nan nan nan nan nan nan nan nan nan
 nan nan nan nan nan nan nan nan nan nan nan nan nan nan nan nan nan nan
 nan nan nan nan nan nan nan nan nan nan nan nan nan nan nan nan nan nan
 nan]
2026-03-26 12:20:58,391 - root - ERROR - NaN value detected in oversampled model function.
2026-03-26 12:20:58,393 - root - ERROR - <ParameterSet (values: 17)>
    cont_intercept  =  17786.25674587534
    cont_slope      =  -2.0725307380344837
    iod_depth       =  0.7257283258120004
    lsf_left_1      =  9.748956700936585
    lsf_left_2      =  -17.743508887269154
    lsf_left_3      =  6.451761096862777
    lsf_left_4      =  -1.857715295598013
    lsf_left_5      =  0.13414326495578635
    lsf_right1      =  5.197716070256465
    lsf_right2      =  -19.272437002846218
    lsf_right3      =  1.2453813519332015
    lsf_right4      =  -1.8100327707302566
    lsf_right5      =  1.1866245497684893
    tem_depth       =  1.002720783568997
    velocity        =  -2087.5398919928775
    wave_intercept  =  5952.908998335766
    wave_slope      =  0.015723299545057228
2026-03-26 12:20:58,394 - root - ERROR - Evaluated LSF:
2026-03-26 12:20:58,396 - root - ERROR - [nan nan nan nan nan nan nan nan nan nan nan nan nan nan nan nan nan nan
 nan nan nan nan nan nan nan nan nan nan nan nan nan nan nan nan nan nan
 nan nan nan nan nan nan nan nan nan nan nan nan nan nan nan nan nan nan
 nan nan nan nan nan nan nan nan nan nan nan nan nan nan nan nan nan nan
 nan]
2026-03-26 12:21:00,234 - root - ERROR - NaN value detected in oversampled model function.
2026-03-26 12:21:00,236 - root - ERROR - <ParameterSet (values: 17)>
    cont_intercept  =  11924.02574789811
    cont_slope      =  6.196464470214114
    iod_depth       =  0.8765193163926529
    lsf_left_1      =  4.071538034740247
    lsf_left_2      =  -15.521837270989408
    lsf_left_3      =  10.140869997911118
    lsf_left_4      =  -3.299835169432535
    lsf_left_5      =  0.6148851801616211
    lsf_right1      =  2.1582175362559806
    lsf_right2      =  -15.78124184862017
    lsf_right3      =  1.591129321037685
    lsf_right4      =  -2.5496676150453537
    lsf_right5      =  0.1400591844071313
    tem_depth       =  1.0595039954057275
    velocity        =  -2072.203494666046
    wave_intercept  =  5977.914325446613
    wave_slope      =  0.018398828898656516
2026-03-26 12:21:00,242 - root - ERROR - Evaluated LSF:
2026-03-26 12:21:00,244 - root - ERROR - [nan nan nan nan nan nan nan nan nan nan nan nan nan nan nan nan nan nan
 nan nan nan nan nan nan nan nan nan nan nan nan nan nan nan nan nan nan
 nan nan nan nan nan nan nan nan nan nan nan nan nan nan nan nan nan nan
 nan nan nan nan nan nan nan nan nan nan nan nan nan nan nan nan nan nan
 nan]
2026-03-26 12:21:00,973 - root - ERROR - NaN value detected in oversampled model function.
2026-03-26 12:21:00,979 - root - ERROR - <ParameterSet (values: 17)>
    cont_intercept  =  17468.13816755762
    cont_slope      =  9.614842958268113
    iod_depth       =  0.9702767864448888
    lsf_left_1      =  5.244541620836236
    lsf_left_2      =  -17.651769625094435
    lsf_left_3      =  9.944820521675023
    lsf_left_4      =  -3.9444186783030526
    lsf_left_5      =  0.19293977176064983
    lsf_right1      =  5.447475037715988
    lsf_right2      =  -19.20060070928083
    lsf_right3      =  1.168515477720139
    lsf_right4      =  -3.9514124994673963
    lsf_right5      =  0.16629964092730842
    tem_depth       =  0.07177828843830489
    velocity        =  -7519.404943236683
    wave_intercept  =  5989.5892681588575
    wave_slope      =  0.017271054066756993
2026-03-26 12:21:00,980 - root - ERROR - Evaluated LSF:
2026-03-26 12:21:00,982 - root - ERROR - [nan nan nan nan nan nan nan nan nan nan nan nan nan nan nan nan nan nan
 nan nan nan nan nan nan nan nan nan nan nan nan nan nan nan nan nan nan
 nan nan nan nan nan nan nan nan nan nan nan nan nan nan nan nan nan nan
 nan nan nan nan nan nan nan nan nan nan nan nan nan nan nan nan nan nan
 nan]
2026-03-26 12:21:01,009 - root - ERROR - NaN value detected in oversampled model function.
2026-03-26 12:21:01,016 - root - ERROR - <ParameterSet (values: 17)>
    cont_intercept  =  17460.00414075284
    cont_slope      =  2.727263912030652
    iod_depth       =  0.8322856242188613
    lsf_left_1      =  8.054969273228254
    lsf_left_2      =  -14.735698386266392
    lsf_left_3      =  1.143218868810384
    lsf_left_4      =  -0.4411034893373609
    lsf_left_5      =  0.1353595965535081
    lsf_right1      =  2.2127363255056856
    lsf_right2      =  -19.032580976205395
    lsf_right3      =  10.274510674877154
    lsf_right4      =  -2.9002981450939576
    lsf_right5      =  0.2627133780966333
    tem_depth       =  0.046134198236457896
    velocity        =  -4243.526506345166
    wave_intercept  =  5991.886175912401
    wave_slope      =  0.016786654231164606
2026-03-26 12:21:01,047 - root - ERROR - Evaluated LSF:
2026-03-26 12:21:01,067 - root - ERROR - [nan nan nan nan nan nan nan nan nan nan nan nan nan nan nan nan nan nan
 nan nan nan nan nan nan nan nan nan nan nan nan nan nan nan nan nan nan
 nan nan nan nan nan nan nan nan nan nan nan nan nan nan nan nan nan nan
 nan nan nan nan nan nan nan nan nan nan nan nan nan nan nan nan nan nan
 nan]
2026-03-26 12:21:02,273 - root - ERROR - NaN value detected in oversampled model function.
2026-03-26 12:21:02,275 - root - ERROR - <ParameterSet (values: 17)>
    cont_intercept  =  17160.395979403715
    cont_slope      =  -4.251227741413652
    iod_depth       =  0.6373383643360238
    lsf_left_1      =  2.299038140492343
    lsf_left_2      =  -13.62554774170631
    lsf_left_3      =  1.143331195562172
    lsf_left_4      =  -3.5685390309286666
    lsf_left_5      =  1.111261384123413
    lsf_right1      =  2.7924522709723636
    lsf_right2      =  -14.977400334796036
    lsf_right3      =  4.207437404442764
    lsf_right4      =  -2.0905653917556917
    lsf_right5      =  0.5853808492111297
    tem_depth       =  0.9914872343832103
    velocity        =  -2471.05371775463
    wave_intercept  =  6009.182903490118
    wave_slope      =  0.016038459169863663
2026-03-26 12:21:02,277 - root - ERROR - Evaluated LSF:
2026-03-26 12:21:02,278 - root - ERROR - [nan nan nan nan nan nan nan nan nan nan nan nan nan nan nan nan nan nan
 nan nan nan nan nan nan nan nan nan nan nan nan nan nan nan nan nan nan
 nan nan nan nan nan nan nan nan nan nan nan nan nan nan nan nan nan nan
 nan nan nan nan nan nan nan nan nan nan nan nan nan nan nan nan nan nan
 nan]
2026-03-26 12:21:02,436 - root - ERROR - Chunk 444: No Data! Returning LmfitResult with None.
2026-03-26 12:21:02,539 - root - ERROR - NaN value detected in oversampled model function.
2026-03-26 12:21:02,541 - root - ERROR - <ParameterSet (values: 17)>
    cont_intercept  =  15669.739327392805
    cont_slope      =  -5.220884672527989
    iod_depth       =  0.32666105040990595
    lsf_left_1      =  2.132929595417794
    lsf_left_2      =  -16.398619714986754
    lsf_left_3      =  7.045884976213534
    lsf_left_4      =  -2.233967610571028
    lsf_left_5      =  0.2359630183813221
    lsf_right1      =  4.812104510243657
    lsf_right2      =  -16.07820883019198
    lsf_right3      =  4.22802153887621
    lsf_right4      =  -3.9166582441486
    lsf_right5      =  0.4934601305209996
    tem_depth       =  1.0096397465195457
    velocity        =  -1131.041077825621
    wave_intercept  =  6017.3617982072
    wave_slope      =  0.0148538336456604
2026-03-26 12:21:02,542 - root - ERROR - Evaluated LSF:
2026-03-26 12:21:02,543 - root - ERROR - [nan nan nan nan nan nan nan nan nan nan nan nan nan nan nan nan nan nan
 nan nan nan nan nan nan nan nan nan nan nan nan nan nan nan nan nan nan
 nan nan nan nan nan nan nan nan nan nan nan nan nan nan nan nan nan nan
 nan nan nan nan nan nan nan nan nan nan nan nan nan nan nan nan nan nan
 nan]
2026-03-26 12:21:03,739 - root - ERROR - NaN value detected in oversampled model function.
2026-03-26 12:21:03,741 - root - ERROR - <ParameterSet (values: 17)>
    cont_intercept  =  10982.736550674652
    cont_slope      =  8.448378538110495
    iod_depth       =  0.9504224157723692
    lsf_left_1      =  9.622494950000252
    lsf_left_2      =  -18.635241472469723
    lsf_left_3      =  10.274627277564907
    lsf_left_4      =  -3.0702961898495937
    lsf_left_5      =  0.24001730514889685
    lsf_right1      =  4.765934596497427
    lsf_right2      =  -18.744370019297964
    lsf_right3      =  6.486828238411362
    lsf_right4      =  -2.9421254630112674
    lsf_right5      =  0.13430624615752826
    tem_depth       =  0.6460918262015323
    velocity        =  -1380.2880031656325
    wave_intercept  =  6034.654954431085
    wave_slope      =  0.018798717171966118
2026-03-26 12:21:03,742 - root - ERROR - Evaluated LSF:
2026-03-26 12:21:03,743 - root - ERROR - [nan nan nan nan nan nan nan nan nan nan nan nan nan nan nan nan nan nan
 nan nan nan nan nan nan nan nan nan nan nan nan nan nan nan nan nan nan
 nan nan nan nan nan nan nan nan nan nan nan nan nan nan nan nan nan nan
 nan nan nan nan nan nan nan nan nan nan nan nan nan nan nan nan nan nan
 nan]
2026-03-26 12:21:04,711 - root - ERROR - NaN value detected in oversampled model function.
2026-03-26 12:21:04,712 - root - ERROR - <ParameterSet (values: 17)>
    cont_intercept  =  17096.68813557443
    cont_slope      =  5.1909827414342224
    iod_depth       =  0.9478023810890027
    lsf_left_1      =  3.750740809991864
    lsf_left_2      =  -16.158484308267326
    lsf_left_3      =  6.629746046673143
    lsf_left_4      =  -3.1181129993162147
    lsf_left_5      =  0.7090087832952672
    lsf_right1      =  9.37634498193605
    lsf_right2      =  -15.745299961761258
    lsf_right3      =  1.4230395933058961
    lsf_right4      =  -1.2505900451406586
    lsf_right5      =  0.27239100502157865
    tem_depth       =  0.3429283759436087
    velocity        =  -11567.705438098277
    wave_intercept  =  6048.885929862298
    wave_slope      =  0.01767877678117967
2026-03-26 12:21:04,714 - root - ERROR - Evaluated LSF:
2026-03-26 12:21:04,715 - root - ERROR - [nan nan nan nan nan nan nan nan nan nan nan nan nan nan nan nan nan nan
 nan nan nan nan nan nan nan nan nan nan nan nan nan nan nan nan nan nan
 nan nan nan nan nan nan nan nan nan nan nan nan nan nan nan nan nan nan
 nan nan nan nan nan nan nan nan nan nan nan nan nan nan nan nan nan nan
 nan]
2026-03-26 12:21:12,705 - root - ERROR - NaN value detected in oversampled model function.
2026-03-26 12:21:12,706 - root - ERROR - <ParameterSet (values: 17)>
    cont_intercept  =  9344.327666993395
    cont_slope      =  10.041324242841444
    iod_depth       =  0.26701958573752804
    lsf_left_1      =  2.615318384134615
    lsf_left_2      =  -19.16702497675212
    lsf_left_3      =  9.982402016615978
    lsf_left_4      =  -2.1705465317764636
    lsf_left_5      =  0.13367982259203856
    lsf_right1      =  2.1154180724816163
    lsf_right2      =  -19.346094649418664
    lsf_right3      =  1.8180653633952382
    lsf_right4      =  -1.228257407025775
    lsf_right5      =  0.6724311293642172
    tem_depth       =  1.128321767466475
    velocity        =  -1524.1354723081774
    wave_intercept  =  6151.551545376223
    wave_slope      =  0.019334610396676315
2026-03-26 12:21:12,708 - root - ERROR - Evaluated LSF:
2026-03-26 12:21:12,709 - root - ERROR - [nan nan nan nan nan nan nan nan nan nan nan nan nan nan nan nan nan nan
 nan nan nan nan nan nan nan nan nan nan nan nan nan nan nan nan nan nan
 nan nan nan nan nan nan nan nan nan nan nan nan nan nan nan nan nan nan
 nan nan nan nan nan nan nan nan nan nan nan nan nan nan nan nan nan nan
 nan]
2026-03-26 12:21:13,362 - root - ERROR - NaN value detected in oversampled model function.
2026-03-26 12:21:13,364 - root - ERROR - <ParameterSet (values: 17)>
    cont_intercept  =  12763.888222779957
    cont_slope      =  7.810988752005163
    iod_depth       =  0.5749801611709249
    lsf_left_1      =  2.417111963421187
    lsf_left_2      =  -9.914149260036291
    lsf_left_3      =  2.5640328538390307
    lsf_left_4      =  -2.638855750205513
    lsf_left_5      =  0.5535524744336431
    lsf_right1      =  6.364169235628278
    lsf_right2      =  -18.171869114683016
    lsf_right3      =  5.878985840273219
    lsf_right4      =  -3.7966539034221216
    lsf_right5      =  0.8144479383705868
    tem_depth       =  0.9158835495445857
    velocity        =  -1963.631155383501
    wave_intercept  =  6159.066011677825
    wave_slope      =  0.018933249164612493
2026-03-26 12:21:13,365 - root - ERROR - Evaluated LSF:
2026-03-26 12:21:13,366 - root - ERROR - [nan nan nan nan nan nan nan nan nan nan nan nan nan nan nan nan nan nan
 nan nan nan nan nan nan nan nan nan nan nan nan nan nan nan nan nan nan
 nan nan nan nan nan nan nan nan nan nan nan nan nan nan nan nan nan nan
 nan nan nan nan nan nan nan nan nan nan nan nan nan nan nan nan nan nan
 nan]
2026-03-26 12:21:15,547 - root - ERROR - NaN value detected in oversampled model function.
2026-03-26 12:21:15,548 - root - ERROR - <ParameterSet (values: 17)>
    cont_intercept  =  17322.41480541367
    cont_slope      =  -2.9763638081894843
    iod_depth       =  0.8993388324662499
    lsf_left_1      =  2.566050505621301
    lsf_left_2      =  -18.379917959252968
    lsf_left_3      =  5.671056929663262
    lsf_left_4      =  -3.132355524214212
    lsf_left_5      =  0.20394821821879638
    lsf_right1      =  2.699778073014361
    lsf_right2      =  -3.9842691488462325
    lsf_right3      =  1.5245123473476745
    lsf_right4      =  -0.4682702202527729
    lsf_right5      =  0.13353577012722928
    tem_depth       =  0.8218830738707907
    velocity        =  -2025.4523647097765
    wave_intercept  =  6193.412512292727
    wave_slope      =  0.016355783576924507
2026-03-26 12:21:15,550 - root - ERROR - Evaluated LSF:
2026-03-26 12:21:15,551 - root - ERROR - [nan nan nan nan nan nan nan nan nan nan nan nan nan nan nan nan nan nan
 nan nan nan nan nan nan nan nan nan nan nan nan nan nan nan nan nan nan
 nan nan nan nan nan nan nan nan nan nan nan nan nan nan nan nan nan nan
 nan nan nan nan nan nan nan nan nan nan nan nan nan nan nan nan nan nan
 nan]
2026-03-26 12:21:15,555 - root - ERROR - Chunk 519: No Data! Returning LmfitResult with None.
2026-03-26 12:21:16,927 - root - ERROR - Chunk 529: No Data! Returning LmfitResult with None.
2026-03-26 12:21:18,899 - root - ERROR - NaN value detected in oversampled model function.
2026-03-26 12:21:18,900 - root - ERROR - <ParameterSet (values: 17)>
    cont_intercept  =  17332.997074050327
    cont_slope      =  -1.6436062992933418
    iod_depth       =  0.7960472120033493
    lsf_left_1      =  9.005788807132124
    lsf_left_2      =  -19.376005303540573
    lsf_left_3      =  3.8509464081082783
    lsf_left_4      =  -3.78537512735055
    lsf_left_5      =  0.6697053365711098
    lsf_right1      =  5.721672592099075
    lsf_right2      =  -19.284096346942057
    lsf_right3      =  8.455669747718481
    lsf_right4      =  -3.4596011009710907
    lsf_right5      =  1.196959057245858
    tem_depth       =  0.9938860261080126
    velocity        =  -1873.7059315461977
    wave_intercept  =  6254.471995133651
    wave_slope      =  0.01670335176830876
2026-03-26 12:21:18,901 - root - ERROR - Evaluated LSF:
2026-03-26 12:21:18,902 - root - ERROR - [nan nan nan nan nan nan nan nan nan nan nan nan nan nan nan nan nan nan
 nan nan nan nan nan nan nan nan nan nan nan nan nan nan nan nan nan nan
 nan nan nan nan nan nan nan nan nan nan nan nan nan nan nan nan nan nan
 nan nan nan nan nan nan nan nan nan nan nan nan nan nan nan nan nan nan
 nan]
2026-03-26 12:21:19,105 - root - ERROR - NaN value detected in oversampled model function.
2026-03-26 12:21:19,106 - root - ERROR - <ParameterSet (values: 17)>
    cont_intercept  =  16844.163169298674
    cont_slope      =  -4.896426482663841
    iod_depth       =  0.04917219450108484
    lsf_left_1      =  7.627781717753182
    lsf_left_2      =  -18.735801464662845
    lsf_left_3      =  2.0543135936191934
    lsf_left_4      =  -2.2540006126380825
    lsf_left_5      =  0.32542871868713935
    lsf_right1      =  4.900232652970704
    lsf_right2      =  -13.607521222308282
    lsf_right3      =  1.1591575936826715
    lsf_right4      =  -2.154023073541352
    lsf_right5      =  0.7247791104197225
    tem_depth       =  0.8997271400636611
    velocity        =  -2641.6602507522825
    wave_intercept  =  6258.733686666983
    wave_slope      =  0.016685948951964288
2026-03-26 12:21:19,107 - root - ERROR - Evaluated LSF:
2026-03-26 12:21:19,108 - root - ERROR - [nan nan nan nan nan nan nan nan nan nan nan nan nan nan nan nan nan nan
 nan nan nan nan nan nan nan nan nan nan nan nan nan nan nan nan nan nan
 nan nan nan nan nan nan nan nan nan nan nan nan nan nan nan nan nan nan
 nan nan nan nan nan nan nan nan nan nan nan nan nan nan nan nan nan nan
 nan]
2026-03-26 12:21:19,889 - root - ERROR - Chunk 549: No Data! Returning LmfitResult with None.
2026-03-26 12:21:21,012 - root - ERROR - Chunk 557: No Data! Returning LmfitResult with None.
2026-03-26 12:21:22,177 - root - ERROR - NaN value detected in oversampled model function.
2026-03-26 12:21:22,179 - root - ERROR - <ParameterSet (values: 17)>
    cont_intercept  =  18687.379673380405
    cont_slope      =  -0.6654818326612668
    iod_depth       =  0.5727693720444029
    lsf_left_1      =  2.41459182846676
    lsf_left_2      =  -19.35220781878351
    lsf_left_3      =  1.1431788780193817
    lsf_left_4      =  -3.3280851960605977
    lsf_left_5      =  1.1387754624989093
    lsf_right1      =  2.251439846459917
    lsf_right2      =  -12.857304595508321
    lsf_right3      =  7.232337761856174
    lsf_right4      =  -3.3755702571540724
    lsf_right5      =  0.13716418299782376
    tem_depth       =  1.1257673740873313
    velocity        =  -1487.1219586906932
    wave_intercept  =  6314.546105787061
    wave_slope      =  0.01778223962067815
2026-03-26 12:21:22,180 - root - ERROR - Evaluated LSF:
2026-03-26 12:21:22,181 - root - ERROR - [nan nan nan nan nan nan nan nan nan nan nan nan nan nan nan nan nan nan
 nan nan nan nan nan nan nan nan nan nan nan nan nan nan nan nan nan nan
 nan nan nan nan nan nan nan nan nan nan nan nan nan nan nan nan nan nan
 nan nan nan nan nan nan nan nan nan nan nan nan nan nan nan nan nan nan
 nan]
2026-03-26 12:21:23,175 - root - ERROR - NaN value detected in oversampled model function.
2026-03-26 12:21:23,177 - root - ERROR - <ParameterSet (values: 17)>
    cont_intercept  =  15831.381107867604
    cont_slope      =  -5.345029880173755
    iod_depth       =  0.362387631572462
    lsf_left_1      =  5.88009705217343
    lsf_left_2      =  -11.635911795979615
    lsf_left_3      =  5.995748663460221
    lsf_left_4      =  -2.1415934773691276
    lsf_left_5      =  0.6246676197011396
    lsf_right1      =  3.994253544531933
    lsf_right2      =  -16.138362713608192
    lsf_right3      =  3.4969511569981697
    lsf_right4      =  -2.5757857519733545
    lsf_right5      =  0.5251937701539522
    tem_depth       =  0.9039546470003526
    velocity        =  -2789.32996229454
    wave_intercept  =  6327.493920249411
    wave_slope      =  0.015647674521580265
2026-03-26 12:21:23,178 - root - ERROR - Evaluated LSF:
2026-03-26 12:21:23,179 - root - ERROR - [nan nan nan nan nan nan nan nan nan nan nan nan nan nan nan nan nan nan
 nan nan nan nan nan nan nan nan nan nan nan nan nan nan nan nan nan nan
 nan nan nan nan nan nan nan nan nan nan nan nan nan nan nan nan nan nan
 nan nan nan nan nan nan nan nan nan nan nan nan nan nan nan nan nan nan
 nan]
2026-03-26 12:21:23,460 - root - ERROR - NaN value detected in oversampled model function.
2026-03-26 12:21:23,461 - root - ERROR - <ParameterSet (values: 17)>
    cont_intercept  =  14140.527149245618
    cont_slope      =  -5.698957723305303
    iod_depth       =  0.4372110081825669
    lsf_left_1      =  2.115360883642818
    lsf_left_2      =  -11.031122064204782
    lsf_left_3      =  7.166902428766727
    lsf_left_4      =  -1.9116915957361806
    lsf_left_5      =  0.1647289638710165
    lsf_right1      =  2.3571582358286047
    lsf_right2      =  -10.87572616412013
    lsf_right3      =  6.955032264482613
    lsf_right4      =  -2.0583380087539753
    lsf_right5      =  0.16341608830300383
    tem_depth       =  0.9093906632495401
    velocity        =  -971.7997102391736
    wave_intercept  =  6331.674783198941
    wave_slope      =  0.015532355821224997
2026-03-26 12:21:23,463 - root - ERROR - Evaluated LSF:
2026-03-26 12:21:23,463 - root - ERROR - [nan nan nan nan nan nan nan nan nan nan nan nan nan nan nan nan nan nan
 nan nan nan nan nan nan nan nan nan nan nan nan nan nan nan nan nan nan
 nan nan nan nan nan nan nan nan nan nan nan nan nan nan nan nan nan nan
 nan nan nan nan nan nan nan nan nan nan nan nan nan nan nan nan nan nan
 nan]
2026-03-26 12:21:30,321 - root - ERROR - NaN value detected in iodine function.
2026-03-26 12:21:30,323 - root - ERROR - Chunk could not be plotted
Traceback (most recent call last):
  File "/Users/jaklusmeyer/SONG/pyodine/pyodine/plot_lib.py", line 62, in plot_chunkmodel
    sp = fit_results[chunk_nr].fitted_spectrum
  File "/Users/jaklusmeyer/SONG/pyodine/pyodine/fitters/base.py", line 45, in fitted_spectrum
    return self.model.eval_spectrum(self.chunk, self.params, chunk_ind=self.chunk_ind)
  File "/Users/jaklusmeyer/SONG/pyodine/pyodine/models/base.py", line 79, in eval_spectrum
    flux = self.eval(chunk, params, chunk_ind=chunk_ind, **kwargs)
  File "/Users/jaklusmeyer/SONG/pyodine/pyodine/models/spectrum.py", line 138, in eval
    tck = splrep(tem.wave * doppler, flux_tem, s=0)
  File "/Users/jaklusmeyer/miniconda/envs/pyodine_env/lib/python3.9/site-packages/scipy/interpolate/_fitpack_py.py", line 295, in splrep
    res = _impl.splrep(x, y, w, xb, xe, k, task, s, t, full_output, per, quiet)
  File "/Users/jaklusmeyer/miniconda/envs/pyodine_env/lib/python3.9/site-packages/scipy/interpolate/_fitpack_impl.py", line 276, in splrep
    n, c, fp, ier = dfitpack.curfit(task, x, y, w, t, wrk, iwrk,
dfitpack.error: (xb<=x[0]) failed for 1st keyword xb: curfit:xb=nan
2026-03-26 13:08:17,857 - root - ERROR - NaN value detected in oversampled model function.
2026-03-26 13:08:17,860 - root - ERROR - <ParameterSet (values: 17)>
    cont_intercept  =  4161.448816390439
    cont_slope      =  5.080210403980159
    iod_depth       =  0.6605460878475833
    lsf_left_1      =  2.202923528170063
    lsf_left_2      =  -19.376052698258828
    lsf_left_3      =  1.5267653536346373
    lsf_left_4      =  -3.8441496354125273
    lsf_left_5      =  0.14771318920220688
    lsf_right1      =  7.551083489953232
    lsf_right2      =  -19.325184650444413
    lsf_right3      =  1.2979369851383318
    lsf_right4      =  -3.9517104198933155
    lsf_right5      =  0.9144823857883946
    tem_depth       =  0.9171308921375739
    velocity        =  -2303.727701163822
    wave_intercept  =  5163.110183070012
    wave_slope      =  0.016330515971530908
2026-03-26 13:08:17,861 - root - ERROR - Evaluated LSF:
2026-03-26 13:08:17,862 - root - ERROR - [nan nan nan nan nan nan nan nan nan nan nan nan nan nan nan nan nan nan
 nan nan nan nan nan nan nan nan nan nan nan nan nan nan nan nan nan nan
 nan nan nan nan nan nan nan nan nan nan nan nan nan nan nan nan nan nan
 nan nan nan nan nan nan nan nan nan nan nan nan nan nan nan nan nan nan
 nan]
2026-03-26 13:08:18,628 - root - ERROR - Chunk 29: No Data! Returning LmfitResult with None.
2026-03-26 13:08:19,013 - root - ERROR - Chunk 32: No Data! Returning LmfitResult with None.
2026-03-26 13:08:21,573 - root - ERROR - Chunk 47: No Data! Returning LmfitResult with None.
2026-03-26 13:08:24,300 - root - ERROR - NaN value detected in oversampled model function.
2026-03-26 13:08:24,302 - root - ERROR - <ParameterSet (values: 17)>
    cont_intercept  =  10767.290991580347
    cont_slope      =  2.075217638968508
    iod_depth       =  0.9041229690440928
    lsf_left_1      =  5.628928083087133
    lsf_left_2      =  -12.375265761395429
    lsf_left_3      =  7.678575176679792
    lsf_left_4      =  -3.6128696501992517
    lsf_left_5      =  0.6304578431627256
    lsf_right1      =  2.8877570982450047
    lsf_right2      =  -17.699185066863638
    lsf_right3      =  9.862679886777396
    lsf_right4      =  -3.946051435168424
    lsf_right5      =  0.533185249172325
    tem_depth       =  0.9382791243662709
    velocity        =  -1514.7439120081244
    wave_intercept  =  5231.383775344911
    wave_slope      =  0.014564773184020571
2026-03-26 13:08:24,304 - root - ERROR - Evaluated LSF:
2026-03-26 13:08:24,305 - root - ERROR - [nan nan nan nan nan nan nan nan nan nan nan nan nan nan nan nan nan nan
 nan nan nan nan nan nan nan nan nan nan nan nan nan nan nan nan nan nan
 nan nan nan nan nan nan nan nan nan nan nan nan nan nan nan nan nan nan
 nan nan nan nan nan nan nan nan nan nan nan nan nan nan nan nan nan nan
 nan]
2026-03-26 13:08:26,480 - root - ERROR - NaN value detected in oversampled model function.
2026-03-26 13:08:26,482 - root - ERROR - <ParameterSet (values: 17)>
    cont_intercept  =  7934.822703163432
    cont_slope      =  4.886573615382883
    iod_depth       =  0.8911791072953418
    lsf_left_1      =  2.8133822686502574
    lsf_left_2      =  -10.103587340349478
    lsf_left_3      =  1.4333558126616002
    lsf_left_4      =  -0.9980409346709678
    lsf_left_5      =  0.3477561670995054
    lsf_right1      =  2.440480401539901
    lsf_right2      =  -7.2593188236691955
    lsf_right3      =  1.4988890427170625
    lsf_right4      =  -3.46720398005787
    lsf_right5      =  0.9867475661926028
    tem_depth       =  0.8466272582011721
    velocity        =  -1965.7932447127614
    wave_intercept  =  5260.584304446292
    wave_slope      =  0.015924369621754312
2026-03-26 13:08:26,483 - root - ERROR - Evaluated LSF:
2026-03-26 13:08:26,484 - root - ERROR - [nan nan nan nan nan nan nan nan nan nan nan nan nan nan nan nan nan nan
 nan nan nan nan nan nan nan nan nan nan nan nan nan nan nan nan nan nan
 nan nan nan nan nan nan nan nan nan nan nan nan nan nan nan nan nan nan
 nan nan nan nan nan nan nan nan nan nan nan nan nan nan nan nan nan nan
 nan]
2026-03-26 13:08:27,155 - root - ERROR - Chunk 87: No Data! Returning LmfitResult with None.
2026-03-26 13:08:27,169 - root - ERROR - NaN value detected in oversampled model function.
2026-03-26 13:08:27,170 - root - ERROR - <ParameterSet (values: 17)>
    cont_intercept  =  10354.84950736607
    cont_slope      =  -0.11597650868050713
    iod_depth       =  0.7853370150202877
    lsf_left_1      =  2.160454609414276
    lsf_left_2      =  -3.6244933934202166
    lsf_left_3      =  1.621050815089
    lsf_left_4      =  -1.1824929982452366
    lsf_left_5      =  0.3026897271336594
    lsf_right1      =  3.020327167841214
    lsf_right2      =  -16.605548254485196
    lsf_right3      =  3.173688597753334
    lsf_right4      =  -3.9517678894296777
    lsf_right5      =  0.33847826105874146
    tem_depth       =  1.0071397386210357
    velocity        =  -2377.098471796051
    wave_intercept  =  5276.482276759211
    wave_slope      =  0.014684368930255667
2026-03-26 13:08:27,172 - root - ERROR - Evaluated LSF:
2026-03-26 13:08:27,173 - root - ERROR - [nan nan nan nan nan nan nan nan nan nan nan nan nan nan nan nan nan nan
 nan nan nan nan nan nan nan nan nan nan nan nan nan nan nan nan nan nan
 nan nan nan nan nan nan nan nan nan nan nan nan nan nan nan nan nan nan
 nan nan nan nan nan nan nan nan nan nan nan nan nan nan nan nan nan nan
 nan]
2026-03-26 13:08:31,916 - root - ERROR - NaN value detected in oversampled model function.
2026-03-26 13:08:31,918 - root - ERROR - <ParameterSet (values: 17)>
    cont_intercept  =  11644.268720400341
    cont_slope      =  1.32884660602584
    iod_depth       =  0.9095342708768144
    lsf_left_1      =  8.919331342325872
    lsf_left_2      =  -18.82386258073424
    lsf_left_3      =  2.5357612416208273
    lsf_left_4      =  -1.4963071079821657
    lsf_left_5      =  0.1834611460312351
    lsf_right1      =  3.9724338703743802
    lsf_right2      =  -19.16833169461845
    lsf_right3      =  9.954753600125109
    lsf_right4      =  -3.5480949939645843
    lsf_right5      =  0.2473077824570546
    tem_depth       =  0.9996707054590666
    velocity        =  -2362.828339368921
    wave_intercept  =  5324.280236245765
    wave_slope      =  0.014667239987284874
2026-03-26 13:08:31,919 - root - ERROR - Evaluated LSF:
2026-03-26 13:08:31,920 - root - ERROR - [nan nan nan nan nan nan nan nan nan nan nan nan nan nan nan nan nan nan
 nan nan nan nan nan nan nan nan nan nan nan nan nan nan nan nan nan nan
 nan nan nan nan nan nan nan nan nan nan nan nan nan nan nan nan nan nan
 nan nan nan nan nan nan nan nan nan nan nan nan nan nan nan nan nan nan
 nan]
2026-03-26 13:08:36,128 - root - ERROR - NaN value detected in oversampled model function.
2026-03-26 13:08:36,130 - root - ERROR - <ParameterSet (values: 17)>
    cont_intercept  =  12128.554243109842
    cont_slope      =  -4.376560566523626
    iod_depth       =  0.8769240876622625
    lsf_left_1      =  3.9401991394999385
    lsf_left_2      =  -17.218676575433154
    lsf_left_3      =  3.6448856401765815
    lsf_left_4      =  -1.125246711778352
    lsf_left_5      =  0.5041073721656786
    lsf_right1      =  2.2609608062710804
    lsf_right2      =  -12.785130625107115
    lsf_right3      =  5.67588657819076
    lsf_right4      =  -2.0910644161511476
    lsf_right5      =  0.6465912096860406
    tem_depth       =  1.0641682053562058
    velocity        =  -1868.4485708044472
    wave_intercept  =  5382.167224843181
    wave_slope      =  0.013831895806926144
2026-03-26 13:08:36,132 - root - ERROR - Evaluated LSF:
2026-03-26 13:08:36,133 - root - ERROR - [nan nan nan nan nan nan nan nan nan nan nan nan nan nan nan nan nan nan
 nan nan nan nan nan nan nan nan nan nan nan nan nan nan nan nan nan nan
 nan nan nan nan nan nan nan nan nan nan nan nan nan nan nan nan nan nan
 nan nan nan nan nan nan nan nan nan nan nan nan nan nan nan nan nan nan
 nan]
2026-03-26 13:08:41,793 - root - ERROR - NaN value detected in oversampled model function.
2026-03-26 13:08:41,796 - root - ERROR - <ParameterSet (values: 17)>
    cont_intercept  =  12592.179185877092
    cont_slope      =  3.4288482169783587
    iod_depth       =  0.8926096632921677
    lsf_left_1      =  4.538414187889699
    lsf_left_2      =  -19.229640697047234
    lsf_left_3      =  1.1460985254489446
    lsf_left_4      =  -3.6089162179974696
    lsf_left_5      =  1.1949676451676141
    lsf_right1      =  2.366318962756616
    lsf_right2      =  -15.080104733279374
    lsf_right3      =  1.307749209138905
    lsf_right4      =  -2.698594053505783
    lsf_right5      =  1.071330819804917
    tem_depth       =  0.8910526642836557
    velocity        =  -1124.7990542986618
    wave_intercept  =  5460.934415459153
    wave_slope      =  0.015516552477813078
2026-03-26 13:08:41,797 - root - ERROR - Evaluated LSF:
2026-03-26 13:08:41,798 - root - ERROR - [nan nan nan nan nan nan nan nan nan nan nan nan nan nan nan nan nan nan
 nan nan nan nan nan nan nan nan nan nan nan nan nan nan nan nan nan nan
 nan nan nan nan nan nan nan nan nan nan nan nan nan nan nan nan nan nan
 nan nan nan nan nan nan nan nan nan nan nan nan nan nan nan nan nan nan
 nan]
2026-03-26 13:08:41,944 - root - ERROR - NaN value detected in oversampled model function.
2026-03-26 13:08:41,945 - root - ERROR - <ParameterSet (values: 17)>
    cont_intercept  =  13544.221761927785
    cont_slope      =  9.372220453637215
    iod_depth       =  0.3910141325364393
    lsf_left_1      =  2.7220662438254433
    lsf_left_2      =  -17.65246122601711
    lsf_left_3      =  1.9951700634678202
    lsf_left_4      =  -0.9505020295297806
    lsf_left_5      =  0.5243883787946064
    lsf_right1      =  3.68171881918812
    lsf_right2      =  -5.903435869269526
    lsf_right3      =  1.6938586298803155
    lsf_right4      =  -2.0480412759399007
    lsf_right5      =  0.23397675126323858
    tem_depth       =  -0.30940756986522266
    velocity        =  -9169.526845846887
    wave_intercept  =  5464.945011190721
    wave_slope      =  0.015156336296336625
2026-03-26 13:08:41,947 - root - ERROR - Evaluated LSF:
2026-03-26 13:08:41,948 - root - ERROR - [nan nan nan nan nan nan nan nan nan nan nan nan nan nan nan nan nan nan
 nan nan nan nan nan nan nan nan nan nan nan nan nan nan nan nan nan nan
 nan nan nan nan nan nan nan nan nan nan nan nan nan nan nan nan nan nan
 nan nan nan nan nan nan nan nan nan nan nan nan nan nan nan nan nan nan
 nan]
2026-03-26 13:08:48,160 - root - ERROR - NaN value detected in oversampled model function.
2026-03-26 13:08:48,161 - root - ERROR - <ParameterSet (values: 17)>
    cont_intercept  =  11141.768354687656
    cont_slope      =  5.519809496335325
    iod_depth       =  0.8553821129654954
    lsf_left_1      =  2.1249102484792344
    lsf_left_2      =  -17.44051080719009
    lsf_left_3      =  7.646257879008033
    lsf_left_4      =  -2.5851760161842217
    lsf_left_5      =  0.4757026303684335
    lsf_right1      =  7.985173874964592
    lsf_right2      =  -18.39352765360141
    lsf_right3      =  2.2856894893478534
    lsf_right4      =  -2.083253613353137
    lsf_right5      =  1.154280764897715
    tem_depth       =  0.8380771432956712
    velocity        =  -2229.8877709891885
    wave_intercept  =  5549.705080973882
    wave_slope      =  0.016607177954740142
2026-03-26 13:08:48,163 - root - ERROR - Evaluated LSF:
2026-03-26 13:08:48,164 - root - ERROR - [nan nan nan nan nan nan nan nan nan nan nan nan nan nan nan nan nan nan
 nan nan nan nan nan nan nan nan nan nan nan nan nan nan nan nan nan nan
 nan nan nan nan nan nan nan nan nan nan nan nan nan nan nan nan nan nan
 nan nan nan nan nan nan nan nan nan nan nan nan nan nan nan nan nan nan
 nan]
2026-03-26 13:08:52,234 - root - ERROR - NaN value detected in oversampled model function.
2026-03-26 13:08:52,236 - root - ERROR - <ParameterSet (values: 17)>
    cont_intercept  =  10129.364106186153
    cont_slope      =  4.880621697258531
    iod_depth       =  0.8329038924578421
    lsf_left_1      =  2.1377386927293798
    lsf_left_2      =  -18.595109383972463
    lsf_left_3      =  2.149572450478118
    lsf_left_4      =  -0.4458891944604071
    lsf_left_5      =  0.4075823399849484
    lsf_right1      =  2.650604892440568
    lsf_right2      =  -18.59062744087672
    lsf_right3      =  10.285919753284476
    lsf_right4      =  -3.803592195906825
    lsf_right5      =  0.30846146629315374
    tem_depth       =  0.9741409715426436
    velocity        =  -2480.376567084554
    wave_intercept  =  5598.447220575896
    wave_slope      =  0.016922123807877103
2026-03-26 13:08:52,238 - root - ERROR - Evaluated LSF:
2026-03-26 13:08:52,239 - root - ERROR - [nan nan nan nan nan nan nan nan nan nan nan nan nan nan nan nan nan nan
 nan nan nan nan nan nan nan nan nan nan nan nan nan nan nan nan nan nan
 nan nan nan nan nan nan nan nan nan nan nan nan nan nan nan nan nan nan
 nan nan nan nan nan nan nan nan nan nan nan nan nan nan nan nan nan nan
 nan]
2026-03-26 13:08:56,824 - root - ERROR - Chunk 286: No Data! Returning LmfitResult with None.
2026-03-26 13:09:04,553 - root - ERROR - NaN value detected in oversampled model function.
2026-03-26 13:09:04,555 - root - ERROR - <ParameterSet (values: 17)>
    cont_intercept  =  17269.3153509444
    cont_slope      =  2.921338634489461
    iod_depth       =  0.9245634914258519
    lsf_left_1      =  2.1177536418635485
    lsf_left_2      =  -13.77642310959042
    lsf_left_3      =  1.332337779937901
    lsf_left_4      =  -0.8528927350070039
    lsf_left_5      =  0.2755260249320227
    lsf_right1      =  6.381832177660802
    lsf_right2      =  -12.971995196241693
    lsf_right3      =  6.890154043238516
    lsf_right4      =  -3.963933429809286
    lsf_right5      =  0.5188657567374252
    tem_depth       =  1.0581872093722517
    velocity        =  -2280.472692864419
    wave_intercept  =  5772.159845830442
    wave_slope      =  0.016222625110793108
2026-03-26 13:09:04,557 - root - ERROR - Evaluated LSF:
2026-03-26 13:09:04,558 - root - ERROR - [nan nan nan nan nan nan nan nan nan nan nan nan nan nan nan nan nan nan
 nan nan nan nan nan nan nan nan nan nan nan nan nan nan nan nan nan nan
 nan nan nan nan nan nan nan nan nan nan nan nan nan nan nan nan nan nan
 nan nan nan nan nan nan nan nan nan nan nan nan nan nan nan nan nan nan
 nan]
2026-03-26 13:09:05,480 - root - ERROR - Chunk 343: No Data! Returning LmfitResult with None.
2026-03-26 13:09:06,033 - root - ERROR - NaN value detected in oversampled model function.
2026-03-26 13:09:06,035 - root - ERROR - <ParameterSet (values: 17)>
    cont_intercept  =  13097.12424738565
    cont_slope      =  -5.367383556821869
    iod_depth       =  0.8537993582657466
    lsf_left_1      =  5.379152469104687
    lsf_left_2      =  -15.375797119591903
    lsf_left_3      =  6.475802048798187
    lsf_left_4      =  -3.5406370478665226
    lsf_left_5      =  1.1822520708157065
    lsf_right1      =  3.6855559370515127
    lsf_right2      =  -19.28459802237304
    lsf_right3      =  1.952310936882763
    lsf_right4      =  -2.993718157442136
    lsf_right5      =  0.8449984389246044
    tem_depth       =  1.0459135801007438
    velocity        =  -2204.1633695056034
    wave_intercept  =  5792.191760356418
    wave_slope      =  0.014611181819897264
2026-03-26 13:09:06,036 - root - ERROR - Evaluated LSF:
2026-03-26 13:09:06,037 - root - ERROR - [nan nan nan nan nan nan nan nan nan nan nan nan nan nan nan nan nan nan
 nan nan nan nan nan nan nan nan nan nan nan nan nan nan nan nan nan nan
 nan nan nan nan nan nan nan nan nan nan nan nan nan nan nan nan nan nan
 nan nan nan nan nan nan nan nan nan nan nan nan nan nan nan nan nan nan
 nan]
2026-03-26 13:09:12,650 - root - ERROR - NaN value detected in oversampled model function.
2026-03-26 13:09:12,653 - root - ERROR - <ParameterSet (values: 17)>
    cont_intercept  =  15330.30946065463
    cont_slope      =  -5.603882298179124
    iod_depth       =  0.6893227061707363
    lsf_left_1      =  3.4515955833964695
    lsf_left_2      =  -18.686766209827617
    lsf_left_3      =  10.16418518480635
    lsf_left_4      =  -3.7290315414630393
    lsf_left_5      =  1.1179201301254986
    lsf_right1      =  2.277242401809344
    lsf_right2      =  -15.502872473785196
    lsf_right3      =  2.2840784642151997
    lsf_right4      =  -3.102900300191963
    lsf_right5      =  0.13381035563013988
    tem_depth       =  0.9038248799353924
    velocity        =  -2156.2956485801847
    wave_intercept  =  5899.677563757378
    wave_slope      =  0.0151040712498837
2026-03-26 13:09:12,654 - root - ERROR - Evaluated LSF:
2026-03-26 13:09:12,655 - root - ERROR - [nan nan nan nan nan nan nan nan nan nan nan nan nan nan nan nan nan nan
 nan nan nan nan nan nan nan nan nan nan nan nan nan nan nan nan nan nan
 nan nan nan nan nan nan nan nan nan nan nan nan nan nan nan nan nan nan
 nan nan nan nan nan nan nan nan nan nan nan nan nan nan nan nan nan nan
 nan]
2026-03-26 13:09:12,691 - root - ERROR - NaN value detected in oversampled model function.
2026-03-26 13:09:12,693 - root - ERROR - <ParameterSet (values: 17)>
    cont_intercept  =  15151.256721355454
    cont_slope      =  -5.414892647232749
    iod_depth       =  0.8005920789661722
    lsf_left_1      =  4.98511483950583
    lsf_left_2      =  -14.980519358666992
    lsf_left_3      =  6.563415486239442
    lsf_left_4      =  -3.455725370933681
    lsf_left_5      =  0.13299912767167985
    lsf_right1      =  2.1194629971248697
    lsf_right2      =  -7.891061215305406
    lsf_right3      =  1.2020619014908784
    lsf_right4      =  -3.0476091590216265
    lsf_right5      =  1.1840221364991028
    tem_depth       =  0.5935147325939021
    velocity        =  -2345.3497631493005
    wave_intercept  =  5901.632225370912
    wave_slope      =  0.015049452826410565
2026-03-26 13:09:12,695 - root - ERROR - Evaluated LSF:
2026-03-26 13:09:12,696 - root - ERROR - [nan nan nan nan nan nan nan nan nan nan nan nan nan nan nan nan nan nan
 nan nan nan nan nan nan nan nan nan nan nan nan nan nan nan nan nan nan
 nan nan nan nan nan nan nan nan nan nan nan nan nan nan nan nan nan nan
 nan nan nan nan nan nan nan nan nan nan nan nan nan nan nan nan nan nan
 nan]
2026-03-26 13:09:13,369 - root - ERROR - NaN value detected in oversampled model function.
2026-03-26 13:09:13,371 - root - ERROR - <ParameterSet (values: 17)>
    cont_intercept  =  10606.755970131431
    cont_slope      =  7.943006532084261
    iod_depth       =  0.7000519187605724
    lsf_left_1      =  3.5778267478503425
    lsf_left_2      =  -17.62987043918772
    lsf_left_3      =  7.445304517059509
    lsf_left_4      =  -2.8125236371730837
    lsf_left_5      =  0.39716010046607375
    lsf_right1      =  3.1939771017279877
    lsf_right2      =  -16.631460998278616
    lsf_right3      =  8.626864712277941
    lsf_right4      =  -3.7106340379314635
    lsf_right5      =  1.1321131955964367
    tem_depth       =  0.9384110111627374
    velocity        =  -2438.5093370467075
    wave_intercept  =  5917.4873428717165
    wave_slope      =  0.018521175755763133
2026-03-26 13:09:13,372 - root - ERROR - Evaluated LSF:
2026-03-26 13:09:13,373 - root - ERROR - [nan nan nan nan nan nan nan nan nan nan nan nan nan nan nan nan nan nan
 nan nan nan nan nan nan nan nan nan nan nan nan nan nan nan nan nan nan
 nan nan nan nan nan nan nan nan nan nan nan nan nan nan nan nan nan nan
 nan nan nan nan nan nan nan nan nan nan nan nan nan nan nan nan nan nan
 nan]
2026-03-26 13:09:14,513 - root - ERROR - NaN value detected in oversampled model function.
2026-03-26 13:09:14,515 - root - ERROR - <ParameterSet (values: 17)>
    cont_intercept  =  16939.536711053388
    cont_slope      =  3.1953344961016747
    iod_depth       =  0.7628209120851885
    lsf_left_1      =  10.346780116822616
    lsf_left_2      =  -18.663395395758222
    lsf_left_3      =  1.3258532988516178
    lsf_left_4      =  -1.1876063501635676
    lsf_left_5      =  0.13735982233388425
    lsf_right1      =  4.123309642232567
    lsf_right2      =  -14.967517023088249
    lsf_right3      =  7.383620557466272
    lsf_right4      =  -3.847254864556821
    lsf_right5      =  0.5221361428644175
    tem_depth       =  1.0551716308058938
    velocity        =  -1487.7167068450779
    wave_intercept  =  5935.919310787087
    wave_slope      =  0.017055780733360577
2026-03-26 13:09:14,516 - root - ERROR - Evaluated LSF:
2026-03-26 13:09:14,517 - root - ERROR - [nan nan nan nan nan nan nan nan nan nan nan nan nan nan nan nan nan nan
 nan nan nan nan nan nan nan nan nan nan nan nan nan nan nan nan nan nan
 nan nan nan nan nan nan nan nan nan nan nan nan nan nan nan nan nan nan
 nan nan nan nan nan nan nan nan nan nan nan nan nan nan nan nan nan nan
 nan]
2026-03-26 13:09:14,699 - root - ERROR - NaN value detected in oversampled model function.
2026-03-26 13:09:14,700 - root - ERROR - <ParameterSet (values: 17)>
    cont_intercept  =  18884.976481800306
    cont_slope      =  -3.0207120428503127
    iod_depth       =  0.8737010695682549
    lsf_left_1      =  2.1510798957591173
    lsf_left_2      =  -19.34139735057916
    lsf_left_3      =  1.3903676773215212
    lsf_left_4      =  -3.466733175962186
    lsf_left_5      =  0.4863571025639837
    lsf_right1      =  4.727636121818783
    lsf_right2      =  -18.44748953622671
    lsf_right3      =  1.8935226191524483
    lsf_right4      =  -3.3477146296337263
    lsf_right5      =  0.2516350983734078
    tem_depth       =  -0.2159525836582558
    velocity        =  -8756.347621791472
    wave_intercept  =  5940.283559539027
    wave_slope      =  0.01660825008293394
2026-03-26 13:09:14,702 - root - ERROR - Evaluated LSF:
2026-03-26 13:09:14,703 - root - ERROR - [nan nan nan nan nan nan nan nan nan nan nan nan nan nan nan nan nan nan
 nan nan nan nan nan nan nan nan nan nan nan nan nan nan nan nan nan nan
 nan nan nan nan nan nan nan nan nan nan nan nan nan nan nan nan nan nan
 nan nan nan nan nan nan nan nan nan nan nan nan nan nan nan nan nan nan
 nan]
2026-03-26 13:09:15,306 - root - ERROR - NaN value detected in oversampled model function.
2026-03-26 13:09:15,308 - root - ERROR - <ParameterSet (values: 17)>
    cont_intercept  =  17786.25674587534
    cont_slope      =  -2.0725307380344837
    iod_depth       =  0.7257283258120004
    lsf_left_1      =  9.748956700936585
    lsf_left_2      =  -17.743508887269154
    lsf_left_3      =  6.451761096862777
    lsf_left_4      =  -1.857715295598013
    lsf_left_5      =  0.13414326495578635
    lsf_right1      =  5.197716070256465
    lsf_right2      =  -19.272437002846218
    lsf_right3      =  1.2453813519332015
    lsf_right4      =  -1.8100327707302566
    lsf_right5      =  1.1866245497684893
    tem_depth       =  1.002720783568997
    velocity        =  -2087.5398919928775
    wave_intercept  =  5952.908998335766
    wave_slope      =  0.015723299545057228
2026-03-26 13:09:15,309 - root - ERROR - Evaluated LSF:
2026-03-26 13:09:15,310 - root - ERROR - [nan nan nan nan nan nan nan nan nan nan nan nan nan nan nan nan nan nan
 nan nan nan nan nan nan nan nan nan nan nan nan nan nan nan nan nan nan
 nan nan nan nan nan nan nan nan nan nan nan nan nan nan nan nan nan nan
 nan nan nan nan nan nan nan nan nan nan nan nan nan nan nan nan nan nan
 nan]
2026-03-26 13:09:16,968 - root - ERROR - NaN value detected in oversampled model function.
2026-03-26 13:09:16,970 - root - ERROR - <ParameterSet (values: 17)>
    cont_intercept  =  11924.02574789811
    cont_slope      =  6.196464470214114
    iod_depth       =  0.8765193163926529
    lsf_left_1      =  4.071538034740247
    lsf_left_2      =  -15.521837270989408
    lsf_left_3      =  10.140869997911118
    lsf_left_4      =  -3.299835169432535
    lsf_left_5      =  0.6148851801616211
    lsf_right1      =  2.1582175362559806
    lsf_right2      =  -15.78124184862017
    lsf_right3      =  1.591129321037685
    lsf_right4      =  -2.5496676150453537
    lsf_right5      =  0.1400591844071313
    tem_depth       =  1.0595039954057275
    velocity        =  -2072.203494666046
    wave_intercept  =  5977.914325446613
    wave_slope      =  0.018398828898656516
2026-03-26 13:09:16,971 - root - ERROR - Evaluated LSF:
2026-03-26 13:09:16,972 - root - ERROR - [nan nan nan nan nan nan nan nan nan nan nan nan nan nan nan nan nan nan
 nan nan nan nan nan nan nan nan nan nan nan nan nan nan nan nan nan nan
 nan nan nan nan nan nan nan nan nan nan nan nan nan nan nan nan nan nan
 nan nan nan nan nan nan nan nan nan nan nan nan nan nan nan nan nan nan
 nan]
2026-03-26 13:09:17,626 - root - ERROR - NaN value detected in oversampled model function.
2026-03-26 13:09:17,628 - root - ERROR - <ParameterSet (values: 17)>
    cont_intercept  =  17468.13816755762
    cont_slope      =  9.614842958268113
    iod_depth       =  0.9702767864448888
    lsf_left_1      =  5.244541620836236
    lsf_left_2      =  -17.651769625094435
    lsf_left_3      =  9.944820521675023
    lsf_left_4      =  -3.9444186783030526
    lsf_left_5      =  0.19293977176064983
    lsf_right1      =  5.447475037715988
    lsf_right2      =  -19.20060070928083
    lsf_right3      =  1.168515477720139
    lsf_right4      =  -3.9514124994673963
    lsf_right5      =  0.16629964092730842
    tem_depth       =  0.07177828843830489
    velocity        =  -7519.404943236683
    wave_intercept  =  5989.5892681588575
    wave_slope      =  0.017271054066756993
2026-03-26 13:09:17,629 - root - ERROR - Evaluated LSF:
2026-03-26 13:09:17,630 - root - ERROR - [nan nan nan nan nan nan nan nan nan nan nan nan nan nan nan nan nan nan
 nan nan nan nan nan nan nan nan nan nan nan nan nan nan nan nan nan nan
 nan nan nan nan nan nan nan nan nan nan nan nan nan nan nan nan nan nan
 nan nan nan nan nan nan nan nan nan nan nan nan nan nan nan nan nan nan
 nan]
2026-03-26 13:09:17,656 - root - ERROR - NaN value detected in oversampled model function.
2026-03-26 13:09:17,658 - root - ERROR - <ParameterSet (values: 17)>
    cont_intercept  =  17460.00414075284
    cont_slope      =  2.727263912030652
    iod_depth       =  0.8322856242188613
    lsf_left_1      =  8.054969273228254
    lsf_left_2      =  -14.735698386266392
    lsf_left_3      =  1.143218868810384
    lsf_left_4      =  -0.4411034893373609
    lsf_left_5      =  0.1353595965535081
    lsf_right1      =  2.2127363255056856
    lsf_right2      =  -19.032580976205395
    lsf_right3      =  10.274510674877154
    lsf_right4      =  -2.9002981450939576
    lsf_right5      =  0.2627133780966333
    tem_depth       =  0.046134198236457896
    velocity        =  -4243.526506345166
    wave_intercept  =  5991.886175912401
    wave_slope      =  0.016786654231164606
2026-03-26 13:09:17,660 - root - ERROR - Evaluated LSF:
2026-03-26 13:09:17,660 - root - ERROR - [nan nan nan nan nan nan nan nan nan nan nan nan nan nan nan nan nan nan
 nan nan nan nan nan nan nan nan nan nan nan nan nan nan nan nan nan nan
 nan nan nan nan nan nan nan nan nan nan nan nan nan nan nan nan nan nan
 nan nan nan nan nan nan nan nan nan nan nan nan nan nan nan nan nan nan
 nan]
2026-03-26 13:09:18,682 - root - ERROR - NaN value detected in oversampled model function.
2026-03-26 13:09:18,683 - root - ERROR - <ParameterSet (values: 17)>
    cont_intercept  =  17160.395979403715
    cont_slope      =  -4.251227741413652
    iod_depth       =  0.6373383643360238
    lsf_left_1      =  2.299038140492343
    lsf_left_2      =  -13.62554774170631
    lsf_left_3      =  1.143331195562172
    lsf_left_4      =  -3.5685390309286666
    lsf_left_5      =  1.111261384123413
    lsf_right1      =  2.7924522709723636
    lsf_right2      =  -14.977400334796036
    lsf_right3      =  4.207437404442764
    lsf_right4      =  -2.0905653917556917
    lsf_right5      =  0.5853808492111297
    tem_depth       =  0.9914872343832103
    velocity        =  -2471.05371775463
    wave_intercept  =  6009.182903490118
    wave_slope      =  0.016038459169863663
2026-03-26 13:09:18,684 - root - ERROR - Evaluated LSF:
2026-03-26 13:09:18,685 - root - ERROR - [nan nan nan nan nan nan nan nan nan nan nan nan nan nan nan nan nan nan
 nan nan nan nan nan nan nan nan nan nan nan nan nan nan nan nan nan nan
 nan nan nan nan nan nan nan nan nan nan nan nan nan nan nan nan nan nan
 nan nan nan nan nan nan nan nan nan nan nan nan nan nan nan nan nan nan
 nan]
2026-03-26 13:09:18,846 - root - ERROR - Chunk 444: No Data! Returning LmfitResult with None.
2026-03-26 13:09:18,946 - root - ERROR - NaN value detected in oversampled model function.
2026-03-26 13:09:18,947 - root - ERROR - <ParameterSet (values: 17)>
    cont_intercept  =  15669.739327392805
    cont_slope      =  -5.220884672527989
    iod_depth       =  0.32666105040990595
    lsf_left_1      =  2.132929595417794
    lsf_left_2      =  -16.398619714986754
    lsf_left_3      =  7.045884976213534
    lsf_left_4      =  -2.233967610571028
    lsf_left_5      =  0.2359630183813221
    lsf_right1      =  4.812104510243657
    lsf_right2      =  -16.07820883019198
    lsf_right3      =  4.22802153887621
    lsf_right4      =  -3.9166582441486
    lsf_right5      =  0.4934601305209996
    tem_depth       =  1.0096397465195457
    velocity        =  -1131.041077825621
    wave_intercept  =  6017.3617982072
    wave_slope      =  0.0148538336456604
2026-03-26 13:09:18,949 - root - ERROR - Evaluated LSF:
2026-03-26 13:09:18,950 - root - ERROR - [nan nan nan nan nan nan nan nan nan nan nan nan nan nan nan nan nan nan
 nan nan nan nan nan nan nan nan nan nan nan nan nan nan nan nan nan nan
 nan nan nan nan nan nan nan nan nan nan nan nan nan nan nan nan nan nan
 nan nan nan nan nan nan nan nan nan nan nan nan nan nan nan nan nan nan
 nan]
2026-03-26 13:09:19,926 - root - ERROR - NaN value detected in oversampled model function.
2026-03-26 13:09:19,928 - root - ERROR - <ParameterSet (values: 17)>
    cont_intercept  =  10982.736550674652
    cont_slope      =  8.448378538110495
    iod_depth       =  0.9504224157723692
    lsf_left_1      =  9.622494950000252
    lsf_left_2      =  -18.635241472469723
    lsf_left_3      =  10.274627277564907
    lsf_left_4      =  -3.0702961898495937
    lsf_left_5      =  0.24001730514889685
    lsf_right1      =  4.765934596497427
    lsf_right2      =  -18.744370019297964
    lsf_right3      =  6.486828238411362
    lsf_right4      =  -2.9421254630112674
    lsf_right5      =  0.13430624615752826
    tem_depth       =  0.6460918262015323
    velocity        =  -1380.2880031656325
    wave_intercept  =  6034.654954431085
    wave_slope      =  0.018798717171966118
2026-03-26 13:09:19,929 - root - ERROR - Evaluated LSF:
2026-03-26 13:09:19,931 - root - ERROR - [nan nan nan nan nan nan nan nan nan nan nan nan nan nan nan nan nan nan
 nan nan nan nan nan nan nan nan nan nan nan nan nan nan nan nan nan nan
 nan nan nan nan nan nan nan nan nan nan nan nan nan nan nan nan nan nan
 nan nan nan nan nan nan nan nan nan nan nan nan nan nan nan nan nan nan
 nan]
2026-03-26 13:09:20,894 - root - ERROR - NaN value detected in oversampled model function.
2026-03-26 13:09:20,897 - root - ERROR - <ParameterSet (values: 17)>
    cont_intercept  =  17096.68813557443
    cont_slope      =  5.1909827414342224
    iod_depth       =  0.9478023810890027
    lsf_left_1      =  3.750740809991864
    lsf_left_2      =  -16.158484308267326
    lsf_left_3      =  6.629746046673143
    lsf_left_4      =  -3.1181129993162147
    lsf_left_5      =  0.7090087832952672
    lsf_right1      =  9.37634498193605
    lsf_right2      =  -15.745299961761258
    lsf_right3      =  1.4230395933058961
    lsf_right4      =  -1.2505900451406586
    lsf_right5      =  0.27239100502157865
    tem_depth       =  0.3429283759436087
    velocity        =  -11567.705438098277
    wave_intercept  =  6048.885929862298
    wave_slope      =  0.01767877678117967
2026-03-26 13:09:20,898 - root - ERROR - Evaluated LSF:
2026-03-26 13:09:20,899 - root - ERROR - [nan nan nan nan nan nan nan nan nan nan nan nan nan nan nan nan nan nan
 nan nan nan nan nan nan nan nan nan nan nan nan nan nan nan nan nan nan
 nan nan nan nan nan nan nan nan nan nan nan nan nan nan nan nan nan nan
 nan nan nan nan nan nan nan nan nan nan nan nan nan nan nan nan nan nan
 nan]
2026-03-26 13:09:28,498 - root - ERROR - NaN value detected in oversampled model function.
2026-03-26 13:09:28,499 - root - ERROR - <ParameterSet (values: 17)>
    cont_intercept  =  9344.327666993395
    cont_slope      =  10.041324242841444
    iod_depth       =  0.26701958573752804
    lsf_left_1      =  2.615318384134615
    lsf_left_2      =  -19.16702497675212
    lsf_left_3      =  9.982402016615978
    lsf_left_4      =  -2.1705465317764636
    lsf_left_5      =  0.13367982259203856
    lsf_right1      =  2.1154180724816163
    lsf_right2      =  -19.346094649418664
    lsf_right3      =  1.8180653633952382
    lsf_right4      =  -1.228257407025775
    lsf_right5      =  0.6724311293642172
    tem_depth       =  1.128321767466475
    velocity        =  -1524.1354723081774
    wave_intercept  =  6151.551545376223
    wave_slope      =  0.019334610396676315
2026-03-26 13:09:28,500 - root - ERROR - Evaluated LSF:
2026-03-26 13:09:28,501 - root - ERROR - [nan nan nan nan nan nan nan nan nan nan nan nan nan nan nan nan nan nan
 nan nan nan nan nan nan nan nan nan nan nan nan nan nan nan nan nan nan
 nan nan nan nan nan nan nan nan nan nan nan nan nan nan nan nan nan nan
 nan nan nan nan nan nan nan nan nan nan nan nan nan nan nan nan nan nan
 nan]
2026-03-26 13:09:29,098 - root - ERROR - NaN value detected in oversampled model function.
2026-03-26 13:09:29,099 - root - ERROR - <ParameterSet (values: 17)>
    cont_intercept  =  12763.888222779957
    cont_slope      =  7.810988752005163
    iod_depth       =  0.5749801611709249
    lsf_left_1      =  2.417111963421187
    lsf_left_2      =  -9.914149260036291
    lsf_left_3      =  2.5640328538390307
    lsf_left_4      =  -2.638855750205513
    lsf_left_5      =  0.5535524744336431
    lsf_right1      =  6.364169235628278
    lsf_right2      =  -18.171869114683016
    lsf_right3      =  5.878985840273219
    lsf_right4      =  -3.7966539034221216
    lsf_right5      =  0.8144479383705868
    tem_depth       =  0.9158835495445857
    velocity        =  -1963.631155383501
    wave_intercept  =  6159.066011677825
    wave_slope      =  0.018933249164612493
2026-03-26 13:09:29,100 - root - ERROR - Evaluated LSF:
2026-03-26 13:09:29,102 - root - ERROR - [nan nan nan nan nan nan nan nan nan nan nan nan nan nan nan nan nan nan
 nan nan nan nan nan nan nan nan nan nan nan nan nan nan nan nan nan nan
 nan nan nan nan nan nan nan nan nan nan nan nan nan nan nan nan nan nan
 nan nan nan nan nan nan nan nan nan nan nan nan nan nan nan nan nan nan
 nan]
2026-03-26 13:09:31,260 - root - ERROR - NaN value detected in oversampled model function.
2026-03-26 13:09:31,262 - root - ERROR - <ParameterSet (values: 17)>
    cont_intercept  =  17322.41480541367
    cont_slope      =  -2.9763638081894843
    iod_depth       =  0.8993388324662499
    lsf_left_1      =  2.566050505621301
    lsf_left_2      =  -18.379917959252968
    lsf_left_3      =  5.671056929663262
    lsf_left_4      =  -3.132355524214212
    lsf_left_5      =  0.20394821821879638
    lsf_right1      =  2.699778073014361
    lsf_right2      =  -3.9842691488462325
    lsf_right3      =  1.5245123473476745
    lsf_right4      =  -0.4682702202527729
    lsf_right5      =  0.13353577012722928
    tem_depth       =  0.8218830738707907
    velocity        =  -2025.4523647097765
    wave_intercept  =  6193.412512292727
    wave_slope      =  0.016355783576924507
2026-03-26 13:09:31,263 - root - ERROR - Evaluated LSF:
2026-03-26 13:09:31,264 - root - ERROR - [nan nan nan nan nan nan nan nan nan nan nan nan nan nan nan nan nan nan
 nan nan nan nan nan nan nan nan nan nan nan nan nan nan nan nan nan nan
 nan nan nan nan nan nan nan nan nan nan nan nan nan nan nan nan nan nan
 nan nan nan nan nan nan nan nan nan nan nan nan nan nan nan nan nan nan
 nan]
2026-03-26 13:09:31,268 - root - ERROR - Chunk 519: No Data! Returning LmfitResult with None.
2026-03-26 13:09:32,597 - root - ERROR - Chunk 529: No Data! Returning LmfitResult with None.
2026-03-26 13:09:34,506 - root - ERROR - NaN value detected in oversampled model function.
2026-03-26 13:09:34,509 - root - ERROR - <ParameterSet (values: 17)>
    cont_intercept  =  17332.997074050327
    cont_slope      =  -1.6436062992933418
    iod_depth       =  0.7960472120033493
    lsf_left_1      =  9.005788807132124
    lsf_left_2      =  -19.376005303540573
    lsf_left_3      =  3.8509464081082783
    lsf_left_4      =  -3.78537512735055
    lsf_left_5      =  0.6697053365711098
    lsf_right1      =  5.721672592099075
    lsf_right2      =  -19.284096346942057
    lsf_right3      =  8.455669747718481
    lsf_right4      =  -3.4596011009710907
    lsf_right5      =  1.196959057245858
    tem_depth       =  0.9938860261080126
    velocity        =  -1873.7059315461977
    wave_intercept  =  6254.471995133651
    wave_slope      =  0.01670335176830876
2026-03-26 13:09:34,510 - root - ERROR - Evaluated LSF:
2026-03-26 13:09:34,512 - root - ERROR - [nan nan nan nan nan nan nan nan nan nan nan nan nan nan nan nan nan nan
 nan nan nan nan nan nan nan nan nan nan nan nan nan nan nan nan nan nan
 nan nan nan nan nan nan nan nan nan nan nan nan nan nan nan nan nan nan
 nan nan nan nan nan nan nan nan nan nan nan nan nan nan nan nan nan nan
 nan]
2026-03-26 13:09:34,762 - root - ERROR - NaN value detected in oversampled model function.
2026-03-26 13:09:34,764 - root - ERROR - <ParameterSet (values: 17)>
    cont_intercept  =  16844.163169298674
    cont_slope      =  -4.896426482663841
    iod_depth       =  0.04917219450108484
    lsf_left_1      =  7.627781717753182
    lsf_left_2      =  -18.735801464662845
    lsf_left_3      =  2.0543135936191934
    lsf_left_4      =  -2.2540006126380825
    lsf_left_5      =  0.32542871868713935
    lsf_right1      =  4.900232652970704
    lsf_right2      =  -13.607521222308282
    lsf_right3      =  1.1591575936826715
    lsf_right4      =  -2.154023073541352
    lsf_right5      =  0.7247791104197225
    tem_depth       =  0.8997271400636611
    velocity        =  -2641.6602507522825
    wave_intercept  =  6258.733686666983
    wave_slope      =  0.016685948951964288
2026-03-26 13:09:34,766 - root - ERROR - Evaluated LSF:
2026-03-26 13:09:34,768 - root - ERROR - [nan nan nan nan nan nan nan nan nan nan nan nan nan nan nan nan nan nan
 nan nan nan nan nan nan nan nan nan nan nan nan nan nan nan nan nan nan
 nan nan nan nan nan nan nan nan nan nan nan nan nan nan nan nan nan nan
 nan nan nan nan nan nan nan nan nan nan nan nan nan nan nan nan nan nan
 nan]
2026-03-26 13:09:35,534 - root - ERROR - Chunk 549: No Data! Returning LmfitResult with None.
2026-03-26 13:09:36,645 - root - ERROR - Chunk 557: No Data! Returning LmfitResult with None.
2026-03-26 13:09:37,816 - root - ERROR - NaN value detected in oversampled model function.
2026-03-26 13:09:37,818 - root - ERROR - <ParameterSet (values: 17)>
    cont_intercept  =  18687.379673380405
    cont_slope      =  -0.6654818326612668
    iod_depth       =  0.5727693720444029
    lsf_left_1      =  2.41459182846676
    lsf_left_2      =  -19.35220781878351
    lsf_left_3      =  1.1431788780193817
    lsf_left_4      =  -3.3280851960605977
    lsf_left_5      =  1.1387754624989093
    lsf_right1      =  2.251439846459917
    lsf_right2      =  -12.857304595508321
    lsf_right3      =  7.232337761856174
    lsf_right4      =  -3.3755702571540724
    lsf_right5      =  0.13716418299782376
    tem_depth       =  1.1257673740873313
    velocity        =  -1487.1219586906932
    wave_intercept  =  6314.546105787061
    wave_slope      =  0.01778223962067815
2026-03-26 13:09:37,819 - root - ERROR - Evaluated LSF:
2026-03-26 13:09:37,820 - root - ERROR - [nan nan nan nan nan nan nan nan nan nan nan nan nan nan nan nan nan nan
 nan nan nan nan nan nan nan nan nan nan nan nan nan nan nan nan nan nan
 nan nan nan nan nan nan nan nan nan nan nan nan nan nan nan nan nan nan
 nan nan nan nan nan nan nan nan nan nan nan nan nan nan nan nan nan nan
 nan]
2026-03-26 13:09:38,754 - root - ERROR - NaN value detected in oversampled model function.
2026-03-26 13:09:38,756 - root - ERROR - <ParameterSet (values: 17)>
    cont_intercept  =  15831.381107867604
    cont_slope      =  -5.345029880173755
    iod_depth       =  0.362387631572462
    lsf_left_1      =  5.88009705217343
    lsf_left_2      =  -11.635911795979615
    lsf_left_3      =  5.995748663460221
    lsf_left_4      =  -2.1415934773691276
    lsf_left_5      =  0.6246676197011396
    lsf_right1      =  3.994253544531933
    lsf_right2      =  -16.138362713608192
    lsf_right3      =  3.4969511569981697
    lsf_right4      =  -2.5757857519733545
    lsf_right5      =  0.5251937701539522
    tem_depth       =  0.9039546470003526
    velocity        =  -2789.32996229454
    wave_intercept  =  6327.493920249411
    wave_slope      =  0.015647674521580265
2026-03-26 13:09:38,757 - root - ERROR - Evaluated LSF:
2026-03-26 13:09:38,759 - root - ERROR - [nan nan nan nan nan nan nan nan nan nan nan nan nan nan nan nan nan nan
 nan nan nan nan nan nan nan nan nan nan nan nan nan nan nan nan nan nan
 nan nan nan nan nan nan nan nan nan nan nan nan nan nan nan nan nan nan
 nan nan nan nan nan nan nan nan nan nan nan nan nan nan nan nan nan nan
 nan]
2026-03-26 13:09:39,035 - root - ERROR - NaN value detected in oversampled model function.
2026-03-26 13:09:39,037 - root - ERROR - <ParameterSet (values: 17)>
    cont_intercept  =  14140.527149245618
    cont_slope      =  -5.698957723305303
    iod_depth       =  0.4372110081825669
    lsf_left_1      =  2.115360883642818
    lsf_left_2      =  -11.031122064204782
    lsf_left_3      =  7.166902428766727
    lsf_left_4      =  -1.9116915957361806
    lsf_left_5      =  0.1647289638710165
    lsf_right1      =  2.3571582358286047
    lsf_right2      =  -10.87572616412013
    lsf_right3      =  6.955032264482613
    lsf_right4      =  -2.0583380087539753
    lsf_right5      =  0.16341608830300383
    tem_depth       =  0.9093906632495401
    velocity        =  -971.7997102391736
    wave_intercept  =  6331.674783198941
    wave_slope      =  0.015532355821224997
2026-03-26 13:09:39,038 - root - ERROR - Evaluated LSF:
2026-03-26 13:09:39,039 - root - ERROR - [nan nan nan nan nan nan nan nan nan nan nan nan nan nan nan nan nan nan
 nan nan nan nan nan nan nan nan nan nan nan nan nan nan nan nan nan nan
 nan nan nan nan nan nan nan nan nan nan nan nan nan nan nan nan nan nan
 nan nan nan nan nan nan nan nan nan nan nan nan nan nan nan nan nan nan
 nan]
2026-03-26 13:09:45,932 - root - ERROR - NaN value detected in iodine function.
2026-03-26 13:09:45,934 - root - ERROR - Chunk could not be plotted
Traceback (most recent call last):
  File "/Users/jaklusmeyer/SONG/pyodine/pyodine/plot_lib.py", line 62, in plot_chunkmodel
    sp = fit_results[chunk_nr].fitted_spectrum
  File "/Users/jaklusmeyer/SONG/pyodine/pyodine/fitters/base.py", line 45, in fitted_spectrum
    return self.model.eval_spectrum(self.chunk, self.params, chunk_ind=self.chunk_ind)
  File "/Users/jaklusmeyer/SONG/pyodine/pyodine/models/base.py", line 79, in eval_spectrum
    flux = self.eval(chunk, params, chunk_ind=chunk_ind, **kwargs)
  File "/Users/jaklusmeyer/SONG/pyodine/pyodine/models/spectrum.py", line 138, in eval
    tck = splrep(tem.wave * doppler, flux_tem, s=0)
  File "/Users/jaklusmeyer/miniconda/envs/pyodine_env/lib/python3.9/site-packages/scipy/interpolate/_fitpack_py.py", line 295, in splrep
    res = _impl.splrep(x, y, w, xb, xe, k, task, s, t, full_output, per, quiet)
  File "/Users/jaklusmeyer/miniconda/envs/pyodine_env/lib/python3.9/site-packages/scipy/interpolate/_fitpack_impl.py", line 276, in splrep
    n, c, fp, ier = dfitpack.curfit(task, x, y, w, t, wrk, iwrk,
dfitpack.error: (xb<=x[0]) failed for 1st keyword xb: curfit:xb=nan
