2026-03-26 15:56:27,016 - root - ERROR - NaN value detected in oversampled model function.
2026-03-26 15:56:27,018 - root - ERROR - <ParameterSet (values: 17)>
    cont_intercept  =  9345.742502332292
    cont_slope      =  -0.7008422182975287
    iod_depth       =  0.8255006388991601
    lsf_left_1      =  2.3054518178572336
    lsf_left_2      =  -17.845970128131967
    lsf_left_3      =  1.4713174536985811
    lsf_left_4      =  -3.3206137715316815
    lsf_left_5      =  1.1916665964073618
    lsf_right1      =  6.396258045032242
    lsf_right2      =  -11.980127246808888
    lsf_right3      =  1.3008700115582508
    lsf_right4      =  -0.465454517065246
    lsf_right5      =  0.251978982903415
    tem_depth       =  0.975299478528306
    velocity        =  -2403.054935453447
    wave_intercept  =  5148.976324040903
    wave_slope      =  0.013871404260524488
2026-03-26 15:56:27,019 - root - ERROR - Evaluated LSF:
2026-03-26 15:56:27,020 - root - ERROR - [nan nan nan nan nan nan nan nan nan nan nan nan nan nan nan nan nan nan
 nan nan nan nan nan nan nan nan nan nan nan nan nan nan nan nan nan nan
 nan nan nan nan nan nan nan nan nan nan nan nan nan nan nan nan nan nan
 nan nan nan nan nan nan nan nan nan nan nan nan nan nan nan nan nan nan
 nan]
2026-03-26 15:56:29,478 - root - ERROR - Chunk 29: No Data! Returning LmfitResult with None.
2026-03-26 15:56:34,751 - root - ERROR - NaN value detected in oversampled model function.
2026-03-26 15:56:34,753 - root - ERROR - <ParameterSet (values: 17)>
    cont_intercept  =  8656.197100743411
    cont_slope      =  3.7875079808463474
    iod_depth       =  0.8383672696064323
    lsf_left_1      =  3.9975394416729912
    lsf_left_2      =  -17.682175083615984
    lsf_left_3      =  4.858864908189375
    lsf_left_4      =  -3.574695303752542
    lsf_left_5      =  1.0526657225300506
    lsf_right1      =  2.8399040776331033
    lsf_right2      =  -13.30279773025217
    lsf_right3      =  1.1978185660664153
    lsf_right4      =  -2.958455388032411
    lsf_right5      =  0.9755624526005484
    tem_depth       =  1.0212114119363245
    velocity        =  -2317.905303141417
    wave_intercept  =  5219.680758305436
    wave_slope      =  0.01545801761623022
2026-03-26 15:56:34,754 - root - ERROR - Evaluated LSF:
2026-03-26 15:56:34,755 - root - ERROR - [nan nan nan nan nan nan nan nan nan nan nan nan nan nan nan nan nan nan
 nan nan nan nan nan nan nan nan nan nan nan nan nan nan nan nan nan nan
 nan nan nan nan nan nan nan nan nan nan nan nan nan nan nan nan nan nan
 nan nan nan nan nan nan nan nan nan nan nan nan nan nan nan nan nan nan
 nan]
2026-03-26 15:56:35,574 - root - ERROR - Chunk 63: No Data! Returning LmfitResult with None.
2026-03-26 15:56:44,098 - root - ERROR - NaN value detected in oversampled model function.
2026-03-26 15:56:44,101 - root - ERROR - <ParameterSet (values: 17)>
    cont_intercept  =  11645.246612805568
    cont_slope      =  1.1774390538599153
    iod_depth       =  0.9141002728989666
    lsf_left_1      =  7.789493350460203
    lsf_left_2      =  -17.997973670742944
    lsf_left_3      =  3.5720985528681917
    lsf_left_4      =  -2.239662579231306
    lsf_left_5      =  0.13868565559191404
    lsf_right1      =  3.3017430410579554
    lsf_right2      =  -18.73177765554464
    lsf_right3      =  9.429993658724854
    lsf_right4      =  -3.0779676945680428
    lsf_right5      =  0.14222042991355183
    tem_depth       =  0.9974657896850339
    velocity        =  -2330.2533747858365
    wave_intercept  =  5324.280305234684
    wave_slope      =  0.014668286662238338
2026-03-26 15:56:44,102 - root - ERROR - Evaluated LSF:
2026-03-26 15:56:44,104 - root - ERROR - [nan nan nan nan nan nan nan nan nan nan nan nan nan nan nan nan nan nan
 nan nan nan nan nan nan nan nan nan nan nan nan nan nan nan nan nan nan
 nan nan nan nan nan nan nan nan nan nan nan nan nan nan nan nan nan nan
 nan nan nan nan nan nan nan nan nan nan nan nan nan nan nan nan nan nan
 nan]
2026-03-26 15:56:45,357 - root - ERROR - NaN value detected in oversampled model function.
2026-03-26 15:56:45,359 - root - ERROR - <ParameterSet (values: 17)>
    cont_intercept  =  10988.72730010499
    cont_slope      =  -4.362666375124274
    iod_depth       =  0.8571916092814028
    lsf_left_1      =  11.136423618788811
    lsf_left_2      =  -19.353850447508293
    lsf_left_3      =  2.15291843088038
    lsf_left_4      =  -2.191711985012744
    lsf_left_5      =  0.5325350594728797
    lsf_right1      =  2.1235927342263334
    lsf_right2      =  -11.295935910143122
    lsf_right3      =  7.683408402271185
    lsf_right4      =  -3.2685415838404035
    lsf_right5      =  0.2556824464232191
    tem_depth       =  0.6670218765212476
    velocity        =  -4373.43713531015
    wave_intercept  =  5337.147300079089
    wave_slope      =  0.013619442723149367
2026-03-26 15:56:45,360 - root - ERROR - Evaluated LSF:
2026-03-26 15:56:45,361 - root - ERROR - [nan nan nan nan nan nan nan nan nan nan nan nan nan nan nan nan nan nan
 nan nan nan nan nan nan nan nan nan nan nan nan nan nan nan nan nan nan
 nan nan nan nan nan nan nan nan nan nan nan nan nan nan nan nan nan nan
 nan nan nan nan nan nan nan nan nan nan nan nan nan nan nan nan nan nan
 nan]
2026-03-26 15:56:49,491 - root - ERROR - NaN value detected in oversampled model function.
2026-03-26 15:56:49,533 - root - ERROR - <ParameterSet (values: 17)>
    cont_intercept  =  5734.68002303134
    cont_slope      =  5.91316463939837
    iod_depth       =  0.7726806194373687
    lsf_left_1      =  11.159993596845537
    lsf_left_2      =  -18.196892958631793
    lsf_left_3      =  1.1515684743972223
    lsf_left_4      =  -1.4695400421358653
    lsf_left_5      =  0.20581431086480045
    lsf_right1      =  2.529263730772932
    lsf_right2      =  -18.423544832861666
    lsf_right3      =  1.3020688185543405
    lsf_right4      =  -3.126402541377913
    lsf_right5      =  0.18577540938549408
    tem_depth       =  0.9418897124409847
    velocity        =  -2719.7594429919973
    wave_intercept  =  5391.591075833022
    wave_slope      =  0.01702757580277634
2026-03-26 15:56:49,535 - root - ERROR - Evaluated LSF:
2026-03-26 15:56:49,537 - root - ERROR - [nan nan nan nan nan nan nan nan nan nan nan nan nan nan nan nan nan nan
 nan nan nan nan nan nan nan nan nan nan nan nan nan nan nan nan nan nan
 nan nan nan nan nan nan nan nan nan nan nan nan nan nan nan nan nan nan
 nan nan nan nan nan nan nan nan nan nan nan nan nan nan nan nan nan nan
 nan]
2026-03-26 15:56:52,342 - root - ERROR - NaN value detected in oversampled model function.
2026-03-26 15:56:52,344 - root - ERROR - <ParameterSet (values: 17)>
    cont_intercept  =  10603.516698134252
    cont_slope      =  -3.316900433318561
    iod_depth       =  0.7548930982844736
    lsf_left_1      =  4.581252141141361
    lsf_left_2      =  -16.849481423375
    lsf_left_3      =  9.685251366040664
    lsf_left_4      =  -3.556592664347753
    lsf_left_5      =  0.5004048235202583
    lsf_right1      =  8.792094178443143
    lsf_right2      =  -18.844932650655487
    lsf_right3      =  3.0596025840540295
    lsf_right4      =  -3.2144170420562923
    lsf_right5      =  0.6453977217907152
    tem_depth       =  0.9653656104537964
    velocity        =  -2531.655732277826
    wave_intercept  =  5429.792373051941
    wave_slope      =  0.014008995736947187
2026-03-26 15:56:52,346 - root - ERROR - Evaluated LSF:
2026-03-26 15:56:52,347 - root - ERROR - [nan nan nan nan nan nan nan nan nan nan nan nan nan nan nan nan nan nan
 nan nan nan nan nan nan nan nan nan nan nan nan nan nan nan nan nan nan
 nan nan nan nan nan nan nan nan nan nan nan nan nan nan nan nan nan nan
 nan nan nan nan nan nan nan nan nan nan nan nan nan nan nan nan nan nan
 nan]
2026-03-26 15:56:53,862 - root - ERROR - NaN value detected in oversampled model function.
2026-03-26 15:56:53,864 - root - ERROR - <ParameterSet (values: 17)>
    cont_intercept  =  10880.862314439823
    cont_slope      =  3.804615199382803
    iod_depth       =  0.8230431221676139
    lsf_left_1      =  3.8701838496911742
    lsf_left_2      =  -8.953387710295845
    lsf_left_3      =  7.433745532414884
    lsf_left_4      =  -3.1448059231042476
    lsf_left_5      =  0.4141286322348626
    lsf_right1      =  2.449924701916392
    lsf_right2      =  -13.85297913124071
    lsf_right3      =  6.4085532095281055
    lsf_right4      =  -2.5571339262657515
    lsf_right5      =  0.2777348477292635
    tem_depth       =  1.001142768692238
    velocity        =  -2626.5945241117765
    wave_intercept  =  5454.798114211617
    wave_slope      =  0.01597989645962517
2026-03-26 15:56:53,866 - root - ERROR - Evaluated LSF:
2026-03-26 15:56:53,867 - root - ERROR - [nan nan nan nan nan nan nan nan nan nan nan nan nan nan nan nan nan nan
 nan nan nan nan nan nan nan nan nan nan nan nan nan nan nan nan nan nan
 nan nan nan nan nan nan nan nan nan nan nan nan nan nan nan nan nan nan
 nan nan nan nan nan nan nan nan nan nan nan nan nan nan nan nan nan nan
 nan]
2026-03-26 15:56:54,791 - root - ERROR - Chunk 190: No Data! Returning LmfitResult with None.
2026-03-26 15:56:58,173 - root - ERROR - Chunk 214: No Data! Returning LmfitResult with None.
2026-03-26 15:57:05,907 - root - ERROR - NaN value detected in oversampled model function.
2026-03-26 15:57:05,909 - root - ERROR - <ParameterSet (values: 17)>
    cont_intercept  =  13215.620219167426
    cont_slope      =  0.34110557255250074
    iod_depth       =  0.7741961993145512
    lsf_left_1      =  5.674207637532963
    lsf_left_2      =  -17.870184687301183
    lsf_left_3      =  8.850434869100042
    lsf_left_4      =  -3.1586726843100865
    lsf_left_5      =  0.6589985806080484
    lsf_right1      =  2.4140580951959496
    lsf_right2      =  -11.28614800724322
    lsf_right3      =  7.887672258840931
    lsf_right4      =  -3.8932823882299674
    lsf_right5      =  0.6520783311044527
    tem_depth       =  1.0014367852574264
    velocity        =  -2687.5134255796697
    wave_intercept  =  5615.33538010308
    wave_slope      =  0.015577488703543281
2026-03-26 15:57:05,911 - root - ERROR - Evaluated LSF:
2026-03-26 15:57:05,912 - root - ERROR - [nan nan nan nan nan nan nan nan nan nan nan nan nan nan nan nan nan nan
 nan nan nan nan nan nan nan nan nan nan nan nan nan nan nan nan nan nan
 nan nan nan nan nan nan nan nan nan nan nan nan nan nan nan nan nan nan
 nan nan nan nan nan nan nan nan nan nan nan nan nan nan nan nan nan nan
 nan]
2026-03-26 15:57:11,312 - root - ERROR - Chunk 296: No Data! Returning LmfitResult with None.
2026-03-26 15:57:14,917 - root - ERROR - NaN value detected in oversampled model function.
2026-03-26 15:57:14,919 - root - ERROR - <ParameterSet (values: 17)>
    cont_intercept  =  7234.900905384572
    cont_slope      =  7.84139592129462
    iod_depth       =  0.8530763315136298
    lsf_left_1      =  2.745753558338226
    lsf_left_2      =  -18.223949795716887
    lsf_left_3      =  2.104521053068011
    lsf_left_4      =  -3.93472247088399
    lsf_left_5      =  0.26674153035689324
    lsf_right1      =  2.6180749004344195
    lsf_right2      =  -19.027543645491942
    lsf_right3      =  5.135086226024683
    lsf_right4      =  -3.928616875232488
    lsf_right5      =  0.44955497761267055
    tem_depth       =  -0.002066499901304109
    velocity        =  -82775.94384999626
    wave_intercept  =  5745.3025864892825
    wave_slope      =  0.01836612891352807
2026-03-26 15:57:14,920 - root - ERROR - Evaluated LSF:
2026-03-26 15:57:14,921 - root - ERROR - [nan nan nan nan nan nan nan nan nan nan nan nan nan nan nan nan nan nan
 nan nan nan nan nan nan nan nan nan nan nan nan nan nan nan nan nan nan
 nan nan nan nan nan nan nan nan nan nan nan nan nan nan nan nan nan nan
 nan nan nan nan nan nan nan nan nan nan nan nan nan nan nan nan nan nan
 nan]
2026-03-26 15:57:16,459 - root - ERROR - NaN value detected in oversampled model function.
2026-03-26 15:57:16,461 - root - ERROR - <ParameterSet (values: 17)>
    cont_intercept  =  17268.768306612747
    cont_slope      =  2.883817133008053
    iod_depth       =  0.9267726989432179
    lsf_left_1      =  2.1514075628917118
    lsf_left_2      =  -13.76353223462846
    lsf_left_3      =  1.3871654836142004
    lsf_left_4      =  -0.7520676683467675
    lsf_left_5      =  0.34903253122135924
    lsf_right1      =  5.677643083608828
    lsf_right2      =  -13.180274776299672
    lsf_right3      =  6.765999904284061
    lsf_right4      =  -3.9496083861391638
    lsf_right5      =  0.5897660974257757
    tem_depth       =  1.0514183897057492
    velocity        =  -2255.24684828821
    wave_intercept  =  5772.160026079724
    wave_slope      =  0.016223630712100017
2026-03-26 15:57:16,462 - root - ERROR - Evaluated LSF:
2026-03-26 15:57:16,464 - root - ERROR - [nan nan nan nan nan nan nan nan nan nan nan nan nan nan nan nan nan nan
 nan nan nan nan nan nan nan nan nan nan nan nan nan nan nan nan nan nan
 nan nan nan nan nan nan nan nan nan nan nan nan nan nan nan nan nan nan
 nan nan nan nan nan nan nan nan nan nan nan nan nan nan nan nan nan nan
 nan]
2026-03-26 15:57:19,488 - root - ERROR - Chunk 357: No Data! Returning LmfitResult with None.
2026-03-26 15:57:20,785 - root - ERROR - Chunk 366: No Data! Returning LmfitResult with None.
2026-03-26 15:57:23,981 - root - ERROR - NaN value detected in oversampled model function.
2026-03-26 15:57:23,983 - root - ERROR - <ParameterSet (values: 17)>
    cont_intercept  =  16938.696236967942
    cont_slope      =  -2.2527421084489263
    iod_depth       =  0.9070493100079249
    lsf_left_1      =  10.81074082984811
    lsf_left_2      =  -19.251080020589747
    lsf_left_3      =  1.3164896132998982
    lsf_left_4      =  -1.6373585116160312
    lsf_left_5      =  1.1967875258265799
    lsf_right1      =  3.888722528843086
    lsf_right2      =  -16.930538615799694
    lsf_right3      =  1.9967088823981016
    lsf_right4      =  -0.4630845620986994
    lsf_right5      =  0.2927555895895976
    tem_depth       =  0.06781093292280341
    velocity        =  -9014.326161712599
    wave_intercept  =  5883.165493735892
    wave_slope      =  0.016524165334681505
2026-03-26 15:57:23,984 - root - ERROR - Evaluated LSF:
2026-03-26 15:57:23,985 - root - ERROR - [nan nan nan nan nan nan nan nan nan nan nan nan nan nan nan nan nan nan
 nan nan nan nan nan nan nan nan nan nan nan nan nan nan nan nan nan nan
 nan nan nan nan nan nan nan nan nan nan nan nan nan nan nan nan nan nan
 nan nan nan nan nan nan nan nan nan nan nan nan nan nan nan nan nan nan
 nan]
2026-03-26 15:57:24,956 - root - ERROR - NaN value detected in oversampled model function.
2026-03-26 15:57:24,957 - root - ERROR - <ParameterSet (values: 17)>
    cont_intercept  =  15330.600911250724
    cont_slope      =  -5.487192849483618
    iod_depth       =  0.6899804578102223
    lsf_left_1      =  10.408800835232022
    lsf_left_2      =  -15.899729735874109
    lsf_left_3      =  1.9264790894443737
    lsf_left_4      =  -1.8654304823990984
    lsf_left_5      =  0.2527880067705906
    lsf_right1      =  3.2677744517302605
    lsf_right2      =  -19.136689091337853
    lsf_right3      =  5.073381020410403
    lsf_right4      =  -1.518111119019506
    lsf_right5      =  0.2362083991019978
    tem_depth       =  0.9139960171636794
    velocity        =  -2178.9711194234064
    wave_intercept  =  5899.666989777325
    wave_slope      =  0.015108584802834286
2026-03-26 15:57:24,958 - root - ERROR - Evaluated LSF:
2026-03-26 15:57:24,960 - root - ERROR - [nan nan nan nan nan nan nan nan nan nan nan nan nan nan nan nan nan nan
 nan nan nan nan nan nan nan nan nan nan nan nan nan nan nan nan nan nan
 nan nan nan nan nan nan nan nan nan nan nan nan nan nan nan nan nan nan
 nan nan nan nan nan nan nan nan nan nan nan nan nan nan nan nan nan nan
 nan]
2026-03-26 15:57:33,315 - root - ERROR - NaN value detected in oversampled model function.
2026-03-26 15:57:33,317 - root - ERROR - <ParameterSet (values: 17)>
    cont_intercept  =  18405.33534457468
    cont_slope      =  -1.3793893249716929
    iod_depth       =  0.8278810410542065
    lsf_left_1      =  2.121231782659356
    lsf_left_2      =  -11.879388831596575
    lsf_left_3      =  5.017580922118812
    lsf_left_4      =  -3.5107708676219618
    lsf_left_5      =  1.0818673986718057
    lsf_right1      =  5.289220990752163
    lsf_right2      =  -13.066305871620179
    lsf_right3      =  1.9620694766644369
    lsf_right4      =  -2.2713669757861923
    lsf_right5      =  0.974555915790054
    tem_depth       =  0.060470117909945054
    velocity        =  -8047.163121903621
    wave_intercept  =  6004.989371668325
    wave_slope      =  0.016370129479993754
2026-03-26 15:57:33,318 - root - ERROR - Evaluated LSF:
2026-03-26 15:57:33,319 - root - ERROR - [nan nan nan nan nan nan nan nan nan nan nan nan nan nan nan nan nan nan
 nan nan nan nan nan nan nan nan nan nan nan nan nan nan nan nan nan nan
 nan nan nan nan nan nan nan nan nan nan nan nan nan nan nan nan nan nan
 nan nan nan nan nan nan nan nan nan nan nan nan nan nan nan nan nan nan
 nan]
2026-03-26 15:57:35,593 - root - ERROR - NaN value detected in oversampled model function.
2026-03-26 15:57:35,595 - root - ERROR - <ParameterSet (values: 17)>
    cont_intercept  =  9321.820050044449
    cont_slope      =  10.051738629697379
    iod_depth       =  0.8404808735377395
    lsf_left_1      =  2.597025328934565
    lsf_left_2      =  -17.223228453116256
    lsf_left_3      =  4.314250357641788
    lsf_left_4      =  -3.9186890829057917
    lsf_left_5      =  0.2989306975452196
    lsf_right1      =  3.031575789882335
    lsf_right2      =  -5.4520365176559835
    lsf_right3      =  1.5100809976501925
    lsf_right4      =  -1.3372212414488622
    lsf_right5      =  0.14440893577734867
    tem_depth       =  0.3942909751890977
    velocity        =  -8030.142800325813
    wave_intercept  =  6029.722928601496
    wave_slope      =  0.01936595164475783
2026-03-26 15:57:35,596 - root - ERROR - Evaluated LSF:
2026-03-26 15:57:35,597 - root - ERROR - [nan nan nan nan nan nan nan nan nan nan nan nan nan nan nan nan nan nan
 nan nan nan nan nan nan nan nan nan nan nan nan nan nan nan nan nan nan
 nan nan nan nan nan nan nan nan nan nan nan nan nan nan nan nan nan nan
 nan nan nan nan nan nan nan nan nan nan nan nan nan nan nan nan nan nan
 nan]
2026-03-26 15:57:38,884 - root - ERROR - Chunk 470: No Data! Returning LmfitResult with None.
2026-03-26 15:57:43,681 - root - ERROR - NaN value detected in oversampled model function.
2026-03-26 15:57:43,683 - root - ERROR - <ParameterSet (values: 17)>
    cont_intercept  =  18045.67872240447
    cont_slope      =  -4.31076746603059
    iod_depth       =  0.6890325812403688
    lsf_left_1      =  6.663695420227768
    lsf_left_2      =  -19.35087735087959
    lsf_left_3      =  10.283996204604163
    lsf_left_4      =  -3.5991216712611003
    lsf_left_5      =  0.5903008156321035
    lsf_right1      =  4.5389786673267345
    lsf_right2      =  -18.47694427120927
    lsf_right3      =  5.36485915637684
    lsf_right4      =  -2.6688217751501235
    lsf_right5      =  0.13345741612514808
    tem_depth       =  0.7030497596283124
    velocity        =  -10488.074294521943
    wave_intercept  =  6133.572859111733
    wave_slope      =  0.016078820082861243
2026-03-26 15:57:43,685 - root - ERROR - Evaluated LSF:
2026-03-26 15:57:43,686 - root - ERROR - [nan nan nan nan nan nan nan nan nan nan nan nan nan nan nan nan nan nan
 nan nan nan nan nan nan nan nan nan nan nan nan nan nan nan nan nan nan
 nan nan nan nan nan nan nan nan nan nan nan nan nan nan nan nan nan nan
 nan nan nan nan nan nan nan nan nan nan nan nan nan nan nan nan nan nan
 nan]
2026-03-26 15:57:43,946 - root - ERROR - NaN value detected in oversampled model function.
2026-03-26 15:57:43,948 - root - ERROR - <ParameterSet (values: 17)>
    cont_intercept  =  14319.093684848
    cont_slope      =  -4.515876305626771
    iod_depth       =  0.6090823897155883
    lsf_left_1      =  7.95429218797643
    lsf_left_2      =  -19.335787523063658
    lsf_left_3      =  1.2399307006557154
    lsf_left_4      =  -0.5227690343164366
    lsf_left_5      =  0.4326277052416673
    lsf_right1      =  2.122879851372992
    lsf_right2      =  -13.126772576685749
    lsf_right3      =  8.201140739060497
    lsf_right4      =  -3.922310106219982
    lsf_right5      =  1.083179803335538
    tem_depth       =  1.0101776623769039
    velocity        =  -2914.410682295943
    wave_intercept  =  6137.686100547698
    wave_slope      =  0.015706004748983156
2026-03-26 15:57:43,949 - root - ERROR - Evaluated LSF:
2026-03-26 15:57:43,950 - root - ERROR - [nan nan nan nan nan nan nan nan nan nan nan nan nan nan nan nan nan nan
 nan nan nan nan nan nan nan nan nan nan nan nan nan nan nan nan nan nan
 nan nan nan nan nan nan nan nan nan nan nan nan nan nan nan nan nan nan
 nan nan nan nan nan nan nan nan nan nan nan nan nan nan nan nan nan nan
 nan]
2026-03-26 15:57:44,346 - root - ERROR - NaN value detected in oversampled model function.
2026-03-26 15:57:44,348 - root - ERROR - <ParameterSet (values: 17)>
    cont_intercept  =  14080.387092772806
    cont_slope      =  -5.510376619854211
    iod_depth       =  1.1977276083128272
    lsf_left_1      =  2.1439084491677556
    lsf_left_2      =  -17.34903441917899
    lsf_left_3      =  3.952323910946951
    lsf_left_4      =  -3.450761842215241
    lsf_left_5      =  1.0778412953307823
    lsf_right1      =  4.319386722751241
    lsf_right2      =  -11.724523108713827
    lsf_right3      =  6.257022261977015
    lsf_right4      =  -3.9660363010798143
    lsf_right5      =  1.0426592503802459
    tem_depth       =  0.8469309818324955
    velocity        =  -3612.4617253483457
    wave_intercept  =  6143.692852119273
    wave_slope      =  0.01530394682098374
2026-03-26 15:57:44,349 - root - ERROR - Evaluated LSF:
2026-03-26 15:57:44,350 - root - ERROR - [nan nan nan nan nan nan nan nan nan nan nan nan nan nan nan nan nan nan
 nan nan nan nan nan nan nan nan nan nan nan nan nan nan nan nan nan nan
 nan nan nan nan nan nan nan nan nan nan nan nan nan nan nan nan nan nan
 nan nan nan nan nan nan nan nan nan nan nan nan nan nan nan nan nan nan
 nan]
2026-03-26 15:57:44,417 - root - ERROR - NaN value detected in oversampled model function.
2026-03-26 15:57:44,419 - root - ERROR - <ParameterSet (values: 17)>
    cont_intercept  =  9371.886497969184
    cont_slope      =  9.091778956217047
    iod_depth       =  0.12951856952334553
    lsf_left_1      =  3.0095924227963553
    lsf_left_2      =  -19.3404977505172
    lsf_left_3      =  3.373469867984318
    lsf_left_4      =  -3.8616569329643444
    lsf_left_5      =  1.196020406199131
    lsf_right1      =  6.470765192163509
    lsf_right2      =  -19.313101537239774
    lsf_right3      =  1.1479793318501557
    lsf_right4      =  -3.850947385346171
    lsf_right5      =  0.13501756531039633
    tem_depth       =  0.9107523002426302
    velocity        =  -1185.627543092585
    wave_intercept  =  6151.560736006347
    wave_slope      =  0.019308860425366368
2026-03-26 15:57:44,420 - root - ERROR - Evaluated LSF:
2026-03-26 15:57:44,425 - root - ERROR - [nan nan nan nan nan nan nan nan nan nan nan nan nan nan nan nan nan nan
 nan nan nan nan nan nan nan nan nan nan nan nan nan nan nan nan nan nan
 nan nan nan nan nan nan nan nan nan nan nan nan nan nan nan nan nan nan
 nan nan nan nan nan nan nan nan nan nan nan nan nan nan nan nan nan nan
 nan]
2026-03-26 15:57:46,238 - root - ERROR - NaN value detected in oversampled model function.
2026-03-26 15:57:46,239 - root - ERROR - <ParameterSet (values: 17)>
    cont_intercept  =  18497.919142176666
    cont_slope      =  2.1309393778043377
    iod_depth       =  0.8205242332467679
    lsf_left_1      =  2.476529112770243
    lsf_left_2      =  -18.31625933405855
    lsf_left_3      =  4.656205384625787
    lsf_left_4      =  -0.4561667319018996
    lsf_left_5      =  0.13666334518618944
    lsf_right1      =  4.252269138112963
    lsf_right2      =  -11.560972760408491
    lsf_right3      =  2.86542113976909
    lsf_right4      =  -1.0915445412088136
    lsf_right5      =  0.36373946936443535
    tem_depth       =  0.9866978451923197
    velocity        =  -2205.1027611075588
    wave_intercept  =  6175.738903312404
    wave_slope      =  0.017734663278684403
2026-03-26 15:57:46,241 - root - ERROR - Evaluated LSF:
2026-03-26 15:57:46,241 - root - ERROR - [nan nan nan nan nan nan nan nan nan nan nan nan nan nan nan nan nan nan
 nan nan nan nan nan nan nan nan nan nan nan nan nan nan nan nan nan nan
 nan nan nan nan nan nan nan nan nan nan nan nan nan nan nan nan nan nan
 nan nan nan nan nan nan nan nan nan nan nan nan nan nan nan nan nan nan
 nan]
2026-03-26 15:57:46,258 - root - ERROR - NaN value detected in oversampled model function.
2026-03-26 15:57:46,260 - root - ERROR - <ParameterSet (values: 17)>
    cont_intercept  =  18730.670930208584
    cont_slope      =  1.286709369800377
    iod_depth       =  0.7067680122673597
    lsf_left_1      =  2.20241880625658
    lsf_left_2      =  -15.108066091565968
    lsf_left_3      =  3.923536089813423
    lsf_left_4      =  -0.944605406309821
    lsf_left_5      =  0.2614838009306673
    lsf_right1      =  7.139355030357828
    lsf_right2      =  -18.35354775638928
    lsf_right3      =  3.824132108243511
    lsf_right4      =  -2.9403298135445537
    lsf_right5      =  1.1949424727187083
    tem_depth       =  0.9894072281805802
    velocity        =  -2235.4714661932653
    wave_intercept  =  6178.021560937997
    wave_slope      =  0.017519961052854787
2026-03-26 15:57:46,261 - root - ERROR - Evaluated LSF:
2026-03-26 15:57:46,262 - root - ERROR - [nan nan nan nan nan nan nan nan nan nan nan nan nan nan nan nan nan nan
 nan nan nan nan nan nan nan nan nan nan nan nan nan nan nan nan nan nan
 nan nan nan nan nan nan nan nan nan nan nan nan nan nan nan nan nan nan
 nan nan nan nan nan nan nan nan nan nan nan nan nan nan nan nan nan nan
 nan]
2026-03-26 15:57:48,661 - root - ERROR - NaN value detected in oversampled model function.
2026-03-26 15:57:48,663 - root - ERROR - <ParameterSet (values: 17)>
    cont_intercept  =  9471.834270259727
    cont_slope      =  7.476888981886937
    iod_depth       =  0.4984298033935462
    lsf_left_1      =  5.80722285253522
    lsf_left_2      =  -15.635771495236668
    lsf_left_3      =  1.534459630373529
    lsf_left_4      =  -3.868089403907857
    lsf_left_5      =  0.47380689603948395
    lsf_right1      =  6.1489645338609655
    lsf_right2      =  -19.3531863220378
    lsf_right3      =  1.3861012135760116
    lsf_right4      =  -3.9650009310654815
    lsf_right5      =  0.13309128060764513
    tem_depth       =  1.007194665631104
    velocity        =  -2551.154146454457
    wave_intercept  =  6214.3118950934195
    wave_slope      =  0.019803850101098867
2026-03-26 15:57:48,664 - root - ERROR - Evaluated LSF:
2026-03-26 15:57:48,665 - root - ERROR - [nan nan nan nan nan nan nan nan nan nan nan nan nan nan nan nan nan nan
 nan nan nan nan nan nan nan nan nan nan nan nan nan nan nan nan nan nan
 nan nan nan nan nan nan nan nan nan nan nan nan nan nan nan nan nan nan
 nan nan nan nan nan nan nan nan nan nan nan nan nan nan nan nan nan nan
 nan]
2026-03-26 15:57:48,878 - root - ERROR - NaN value detected in oversampled model function.
2026-03-26 15:57:48,880 - root - ERROR - <ParameterSet (values: 17)>
    cont_intercept  =  11864.902060810324
    cont_slope      =  8.440636896810107
    iod_depth       =  0.598398856052029
    lsf_left_1      =  3.0796811613047774
    lsf_left_2      =  -8.611162709791117
    lsf_left_3      =  5.727354239628418
    lsf_left_4      =  -3.7065679981924893
    lsf_left_5      =  0.5164342272336476
    lsf_right1      =  2.1793361823471025
    lsf_right2      =  -13.773939264232283
    lsf_right3      =  1.7639757833882657
    lsf_right4      =  -0.5241097337989471
    lsf_right5      =  0.13434560555749703
    tem_depth       =  1.0308330275835829
    velocity        =  -2142.941713596361
    wave_intercept  =  6219.27545796757
    wave_slope      =  0.01972439411898915
2026-03-26 15:57:48,881 - root - ERROR - Evaluated LSF:
2026-03-26 15:57:48,883 - root - ERROR - [nan nan nan nan nan nan nan nan nan nan nan nan nan nan nan nan nan nan
 nan nan nan nan nan nan nan nan nan nan nan nan nan nan nan nan nan nan
 nan nan nan nan nan nan nan nan nan nan nan nan nan nan nan nan nan nan
 nan nan nan nan nan nan nan nan nan nan nan nan nan nan nan nan nan nan
 nan]
2026-03-26 15:57:49,442 - root - ERROR - NaN value detected in oversampled model function.
2026-03-26 15:57:49,444 - root - ERROR - <ParameterSet (values: 17)>
    cont_intercept  =  14305.720212465612
    cont_slope      =  8.289850260696396
    iod_depth       =  0.5109138147371415
    lsf_left_1      =  10.465508245391137
    lsf_left_2      =  -18.790807833753135
    lsf_left_3      =  1.8086963475802675
    lsf_left_4      =  -3.9624499137426636
    lsf_left_5      =  0.1424519843864352
    lsf_right1      =  2.9062455860696033
    lsf_right2      =  -18.418088438441895
    lsf_right3      =  7.102523344519412
    lsf_right4      =  -3.589003244476143
    lsf_right5      =  0.16087485536592092
    tem_depth       =  1.0970983178419846
    velocity        =  -2475.817155471413
    wave_intercept  =  6224.375145395081
    wave_slope      =  0.018903148882195485
2026-03-26 15:57:49,445 - root - ERROR - Evaluated LSF:
2026-03-26 15:57:49,447 - root - ERROR - [nan nan nan nan nan nan nan nan nan nan nan nan nan nan nan nan nan nan
 nan nan nan nan nan nan nan nan nan nan nan nan nan nan nan nan nan nan
 nan nan nan nan nan nan nan nan nan nan nan nan nan nan nan nan nan nan
 nan nan nan nan nan nan nan nan nan nan nan nan nan nan nan nan nan nan
 nan]
2026-03-26 15:57:49,745 - root - ERROR - NaN value detected in oversampled model function.
2026-03-26 15:57:49,750 - root - ERROR - <ParameterSet (values: 17)>
    cont_intercept  =  15980.947322921751
    cont_slope      =  6.259580021903522
    iod_depth       =  0.5927169467208909
    lsf_left_1      =  2.2965408535374356
    lsf_left_2      =  -17.314559135302943
    lsf_left_3      =  1.1509235644831928
    lsf_left_4      =  -2.986419953675512
    lsf_left_5      =  0.570496478794358
    lsf_right1      =  2.8067192512742962
    lsf_right2      =  -19.361317943237328
    lsf_right3      =  1.151914115160559
    lsf_right4      =  -1.984634415783561
    lsf_right5      =  0.19320911785248845
    tem_depth       =  1.0554017010262993
    velocity        =  -2176.760679539613
    wave_intercept  =  6229.283562136932
    wave_slope      =  0.018753518788006178
2026-03-26 15:57:49,757 - root - ERROR - Evaluated LSF:
2026-03-26 15:57:49,763 - root - ERROR - [nan nan nan nan nan nan nan nan nan nan nan nan nan nan nan nan nan nan
 nan nan nan nan nan nan nan nan nan nan nan nan nan nan nan nan nan nan
 nan nan nan nan nan nan nan nan nan nan nan nan nan nan nan nan nan nan
 nan nan nan nan nan nan nan nan nan nan nan nan nan nan nan nan nan nan
 nan]
2026-03-26 15:57:49,793 - root - ERROR - NaN value detected in oversampled model function.
2026-03-26 15:57:49,795 - root - ERROR - <ParameterSet (values: 17)>
    cont_intercept  =  15784.316387641102
    cont_slope      =  8.62627725728288
    iod_depth       =  0.25743287520054126
    lsf_left_1      =  10.189661199850816
    lsf_left_2      =  -16.792390672543092
    lsf_left_3      =  1.1844011103982672
    lsf_left_4      =  -1.4104284756735646
    lsf_left_5      =  0.16383733842395715
    lsf_right1      =  3.657102550109444
    lsf_right2      =  -17.571318022968583
    lsf_right3      =  2.5276473621644175
    lsf_right4      =  -2.615048094309154
    lsf_right5      =  0.9583870934670551
    tem_depth       =  0.990671945197902
    velocity        =  -2417.247407834917
    wave_intercept  =  6231.685040814076
    wave_slope      =  0.018324069376609433
2026-03-26 15:57:49,797 - root - ERROR - Evaluated LSF:
2026-03-26 15:57:49,798 - root - ERROR - [nan nan nan nan nan nan nan nan nan nan nan nan nan nan nan nan nan nan
 nan nan nan nan nan nan nan nan nan nan nan nan nan nan nan nan nan nan
 nan nan nan nan nan nan nan nan nan nan nan nan nan nan nan nan nan nan
 nan nan nan nan nan nan nan nan nan nan nan nan nan nan nan nan nan nan
 nan]
2026-03-26 15:57:50,568 - root - ERROR - Chunk 537: No Data! Returning LmfitResult with None.
2026-03-26 15:57:51,922 - root - ERROR - Chunk 544: No Data! Returning LmfitResult with None.
2026-03-26 15:57:53,866 - root - ERROR - NaN value detected in oversampled model function.
2026-03-26 15:57:53,868 - root - ERROR - <ParameterSet (values: 17)>
    cont_intercept  =  17040.66624114784
    cont_slope      =  2.5388437666723735
    iod_depth       =  0.6689239912743176
    lsf_left_1      =  5.1565146604223315
    lsf_left_2      =  -16.11111568625467
    lsf_left_3      =  4.450722405775156
    lsf_left_4      =  -1.3683383646337166
    lsf_left_5      =  0.538596634182607
    lsf_right1      =  6.548500836853855
    lsf_right2      =  -16.303995914562392
    lsf_right3      =  3.245224559631276
    lsf_right4      =  -2.5718132198821926
    lsf_right5      =  1.0270737876368354
    tem_depth       =  0.9487239266443158
    velocity        =  -2087.3743330904035
    wave_intercept  =  6295.959059982218
    wave_slope      =  0.01875156502689935
2026-03-26 15:57:53,869 - root - ERROR - Evaluated LSF:
2026-03-26 15:57:53,870 - root - ERROR - [nan nan nan nan nan nan nan nan nan nan nan nan nan nan nan nan nan nan
 nan nan nan nan nan nan nan nan nan nan nan nan nan nan nan nan nan nan
 nan nan nan nan nan nan nan nan nan nan nan nan nan nan nan nan nan nan
 nan nan nan nan nan nan nan nan nan nan nan nan nan nan nan nan nan nan
 nan]
2026-03-26 15:57:55,813 - root - ERROR - Chunk 569: No Data! Returning LmfitResult with None.
2026-03-26 15:57:55,815 - root - ERROR - Chunk 570: No Data! Returning LmfitResult with None.
2026-03-26 15:57:55,829 - root - ERROR - NaN value detected in oversampled model function.
2026-03-26 15:57:55,830 - root - ERROR - <ParameterSet (values: 17)>
    cont_intercept  =  15855.38644008513
    cont_slope      =  -5.126835851532196
    iod_depth       =  0.22912791363298646
    lsf_left_1      =  2.3886847384473224
    lsf_left_2      =  -7.2108807631070615
    lsf_left_3      =  5.381825241371532
    lsf_left_4      =  -3.1316357510092527
    lsf_left_5      =  0.13598554789998893
    lsf_right1      =  3.179095062188564
    lsf_right2      =  -10.764023310877835
    lsf_right3      =  5.101155694128094
    lsf_right4      =  -2.8905990557296444
    lsf_right5      =  0.19936752117747197
    tem_depth       =  0.9432246117355096
    velocity        =  -4239.729419475492
    wave_intercept  =  6327.477048979241
    wave_slope      =  0.01537927213517588
2026-03-26 15:57:55,832 - root - ERROR - Evaluated LSF:
2026-03-26 15:57:55,833 - root - ERROR - [nan nan nan nan nan nan nan nan nan nan nan nan nan nan nan nan nan nan
 nan nan nan nan nan nan nan nan nan nan nan nan nan nan nan nan nan nan
 nan nan nan nan nan nan nan nan nan nan nan nan nan nan nan nan nan nan
 nan nan nan nan nan nan nan nan nan nan nan nan nan nan nan nan nan nan
 nan]
2026-03-26 15:58:02,728 - root - ERROR - NaN value detected in iodine function.
2026-03-26 15:58:02,731 - root - ERROR - Chunk could not be plotted
Traceback (most recent call last):
  File "/Users/jaklusmeyer/SONG/pyodine/pyodine/plot_lib.py", line 62, in plot_chunkmodel
    sp = fit_results[chunk_nr].fitted_spectrum
  File "/Users/jaklusmeyer/SONG/pyodine/pyodine/fitters/base.py", line 45, in fitted_spectrum
    return self.model.eval_spectrum(self.chunk, self.params, chunk_ind=self.chunk_ind)
  File "/Users/jaklusmeyer/SONG/pyodine/pyodine/models/base.py", line 79, in eval_spectrum
    flux = self.eval(chunk, params, chunk_ind=chunk_ind, **kwargs)
  File "/Users/jaklusmeyer/SONG/pyodine/pyodine/models/spectrum.py", line 138, in eval
    tck = splrep(tem.wave * doppler, flux_tem, s=0)
  File "/Users/jaklusmeyer/miniconda/envs/pyodine_env/lib/python3.9/site-packages/scipy/interpolate/_fitpack_py.py", line 295, in splrep
    res = _impl.splrep(x, y, w, xb, xe, k, task, s, t, full_output, per, quiet)
  File "/Users/jaklusmeyer/miniconda/envs/pyodine_env/lib/python3.9/site-packages/scipy/interpolate/_fitpack_impl.py", line 276, in splrep
    n, c, fp, ier = dfitpack.curfit(task, x, y, w, t, wrk, iwrk,
dfitpack.error: (xb<=x[0]) failed for 1st keyword xb: curfit:xb=nan
2026-03-26 15:58:03,494 - root - ERROR - NaN value detected in iodine function.
2026-03-26 15:58:03,496 - root - ERROR - Chunk could not be plotted
Traceback (most recent call last):
  File "/Users/jaklusmeyer/SONG/pyodine/pyodine/plot_lib.py", line 62, in plot_chunkmodel
    sp = fit_results[chunk_nr].fitted_spectrum
  File "/Users/jaklusmeyer/SONG/pyodine/pyodine/fitters/base.py", line 45, in fitted_spectrum
    return self.model.eval_spectrum(self.chunk, self.params, chunk_ind=self.chunk_ind)
  File "/Users/jaklusmeyer/SONG/pyodine/pyodine/models/base.py", line 79, in eval_spectrum
    flux = self.eval(chunk, params, chunk_ind=chunk_ind, **kwargs)
  File "/Users/jaklusmeyer/SONG/pyodine/pyodine/models/spectrum.py", line 138, in eval
    tck = splrep(tem.wave * doppler, flux_tem, s=0)
  File "/Users/jaklusmeyer/miniconda/envs/pyodine_env/lib/python3.9/site-packages/scipy/interpolate/_fitpack_py.py", line 295, in splrep
    res = _impl.splrep(x, y, w, xb, xe, k, task, s, t, full_output, per, quiet)
  File "/Users/jaklusmeyer/miniconda/envs/pyodine_env/lib/python3.9/site-packages/scipy/interpolate/_fitpack_impl.py", line 276, in splrep
    n, c, fp, ier = dfitpack.curfit(task, x, y, w, t, wrk, iwrk,
dfitpack.error: (xb<=x[0]) failed for 1st keyword xb: curfit:xb=nan
2026-03-26 15:58:03,800 - root - ERROR - NaN value detected in iodine function.
2026-03-26 15:58:03,802 - root - ERROR - Chunk could not be plotted
Traceback (most recent call last):
  File "/Users/jaklusmeyer/SONG/pyodine/pyodine/plot_lib.py", line 62, in plot_chunkmodel
    sp = fit_results[chunk_nr].fitted_spectrum
  File "/Users/jaklusmeyer/SONG/pyodine/pyodine/fitters/base.py", line 45, in fitted_spectrum
    return self.model.eval_spectrum(self.chunk, self.params, chunk_ind=self.chunk_ind)
  File "/Users/jaklusmeyer/SONG/pyodine/pyodine/models/base.py", line 79, in eval_spectrum
    flux = self.eval(chunk, params, chunk_ind=chunk_ind, **kwargs)
  File "/Users/jaklusmeyer/SONG/pyodine/pyodine/models/spectrum.py", line 138, in eval
    tck = splrep(tem.wave * doppler, flux_tem, s=0)
  File "/Users/jaklusmeyer/miniconda/envs/pyodine_env/lib/python3.9/site-packages/scipy/interpolate/_fitpack_py.py", line 295, in splrep
    res = _impl.splrep(x, y, w, xb, xe, k, task, s, t, full_output, per, quiet)
  File "/Users/jaklusmeyer/miniconda/envs/pyodine_env/lib/python3.9/site-packages/scipy/interpolate/_fitpack_impl.py", line 276, in splrep
    n, c, fp, ier = dfitpack.curfit(task, x, y, w, t, wrk, iwrk,
dfitpack.error: (xb<=x[0]) failed for 1st keyword xb: curfit:xb=nan
