INFO - 
INFO - Branch: master
INFO - Hash: c2a71ac
INFO - ---------------------------
INFO - Working on: /Users/jaklusmeyer/SONG/reduce/UT260202/sciencestar/HD109358_ec.0144.fits
INFO - 
INFO - Median flux of the observation: 7618
INFO - Loading template from file: /Users/jaklusmeyer/SONG/reduce/091_2nights_temp_results/obs_temp_highsnr_test.h5
INFO - 
INFO - Order correction: 0
INFO - 
INFO - Measured velocity rel. to reference spectrum: -6.561 km/s
INFO - Template velocity: -6.638 km/s
INFO - Velocity guess: 0.077 km/s (relative to template)

INFO - (Barycentric velocity of observation: 13.284 km/s)
INFO - (Barycentric velocity of template: 13.293 km/s)

INFO - 
INFO - Barycentric redshift between template and observation: 
INFO - v = 9.004136882278544, z = 3.003456772177552e-08

INFO - Startpixel (order 22, chunk 3): -45
INFO - -> Correcting to 0.
INFO - Startpixel (order 22, chunk 15): -45
INFO - -> Correcting to 0.
INFO - Startpixel (order 23, chunk 30): -45
INFO - -> Correcting to 0.
INFO - Startpixel (order 24, chunk 61): -45
INFO - -> Correcting to 0.
INFO - Startpixel (order 24, chunk 65): -45
INFO - -> Correcting to 0.
INFO - Startpixel (order 25, chunk 66): -45
INFO - -> Correcting to 0.
INFO - Startpixel (order 25, chunk 84): -45
INFO - -> Correcting to 0.
INFO - Startpixel (order 28, chunk 143): -45
INFO - -> Correcting to 0.
INFO - Startpixel (order 30, chunk 181): -45
INFO - -> Correcting to 0.
INFO - Startpixel (order 30, chunk 186): -45
INFO - -> Correcting to 0.
INFO - Startpixel (order 34, chunk 267): -45
INFO - -> Correcting to 0.
INFO - Startpixel (order 34, chunk 273): -45
INFO - -> Correcting to 0.
INFO - Startpixel (order 34, chunk 277): -45
INFO - -> Correcting to 0.
INFO - Startpixel (order 36, chunk 320): -45
INFO - -> Correcting to 0.
INFO - Startpixel (order 37, chunk 339): -45
INFO - -> Correcting to 0.
INFO - Startpixel (order 37, chunk 347): -45
INFO - -> Correcting to 0.
INFO - Startpixel (order 38, chunk 373): -45
INFO - -> Correcting to 0.
INFO - Startpixel (order 39, chunk 395): -45
INFO - -> Correcting to 0.
INFO - Startpixel (order 40, chunk 409): -45
INFO - -> Correcting to 0.
INFO - Startpixel (order 41, chunk 419): -45
INFO - -> Correcting to 0.
INFO - Startpixel (order 42, chunk 441): -45
INFO - -> Correcting to 0.
INFO - Startpixel (order 42, chunk 444): -45
INFO - -> Correcting to 0.
INFO - Startpixel (order 42, chunk 455): -45
INFO - -> Correcting to 0.
INFO - Startpixel (order 43, chunk 474): -45
INFO - -> Correcting to 0.
INFO - Startpixel (order 45, chunk 514): -45
INFO - -> Correcting to 0.
INFO - 
INFO - Total number of chunks: 528
INFO - Nr. chunks in order 0: 22
INFO - First and last covered pixel of chunks in order 0: 32, 2032
INFO - Orders: 22 - 45 (24 in total)
INFO - 
INFO - ----------------------
INFO - RUN 0
INFO - ----------------------
INFO - 
INFO - Constraining parameters for RUN 0
WARNING - Chunk 3:
WARNING - (xb<=x[0]) failed for 1st keyword xb: curfit:xb=nan
WARNING - Chunk 15:
WARNING - (xb<=x[0]) failed for 1st keyword xb: curfit:xb=nan
WARNING - Chunk 30:
WARNING - (xb<=x[0]) failed for 1st keyword xb: curfit:xb=nan
WARNING - Chunk 61:
WARNING - (xb<=x[0]) failed for 1st keyword xb: curfit:xb=nan
WARNING - Chunk 65:
WARNING - (xb<=x[0]) failed for 1st keyword xb: curfit:xb=nan
WARNING - Chunk 66:
WARNING - (xb<=x[0]) failed for 1st keyword xb: curfit:xb=nan
WARNING - Chunk 84:
WARNING - (xb<=x[0]) failed for 1st keyword xb: curfit:xb=nan
WARNING - Chunk 143:
WARNING - (xb<=x[0]) failed for 1st keyword xb: curfit:xb=nan
WARNING - Chunk 181:
WARNING - (xb<=x[0]) failed for 1st keyword xb: curfit:xb=nan
WARNING - Chunk 186:
WARNING - (xb<=x[0]) failed for 1st keyword xb: curfit:xb=nan
WARNING - Chunk 267:
WARNING - (xb<=x[0]) failed for 1st keyword xb: curfit:xb=nan
WARNING - Chunk 273:
WARNING - (xb<=x[0]) failed for 1st keyword xb: curfit:xb=nan
WARNING - Chunk 277:
WARNING - (xb<=x[0]) failed for 1st keyword xb: curfit:xb=nan
WARNING - Chunk 320:
WARNING - (xb<=x[0]) failed for 1st keyword xb: curfit:xb=nan
WARNING - Chunk 339:
WARNING - (xb<=x[0]) failed for 1st keyword xb: curfit:xb=nan
WARNING - Chunk 347:
WARNING - (xb<=x[0]) failed for 1st keyword xb: curfit:xb=nan
WARNING - Chunk 373:
WARNING - (xb<=x[0]) failed for 1st keyword xb: curfit:xb=nan
WARNING - Chunk 395:
WARNING - (xb<=x[0]) failed for 1st keyword xb: curfit:xb=nan
WARNING - Chunk 409:
WARNING - (xb<=x[0]) failed for 1st keyword xb: curfit:xb=nan
WARNING - Chunk 419:
WARNING - (xb<=x[0]) failed for 1st keyword xb: curfit:xb=nan
WARNING - Chunk 441:
WARNING - (xb<=x[0]) failed for 1st keyword xb: curfit:xb=nan
WARNING - Chunk 444:
WARNING - (xb<=x[0]) failed for 1st keyword xb: curfit:xb=nan
WARNING - Chunk 455:
WARNING - (xb<=x[0]) failed for 1st keyword xb: curfit:xb=nan
WARNING - Chunk 474:
WARNING - (xb<=x[0]) failed for 1st keyword xb: curfit:xb=nan
WARNING - Chunk 514:
WARNING - (xb<=x[0]) failed for 1st keyword xb: curfit:xb=nan
INFO - 
INFO - Number of chunks with no uncertainties: 9
INFO - Number of chunks with outliers: 0
INFO - Number of chunks with nan fitted red. Chi2: 25
INFO - 
INFO - Creating analysis plots...
INFO - 
INFO - ----------------------
INFO - RUN 1
INFO - ----------------------
INFO - 
INFO - Constraining parameters for RUN 1
INFO - 
INFO - Fitted LSF parameters:
INFO - <ParameterSet (values: 10)>
    left_1  =  10.59737832635672
    left_2  =  -10.761469615775798
    left_3  =  5.719616420029193
    left_4  =  -2.2036065439221018
    left_5  =  0.6651236746729767
    right1  =  10.597378112788967
    right2  =  -10.76146914355425
    right3  =  5.719616025199842
    right4  =  -2.203606323613565
    right5  =  0.6651235977034312
ERROR - Chunk 3: No Data! Returning LmfitResult with None.
ERROR - NaN value detected in oversampled model function.
ERROR - <ParameterSet (values: 17)>
    cont_intercept  =  4989.31425529289
    cont_slope      =  2.4276387355099365
    iod_depth       =  1.12010491003779
    lsf_left_1      =  4.536748675563268
    lsf_left_2      =  -13.154764837663103
    lsf_left_3      =  1.173799981380153
    lsf_left_4      =  -1.36277551569062
    lsf_left_5      =  0.15083639305044713
    lsf_right1      =  2.2439894109047334
    lsf_right2      =  -5.655030097887437
    lsf_right3      =  3.074390461745229
    lsf_right4      =  -2.423338912856524
    lsf_right5      =  0.7246069136105425
    tem_depth       =  0.838979482151274
    velocity        =  -1377.285410178874
    wave_intercept  =  5001.604721357248
    wave_slope      =  0.01494285871398296
ERROR - Evaluated LSF:
ERROR - [nan nan nan nan nan nan nan nan nan nan nan nan nan nan nan nan nan nan
 nan nan nan nan nan nan nan nan nan nan nan nan nan nan nan nan nan nan
 nan nan nan nan nan nan nan nan nan nan nan nan nan nan nan nan nan nan
 nan nan nan nan nan nan nan nan nan nan nan nan nan nan nan nan nan nan
 nan]
WARNING - Chunk 7:
WARNING - NaN values detected in your input data or the output of your objective/model function - fitting algorithms cannot handle this! Please read https://lmfit.github.io/lmfit-py/faq.html#i-get-errors-from-nan-in-my-fit-what-can-i-do for more information.
ERROR - Chunk 15: No Data! Returning LmfitResult with None.
ERROR - Chunk 30: No Data! Returning LmfitResult with None.
ERROR - NaN value detected in oversampled model function.
ERROR - <ParameterSet (values: 17)>
    cont_intercept  =  3836.9302611911335
    cont_slope      =  4.877416771850175
    iod_depth       =  0.859770042999023
    lsf_left_1      =  2.127051680763555
    lsf_left_2      =  -15.775399776042773
    lsf_left_3      =  1.7046291234155229
    lsf_left_4      =  -3.413366563187607
    lsf_left_5      =  1.1962036224240098
    lsf_right1      =  10.31988161311999
    lsf_right2      =  -17.878395560880367
    lsf_right3      =  8.075721875692786
    lsf_right4      =  -3.895656655780285
    lsf_right5      =  0.7541909675901992
    tem_depth       =  0.26507110410990953
    velocity        =  -1220.6455123015219
    wave_intercept  =  5077.820275924363
    wave_slope      =  0.015992910444852217
ERROR - Evaluated LSF:
ERROR - [nan nan nan nan nan nan nan nan nan nan nan nan nan nan nan nan nan nan
 nan nan nan nan nan nan nan nan nan nan nan nan nan nan nan nan nan nan
 nan nan nan nan nan nan nan nan nan nan nan nan nan nan nan nan nan nan
 nan nan nan nan nan nan nan nan nan nan nan nan nan nan nan nan nan nan
 nan]
WARNING - Chunk 46:
WARNING - NaN values detected in your input data or the output of your objective/model function - fitting algorithms cannot handle this! Please read https://lmfit.github.io/lmfit-py/faq.html#i-get-errors-from-nan-in-my-fit-what-can-i-do for more information.
ERROR - NaN value detected in oversampled model function.
ERROR - <ParameterSet (values: 17)>
    cont_intercept  =  6556.279605726187
    cont_slope      =  4.252883952419842
    iod_depth       =  0.9208431082069526
    lsf_left_1      =  4.058072261713903
    lsf_left_2      =  -15.635494517755859
    lsf_left_3      =  6.008633390454005
    lsf_left_4      =  -3.388743569636925
    lsf_left_5      =  0.2866665257658333
    lsf_right1      =  2.3403355400172323
    lsf_right2      =  -10.341703011491408
    lsf_right3      =  5.987351826094028
    lsf_right4      =  -3.8819114997848683
    lsf_right5      =  1.142672227756026
    tem_depth       =  0.8999140685057995
    velocity        =  397.9586494579208
    wave_intercept  =  5087.76835007707
    wave_slope      =  0.015249287469403213
ERROR - Evaluated LSF:
ERROR - [nan nan nan nan nan nan nan nan nan nan nan nan nan nan nan nan nan nan
 nan nan nan nan nan nan nan nan nan nan nan nan nan nan nan nan nan nan
 nan nan nan nan nan nan nan nan nan nan nan nan nan nan nan nan nan nan
 nan nan nan nan nan nan nan nan nan nan nan nan nan nan nan nan nan nan
 nan]
WARNING - Chunk 53:
WARNING - NaN values detected in your input data or the output of your objective/model function - fitting algorithms cannot handle this! Please read https://lmfit.github.io/lmfit-py/faq.html#i-get-errors-from-nan-in-my-fit-what-can-i-do for more information.
ERROR - Chunk 61: No Data! Returning LmfitResult with None.
ERROR - Chunk 65: No Data! Returning LmfitResult with None.
ERROR - Chunk 66: No Data! Returning LmfitResult with None.
ERROR - Chunk 84: No Data! Returning LmfitResult with None.
ERROR - NaN value detected in oversampled model function.
ERROR - <ParameterSet (values: 17)>
    cont_intercept  =  9952.835634025883
    cont_slope      =  2.8257939463115207
    iod_depth       =  0.85604005709784
    lsf_left_1      =  2.144812457314424
    lsf_left_2      =  -19.28586973098489
    lsf_left_3      =  2.304244180478248
    lsf_left_4      =  -3.7597075866017016
    lsf_left_5      =  0.878992885736367
    lsf_right1      =  4.776976295232351
    lsf_right2      =  -19.040233009312303
    lsf_right3      =  10.112092138032219
    lsf_right4      =  -2.458638075971979
    lsf_right5      =  0.21298677980609598
    tem_depth       =  0.9369507171707808
    velocity        =  131.63342121700765
    wave_intercept  =  5146.560628922515
    wave_slope      =  0.014054868815545081
ERROR - Evaluated LSF:
ERROR - [nan nan nan nan nan nan nan nan nan nan nan nan nan nan nan nan nan nan
 nan nan nan nan nan nan nan nan nan nan nan nan nan nan nan nan nan nan
 nan nan nan nan nan nan nan nan nan nan nan nan nan nan nan nan nan nan
 nan nan nan nan nan nan nan nan nan nan nan nan nan nan nan nan nan nan
 nan]
WARNING - Chunk 87:
WARNING - NaN values detected in your input data or the output of your objective/model function - fitting algorithms cannot handle this! Please read https://lmfit.github.io/lmfit-py/faq.html#i-get-errors-from-nan-in-my-fit-what-can-i-do for more information.
ERROR - NaN value detected in oversampled model function.
ERROR - <ParameterSet (values: 17)>
    cont_intercept  =  8415.60024890278
    cont_slope      =  4.224287884104364
    iod_depth       =  0.8830288138038592
    lsf_left_1      =  2.755870477121936
    lsf_left_2      =  -11.679252050107202
    lsf_left_3      =  1.2416810441496096
    lsf_left_4      =  -3.7503592155838423
    lsf_left_5      =  0.17129339204005276
    lsf_right1      =  2.9993899026359925
    lsf_right2      =  -12.864039102833557
    lsf_right3      =  2.228879568757522
    lsf_right4      =  -3.482975220609347
    lsf_right5      =  0.7939745417796192
    tem_depth       =  0.9771983795050746
    velocity        =  193.10696339077782
    wave_intercept  =  5176.797257643157
    wave_slope      =  0.01521580451633985
ERROR - Evaluated LSF:
ERROR - [nan nan nan nan nan nan nan nan nan nan nan nan nan nan nan nan nan nan
 nan nan nan nan nan nan nan nan nan nan nan nan nan nan nan nan nan nan
 nan nan nan nan nan nan nan nan nan nan nan nan nan nan nan nan nan nan
 nan nan nan nan nan nan nan nan nan nan nan nan nan nan nan nan nan nan
 nan]
WARNING - Chunk 99:
WARNING - NaN values detected in your input data or the output of your objective/model function - fitting algorithms cannot handle this! Please read https://lmfit.github.io/lmfit-py/faq.html#i-get-errors-from-nan-in-my-fit-what-can-i-do for more information.
ERROR - Chunk 143: No Data! Returning LmfitResult with None.
ERROR - NaN value detected in oversampled model function.
ERROR - <ParameterSet (values: 17)>
    cont_intercept  =  10126.927608777674
    cont_slope      =  2.0732315600758384
    iod_depth       =  0.9655010107340531
    lsf_left_1      =  5.188704435457051
    lsf_left_2      =  -19.367914103775014
    lsf_left_3      =  2.901527092446918
    lsf_left_4      =  -3.3665064277039995
    lsf_left_5      =  1.1225971353177837
    lsf_right1      =  2.1325158306292384
    lsf_right2      =  -18.476370773826897
    lsf_right3      =  3.6167411310664805
    lsf_right4      =  -3.7967366609927806
    lsf_right5      =  0.2569957964411528
    tem_depth       =  1.0432482407416195
    velocity        =  202.93347601636594
    wave_intercept  =  5313.2642722548835
    wave_slope      =  0.01554798203843751
ERROR - Evaluated LSF:
ERROR - [nan nan nan nan nan nan nan nan nan nan nan nan nan nan nan nan nan nan
 nan nan nan nan nan nan nan nan nan nan nan nan nan nan nan nan nan nan
 nan nan nan nan nan nan nan nan nan nan nan nan nan nan nan nan nan nan
 nan nan nan nan nan nan nan nan nan nan nan nan nan nan nan nan nan nan
 nan]
WARNING - Chunk 166:
WARNING - NaN values detected in your input data or the output of your objective/model function - fitting algorithms cannot handle this! Please read https://lmfit.github.io/lmfit-py/faq.html#i-get-errors-from-nan-in-my-fit-what-can-i-do for more information.
ERROR - Chunk 181: No Data! Returning LmfitResult with None.
ERROR - Chunk 186: No Data! Returning LmfitResult with None.
ERROR - NaN value detected in oversampled model function.
ERROR - <ParameterSet (values: 17)>
    cont_intercept  =  11568.898377896758
    cont_slope      =  0.687992528307375
    iod_depth       =  0.9750060650832342
    lsf_left_1      =  7.148414367552059
    lsf_left_2      =  -19.088724628535658
    lsf_left_3      =  7.448514647537981
    lsf_left_4      =  -2.3540285498079356
    lsf_left_5      =  0.6410057169909401
    lsf_right1      =  3.1231392315595023
    lsf_right2      =  -8.744161655792325
    lsf_right3      =  4.444428185333023
    lsf_right4      =  -3.5334601317557683
    lsf_right5      =  0.6600364366104882
    tem_depth       =  0.8839732053141296
    velocity        =  30.333807485774777
    wave_intercept  =  5366.859713032357
    wave_slope      =  0.015123907664829381
ERROR - Evaluated LSF:
ERROR - [nan nan nan nan nan nan nan nan nan nan nan nan nan nan nan nan nan nan
 nan nan nan nan nan nan nan nan nan nan nan nan nan nan nan nan nan nan
 nan nan nan nan nan nan nan nan nan nan nan nan nan nan nan nan nan nan
 nan nan nan nan nan nan nan nan nan nan nan nan nan nan nan nan nan nan
 nan]
WARNING - Chunk 193:
WARNING - NaN values detected in your input data or the output of your objective/model function - fitting algorithms cannot handle this! Please read https://lmfit.github.io/lmfit-py/faq.html#i-get-errors-from-nan-in-my-fit-what-can-i-do for more information.
ERROR - NaN value detected in oversampled model function.
ERROR - <ParameterSet (values: 17)>
    cont_intercept  =  10427.937659382256
    cont_slope      =  4.304587985984062
    iod_depth       =  0.871242642267471
    lsf_left_1      =  3.493715941246455
    lsf_left_2      =  -11.583589162793663
    lsf_left_3      =  6.6316685563399105
    lsf_left_4      =  -3.8111583607040838
    lsf_left_5      =  0.15020319205099714
    lsf_right1      =  7.330144280568636
    lsf_right2      =  -19.334034326314576
    lsf_right3      =  7.98371177778714
    lsf_right4      =  -3.6929440414039956
    lsf_right5      =  1.1434522507186295
    tem_depth       =  0.799317079589282
    velocity        =  -164.55886905760988
    wave_intercept  =  5411.565654732713
    wave_slope      =  0.015501202939112904
ERROR - Evaluated LSF:
ERROR - [nan nan nan nan nan nan nan nan nan nan nan nan nan nan nan nan nan nan
 nan nan nan nan nan nan nan nan nan nan nan nan nan nan nan nan nan nan
 nan nan nan nan nan nan nan nan nan nan nan nan nan nan nan nan nan nan
 nan nan nan nan nan nan nan nan nan nan nan nan nan nan nan nan nan nan
 nan]
WARNING - Chunk 213:
WARNING - NaN values detected in your input data or the output of your objective/model function - fitting algorithms cannot handle this! Please read https://lmfit.github.io/lmfit-py/faq.html#i-get-errors-from-nan-in-my-fit-what-can-i-do for more information.
ERROR - NaN value detected in oversampled model function.
ERROR - <ParameterSet (values: 17)>
    cont_intercept  =  12171.855654139728
    cont_slope      =  5.003882935326581
    iod_depth       =  0.853184816106302
    lsf_left_1      =  4.357843123628131
    lsf_left_2      =  -17.394395109802705
    lsf_left_3      =  4.174927208494303
    lsf_left_4      =  -2.7104840754894886
    lsf_left_5      =  1.1542109527107387
    lsf_right1      =  2.562781528551203
    lsf_right2      =  -17.558182521461486
    lsf_right3      =  4.561215988855977
    lsf_right4      =  -1.974232788293699
    lsf_right5      =  0.13851031077370718
    tem_depth       =  0.8491642684025602
    velocity        =  -103.64746530319333
    wave_intercept  =  5461.298060979017
    wave_slope      =  0.015530731486002479
ERROR - Evaluated LSF:
ERROR - [nan nan nan nan nan nan nan nan nan nan nan nan nan nan nan nan nan nan
 nan nan nan nan nan nan nan nan nan nan nan nan nan nan nan nan nan nan
 nan nan nan nan nan nan nan nan nan nan nan nan nan nan nan nan nan nan
 nan nan nan nan nan nan nan nan nan nan nan nan nan nan nan nan nan nan
 nan]
WARNING - Chunk 236:
WARNING - NaN values detected in your input data or the output of your objective/model function - fitting algorithms cannot handle this! Please read https://lmfit.github.io/lmfit-py/faq.html#i-get-errors-from-nan-in-my-fit-what-can-i-do for more information.
ERROR - NaN value detected in oversampled model function.
ERROR - <ParameterSet (values: 17)>
    cont_intercept  =  7363.791467343836
    cont_slope      =  6.451855608200249
    iod_depth       =  0.8452003533855593
    lsf_left_1      =  3.1856102407305253
    lsf_left_2      =  -18.64527077437952
    lsf_left_3      =  6.245290349851
    lsf_left_4      =  -3.7680311766475967
    lsf_left_5      =  0.7651164061729931
    lsf_right1      =  5.4563358401361395
    lsf_right2      =  -11.883873522040549
    lsf_right3      =  3.53569433803251
    lsf_right4      =  -2.5841750088789577
    lsf_right5      =  0.26483344109501405
    tem_depth       =  0.8696504328657274
    velocity        =  566.14160987653
    wave_intercept  =  5492.700045888857
    wave_slope      =  0.016949585737237875
ERROR - Evaluated LSF:
ERROR - [nan nan nan nan nan nan nan nan nan nan nan nan nan nan nan nan nan nan
 nan nan nan nan nan nan nan nan nan nan nan nan nan nan nan nan nan nan
 nan nan nan nan nan nan nan nan nan nan nan nan nan nan nan nan nan nan
 nan nan nan nan nan nan nan nan nan nan nan nan nan nan nan nan nan nan
 nan]
WARNING - Chunk 246:
WARNING - NaN values detected in your input data or the output of your objective/model function - fitting algorithms cannot handle this! Please read https://lmfit.github.io/lmfit-py/faq.html#i-get-errors-from-nan-in-my-fit-what-can-i-do for more information.
ERROR - NaN value detected in oversampled model function.
ERROR - <ParameterSet (values: 17)>
    cont_intercept  =  11969.492428349033
    cont_slope      =  9.22866315188202
    iod_depth       =  0.8784058516304077
    lsf_left_1      =  2.2484717568846238
    lsf_left_2      =  -18.540225331035703
    lsf_left_3      =  5.601497520422227
    lsf_left_4      =  -1.018564750128478
    lsf_left_5      =  0.14972443387981196
    lsf_right1      =  5.678979191662657
    lsf_right2      =  -15.267060961532112
    lsf_right3      =  5.917593270139367
    lsf_right4      =  -2.885292583986125
    lsf_right5      =  0.9941885742103024
    tem_depth       =  0.44037722597536466
    velocity        =  2239.8493886793744
    wave_intercept  =  5504.730209610407
    wave_slope      =  0.016068348133092988
ERROR - Evaluated LSF:
ERROR - [nan nan nan nan nan nan nan nan nan nan nan nan nan nan nan nan nan nan
 nan nan nan nan nan nan nan nan nan nan nan nan nan nan nan nan nan nan
 nan nan nan nan nan nan nan nan nan nan nan nan nan nan nan nan nan nan
 nan nan nan nan nan nan nan nan nan nan nan nan nan nan nan nan nan nan
 nan]
WARNING - Chunk 254:
WARNING - NaN values detected in your input data or the output of your objective/model function - fitting algorithms cannot handle this! Please read https://lmfit.github.io/lmfit-py/faq.html#i-get-errors-from-nan-in-my-fit-what-can-i-do for more information.
ERROR - Chunk 267: No Data! Returning LmfitResult with None.
ERROR - Chunk 273: No Data! Returning LmfitResult with None.
ERROR - NaN value detected in oversampled model function.
ERROR - <ParameterSet (values: 17)>
    cont_intercept  =  11071.8973227464
    cont_slope      =  4.547403788271711
    iod_depth       =  0.9653202857302453
    lsf_left_1      =  2.1365586832311716
    lsf_left_2      =  -6.3116338671504
    lsf_left_3      =  1.1587550231026258
    lsf_left_4      =  -2.623268799669558
    lsf_left_5      =  1.169063233304747
    lsf_right1      =  3.842919651259562
    lsf_right2      =  -14.489825358390432
    lsf_right3      =  7.930850024639721
    lsf_right4      =  -2.467340391599685
    lsf_right5      =  0.1664815800847478
    tem_depth       =  0.4974664161294323
    velocity        =  649.2985288520198
    wave_intercept  =  5551.803655785241
    wave_slope      =  0.016450340515560692
ERROR - Evaluated LSF:
ERROR - [nan nan nan nan nan nan nan nan nan nan nan nan nan nan nan nan nan nan
 nan nan nan nan nan nan nan nan nan nan nan nan nan nan nan nan nan nan
 nan nan nan nan nan nan nan nan nan nan nan nan nan nan nan nan nan nan
 nan nan nan nan nan nan nan nan nan nan nan nan nan nan nan nan nan nan
 nan]
WARNING - Chunk 274:
WARNING - NaN values detected in your input data or the output of your objective/model function - fitting algorithms cannot handle this! Please read https://lmfit.github.io/lmfit-py/faq.html#i-get-errors-from-nan-in-my-fit-what-can-i-do for more information.
ERROR - Chunk 277: No Data! Returning LmfitResult with None.
ERROR - NaN value detected in oversampled model function.
ERROR - <ParameterSet (values: 17)>
    cont_intercept  =  4970.49974105761
    cont_slope      =  9.668989163632796
    iod_depth       =  0.8025692118710991
    lsf_left_1      =  3.367073036038153
    lsf_left_2      =  -18.506398181406645
    lsf_left_3      =  2.908076778938913
    lsf_left_4      =  -3.3554863103539154
    lsf_left_5      =  1.1884548415473262
    lsf_right1      =  9.083728115450011
    lsf_right2      =  -16.159918005762545
    lsf_right3      =  1.4616799372531588
    lsf_right4      =  -1.1682415124703565
    lsf_right5      =  0.589165711372339
    tem_depth       =  0.8681216708915547
    velocity        =  -85.0643797665649
    wave_intercept  =  5587.094726469449
    wave_slope      =  0.017805032701844303
ERROR - Evaluated LSF:
ERROR - [nan nan nan nan nan nan nan nan nan nan nan nan nan nan nan nan nan nan
 nan nan nan nan nan nan nan nan nan nan nan nan nan nan nan nan nan nan
 nan nan nan nan nan nan nan nan nan nan nan nan nan nan nan nan nan nan
 nan nan nan nan nan nan nan nan nan nan nan nan nan nan nan nan nan nan
 nan]
WARNING - Chunk 286:
WARNING - NaN values detected in your input data or the output of your objective/model function - fitting algorithms cannot handle this! Please read https://lmfit.github.io/lmfit-py/faq.html#i-get-errors-from-nan-in-my-fit-what-can-i-do for more information.
ERROR - NaN value detected in oversampled model function.
ERROR - <ParameterSet (values: 17)>
    cont_intercept  =  9223.227639688754
    cont_slope      =  5.650400819201272
    iod_depth       =  0.8211439710126512
    lsf_left_1      =  3.074306049245923
    lsf_left_2      =  -13.259361477849307
    lsf_left_3      =  4.54833567149913
    lsf_left_4      =  -3.6667657845405217
    lsf_left_5      =  0.8791828247113301
    lsf_right1      =  2.168608494156705
    lsf_right2      =  -15.966954050146297
    lsf_right3      =  3.0954480902904384
    lsf_right4      =  -3.954958027629785
    lsf_right5      =  0.35559747654533524
    tem_depth       =  0.11266887746400756
    velocity        =  -322.4494087400716
    wave_intercept  =  5648.434261655043
    wave_slope      =  0.017219249711167946
ERROR - Evaluated LSF:
ERROR - [nan nan nan nan nan nan nan nan nan nan nan nan nan nan nan nan nan nan
 nan nan nan nan nan nan nan nan nan nan nan nan nan nan nan nan nan nan
 nan nan nan nan nan nan nan nan nan nan nan nan nan nan nan nan nan nan
 nan nan nan nan nan nan nan nan nan nan nan nan nan nan nan nan nan nan
 nan]
WARNING - Chunk 314:
WARNING - NaN values detected in your input data or the output of your objective/model function - fitting algorithms cannot handle this! Please read https://lmfit.github.io/lmfit-py/faq.html#i-get-errors-from-nan-in-my-fit-what-can-i-do for more information.
ERROR - Chunk 320: No Data! Returning LmfitResult with None.
ERROR - Chunk 339: No Data! Returning LmfitResult with None.
ERROR - Chunk 347: No Data! Returning LmfitResult with None.
ERROR - Chunk 373: No Data! Returning LmfitResult with None.
ERROR - NaN value detected in oversampled model function.
ERROR - <ParameterSet (values: 17)>
    cont_intercept  =  14974.115864403457
    cont_slope      =  4.575575750075584
    iod_depth       =  0.9658534239337724
    lsf_left_1      =  3.1023765023211185
    lsf_left_2      =  -7.205660337394114
    lsf_left_3      =  3.453182364019462
    lsf_left_4      =  -3.9663939546134324
    lsf_left_5      =  0.13443665788662695
    lsf_right1      =  2.3320827531307575
    lsf_right2      =  -15.785112939014521
    lsf_right3      =  10.206471451123415
    lsf_right4      =  -3.89989696280023
    lsf_right5      =  0.8416248855702336
    tem_depth       =  0.0022224185413154407
    velocity        =  -295.5775845584912
    wave_intercept  =  5823.87273178432
    wave_slope      =  0.016649649968677516
ERROR - Evaluated LSF:
ERROR - [nan nan nan nan nan nan nan nan nan nan nan nan nan nan nan nan nan nan
 nan nan nan nan nan nan nan nan nan nan nan nan nan nan nan nan nan nan
 nan nan nan nan nan nan nan nan nan nan nan nan nan nan nan nan nan nan
 nan nan nan nan nan nan nan nan nan nan nan nan nan nan nan nan nan nan
 nan]
WARNING - Chunk 389:
WARNING - NaN values detected in your input data or the output of your objective/model function - fitting algorithms cannot handle this! Please read https://lmfit.github.io/lmfit-py/faq.html#i-get-errors-from-nan-in-my-fit-what-can-i-do for more information.
ERROR - Chunk 395: No Data! Returning LmfitResult with None.
ERROR - Chunk 409: No Data! Returning LmfitResult with None.
ERROR - NaN value detected in oversampled model function.
ERROR - <ParameterSet (values: 17)>
    cont_intercept  =  7349.297768827113
    cont_slope      =  8.776124033798261
    iod_depth       =  0.8118230577212299
    lsf_left_1      =  3.1323885129774567
    lsf_left_2      =  -8.672799524495431
    lsf_left_3      =  6.438283977363678
    lsf_left_4      =  -2.200035294700754
    lsf_left_5      =  0.21569761282427508
    lsf_right1      =  6.338941731552412
    lsf_right2      =  -18.875992239618295
    lsf_right3      =  2.010762922140376
    lsf_right4      =  -3.5535667557511226
    lsf_right5      =  0.14008259214234003
    tem_depth       =  -0.054696435463442494
    velocity        =  7792.803530477285
    wave_intercept  =  5912.57191552974
    wave_slope      =  0.018923621783074367
ERROR - Evaluated LSF:
ERROR - [nan nan nan nan nan nan nan nan nan nan nan nan nan nan nan nan nan nan
 nan nan nan nan nan nan nan nan nan nan nan nan nan nan nan nan nan nan
 nan nan nan nan nan nan nan nan nan nan nan nan nan nan nan nan nan nan
 nan nan nan nan nan nan nan nan nan nan nan nan nan nan nan nan nan nan
 nan]
WARNING - Chunk 418:
WARNING - NaN values detected in your input data or the output of your objective/model function - fitting algorithms cannot handle this! Please read https://lmfit.github.io/lmfit-py/faq.html#i-get-errors-from-nan-in-my-fit-what-can-i-do for more information.
ERROR - Chunk 419: No Data! Returning LmfitResult with None.
ERROR - NaN value detected in oversampled model function.
ERROR - <ParameterSet (values: 17)>
    cont_intercept  =  16788.481897643498
    cont_slope      =  3.5394354129982077
    iod_depth       =  0.9022736388415248
    lsf_left_1      =  4.7246884199995804
    lsf_left_2      =  -13.354235202451797
    lsf_left_3      =  6.8650449258325095
    lsf_left_4      =  -3.7676742492770763
    lsf_left_5      =  1.156424288923633
    lsf_right1      =  4.958236652705152
    lsf_right2      =  -19.08644174952197
    lsf_right3      =  4.8794282690057695
    lsf_right4      =  -3.4286391456741425
    lsf_right5      =  0.6297257422719654
    tem_depth       =  0.46160814275859297
    velocity        =  -718.7232960329798
    wave_intercept  =  5938.495448094359
    wave_slope      =  0.01676108158483196
ERROR - Evaluated LSF:
ERROR - [nan nan nan nan nan nan nan nan nan nan nan nan nan nan nan nan nan nan
 nan nan nan nan nan nan nan nan nan nan nan nan nan nan nan nan nan nan
 nan nan nan nan nan nan nan nan nan nan nan nan nan nan nan nan nan nan
 nan nan nan nan nan nan nan nan nan nan nan nan nan nan nan nan nan nan
 nan]
WARNING - Chunk 434:
WARNING - NaN values detected in your input data or the output of your objective/model function - fitting algorithms cannot handle this! Please read https://lmfit.github.io/lmfit-py/faq.html#i-get-errors-from-nan-in-my-fit-what-can-i-do for more information.
ERROR - Chunk 441: No Data! Returning LmfitResult with None.
ERROR - Chunk 444: No Data! Returning LmfitResult with None.
ERROR - NaN value detected in oversampled model function.
ERROR - <ParameterSet (values: 17)>
    cont_intercept  =  12421.013611526327
    cont_slope      =  7.6401594793603405
    iod_depth       =  0.869082961653393
    lsf_left_1      =  4.0238731601577005
    lsf_left_2      =  -16.370434777996238
    lsf_left_3      =  2.5817380883620444
    lsf_left_4      =  -0.4459391560488166
    lsf_left_5      =  0.13535145907637186
    lsf_right1      =  6.735360806169948
    lsf_right2      =  -15.21490023120582
    lsf_right3      =  1.2186905918468225
    lsf_right4      =  -1.5584572840421638
    lsf_right5      =  0.5217307818135852
    tem_depth       =  0.2504870635315687
    velocity        =  528.4647546514519
    wave_intercept  =  5982.36078125737
    wave_slope      =  0.01811051123616606
ERROR - Evaluated LSF:
ERROR - [nan nan nan nan nan nan nan nan nan nan nan nan nan nan nan nan nan nan
 nan nan nan nan nan nan nan nan nan nan nan nan nan nan nan nan nan nan
 nan nan nan nan nan nan nan nan nan nan nan nan nan nan nan nan nan nan
 nan nan nan nan nan nan nan nan nan nan nan nan nan nan nan nan nan nan
 nan]
WARNING - Chunk 447:
WARNING - NaN values detected in your input data or the output of your objective/model function - fitting algorithms cannot handle this! Please read https://lmfit.github.io/lmfit-py/faq.html#i-get-errors-from-nan-in-my-fit-what-can-i-do for more information.
ERROR - Chunk 455: No Data! Returning LmfitResult with None.
ERROR - NaN value detected in oversampled model function.
ERROR - <ParameterSet (values: 17)>
    cont_intercept  =  10834.632364188024
    cont_slope      =  7.721388806970058
    iod_depth       =  0.8151257234217003
    lsf_left_1      =  2.131574539082193
    lsf_left_2      =  -19.286519207702973
    lsf_left_3      =  2.1369647459105954
    lsf_left_4      =  -1.1787387020167688
    lsf_left_5      =  0.429006079523735
    lsf_right1      =  2.4601245673893053
    lsf_right2      =  -13.65097803901903
    lsf_right3      =  1.7746016417426325
    lsf_right4      =  -3.7862248882550293
    lsf_right5      =  0.23897612794378445
    tem_depth       =  -0.21454802820225102
    velocity        =  1226.0082312100583
    wave_intercept  =  6038.245767658561
    wave_slope      =  0.018577424669114762
ERROR - Evaluated LSF:
ERROR - [nan nan nan nan nan nan nan nan nan nan nan nan nan nan nan nan nan nan
 nan nan nan nan nan nan nan nan nan nan nan nan nan nan nan nan nan nan
 nan nan nan nan nan nan nan nan nan nan nan nan nan nan nan nan nan nan
 nan nan nan nan nan nan nan nan nan nan nan nan nan nan nan nan nan nan
 nan]
WARNING - Chunk 467:
WARNING - NaN values detected in your input data or the output of your objective/model function - fitting algorithms cannot handle this! Please read https://lmfit.github.io/lmfit-py/faq.html#i-get-errors-from-nan-in-my-fit-what-can-i-do for more information.
ERROR - NaN value detected in oversampled model function.
ERROR - <ParameterSet (values: 17)>
    cont_intercept  =  12195.876005281796
    cont_slope      =  5.83057351172691
    iod_depth       =  0.9790332037352817
    lsf_left_1      =  8.67130318452272
    lsf_left_2      =  -14.10539841028611
    lsf_left_3      =  2.918068374270434
    lsf_left_4      =  -3.6981068009666465
    lsf_left_5      =  0.9342468176029062
    lsf_right1      =  2.202019424086293
    lsf_right2      =  -18.742937497389363
    lsf_right3      =  7.506935663734986
    lsf_right4      =  -3.966475534393241
    lsf_right5      =  1.1856223524843104
    tem_depth       =  0.9244137411170181
    velocity        =  -11.601081871433912
    wave_intercept  =  6041.581100655838
    wave_slope      =  0.01834649476668181
ERROR - Evaluated LSF:
ERROR - [nan nan nan nan nan nan nan nan nan nan nan nan nan nan nan nan nan nan
 nan nan nan nan nan nan nan nan nan nan nan nan nan nan nan nan nan nan
 nan nan nan nan nan nan nan nan nan nan nan nan nan nan nan nan nan nan
 nan nan nan nan nan nan nan nan nan nan nan nan nan nan nan nan nan nan
 nan]
WARNING - Chunk 469:
WARNING - NaN values detected in your input data or the output of your objective/model function - fitting algorithms cannot handle this! Please read https://lmfit.github.io/lmfit-py/faq.html#i-get-errors-from-nan-in-my-fit-what-can-i-do for more information.
ERROR - Chunk 474: No Data! Returning LmfitResult with None.
ERROR - NaN value detected in oversampled model function.
ERROR - <ParameterSet (values: 17)>
    cont_intercept  =  16489.562874632793
    cont_slope      =  2.2360099969322764
    iod_depth       =  0.9694139362422814
    lsf_left_1      =  2.2176937677572326
    lsf_left_2      =  -11.930374327407748
    lsf_left_3      =  5.139176514565853
    lsf_left_4      =  -1.5189078344763107
    lsf_left_5      =  0.2921626195874003
    lsf_right1      =  2.177339543671866
    lsf_right2      =  -19.13397113492884
    lsf_right3      =  4.185912585080627
    lsf_right4      =  -2.9411852329245605
    lsf_right5      =  0.3620387596154339
    tem_depth       =  0.35254649483545036
    velocity        =  -656.4341066787101
    wave_intercept  =  6054.524115238339
    wave_slope      =  0.017314312276731723
ERROR - Evaluated LSF:
ERROR - [nan nan nan nan nan nan nan nan nan nan nan nan nan nan nan nan nan nan
 nan nan nan nan nan nan nan nan nan nan nan nan nan nan nan nan nan nan
 nan nan nan nan nan nan nan nan nan nan nan nan nan nan nan nan nan nan
 nan nan nan nan nan nan nan nan nan nan nan nan nan nan nan nan nan nan
 nan]
WARNING - Chunk 477:
WARNING - NaN values detected in your input data or the output of your objective/model function - fitting algorithms cannot handle this! Please read https://lmfit.github.io/lmfit-py/faq.html#i-get-errors-from-nan-in-my-fit-what-can-i-do for more information.
ERROR - NaN value detected in oversampled model function.
ERROR - <ParameterSet (values: 17)>
    cont_intercept  =  17742.09201057521
    cont_slope      =  -3.422227044743545
    iod_depth       =  0.834230397634888
    lsf_left_1      =  2.946041061053898
    lsf_left_2      =  -15.05450231731022
    lsf_left_3      =  10.230280245142804
    lsf_left_4      =  -3.8492964386950104
    lsf_left_5      =  0.23663273398745976
    lsf_right1      =  4.942684320441478
    lsf_right2      =  -17.830794312258753
    lsf_right3      =  7.827974997216525
    lsf_right4      =  -2.4815179716660793
    lsf_right5      =  0.7010059802181969
    tem_depth       =  -0.04545137697353818
    velocity        =  130.88228427400122
    wave_intercept  =  6063.738844738377
    wave_slope      =  0.016617438334105224
ERROR - Evaluated LSF:
ERROR - [nan nan nan nan nan nan nan nan nan nan nan nan nan nan nan nan nan nan
 nan nan nan nan nan nan nan nan nan nan nan nan nan nan nan nan nan nan
 nan nan nan nan nan nan nan nan nan nan nan nan nan nan nan nan nan nan
 nan nan nan nan nan nan nan nan nan nan nan nan nan nan nan nan nan nan
 nan]
WARNING - Chunk 483:
WARNING - NaN values detected in your input data or the output of your objective/model function - fitting algorithms cannot handle this! Please read https://lmfit.github.io/lmfit-py/faq.html#i-get-errors-from-nan-in-my-fit-what-can-i-do for more information.
ERROR - NaN value detected in oversampled model function.
ERROR - <ParameterSet (values: 17)>
    cont_intercept  =  15219.120065096105
    cont_slope      =  4.987216152154567
    iod_depth       =  1.0194196951875745
    lsf_left_1      =  6.865073558239362
    lsf_left_2      =  -19.074544600956305
    lsf_left_3      =  5.064395545537982
    lsf_left_4      =  -1.7567876344874764
    lsf_left_5      =  0.5160936792944193
    lsf_right1      =  2.384966930636163
    lsf_right2      =  -14.816780073199247
    lsf_right3      =  2.283357420103139
    lsf_right4      =  -3.9646214322606124
    lsf_right5      =  1.1970932655063222
    tem_depth       =  0.7899375329368439
    velocity        =  575.0049540438447
    wave_intercept  =  6110.254619205911
    wave_slope      =  0.017878641361533748
ERROR - Evaluated LSF:
ERROR - [nan nan nan nan nan nan nan nan nan nan nan nan nan nan nan nan nan nan
 nan nan nan nan nan nan nan nan nan nan nan nan nan nan nan nan nan nan
 nan nan nan nan nan nan nan nan nan nan nan nan nan nan nan nan nan nan
 nan nan nan nan nan nan nan nan nan nan nan nan nan nan nan nan nan nan
 nan]
WARNING - Chunk 496:
WARNING - NaN values detected in your input data or the output of your objective/model function - fitting algorithms cannot handle this! Please read https://lmfit.github.io/lmfit-py/faq.html#i-get-errors-from-nan-in-my-fit-what-can-i-do for more information.
ERROR - Chunk 514: No Data! Returning LmfitResult with None.
ERROR - NaN value detected in oversampled model function.
ERROR - <ParameterSet (values: 17)>
    cont_intercept  =  14399.392628754395
    cont_slope      =  6.587514775289781
    iod_depth       =  1.1137859300798147
    lsf_left_1      =  3.0111415326906017
    lsf_left_2      =  -19.363602232364034
    lsf_left_3      =  4.528138442286757
    lsf_left_4      =  -3.838575494855031
    lsf_left_5      =  1.194612776052812
    lsf_right1      =  6.978267363769753
    lsf_right2      =  -16.45546734589835
    lsf_right3      =  1.9444075148465756
    lsf_right4      =  -1.893553113274829
    lsf_right5      =  0.9925291490555219
    tem_depth       =  0.9866012938198879
    velocity        =  98.667781780848
    wave_intercept  =  6170.3306151303095
    wave_slope      =  0.017970577526758076
ERROR - Evaluated LSF:
ERROR - [nan nan nan nan nan nan nan nan nan nan nan nan nan nan nan nan nan nan
 nan nan nan nan nan nan nan nan nan nan nan nan nan nan nan nan nan nan
 nan nan nan nan nan nan nan nan nan nan nan nan nan nan nan nan nan nan
 nan nan nan nan nan nan nan nan nan nan nan nan nan nan nan nan nan nan
 nan]
WARNING - Chunk 517:
WARNING - NaN values detected in your input data or the output of your objective/model function - fitting algorithms cannot handle this! Please read https://lmfit.github.io/lmfit-py/faq.html#i-get-errors-from-nan-in-my-fit-what-can-i-do for more information.
ERROR - NaN value detected in oversampled model function.
ERROR - <ParameterSet (values: 17)>
    cont_intercept  =  16067.81351103991
    cont_slope      =  4.818415656225461
    iod_depth       =  0.8079616070598957
    lsf_left_1      =  2.879085997082619
    lsf_left_2      =  -12.255616598977802
    lsf_left_3      =  9.391999537607486
    lsf_left_4      =  -3.9631759418267896
    lsf_left_5      =  0.7882268736405966
    lsf_right1      =  3.294809410960832
    lsf_right2      =  -13.37677460576766
    lsf_right3      =  6.411703864893595
    lsf_right4      =  -3.9451864845200557
    lsf_right5      =  1.0522419152488804
    tem_depth       =  0.9409965019569266
    velocity        =  382.68855629879755
    wave_intercept  =  6175.21065847343
    wave_slope      =  0.017644136969947998
ERROR - Evaluated LSF:
ERROR - [nan nan nan nan nan nan nan nan nan nan nan nan nan nan nan nan nan nan
 nan nan nan nan nan nan nan nan nan nan nan nan nan nan nan nan nan nan
 nan nan nan nan nan nan nan nan nan nan nan nan nan nan nan nan nan nan
 nan nan nan nan nan nan nan nan nan nan nan nan nan nan nan nan nan nan
 nan]
WARNING - Chunk 520:
WARNING - NaN values detected in your input data or the output of your objective/model function - fitting algorithms cannot handle this! Please read https://lmfit.github.io/lmfit-py/faq.html#i-get-errors-from-nan-in-my-fit-what-can-i-do for more information.
INFO - 
INFO - Number of chunks with no uncertainties: 12
INFO - Number of chunks with outliers: 0
INFO - Number of chunks with nan fitted red. Chi2: 50
INFO - 
INFO - Creating analysis plots...
INFO - Velocity robust mean: 102.22252098775003
INFO - Velocity robust std: 896.2338760180176
INFO - 
INFO - Velocity error robust mean: 278.11685195020266
INFO - Velocity error robust std: 212.9350284333846
INFO - 
INFO - Minimum error: 66.10235742156935 in chunk 212
INFO - Maximum error: 6501.0803753469545 in chunk 4
INFO - 
INFO - Chunks with nan velocities: [  3   7  15  30  46  53  61  65  66  84  87  99 143 166 181 186 193 213
 236 246 254 267 273 274 277 286 314 320 339 347 373 389 395 409 418 419
 434 441 444 447 455 467 469 474 477 483 496 514 517 520]
INFO - Chunks with nan velocity errors: [  3   7  10  15  30  41  46  53  61  65  66  84  87  99 119 127 143 166
 174 181 186 193 213 236 246 254 267 269 273 274 277 286 287 304 314 320
 339 347 369 373 389 395 407 409 418 419 434 441 444 447 455 467 469 474
 477 478 483 493 496 514 517 520]
INFO - Velocity error at percentile 80: 532.7522109584155
INFO - 
INFO - Time to model this observation: 139.0755488872528
