INFO - 
INFO - Branch: master
INFO - Hash: c2a71ac
INFO - ---------------------------
INFO - Working on: /Users/jaklusmeyer/SONG/reduce/UT260321/sciencestar/HD185144_ec_260325.0295.fits
INFO - 
INFO - Median flux of the observation: 6353
INFO - Loading template from file: /Users/jaklusmeyer/SONG/reduce/0007_sigdra_temp_results_v1/obs_temp_highsnr_test.h5
INFO - 
INFO - Order correction: 0
INFO - 
INFO - Measured velocity rel. to reference spectrum: 29.173 km/s
INFO - Template velocity: 38.044 km/s
INFO - Velocity guess: -8.871 km/s (relative to template)

INFO - (Barycentric velocity of observation: -1.992 km/s)
INFO - (Barycentric velocity of template: -4.628 km/s)

INFO - 
INFO - Barycentric redshift between template and observation: 
INFO - v = -2636.223463799959, z = -8.793494944425717e-06

INFO - Startpixel (order 26, chunk 29): -65
INFO - -> Correcting to 0.
INFO - Startpixel (order 27, chunk 63): -65
INFO - -> Correcting to 0.
INFO - Startpixel (order 32, chunk 190): -65
INFO - -> Correcting to 0.
INFO - Startpixel (order 33, chunk 214): -65
INFO - -> Correcting to 0.
INFO - Startpixel (order 36, chunk 296): -65
INFO - -> Correcting to 0.
INFO - Startpixel (order 39, chunk 357): -65
INFO - -> Correcting to 0.
INFO - Startpixel (order 39, chunk 366): -65
INFO - -> Correcting to 0.
INFO - Startpixel (order 43, chunk 470): -65
INFO - -> Correcting to 0.
INFO - Startpixel (order 46, chunk 537): -65
INFO - -> Correcting to 0.
INFO - Startpixel (order 46, chunk 544): -65
INFO - -> Correcting to 0.
INFO - Startpixel (order 47, chunk 569): -65
INFO - -> Correcting to 0.
INFO - Startpixel (order 47, chunk 570): -65
INFO - -> Correcting to 0.
INFO - 
INFO - Total number of chunks: 575
INFO - Nr. chunks in order 0: 25
INFO - First and last covered pixel of chunks in order 0: 12, 3261
INFO - Orders: 25 - 47 (23 in total)
INFO - 
INFO - ----------------------
INFO - RUN 0
INFO - ----------------------
INFO - 
INFO - Constraining parameters for RUN 0
WARNING - Chunk 29:
WARNING - (xb<=x[0]) failed for 1st keyword xb: curfit:xb=nan
WARNING - Chunk 63:
WARNING - (xb<=x[0]) failed for 1st keyword xb: curfit:xb=nan
WARNING - Chunk 190:
WARNING - (xb<=x[0]) failed for 1st keyword xb: curfit:xb=nan
WARNING - Chunk 214:
WARNING - (xb<=x[0]) failed for 1st keyword xb: curfit:xb=nan
WARNING - Chunk 296:
WARNING - (xb<=x[0]) failed for 1st keyword xb: curfit:xb=nan
WARNING - Chunk 357:
WARNING - (xb<=x[0]) failed for 1st keyword xb: curfit:xb=nan
WARNING - Chunk 366:
WARNING - (xb<=x[0]) failed for 1st keyword xb: curfit:xb=nan
WARNING - Chunk 470:
WARNING - (xb<=x[0]) failed for 1st keyword xb: curfit:xb=nan
WARNING - Chunk 537:
WARNING - (xb<=x[0]) failed for 1st keyword xb: curfit:xb=nan
WARNING - Chunk 544:
WARNING - (xb<=x[0]) failed for 1st keyword xb: curfit:xb=nan
WARNING - Chunk 569:
WARNING - (xb<=x[0]) failed for 1st keyword xb: curfit:xb=nan
WARNING - Chunk 570:
WARNING - (xb<=x[0]) failed for 1st keyword xb: curfit:xb=nan
INFO - 
INFO - Number of chunks with no uncertainties: 0
INFO - Number of chunks with outliers: 0
INFO - Number of chunks with nan fitted red. Chi2: 12
INFO - 
INFO - Creating analysis plots...
INFO - 
INFO - ----------------------
INFO - RUN 1
INFO - ----------------------
INFO - 
INFO - Constraining parameters for RUN 1
INFO - 
INFO - Fitted LSF parameters:
INFO - <ParameterSet (values: 10)>
    left_1  =  10.657795947257709
    left_2  =  -10.750988882578351
    left_3  =  5.732143037034412
    left_4  =  -2.204611452522319
    left_5  =  0.6655517127933165
    right1  =  10.65779531828498
    right2  =  -10.750988128625192
    right3  =  5.7321424429345855
    right4  =  -2.2046111372502324
    right5  =  0.6655516003408005
ERROR - NaN value detected in oversampled model function.
ERROR - <ParameterSet (values: 17)>
    cont_intercept  =  7949.209565059386
    cont_slope      =  -1.1530743063553968
    iod_depth       =  0.7096297069133612
    lsf_left_1      =  2.2707180769454216
    lsf_left_2      =  -14.205310935787391
    lsf_left_3      =  7.147717147668934
    lsf_left_4      =  -3.7489760857583767
    lsf_left_5      =  0.5924086334052766
    lsf_right1      =  6.9565160764027025
    lsf_right2      =  -14.145359654715591
    lsf_right3      =  7.43565872377346
    lsf_right4      =  -2.7788100367810227
    lsf_right5      =  0.1380290400024493
    tem_depth       =  0.8849117063453819
    velocity        =  -2924.6083389899272
    wave_intercept  =  5148.952975240295
    wave_slope      =  0.013882894693229505
ERROR - Evaluated LSF:
ERROR - [nan nan nan nan nan nan nan nan nan nan nan nan nan nan nan nan nan nan
 nan nan nan nan nan nan nan nan nan nan nan nan nan nan nan nan nan nan
 nan nan nan nan nan nan nan nan nan nan nan nan nan nan nan nan nan nan
 nan nan nan nan nan nan nan nan nan nan nan nan nan nan nan nan nan nan
 nan]
WARNING - Chunk 16:
WARNING - NaN values detected in your input data or the output of your objective/model function - fitting algorithms cannot handle this! Please read https://lmfit.github.io/lmfit-py/faq.html#i-get-errors-from-nan-in-my-fit-what-can-i-do for more information.
ERROR - Chunk 29: No Data! Returning LmfitResult with None.
ERROR - NaN value detected in oversampled model function.
ERROR - <ParameterSet (values: 17)>
    cont_intercept  =  3632.4164683857593
    cont_slope      =  2.372176707118628
    iod_depth       =  0.4999281700281673
    lsf_left_1      =  4.211037177180353
    lsf_left_2      =  -12.328403578054534
    lsf_left_3      =  1.1467126681351347
    lsf_left_4      =  -0.44611702457058966
    lsf_left_5      =  0.43556237123612934
    lsf_right1      =  7.0823130840215205
    lsf_right2      =  -19.348199956369957
    lsf_right3      =  1.9981681796882258
    lsf_right4      =  -1.9996638530602975
    lsf_right5      =  1.108250519680738
    tem_depth       =  0.8056058361389609
    velocity        =  -2772.6156182059804
    wave_intercept  =  5173.455664975176
    wave_slope      =  0.015567739263525381
ERROR - Evaluated LSF:
ERROR - [nan nan nan nan nan nan nan nan nan nan nan nan nan nan nan nan nan nan
 nan nan nan nan nan nan nan nan nan nan nan nan nan nan nan nan nan nan
 nan nan nan nan nan nan nan nan nan nan nan nan nan nan nan nan nan nan
 nan nan nan nan nan nan nan nan nan nan nan nan nan nan nan nan nan nan
 nan]
WARNING - Chunk 31:
WARNING - NaN values detected in your input data or the output of your objective/model function - fitting algorithms cannot handle this! Please read https://lmfit.github.io/lmfit-py/faq.html#i-get-errors-from-nan-in-my-fit-what-can-i-do for more information.
ERROR - NaN value detected in oversampled model function.
ERROR - <ParameterSet (values: 17)>
    cont_intercept  =  4779.555923707498
    cont_slope      =  3.2986400145017405
    iod_depth       =  0.7105759201436967
    lsf_left_1      =  4.4655253421648915
    lsf_left_2      =  -18.92901534794756
    lsf_left_3      =  4.000285103223893
    lsf_left_4      =  -3.704621618578243
    lsf_left_5      =  0.25225473469926735
    lsf_right1      =  2.1401632161108655
    lsf_right2      =  -6.774408475103964
    lsf_right3      =  4.468330484925394
    lsf_right4      =  -3.633580256542598
    lsf_right5      =  1.140230786187075
    tem_depth       =  0.8895931672891376
    velocity        =  -3162.4006239295663
    wave_intercept  =  5183.253998462418
    wave_slope      =  0.014765076920165121
ERROR - Evaluated LSF:
ERROR - [nan nan nan nan nan nan nan nan nan nan nan nan nan nan nan nan nan nan
 nan nan nan nan nan nan nan nan nan nan nan nan nan nan nan nan nan nan
 nan nan nan nan nan nan nan nan nan nan nan nan nan nan nan nan nan nan
 nan nan nan nan nan nan nan nan nan nan nan nan nan nan nan nan nan nan
 nan]
WARNING - Chunk 36:
WARNING - NaN values detected in your input data or the output of your objective/model function - fitting algorithms cannot handle this! Please read https://lmfit.github.io/lmfit-py/faq.html#i-get-errors-from-nan-in-my-fit-what-can-i-do for more information.
ERROR - NaN value detected in oversampled model function.
ERROR - <ParameterSet (values: 17)>
    cont_intercept  =  9631.008397810197
    cont_slope      =  -1.6695306487115962
    iod_depth       =  0.9668378408443326
    lsf_left_1      =  3.8612796645001497
    lsf_left_2      =  -13.811724910479631
    lsf_left_3      =  8.068127453522175
    lsf_left_4      =  -2.4443786328569077
    lsf_left_5      =  0.15357222491662073
    lsf_right1      =  2.9113150319030954
    lsf_right2      =  -15.116616715294779
    lsf_right3      =  4.667131699250138
    lsf_right4      =  -3.9392722740723416
    lsf_right5      =  1.1434660655492344
    tem_depth       =  0.43286608822220274
    velocity        =  -7669.803706807909
    wave_intercept  =  5190.76088971386
    wave_slope      =  0.014174694140232593
ERROR - Evaluated LSF:
ERROR - [nan nan nan nan nan nan nan nan nan nan nan nan nan nan nan nan nan nan
 nan nan nan nan nan nan nan nan nan nan nan nan nan nan nan nan nan nan
 nan nan nan nan nan nan nan nan nan nan nan nan nan nan nan nan nan nan
 nan nan nan nan nan nan nan nan nan nan nan nan nan nan nan nan nan nan
 nan]
WARNING - Chunk 40:
WARNING - NaN values detected in your input data or the output of your objective/model function - fitting algorithms cannot handle this! Please read https://lmfit.github.io/lmfit-py/faq.html#i-get-errors-from-nan-in-my-fit-what-can-i-do for more information.
ERROR - NaN value detected in oversampled model function.
ERROR - <ParameterSet (values: 17)>
    cont_intercept  =  7131.772405242681
    cont_slope      =  -0.43650947192430906
    iod_depth       =  0.7239714275241006
    lsf_left_1      =  6.144409044772036
    lsf_left_2      =  -12.148305213915837
    lsf_left_3      =  1.986277749930045
    lsf_left_4      =  -1.8644281722409928
    lsf_left_5      =  0.9779902855215251
    lsf_right1      =  2.255469726168301
    lsf_right2      =  -17.9580670315867
    lsf_right3      =  6.172842785606821
    lsf_right4      =  -3.460779832069454
    lsf_right5      =  0.14773029165677024
    tem_depth       =  0.9332890662429474
    velocity        =  -2782.0147698277287
    wave_intercept  =  5196.192293325464
    wave_slope      =  0.01374849248733982
ERROR - Evaluated LSF:
ERROR - [nan nan nan nan nan nan nan nan nan nan nan nan nan nan nan nan nan nan
 nan nan nan nan nan nan nan nan nan nan nan nan nan nan nan nan nan nan
 nan nan nan nan nan nan nan nan nan nan nan nan nan nan nan nan nan nan
 nan nan nan nan nan nan nan nan nan nan nan nan nan nan nan nan nan nan
 nan]
WARNING - Chunk 43:
WARNING - NaN values detected in your input data or the output of your objective/model function - fitting algorithms cannot handle this! Please read https://lmfit.github.io/lmfit-py/faq.html#i-get-errors-from-nan-in-my-fit-what-can-i-do for more information.
ERROR - NaN value detected in oversampled model function.
ERROR - <ParameterSet (values: 17)>
    cont_intercept  =  7260.111068911694
    cont_slope      =  5.907953176166115
    iod_depth       =  1.3694106709876275
    lsf_left_1      =  3.9640304943961997
    lsf_left_2      =  -19.320611803334565
    lsf_left_3      =  1.1498706334395459
    lsf_left_4      =  -3.047126040707205
    lsf_left_5      =  0.19545567576595546
    lsf_right1      =  2.14965179032002
    lsf_right2      =  -10.419890077959975
    lsf_right3      =  7.205718935170012
    lsf_right4      =  -3.790629599025559
    lsf_right5      =  1.0415829703548143
    tem_depth       =  -0.4553743253445853
    velocity        =  -18188.72318705604
    wave_intercept  =  5225.601121045945
    wave_slope      =  0.01393057944222468
ERROR - Evaluated LSF:
ERROR - [nan nan nan nan nan nan nan nan nan nan nan nan nan nan nan nan nan nan
 nan nan nan nan nan nan nan nan nan nan nan nan nan nan nan nan nan nan
 nan nan nan nan nan nan nan nan nan nan nan nan nan nan nan nan nan nan
 nan nan nan nan nan nan nan nan nan nan nan nan nan nan nan nan nan nan
 nan]
WARNING - Chunk 60:
WARNING - NaN values detected in your input data or the output of your objective/model function - fitting algorithms cannot handle this! Please read https://lmfit.github.io/lmfit-py/faq.html#i-get-errors-from-nan-in-my-fit-what-can-i-do for more information.
ERROR - NaN value detected in oversampled model function.
ERROR - <ParameterSet (values: 17)>
    cont_intercept  =  8659.827487152837
    cont_slope      =  -1.5505338051265496
    iod_depth       =  1.525236963582278
    lsf_left_1      =  6.671851323669664
    lsf_left_2      =  -15.556088276514243
    lsf_left_3      =  2.902191768856966
    lsf_left_4      =  -1.4700037049712278
    lsf_left_5      =  0.7057501948516409
    lsf_right1      =  5.249041924291788
    lsf_right2      =  -17.336214959052583
    lsf_right3      =  5.456716587542066
    lsf_right4      =  -3.5770337766513114
    lsf_right5      =  0.6937799129780134
    tem_depth       =  0.468683013089508
    velocity        =  -9073.68015237159
    wave_intercept  =  5229.445478382966
    wave_slope      =  0.014713491754031778
ERROR - Evaluated LSF:
ERROR - [nan nan nan nan nan nan nan nan nan nan nan nan nan nan nan nan nan nan
 nan nan nan nan nan nan nan nan nan nan nan nan nan nan nan nan nan nan
 nan nan nan nan nan nan nan nan nan nan nan nan nan nan nan nan nan nan
 nan nan nan nan nan nan nan nan nan nan nan nan nan nan nan nan nan nan
 nan]
WARNING - Chunk 62:
WARNING - NaN values detected in your input data or the output of your objective/model function - fitting algorithms cannot handle this! Please read https://lmfit.github.io/lmfit-py/faq.html#i-get-errors-from-nan-in-my-fit-what-can-i-do for more information.
ERROR - Chunk 63: No Data! Returning LmfitResult with None.
ERROR - NaN value detected in oversampled model function.
ERROR - <ParameterSet (values: 17)>
    cont_intercept  =  7736.699808152447
    cont_slope      =  3.7141445035384306
    iod_depth       =  0.7700432537059801
    lsf_left_1      =  5.759952775816992
    lsf_left_2      =  -9.901157715370573
    lsf_left_3      =  1.1825817522633482
    lsf_left_4      =  -2.538356407975556
    lsf_left_5      =  1.0039226036793354
    lsf_right1      =  5.436901495511845
    lsf_right2      =  -17.750365195474114
    lsf_right3      =  1.2423787867544083
    lsf_right4      =  -2.413932944858419
    lsf_right5      =  0.8470588677177923
    tem_depth       =  1.0125013613567406
    velocity        =  -3060.9240538394347
    wave_intercept  =  5268.689916314413
    wave_slope      =  0.015269040118173899
ERROR - Evaluated LSF:
ERROR - [nan nan nan nan nan nan nan nan nan nan nan nan nan nan nan nan nan nan
 nan nan nan nan nan nan nan nan nan nan nan nan nan nan nan nan nan nan
 nan nan nan nan nan nan nan nan nan nan nan nan nan nan nan nan nan nan
 nan nan nan nan nan nan nan nan nan nan nan nan nan nan nan nan nan nan
 nan]
WARNING - Chunk 84:
WARNING - NaN values detected in your input data or the output of your objective/model function - fitting algorithms cannot handle this! Please read https://lmfit.github.io/lmfit-py/faq.html#i-get-errors-from-nan-in-my-fit-what-can-i-do for more information.
ERROR - NaN value detected in oversampled model function.
ERROR - <ParameterSet (values: 17)>
    cont_intercept  =  5405.301762535651
    cont_slope      =  4.696252798147314
    iod_depth       =  0.7082150054984202
    lsf_left_1      =  9.153532510784395
    lsf_left_2      =  -17.97849150820064
    lsf_left_3      =  1.6810680277631873
    lsf_left_4      =  -3.6863779432765824
    lsf_left_5      =  0.21860115693772136
    lsf_right1      =  5.178468539648147
    lsf_right2      =  -14.181239085993553
    lsf_right3      =  3.9708859592305
    lsf_right4      =  -3.060540853211295
    lsf_right5      =  0.6640298248375729
    tem_depth       =  0.9035480098056553
    velocity        =  -2917.589562121334
    wave_intercept  =  5393.775847588142
    wave_slope      =  0.016842051426561887
ERROR - Evaluated LSF:
ERROR - [nan nan nan nan nan nan nan nan nan nan nan nan nan nan nan nan nan nan
 nan nan nan nan nan nan nan nan nan nan nan nan nan nan nan nan nan nan
 nan nan nan nan nan nan nan nan nan nan nan nan nan nan nan nan nan nan
 nan nan nan nan nan nan nan nan nan nan nan nan nan nan nan nan nan nan
 nan]
WARNING - Chunk 152:
WARNING - NaN values detected in your input data or the output of your objective/model function - fitting algorithms cannot handle this! Please read https://lmfit.github.io/lmfit-py/faq.html#i-get-errors-from-nan-in-my-fit-what-can-i-do for more information.
ERROR - NaN value detected in oversampled model function.
ERROR - <ParameterSet (values: 17)>
    cont_intercept  =  8240.594740790784
    cont_slope      =  3.557822330474674
    iod_depth       =  0.9112302253059408
    lsf_left_1      =  3.8235648280765
    lsf_left_2      =  -10.790121373331901
    lsf_left_3      =  1.2111827039161716
    lsf_left_4      =  -1.7654335751140589
    lsf_left_5      =  0.9669626358581377
    lsf_right1      =  3.1557958929126984
    lsf_right2      =  -19.349238483068618
    lsf_right3      =  8.52528372262056
    lsf_right4      =  -3.879627045291471
    lsf_right5      =  0.24960902747082497
    tem_depth       =  0.9053281030836727
    velocity        =  -2490.209882993273
    wave_intercept  =  5404.468557674321
    wave_slope      =  0.016048005032896932
ERROR - Evaluated LSF:
ERROR - [nan nan nan nan nan nan nan nan nan nan nan nan nan nan nan nan nan nan
 nan nan nan nan nan nan nan nan nan nan nan nan nan nan nan nan nan nan
 nan nan nan nan nan nan nan nan nan nan nan nan nan nan nan nan nan nan
 nan nan nan nan nan nan nan nan nan nan nan nan nan nan nan nan nan nan
 nan]
WARNING - Chunk 157:
WARNING - NaN values detected in your input data or the output of your objective/model function - fitting algorithms cannot handle this! Please read https://lmfit.github.io/lmfit-py/faq.html#i-get-errors-from-nan-in-my-fit-what-can-i-do for more information.
ERROR - NaN value detected in oversampled model function.
ERROR - <ParameterSet (values: 17)>
    cont_intercept  =  9845.032431930262
    cont_slope      =  1.9282984288479474
    iod_depth       =  0.8272893772515127
    lsf_left_1      =  3.221192721556043
    lsf_left_2      =  -11.83465686493532
    lsf_left_3      =  2.7171324082373864
    lsf_left_4      =  -0.5001321305925508
    lsf_left_5      =  0.16296981696209897
    lsf_right1      =  5.612799041563756
    lsf_right2      =  -17.076718464235302
    lsf_right3      =  1.2624742448600597
    lsf_right4      =  -3.929849531208843
    lsf_right5      =  0.1417952423135451
    tem_depth       =  0.9166187003076568
    velocity        =  -2917.917369911901
    wave_intercept  =  5414.596915670146
    wave_slope      =  0.015226075749246526
ERROR - Evaluated LSF:
ERROR - [nan nan nan nan nan nan nan nan nan nan nan nan nan nan nan nan nan nan
 nan nan nan nan nan nan nan nan nan nan nan nan nan nan nan nan nan nan
 nan nan nan nan nan nan nan nan nan nan nan nan nan nan nan nan nan nan
 nan nan nan nan nan nan nan nan nan nan nan nan nan nan nan nan nan nan
 nan]
WARNING - Chunk 162:
WARNING - NaN values detected in your input data or the output of your objective/model function - fitting algorithms cannot handle this! Please read https://lmfit.github.io/lmfit-py/faq.html#i-get-errors-from-nan-in-my-fit-what-can-i-do for more information.
ERROR - NaN value detected in oversampled model function.
ERROR - <ParameterSet (values: 17)>
    cont_intercept  =  7266.63501117505
    cont_slope      =  -2.1693946706862404
    iod_depth       =  0.6971920052597392
    lsf_left_1      =  5.145327713785351
    lsf_left_2      =  -18.37123087082432
    lsf_left_3      =  5.0459510752594525
    lsf_left_4      =  -3.2511676733640833
    lsf_left_5      =  0.1563201839318708
    lsf_right1      =  5.0101150747601
    lsf_right2      =  -18.945687352127763
    lsf_right3      =  9.430881287014008
    lsf_right4      =  -3.5317312502589133
    lsf_right5      =  0.867806220599807
    tem_depth       =  0.8973469337440645
    velocity        =  -3079.031378620624
    wave_intercept  =  5435.17066853423
    wave_slope      =  0.01358479275225026
ERROR - Evaluated LSF:
ERROR - [nan nan nan nan nan nan nan nan nan nan nan nan nan nan nan nan nan nan
 nan nan nan nan nan nan nan nan nan nan nan nan nan nan nan nan nan nan
 nan nan nan nan nan nan nan nan nan nan nan nan nan nan nan nan nan nan
 nan nan nan nan nan nan nan nan nan nan nan nan nan nan nan nan nan nan
 nan]
WARNING - Chunk 173:
WARNING - NaN values detected in your input data or the output of your objective/model function - fitting algorithms cannot handle this! Please read https://lmfit.github.io/lmfit-py/faq.html#i-get-errors-from-nan-in-my-fit-what-can-i-do for more information.
ERROR - Chunk 190: No Data! Returning LmfitResult with None.
ERROR - NaN value detected in oversampled model function.
ERROR - <ParameterSet (values: 17)>
    cont_intercept  =  11700.031953987347
    cont_slope      =  -1.0233274574567375
    iod_depth       =  0.8503266318449312
    lsf_left_1      =  5.457663446435459
    lsf_left_2      =  -18.673471142378503
    lsf_left_3      =  2.3152928445795706
    lsf_left_4      =  -3.9622607232158646
    lsf_left_5      =  0.14288810202613345
    lsf_right1      =  7.20818527811641
    lsf_right2      =  -16.763330806545483
    lsf_right3      =  8.17891894724864
    lsf_right4      =  -2.93496683783133
    lsf_right5      =  0.5016183732788021
    tem_depth       =  0.9667358111337987
    velocity        =  -2954.4376631900564
    wave_intercept  =  5470.75825762292
    wave_slope      =  0.014743278662617326
ERROR - Evaluated LSF:
ERROR - [nan nan nan nan nan nan nan nan nan nan nan nan nan nan nan nan nan nan
 nan nan nan nan nan nan nan nan nan nan nan nan nan nan nan nan nan nan
 nan nan nan nan nan nan nan nan nan nan nan nan nan nan nan nan nan nan
 nan nan nan nan nan nan nan nan nan nan nan nan nan nan nan nan nan nan
 nan]
WARNING - Chunk 191:
WARNING - NaN values detected in your input data or the output of your objective/model function - fitting algorithms cannot handle this! Please read https://lmfit.github.io/lmfit-py/faq.html#i-get-errors-from-nan-in-my-fit-what-can-i-do for more information.
ERROR - Chunk 214: No Data! Returning LmfitResult with None.
ERROR - NaN value detected in oversampled model function.
ERROR - <ParameterSet (values: 17)>
    cont_intercept  =  7150.749184650669
    cont_slope      =  6.697123040777893
    iod_depth       =  0.7780922485680479
    lsf_left_1      =  2.183947055057394
    lsf_left_2      =  -14.671967346028698
    lsf_left_3      =  2.32068689750857
    lsf_left_4      =  -2.213636908206871
    lsf_left_5      =  0.13486059340838355
    lsf_right1      =  6.666622798216999
    lsf_right2      =  -13.250345915137128
    lsf_right3      =  3.9427606714125103
    lsf_right4      =  -2.2123495399036033
    lsf_right5      =  0.3289928756300297
    tem_depth       =  0.9149312409583846
    velocity        =  -2908.370952295663
    wave_intercept  =  5593.993160130555
    wave_slope      =  0.017305004776957653
ERROR - Evaluated LSF:
ERROR - [nan nan nan nan nan nan nan nan nan nan nan nan nan nan nan nan nan nan
 nan nan nan nan nan nan nan nan nan nan nan nan nan nan nan nan nan nan
 nan nan nan nan nan nan nan nan nan nan nan nan nan nan nan nan nan nan
 nan nan nan nan nan nan nan nan nan nan nan nan nan nan nan nan nan nan
 nan]
WARNING - Chunk 253:
WARNING - NaN values detected in your input data or the output of your objective/model function - fitting algorithms cannot handle this! Please read https://lmfit.github.io/lmfit-py/faq.html#i-get-errors-from-nan-in-my-fit-what-can-i-do for more information.
ERROR - NaN value detected in oversampled model function.
ERROR - <ParameterSet (values: 17)>
    cont_intercept  =  10140.998728510618
    cont_slope      =  5.140942988612807
    iod_depth       =  0.9222366788951084
    lsf_left_1      =  2.38432341046974
    lsf_left_2      =  -17.322104193192192
    lsf_left_3      =  6.296085642952207
    lsf_left_4      =  -3.715535360799449
    lsf_left_5      =  0.1925693438815781
    lsf_right1      =  2.132497138703422
    lsf_right2      =  -12.420149326785701
    lsf_right3      =  1.2467021490622578
    lsf_right4      =  -3.7286788973734306
    lsf_right5      =  0.21168457437693491
    tem_depth       =  0.9706249060061659
    velocity        =  -3086.303934481766
    wave_intercept  =  5652.47410031725
    wave_slope      =  0.016956884636473702
ERROR - Evaluated LSF:
ERROR - [nan nan nan nan nan nan nan nan nan nan nan nan nan nan nan nan nan nan
 nan nan nan nan nan nan nan nan nan nan nan nan nan nan nan nan nan nan
 nan nan nan nan nan nan nan nan nan nan nan nan nan nan nan nan nan nan
 nan nan nan nan nan nan nan nan nan nan nan nan nan nan nan nan nan nan
 nan]
WARNING - Chunk 281:
WARNING - NaN values detected in your input data or the output of your objective/model function - fitting algorithms cannot handle this! Please read https://lmfit.github.io/lmfit-py/faq.html#i-get-errors-from-nan-in-my-fit-what-can-i-do for more information.
ERROR - Chunk 296: No Data! Returning LmfitResult with None.
ERROR - NaN value detected in oversampled model function.
ERROR - <ParameterSet (values: 17)>
    cont_intercept  =  13169.332101253769
    cont_slope      =  -2.673795905286096
    iod_depth       =  0.8943469833053738
    lsf_left_1      =  5.947328976826984
    lsf_left_2      =  -9.80508624942259
    lsf_left_3      =  1.6699418699907673
    lsf_left_4      =  -0.6772027348005429
    lsf_left_5      =  0.16118905654798754
    lsf_right1      =  4.1115142122602535
    lsf_right2      =  -18.293897346781915
    lsf_right3      =  2.204326797546293
    lsf_right4      =  -1.5117017343141645
    lsf_right5      =  0.9051496274720549
    tem_depth       =  -0.3594995774081238
    velocity        =  -13640.887387167364
    wave_intercept  =  5720.281070037332
    wave_slope      =  0.015854843363915162
ERROR - Evaluated LSF:
ERROR - [nan nan nan nan nan nan nan nan nan nan nan nan nan nan nan nan nan nan
 nan nan nan nan nan nan nan nan nan nan nan nan nan nan nan nan nan nan
 nan nan nan nan nan nan nan nan nan nan nan nan nan nan nan nan nan nan
 nan nan nan nan nan nan nan nan nan nan nan nan nan nan nan nan nan nan
 nan]
WARNING - Chunk 313:
WARNING - NaN values detected in your input data or the output of your objective/model function - fitting algorithms cannot handle this! Please read https://lmfit.github.io/lmfit-py/faq.html#i-get-errors-from-nan-in-my-fit-what-can-i-do for more information.
ERROR - Chunk 357: No Data! Returning LmfitResult with None.
ERROR - Chunk 366: No Data! Returning LmfitResult with None.
ERROR - NaN value detected in oversampled model function.
ERROR - <ParameterSet (values: 17)>
    cont_intercept  =  13258.06293124686
    cont_slope      =  6.782377495870962
    iod_depth       =  0.8692629083335602
    lsf_left_1      =  2.9029230239554087
    lsf_left_2      =  -17.86906904724282
    lsf_left_3      =  10.048670723006152
    lsf_left_4      =  -2.5081216015138703
    lsf_left_5      =  0.1414786877740142
    lsf_right1      =  4.351653488295198
    lsf_right2      =  -12.302471458829006
    lsf_right3      =  1.1657593793256933
    lsf_right4      =  -3.837169372707636
    lsf_right5      =  0.7566451688332413
    tem_depth       =  -0.538201039232036
    velocity        =  -11772.10418204196
    wave_intercept  =  5872.150672385117
    wave_slope      =  0.017339389779013777
ERROR - Evaluated LSF:
ERROR - [nan nan nan nan nan nan nan nan nan nan nan nan nan nan nan nan nan nan
 nan nan nan nan nan nan nan nan nan nan nan nan nan nan nan nan nan nan
 nan nan nan nan nan nan nan nan nan nan nan nan nan nan nan nan nan nan
 nan nan nan nan nan nan nan nan nan nan nan nan nan nan nan nan nan nan
 nan]
WARNING - Chunk 382:
WARNING - NaN values detected in your input data or the output of your objective/model function - fitting algorithms cannot handle this! Please read https://lmfit.github.io/lmfit-py/faq.html#i-get-errors-from-nan-in-my-fit-what-can-i-do for more information.
ERROR - NaN value detected in oversampled model function.
ERROR - <ParameterSet (values: 17)>
    cont_intercept  =  14320.741706611963
    cont_slope      =  -1.0508363355840964
    iod_depth       =  0.8992733349317025
    lsf_left_1      =  3.0543215015725433
    lsf_left_2      =  -19.15218360991999
    lsf_left_3      =  3.488991916892305
    lsf_left_4      =  -2.1158401323872993
    lsf_left_5      =  0.8626907885414552
    lsf_right1      =  9.630430673592647
    lsf_right2      =  -19.281928254972904
    lsf_right3      =  2.467251027971631
    lsf_right4      =  -3.300095491387619
    lsf_right5      =  1.17072074739085
    tem_depth       =  0.954536468773229
    velocity        =  -2669.678952746259
    wave_intercept  =  5880.999293441674
    wave_slope      =  0.016673089579606098
ERROR - Evaluated LSF:
ERROR - [nan nan nan nan nan nan nan nan nan nan nan nan nan nan nan nan nan nan
 nan nan nan nan nan nan nan nan nan nan nan nan nan nan nan nan nan nan
 nan nan nan nan nan nan nan nan nan nan nan nan nan nan nan nan nan nan
 nan nan nan nan nan nan nan nan nan nan nan nan nan nan nan nan nan nan
 nan]
WARNING - Chunk 386:
WARNING - NaN values detected in your input data or the output of your objective/model function - fitting algorithms cannot handle this! Please read https://lmfit.github.io/lmfit-py/faq.html#i-get-errors-from-nan-in-my-fit-what-can-i-do for more information.
ERROR - NaN value detected in oversampled model function.
ERROR - <ParameterSet (values: 17)>
    cont_intercept  =  12241.669526139784
    cont_slope      =  6.233391167645484
    iod_depth       =  0.8102008269296501
    lsf_left_1      =  2.4592612379629117
    lsf_left_2      =  -19.32756537572346
    lsf_left_3      =  10.317802776843076
    lsf_left_4      =  -3.9682087706693254
    lsf_left_5      =  0.5419668049195765
    lsf_right1      =  2.7831396146189227
    lsf_right2      =  -15.448186667558563
    lsf_right3      =  10.201921953937875
    lsf_right4      =  -2.720310103538032
    lsf_right5      =  0.256508076539075
    tem_depth       =  0.19078857838311522
    velocity        =  -13319.842743524816
    wave_intercept  =  5982.65338969608
    wave_slope      =  0.01818240795354746
ERROR - Evaluated LSF:
ERROR - [nan nan nan nan nan nan nan nan nan nan nan nan nan nan nan nan nan nan
 nan nan nan nan nan nan nan nan nan nan nan nan nan nan nan nan nan nan
 nan nan nan nan nan nan nan nan nan nan nan nan nan nan nan nan nan nan
 nan nan nan nan nan nan nan nan nan nan nan nan nan nan nan nan nan nan
 nan]
WARNING - Chunk 430:
WARNING - NaN values detected in your input data or the output of your objective/model function - fitting algorithms cannot handle this! Please read https://lmfit.github.io/lmfit-py/faq.html#i-get-errors-from-nan-in-my-fit-what-can-i-do for more information.
ERROR - NaN value detected in oversampled model function.
ERROR - <ParameterSet (values: 17)>
    cont_intercept  =  14671.703390648683
    cont_slope      =  -4.556743999289209
    iod_depth       =  0.23577602628110006
    lsf_left_1      =  2.865798445712484
    lsf_left_2      =  -19.351779988640523
    lsf_left_3      =  1.1464394682633727
    lsf_left_4      =  -3.803569126754179
    lsf_left_5      =  0.34306597662552485
    lsf_right1      =  12.205000753517105
    lsf_right2      =  -19.169316632373327
    lsf_right3      =  1.1464284944244698
    lsf_right4      =  -1.0911371197308788
    lsf_right5      =  0.1331207988869479
    tem_depth       =  0.696025861172088
    velocity        =  1.0772610224443895
    wave_intercept  =  5991.856712266897
    wave_slope      =  0.017279759262781767
ERROR - Evaluated LSF:
ERROR - [nan nan nan nan nan nan nan nan nan nan nan nan nan nan nan nan nan nan
 nan nan nan nan nan nan nan nan nan nan nan nan nan nan nan nan nan nan
 nan nan nan nan nan nan nan nan nan nan nan nan nan nan nan nan nan nan
 nan nan nan nan nan nan nan nan nan nan nan nan nan nan nan nan nan nan
 nan]
WARNING - Chunk 434:
WARNING - NaN values detected in your input data or the output of your objective/model function - fitting algorithms cannot handle this! Please read https://lmfit.github.io/lmfit-py/faq.html#i-get-errors-from-nan-in-my-fit-what-can-i-do for more information.
ERROR - NaN value detected in oversampled model function.
ERROR - <ParameterSet (values: 17)>
    cont_intercept  =  14953.618890110061
    cont_slope      =  6.471362548521479
    iod_depth       =  0.7233705178227272
    lsf_left_1      =  6.587001976011116
    lsf_left_2      =  -14.63872456451059
    lsf_left_3      =  1.5997349935300478
    lsf_left_4      =  -1.373863951564569
    lsf_left_5      =  0.14638870308438195
    lsf_right1      =  3.0567463425975596
    lsf_right2      =  -17.96644958008943
    lsf_right3      =  2.4323463189959655
    lsf_right4      =  -1.080603732905947
    lsf_right5      =  0.19660018374230076
    tem_depth       =  -0.5465738344290372
    velocity        =  -13593.62265282364
    wave_intercept  =  6000.687807614752
    wave_slope      =  0.016660335227238462
ERROR - Evaluated LSF:
ERROR - [nan nan nan nan nan nan nan nan nan nan nan nan nan nan nan nan nan nan
 nan nan nan nan nan nan nan nan nan nan nan nan nan nan nan nan nan nan
 nan nan nan nan nan nan nan nan nan nan nan nan nan nan nan nan nan nan
 nan nan nan nan nan nan nan nan nan nan nan nan nan nan nan nan nan nan
 nan]
WARNING - Chunk 438:
WARNING - NaN values detected in your input data or the output of your objective/model function - fitting algorithms cannot handle this! Please read https://lmfit.github.io/lmfit-py/faq.html#i-get-errors-from-nan-in-my-fit-what-can-i-do for more information.
ERROR - NaN value detected in oversampled model function.
ERROR - <ParameterSet (values: 17)>
    cont_intercept  =  12952.970131413866
    cont_slope      =  4.521508614384525
    iod_depth       =  0.8137258414366152
    lsf_left_1      =  3.341884485023826
    lsf_left_2      =  -19.195830918159004
    lsf_left_3      =  9.221733264914477
    lsf_left_4      =  -3.9676220939406663
    lsf_left_5      =  0.9349036156475913
    lsf_right1      =  2.1360726838505464
    lsf_right2      =  -18.034219584110133
    lsf_right3      =  9.607941628395025
    lsf_right4      =  -3.020164697744447
    lsf_right5      =  0.3861712970244895
    tem_depth       =  0.2682369275940533
    velocity        =  -3348.409127237832
    wave_intercept  =  6044.252506145398
    wave_slope      =  0.01803199204104538
ERROR - Evaluated LSF:
ERROR - [nan nan nan nan nan nan nan nan nan nan nan nan nan nan nan nan nan nan
 nan nan nan nan nan nan nan nan nan nan nan nan nan nan nan nan nan nan
 nan nan nan nan nan nan nan nan nan nan nan nan nan nan nan nan nan nan
 nan nan nan nan nan nan nan nan nan nan nan nan nan nan nan nan nan nan
 nan]
WARNING - Chunk 456:
WARNING - NaN values detected in your input data or the output of your objective/model function - fitting algorithms cannot handle this! Please read https://lmfit.github.io/lmfit-py/faq.html#i-get-errors-from-nan-in-my-fit-what-can-i-do for more information.
ERROR - NaN value detected in oversampled model function.
ERROR - <ParameterSet (values: 17)>
    cont_intercept  =  14282.452385563269
    cont_slope      =  2.9583619106993937
    iod_depth       =  0.8997969235466788
    lsf_left_1      =  2.8386217661213116
    lsf_left_2      =  -13.673367641338663
    lsf_left_3      =  3.455104736984258
    lsf_left_4      =  -3.216132204198934
    lsf_left_5      =  1.1687358573546913
    lsf_right1      =  2.7973373871126084
    lsf_right2      =  -14.727480993156838
    lsf_right3      =  1.9792299133904587
    lsf_right4      =  -3.9415010845825487
    lsf_right5      =  0.4026537445544312
    tem_depth       =  0.3649022016280411
    velocity        =  -17652.72606812358
    wave_intercept  =  6048.878565305711
    wave_slope      =  0.017737083956217783
ERROR - Evaluated LSF:
ERROR - [nan nan nan nan nan nan nan nan nan nan nan nan nan nan nan nan nan nan
 nan nan nan nan nan nan nan nan nan nan nan nan nan nan nan nan nan nan
 nan nan nan nan nan nan nan nan nan nan nan nan nan nan nan nan nan nan
 nan nan nan nan nan nan nan nan nan nan nan nan nan nan nan nan nan nan
 nan]
WARNING - Chunk 458:
WARNING - NaN values detected in your input data or the output of your objective/model function - fitting algorithms cannot handle this! Please read https://lmfit.github.io/lmfit-py/faq.html#i-get-errors-from-nan-in-my-fit-what-can-i-do for more information.
ERROR - Chunk 470: No Data! Returning LmfitResult with None.
ERROR - NaN value detected in oversampled model function.
ERROR - <ParameterSet (values: 17)>
    cont_intercept  =  12059.930282762441
    cont_slope      =  -5.282950066012153
    iod_depth       =  0.547356640614848
    lsf_left_1      =  2.37196823053047
    lsf_left_2      =  -19.350943754169776
    lsf_left_3      =  1.5064063321405285
    lsf_left_4      =  -1.0567416875881266
    lsf_left_5      =  0.6030375884028795
    lsf_right1      =  7.4122880313672255
    lsf_right2      =  -19.30860256192074
    lsf_right3      =  1.1550372071865853
    lsf_right4      =  -2.8114203820277543
    lsf_right5      =  0.24682796300473198
    tem_depth       =  0.9209562682958546
    velocity        =  -2863.9875184655443
    wave_intercept  =  6078.918159028468
    wave_slope      =  0.015375676414622083
ERROR - Evaluated LSF:
ERROR - [nan nan nan nan nan nan nan nan nan nan nan nan nan nan nan nan nan nan
 nan nan nan nan nan nan nan nan nan nan nan nan nan nan nan nan nan nan
 nan nan nan nan nan nan nan nan nan nan nan nan nan nan nan nan nan nan
 nan nan nan nan nan nan nan nan nan nan nan nan nan nan nan nan nan nan
 nan]
WARNING - Chunk 472:
WARNING - NaN values detected in your input data or the output of your objective/model function - fitting algorithms cannot handle this! Please read https://lmfit.github.io/lmfit-py/faq.html#i-get-errors-from-nan-in-my-fit-what-can-i-do for more information.
ERROR - NaN value detected in oversampled model function.
ERROR - <ParameterSet (values: 17)>
    cont_intercept  =  7889.777281903521
    cont_slope      =  7.671372066141104
    iod_depth       =  0.6188562103442024
    lsf_left_1      =  2.5874848765458647
    lsf_left_2      =  -8.678642784874258
    lsf_left_3      =  2.131573300833461
    lsf_left_4      =  -2.7858215086412894
    lsf_left_5      =  0.35632566924607917
    lsf_right1      =  3.825888886581872
    lsf_right2      =  -19.351549801209455
    lsf_right3      =  1.453146582582617
    lsf_right4      =  -1.5039520593942304
    lsf_right5      =  0.13974712174001636
    tem_depth       =  0.9531571694943523
    velocity        =  -4016.378844626938
    wave_intercept  =  6089.988582407489
    wave_slope      =  0.01919783900439764
ERROR - Evaluated LSF:
ERROR - [nan nan nan nan nan nan nan nan nan nan nan nan nan nan nan nan nan nan
 nan nan nan nan nan nan nan nan nan nan nan nan nan nan nan nan nan nan
 nan nan nan nan nan nan nan nan nan nan nan nan nan nan nan nan nan nan
 nan nan nan nan nan nan nan nan nan nan nan nan nan nan nan nan nan nan
 nan]
WARNING - Chunk 475:
WARNING - NaN values detected in your input data or the output of your objective/model function - fitting algorithms cannot handle this! Please read https://lmfit.github.io/lmfit-py/faq.html#i-get-errors-from-nan-in-my-fit-what-can-i-do for more information.
ERROR - NaN value detected in oversampled model function.
ERROR - <ParameterSet (values: 17)>
    cont_intercept  =  11776.655965752001
    cont_slope      =  -3.703616470436549
    iod_depth       =  0.9116693607293234
    lsf_left_1      =  3.5044825481212944
    lsf_left_2      =  -10.794418742111091
    lsf_left_3      =  4.980968419628262
    lsf_left_4      =  -3.016805691122417
    lsf_left_5      =  0.9253544684526055
    lsf_right1      =  6.089889875359884
    lsf_right2      =  -12.595335638409145
    lsf_right3      =  1.2799578093499333
    lsf_right4      =  -3.2020344734947783
    lsf_right5      =  0.15265192334091163
    tem_depth       =  0.8318743161104978
    velocity        =  -1268.5164309457232
    wave_intercept  =  6143.705629620997
    wave_slope      =  0.015015534900647713
ERROR - Evaluated LSF:
ERROR - [nan nan nan nan nan nan nan nan nan nan nan nan nan nan nan nan nan nan
 nan nan nan nan nan nan nan nan nan nan nan nan nan nan nan nan nan nan
 nan nan nan nan nan nan nan nan nan nan nan nan nan nan nan nan nan nan
 nan nan nan nan nan nan nan nan nan nan nan nan nan nan nan nan nan nan
 nan]
WARNING - Chunk 499:
WARNING - NaN values detected in your input data or the output of your objective/model function - fitting algorithms cannot handle this! Please read https://lmfit.github.io/lmfit-py/faq.html#i-get-errors-from-nan-in-my-fit-what-can-i-do for more information.
ERROR - NaN value detected in oversampled model function.
ERROR - <ParameterSet (values: 17)>
    cont_intercept  =  15880.861687297896
    cont_slope      =  -1.11803657105492
    iod_depth       =  0.3103667345306117
    lsf_left_1      =  2.5304678347418696
    lsf_left_2      =  -6.251444566070894
    lsf_left_3      =  5.3134499368548465
    lsf_left_4      =  -3.9327551488450965
    lsf_left_5      =  0.9996349686471742
    lsf_right1      =  3.0275289069862072
    lsf_right2      =  -18.848501889181605
    lsf_right3      =  1.3506095620786789
    lsf_right4      =  -1.2545927816725038
    lsf_right5      =  0.14983930458546024
    tem_depth       =  -0.7650282420305718
    velocity        =  -21019.973186751096
    wave_intercept  =  6184.822904900008
    wave_slope      =  0.016447350091385687
ERROR - Evaluated LSF:
ERROR - [nan nan nan nan nan nan nan nan nan nan nan nan nan nan nan nan nan nan
 nan nan nan nan nan nan nan nan nan nan nan nan nan nan nan nan nan nan
 nan nan nan nan nan nan nan nan nan nan nan nan nan nan nan nan nan nan
 nan nan nan nan nan nan nan nan nan nan nan nan nan nan nan nan nan nan
 nan]
WARNING - Chunk 515:
WARNING - NaN values detected in your input data or the output of your objective/model function - fitting algorithms cannot handle this! Please read https://lmfit.github.io/lmfit-py/faq.html#i-get-errors-from-nan-in-my-fit-what-can-i-do for more information.
ERROR - NaN value detected in oversampled model function.
ERROR - <ParameterSet (values: 17)>
    cont_intercept  =  13918.926078137822
    cont_slope      =  -3.7498195429816557
    iod_depth       =  0.9526241661675643
    lsf_left_1      =  3.96757589744142
    lsf_left_2      =  -19.351633095398327
    lsf_left_3      =  9.323673610086717
    lsf_left_4      =  -2.5552565991907543
    lsf_left_5      =  0.6440545635145092
    lsf_right1      =  2.696264124039374
    lsf_right2      =  -18.861836971469803
    lsf_right3      =  9.843637582685563
    lsf_right4      =  -3.6195875817570475
    lsf_right5      =  0.7080212207588819
    tem_depth       =  0.11905533760686948
    velocity        =  -8754.187967892634
    wave_intercept  =  6197.610569832335
    wave_slope      =  0.015970953737820294
ERROR - Evaluated LSF:
ERROR - [nan nan nan nan nan nan nan nan nan nan nan nan nan nan nan nan nan nan
 nan nan nan nan nan nan nan nan nan nan nan nan nan nan nan nan nan nan
 nan nan nan nan nan nan nan nan nan nan nan nan nan nan nan nan nan nan
 nan nan nan nan nan nan nan nan nan nan nan nan nan nan nan nan nan nan
 nan]
WARNING - Chunk 520:
WARNING - NaN values detected in your input data or the output of your objective/model function - fitting algorithms cannot handle this! Please read https://lmfit.github.io/lmfit-py/faq.html#i-get-errors-from-nan-in-my-fit-what-can-i-do for more information.
ERROR - NaN value detected in oversampled model function.
ERROR - <ParameterSet (values: 17)>
    cont_intercept  =  7978.7583550411555
    cont_slope      =  5.467500688064071
    iod_depth       =  0.5232799753879772
    lsf_left_1      =  5.941990438734376
    lsf_left_2      =  -15.403896692604865
    lsf_left_3      =  3.140140496557116
    lsf_left_4      =  -0.6074763702099939
    lsf_left_5      =  0.14513114705221608
    lsf_right1      =  7.083604463694511
    lsf_right2      =  -19.26294221545791
    lsf_right3      =  4.308150363719444
    lsf_right4      =  -3.900879763384542
    lsf_right5      =  1.187963162755787
    tem_depth       =  0.9935413807833942
    velocity        =  -1972.9613136839398
    wave_intercept  =  6214.250623226512
    wave_slope      =  0.019602029754267163
ERROR - Evaluated LSF:
ERROR - [nan nan nan nan nan nan nan nan nan nan nan nan nan nan nan nan nan nan
 nan nan nan nan nan nan nan nan nan nan nan nan nan nan nan nan nan nan
 nan nan nan nan nan nan nan nan nan nan nan nan nan nan nan nan nan nan
 nan nan nan nan nan nan nan nan nan nan nan nan nan nan nan nan nan nan
 nan]
WARNING - Chunk 525:
WARNING - NaN values detected in your input data or the output of your objective/model function - fitting algorithms cannot handle this! Please read https://lmfit.github.io/lmfit-py/faq.html#i-get-errors-from-nan-in-my-fit-what-can-i-do for more information.
ERROR - NaN value detected in oversampled model function.
ERROR - <ParameterSet (values: 17)>
    cont_intercept  =  8872.801449454668
    cont_slope      =  8.119394339085483
    iod_depth       =  0.49134630647259864
    lsf_left_1      =  2.2364581388364857
    lsf_left_2      =  -19.045079572800404
    lsf_left_3      =  10.149177250819344
    lsf_left_4      =  -3.893495575142342
    lsf_left_5      =  1.1360471313192866
    lsf_right1      =  3.7975010552956787
    lsf_right2      =  -19.302019239932402
    lsf_right3      =  2.8527977201261323
    lsf_right4      =  -2.4252876609162857
    lsf_right5      =  0.9718505445755217
    tem_depth       =  0.9060421973335905
    velocity        =  -2600.94943303649
    wave_intercept  =  6216.856414124184
    wave_slope      =  0.019747665006979127
ERROR - Evaluated LSF:
ERROR - [nan nan nan nan nan nan nan nan nan nan nan nan nan nan nan nan nan nan
 nan nan nan nan nan nan nan nan nan nan nan nan nan nan nan nan nan nan
 nan nan nan nan nan nan nan nan nan nan nan nan nan nan nan nan nan nan
 nan nan nan nan nan nan nan nan nan nan nan nan nan nan nan nan nan nan
 nan]
WARNING - Chunk 526:
WARNING - NaN values detected in your input data or the output of your objective/model function - fitting algorithms cannot handle this! Please read https://lmfit.github.io/lmfit-py/faq.html#i-get-errors-from-nan-in-my-fit-what-can-i-do for more information.
ERROR - NaN value detected in oversampled model function.
ERROR - <ParameterSet (values: 17)>
    cont_intercept  =  11931.571425081445
    cont_slope      =  6.916969291852771
    iod_depth       =  0.318527277975335
    lsf_left_1      =  2.1769088233532994
    lsf_left_2      =  -15.383823363341257
    lsf_left_3      =  5.012830756342275
    lsf_left_4      =  -3.8788411222259875
    lsf_left_5      =  0.6223166825152786
    lsf_right1      =  3.1658140720486996
    lsf_right2      =  -18.176673208119034
    lsf_right3      =  4.123753672869229
    lsf_right4      =  -2.221957592383876
    lsf_right5      =  0.5129531415435473
    tem_depth       =  1.0538824210130848
    velocity        =  -3047.7219093317085
    wave_intercept  =  6224.343570670144
    wave_slope      =  0.018848729760375275
ERROR - Evaluated LSF:
ERROR - [nan nan nan nan nan nan nan nan nan nan nan nan nan nan nan nan nan nan
 nan nan nan nan nan nan nan nan nan nan nan nan nan nan nan nan nan nan
 nan nan nan nan nan nan nan nan nan nan nan nan nan nan nan nan nan nan
 nan nan nan nan nan nan nan nan nan nan nan nan nan nan nan nan nan nan
 nan]
WARNING - Chunk 529:
WARNING - NaN values detected in your input data or the output of your objective/model function - fitting algorithms cannot handle this! Please read https://lmfit.github.io/lmfit-py/faq.html#i-get-errors-from-nan-in-my-fit-what-can-i-do for more information.
ERROR - NaN value detected in oversampled model function.
ERROR - <ParameterSet (values: 17)>
    cont_intercept  =  14993.896340883437
    cont_slope      =  3.7961396834816177
    iod_depth       =  0.879904722950253
    lsf_left_1      =  4.659272492298233
    lsf_left_2      =  -19.0362516796085
    lsf_left_3      =  7.947309629043284
    lsf_left_4      =  -3.448513894033631
    lsf_left_5      =  0.6946881153414921
    lsf_right1      =  6.082137617950101
    lsf_right2      =  -18.766493807479456
    lsf_right3      =  2.5329742135000943
    lsf_right4      =  -2.2194194407350154
    lsf_right5      =  0.3400770229291276
    tem_depth       =  0.4890621545581781
    velocity        =  -6722.414196947167
    wave_intercept  =  6236.4090674318195
    wave_slope      =  0.018019043225821988
ERROR - Evaluated LSF:
ERROR - [nan nan nan nan nan nan nan nan nan nan nan nan nan nan nan nan nan nan
 nan nan nan nan nan nan nan nan nan nan nan nan nan nan nan nan nan nan
 nan nan nan nan nan nan nan nan nan nan nan nan nan nan nan nan nan nan
 nan nan nan nan nan nan nan nan nan nan nan nan nan nan nan nan nan nan
 nan]
WARNING - Chunk 534:
WARNING - NaN values detected in your input data or the output of your objective/model function - fitting algorithms cannot handle this! Please read https://lmfit.github.io/lmfit-py/faq.html#i-get-errors-from-nan-in-my-fit-what-can-i-do for more information.
ERROR - Chunk 537: No Data! Returning LmfitResult with None.
ERROR - Chunk 544: No Data! Returning LmfitResult with None.
ERROR - NaN value detected in oversampled model function.
ERROR - <ParameterSet (values: 17)>
    cont_intercept  =  14152.811542009624
    cont_slope      =  2.5031760444497575
    iod_depth       =  0.6321765036218832
    lsf_left_1      =  5.725339724873399
    lsf_left_2      =  -14.284642520388516
    lsf_left_3      =  4.616839522637842
    lsf_left_4      =  -3.449674443227202
    lsf_left_5      =  1.1927040616984697
    lsf_right1      =  4.963085945123267
    lsf_right2      =  -15.932276612632121
    lsf_right3      =  2.2796677696648273
    lsf_right4      =  -2.9160598823243298
    lsf_right5      =  0.831180486473298
    tem_depth       =  0.9316978422885674
    velocity        =  -1638.9331608719986
    wave_intercept  =  6295.950211459184
    wave_slope      =  0.018661680557296743
ERROR - Evaluated LSF:
ERROR - [nan nan nan nan nan nan nan nan nan nan nan nan nan nan nan nan nan nan
 nan nan nan nan nan nan nan nan nan nan nan nan nan nan nan nan nan nan
 nan nan nan nan nan nan nan nan nan nan nan nan nan nan nan nan nan nan
 nan nan nan nan nan nan nan nan nan nan nan nan nan nan nan nan nan nan
 nan]
WARNING - Chunk 557:
WARNING - NaN values detected in your input data or the output of your objective/model function - fitting algorithms cannot handle this! Please read https://lmfit.github.io/lmfit-py/faq.html#i-get-errors-from-nan-in-my-fit-what-can-i-do for more information.
ERROR - NaN value detected in oversampled model function.
ERROR - <ParameterSet (values: 17)>
    cont_intercept  =  15501.420899407365
    cont_slope      =  -1.4166702250661205
    iod_depth       =  0.540159505202818
    lsf_left_1      =  4.71200238968151
    lsf_left_2      =  -18.2465524200258
    lsf_left_3      =  1.4455562194118792
    lsf_left_4      =  -0.49029349043445114
    lsf_left_5      =  0.15261811642210782
    lsf_right1      =  2.8765113763205568
    lsf_right2      =  -11.896163018464854
    lsf_right3      =  2.1166941982866687
    lsf_right4      =  -1.5725689269071936
    lsf_right5      =  0.42856766627501425
    tem_depth       =  1.0485133467105414
    velocity        =  -2711.7077738541725
    wave_intercept  =  6314.5149202981465
    wave_slope      =  0.017839097069437926
ERROR - Evaluated LSF:
ERROR - [nan nan nan nan nan nan nan nan nan nan nan nan nan nan nan nan nan nan
 nan nan nan nan nan nan nan nan nan nan nan nan nan nan nan nan nan nan
 nan nan nan nan nan nan nan nan nan nan nan nan nan nan nan nan nan nan
 nan nan nan nan nan nan nan nan nan nan nan nan nan nan nan nan nan nan
 nan]
WARNING - Chunk 565:
WARNING - NaN values detected in your input data or the output of your objective/model function - fitting algorithms cannot handle this! Please read https://lmfit.github.io/lmfit-py/faq.html#i-get-errors-from-nan-in-my-fit-what-can-i-do for more information.
ERROR - Chunk 569: No Data! Returning LmfitResult with None.
ERROR - Chunk 570: No Data! Returning LmfitResult with None.
ERROR - NaN value detected in oversampled model function.
ERROR - <ParameterSet (values: 17)>
    cont_intercept  =  11804.694046495672
    cont_slope      =  -5.871728873425919
    iod_depth       =  0.4912880991482804
    lsf_left_1      =  2.1427827985475236
    lsf_left_2      =  -15.563311045224962
    lsf_left_3      =  5.4272493489290845
    lsf_left_4      =  -1.8311291559378322
    lsf_left_5      =  0.5992893266070972
    lsf_right1      =  2.799709271996167
    lsf_right2      =  -10.002092380651604
    lsf_right3      =  7.189693411254014
    lsf_right4      =  -2.870790929057906
    lsf_right5      =  0.1659775763924772
    tem_depth       =  1.024353759106866
    velocity        =  157.13071741773905
    wave_intercept  =  6331.690566330378
    wave_slope      =  0.015265369973356317
ERROR - Evaluated LSF:
ERROR - [nan nan nan nan nan nan nan nan nan nan nan nan nan nan nan nan nan nan
 nan nan nan nan nan nan nan nan nan nan nan nan nan nan nan nan nan nan
 nan nan nan nan nan nan nan nan nan nan nan nan nan nan nan nan nan nan
 nan nan nan nan nan nan nan nan nan nan nan nan nan nan nan nan nan nan
 nan]
WARNING - Chunk 573:
WARNING - NaN values detected in your input data or the output of your objective/model function - fitting algorithms cannot handle this! Please read https://lmfit.github.io/lmfit-py/faq.html#i-get-errors-from-nan-in-my-fit-what-can-i-do for more information.
INFO - 
INFO - Number of chunks with no uncertainties: 1
INFO - Number of chunks with outliers: 0
INFO - Number of chunks with nan fitted red. Chi2: 47
INFO - 
INFO - Creating analysis plots...
ERROR - NaN value detected in iodine function.
ERROR - Chunk could not be plotted
Traceback (most recent call last):
  File "/Users/jaklusmeyer/SONG/pyodine/pyodine/plot_lib.py", line 62, in plot_chunkmodel
    sp = fit_results[chunk_nr].fitted_spectrum
  File "/Users/jaklusmeyer/SONG/pyodine/pyodine/fitters/base.py", line 45, in fitted_spectrum
    return self.model.eval_spectrum(self.chunk, self.params, chunk_ind=self.chunk_ind)
  File "/Users/jaklusmeyer/SONG/pyodine/pyodine/models/base.py", line 79, in eval_spectrum
    flux = self.eval(chunk, params, chunk_ind=chunk_ind, **kwargs)
  File "/Users/jaklusmeyer/SONG/pyodine/pyodine/models/spectrum.py", line 138, in eval
    tck = splrep(tem.wave * doppler, flux_tem, s=0)
  File "/Users/jaklusmeyer/miniconda/envs/pyodine_env/lib/python3.9/site-packages/scipy/interpolate/_fitpack_py.py", line 295, in splrep
    res = _impl.splrep(x, y, w, xb, xe, k, task, s, t, full_output, per, quiet)
  File "/Users/jaklusmeyer/miniconda/envs/pyodine_env/lib/python3.9/site-packages/scipy/interpolate/_fitpack_impl.py", line 276, in splrep
    n, c, fp, ier = dfitpack.curfit(task, x, y, w, t, wrk, iwrk,
dfitpack.error: (xb<=x[0]) failed for 1st keyword xb: curfit:xb=nan
ERROR - NaN value detected in iodine function.
ERROR - Chunk could not be plotted
Traceback (most recent call last):
  File "/Users/jaklusmeyer/SONG/pyodine/pyodine/plot_lib.py", line 62, in plot_chunkmodel
    sp = fit_results[chunk_nr].fitted_spectrum
  File "/Users/jaklusmeyer/SONG/pyodine/pyodine/fitters/base.py", line 45, in fitted_spectrum
    return self.model.eval_spectrum(self.chunk, self.params, chunk_ind=self.chunk_ind)
  File "/Users/jaklusmeyer/SONG/pyodine/pyodine/models/base.py", line 79, in eval_spectrum
    flux = self.eval(chunk, params, chunk_ind=chunk_ind, **kwargs)
  File "/Users/jaklusmeyer/SONG/pyodine/pyodine/models/spectrum.py", line 138, in eval
    tck = splrep(tem.wave * doppler, flux_tem, s=0)
  File "/Users/jaklusmeyer/miniconda/envs/pyodine_env/lib/python3.9/site-packages/scipy/interpolate/_fitpack_py.py", line 295, in splrep
    res = _impl.splrep(x, y, w, xb, xe, k, task, s, t, full_output, per, quiet)
  File "/Users/jaklusmeyer/miniconda/envs/pyodine_env/lib/python3.9/site-packages/scipy/interpolate/_fitpack_impl.py", line 276, in splrep
    n, c, fp, ier = dfitpack.curfit(task, x, y, w, t, wrk, iwrk,
dfitpack.error: (xb<=x[0]) failed for 1st keyword xb: curfit:xb=nan
INFO - Velocity robust mean: -2799.9563867572315
INFO - Velocity robust std: 620.0960227884065
INFO - 
INFO - Velocity error robust mean: 208.10258858963832
INFO - Velocity error robust std: 199.3855594987039
INFO - 
INFO - Minimum error: 68.20497859416048 in chunk 187
INFO - Maximum error: 503599.1082452517 in chunk 447
INFO - 
INFO - Chunks with nan velocities: [ 16  29  31  36  40  43  60  62  63  84 152 157 162 173 190 191 214 253
 281 296 313 357 366 382 386 430 434 438 456 458 470 472 475 499 515 520
 525 526 529 534 537 544 557 565 569 570 573]
INFO - Chunks with nan velocity errors: [ 16  29  31  36  40  43  60  62  63  84 152 157 162 173 190 191 214 253
 281 296 313 357 366 382 386 430 434 438 456 458 470 472 475 498 499 515
 520 525 526 529 534 537 544 557 565 569 570 573]
INFO - Velocity error at percentile 80: 750.9315054400159
INFO - 
INFO - Time to model this observation: 136.10731101036072
