INFO - 
INFO - Branch: master
INFO - Hash: c2a71ac
INFO - ---------------------------
INFO - Working on: /Users/jaklusmeyer/SONG/reduce/UT260321/sciencestar/HD185144_ec_260306.0243.fits
INFO - 
INFO - Median flux of the observation: 8029
INFO - Loading template from file: /Users/jaklusmeyer/SONG/reduce/0007_sigdra_temp_results_v1/obs_temp_highsnr_test.h5
INFO - 
INFO - Order correction: 0
INFO - 
INFO - Measured velocity rel. to reference spectrum: 30.170 km/s
INFO - Template velocity: 38.044 km/s
INFO - Velocity guess: -7.874 km/s (relative to template)

INFO - (Barycentric velocity of observation: -3.240 km/s)
INFO - (Barycentric velocity of template: -4.628 km/s)

INFO - 
INFO - Barycentric redshift between template and observation: 
INFO - v = -1388.4479508478066, z = -4.631363844542769e-06

INFO - Startpixel (order 26, chunk 29): -65
INFO - -> Correcting to 0.
INFO - Startpixel (order 27, chunk 63): -65
INFO - -> Correcting to 0.
INFO - Startpixel (order 32, chunk 190): -65
INFO - -> Correcting to 0.
INFO - Startpixel (order 33, chunk 214): -65
INFO - -> Correcting to 0.
INFO - Startpixel (order 36, chunk 296): -65
INFO - -> Correcting to 0.
INFO - Startpixel (order 39, chunk 357): -65
INFO - -> Correcting to 0.
INFO - Startpixel (order 39, chunk 366): -65
INFO - -> Correcting to 0.
INFO - Startpixel (order 43, chunk 470): -65
INFO - -> Correcting to 0.
INFO - Startpixel (order 46, chunk 537): -65
INFO - -> Correcting to 0.
INFO - Startpixel (order 46, chunk 544): -65
INFO - -> Correcting to 0.
INFO - Startpixel (order 47, chunk 569): -65
INFO - -> Correcting to 0.
INFO - Startpixel (order 47, chunk 570): -65
INFO - -> Correcting to 0.
INFO - 
INFO - Total number of chunks: 575
INFO - Nr. chunks in order 0: 25
INFO - First and last covered pixel of chunks in order 0: 17, 3266
INFO - Orders: 25 - 47 (23 in total)
INFO - 
INFO - ----------------------
INFO - RUN 0
INFO - ----------------------
INFO - 
INFO - Constraining parameters for RUN 0
WARNING - Chunk 29:
WARNING - (xb<=x[0]) failed for 1st keyword xb: curfit:xb=nan
WARNING - Chunk 63:
WARNING - (xb<=x[0]) failed for 1st keyword xb: curfit:xb=nan
WARNING - Chunk 190:
WARNING - (xb<=x[0]) failed for 1st keyword xb: curfit:xb=nan
WARNING - Chunk 214:
WARNING - (xb<=x[0]) failed for 1st keyword xb: curfit:xb=nan
WARNING - Chunk 296:
WARNING - (xb<=x[0]) failed for 1st keyword xb: curfit:xb=nan
WARNING - Chunk 357:
WARNING - (xb<=x[0]) failed for 1st keyword xb: curfit:xb=nan
WARNING - Chunk 366:
WARNING - (xb<=x[0]) failed for 1st keyword xb: curfit:xb=nan
WARNING - Chunk 470:
WARNING - (xb<=x[0]) failed for 1st keyword xb: curfit:xb=nan
WARNING - Chunk 537:
WARNING - (xb<=x[0]) failed for 1st keyword xb: curfit:xb=nan
WARNING - Chunk 544:
WARNING - (xb<=x[0]) failed for 1st keyword xb: curfit:xb=nan
WARNING - Chunk 569:
WARNING - (xb<=x[0]) failed for 1st keyword xb: curfit:xb=nan
WARNING - Chunk 570:
WARNING - (xb<=x[0]) failed for 1st keyword xb: curfit:xb=nan
INFO - 
INFO - Number of chunks with no uncertainties: 0
INFO - Number of chunks with outliers: 0
INFO - Number of chunks with nan fitted red. Chi2: 12
INFO - 
INFO - Creating analysis plots...
INFO - 
INFO - ----------------------
INFO - RUN 1
INFO - ----------------------
INFO - 
INFO - Constraining parameters for RUN 1
INFO - 
INFO - Fitted LSF parameters:
INFO - <ParameterSet (values: 10)>
    left_1  =  10.521317803898848
    left_2  =  -10.771169984337066
    left_3  =  5.705520870607643
    left_4  =  -2.202065435659573
    left_5  =  0.6645812973948462
    right1  =  10.521322096231504
    right2  =  -10.771170487835125
    right3  =  5.70552023088551
    right4  =  -2.2020644863189247
    right5  =  0.6645808681403154
ERROR - NaN value detected in oversampled model function.
ERROR - <ParameterSet (values: 17)>
    cont_intercept  =  8577.855721008797
    cont_slope      =  2.8550879072837656
    iod_depth       =  0.6482298833808596
    lsf_left_1      =  10.485822503676735
    lsf_left_2      =  -18.7879854533067
    lsf_left_3      =  1.642980430977793
    lsf_left_4      =  -2.2977130760040096
    lsf_left_5      =  0.9718213728409897
    lsf_right1      =  2.2780559154992415
    lsf_right2      =  -16.252003725861716
    lsf_right3      =  5.536887040602377
    lsf_right4      =  -0.8154163933168115
    lsf_right5      =  0.13782369974296618
    tem_depth       =  0.8361703488066913
    velocity        =  -2101.1759323253164
    wave_intercept  =  5135.892463237158
    wave_slope      =  0.014916689615878404
ERROR - Evaluated LSF:
ERROR - [nan nan nan nan nan nan nan nan nan nan nan nan nan nan nan nan nan nan
 nan nan nan nan nan nan nan nan nan nan nan nan nan nan nan nan nan nan
 nan nan nan nan nan nan nan nan nan nan nan nan nan nan nan nan nan nan
 nan nan nan nan nan nan nan nan nan nan nan nan nan nan nan nan nan nan
 nan]
WARNING - Chunk 9:
WARNING - NaN values detected in your input data or the output of your objective/model function - fitting algorithms cannot handle this! Please read https://lmfit.github.io/lmfit-py/faq.html#i-get-errors-from-nan-in-my-fit-what-can-i-do for more information.
ERROR - Chunk 29: No Data! Returning LmfitResult with None.
ERROR - Chunk 63: No Data! Returning LmfitResult with None.
ERROR - NaN value detected in oversampled model function.
ERROR - <ParameterSet (values: 17)>
    cont_intercept  =  10754.236373991878
    cont_slope      =  -3.182114496176646
    iod_depth       =  0.703528844007363
    lsf_left_1      =  2.1719536184604737
    lsf_left_2      =  -19.205495154275393
    lsf_left_3      =  8.166691415168128
    lsf_left_4      =  -3.9575425434192275
    lsf_left_5      =  1.1889114910484664
    lsf_right1      =  4.8675918567938385
    lsf_right2      =  -15.59113408389031
    lsf_right3      =  3.1190430031340206
    lsf_right4      =  -3.3824911808952938
    lsf_right5      =  0.6978987853484359
    tem_depth       =  0.9502260359556631
    velocity        =  -1609.3055455341625
    wave_intercept  =  5244.185277024282
    wave_slope      =  0.013553882044017172
ERROR - Evaluated LSF:
ERROR - [nan nan nan nan nan nan nan nan nan nan nan nan nan nan nan nan nan nan
 nan nan nan nan nan nan nan nan nan nan nan nan nan nan nan nan nan nan
 nan nan nan nan nan nan nan nan nan nan nan nan nan nan nan nan nan nan
 nan nan nan nan nan nan nan nan nan nan nan nan nan nan nan nan nan nan
 nan]
WARNING - Chunk 70:
WARNING - NaN values detected in your input data or the output of your objective/model function - fitting algorithms cannot handle this! Please read https://lmfit.github.io/lmfit-py/faq.html#i-get-errors-from-nan-in-my-fit-what-can-i-do for more information.
ERROR - NaN value detected in oversampled model function.
ERROR - <ParameterSet (values: 17)>
    cont_intercept  =  9559.572065655093
    cont_slope      =  -3.150408217543165
    iod_depth       =  0.7034077310024053
    lsf_left_1      =  4.59126295562488
    lsf_left_2      =  -18.963341455184928
    lsf_left_3      =  4.641513122484543
    lsf_left_4      =  -3.350487495832381
    lsf_left_5      =  0.14072650189004035
    lsf_right1      =  8.54954453980656
    lsf_right2      =  -19.0293835781089
    lsf_right3      =  9.935707626513567
    lsf_right4      =  -3.6923114008999827
    lsf_right5      =  0.8817579249915132
    tem_depth       =  0.889960566413235
    velocity        =  -1677.0387934680332
    wave_intercept  =  5247.6680224888605
    wave_slope      =  0.013242736348599649
ERROR - Evaluated LSF:
ERROR - [nan nan nan nan nan nan nan nan nan nan nan nan nan nan nan nan nan nan
 nan nan nan nan nan nan nan nan nan nan nan nan nan nan nan nan nan nan
 nan nan nan nan nan nan nan nan nan nan nan nan nan nan nan nan nan nan
 nan nan nan nan nan nan nan nan nan nan nan nan nan nan nan nan nan nan
 nan]
WARNING - Chunk 72:
WARNING - NaN values detected in your input data or the output of your objective/model function - fitting algorithms cannot handle this! Please read https://lmfit.github.io/lmfit-py/faq.html#i-get-errors-from-nan-in-my-fit-what-can-i-do for more information.
ERROR - NaN value detected in oversampled model function.
ERROR - <ParameterSet (values: 17)>
    cont_intercept  =  11165.966083643814
    cont_slope      =  -1.4938765503986766
    iod_depth       =  0.6699680273724588
    lsf_left_1      =  2.533777804208446
    lsf_left_2      =  -11.211981975663496
    lsf_left_3      =  6.738058075492524
    lsf_left_4      =  -3.3861969166066705
    lsf_left_5      =  0.1424209015347164
    lsf_right1      =  2.3646395672033167
    lsf_right2      =  -16.008360003499273
    lsf_right3      =  1.8647513661783672
    lsf_right4      =  -0.9330825372286342
    lsf_right5      =  0.5060922669002925
    tem_depth       =  0.8517158057736623
    velocity        =  -1520.6025312990178
    wave_intercept  =  5283.98527296545
    wave_slope      =  0.014029118361145477
ERROR - Evaluated LSF:
ERROR - [nan nan nan nan nan nan nan nan nan nan nan nan nan nan nan nan nan nan
 nan nan nan nan nan nan nan nan nan nan nan nan nan nan nan nan nan nan
 nan nan nan nan nan nan nan nan nan nan nan nan nan nan nan nan nan nan
 nan nan nan nan nan nan nan nan nan nan nan nan nan nan nan nan nan nan
 nan]
WARNING - Chunk 92:
WARNING - NaN values detected in your input data or the output of your objective/model function - fitting algorithms cannot handle this! Please read https://lmfit.github.io/lmfit-py/faq.html#i-get-errors-from-nan-in-my-fit-what-can-i-do for more information.
ERROR - NaN value detected in oversampled model function.
ERROR - <ParameterSet (values: 17)>
    cont_intercept  =  9836.158831737646
    cont_slope      =  -3.9367022985001237
    iod_depth       =  0.46730729752521866
    lsf_left_1      =  2.138064197800097
    lsf_left_2      =  -19.14362534369752
    lsf_left_3      =  1.2818608140992558
    lsf_left_4      =  -2.322580841760042
    lsf_left_5      =  1.1299952118765912
    lsf_right1      =  2.5832014992196304
    lsf_right2      =  -11.824961671040745
    lsf_right3      =  8.052558566092635
    lsf_right4      =  -3.343686886142339
    lsf_right5      =  1.0000787716309074
    tem_depth       =  1.2105613917240943
    velocity        =  -2845.1919902365294
    wave_intercept  =  5294.639162409209
    wave_slope      =  0.013253689007516577
ERROR - Evaluated LSF:
ERROR - [nan nan nan nan nan nan nan nan nan nan nan nan nan nan nan nan nan nan
 nan nan nan nan nan nan nan nan nan nan nan nan nan nan nan nan nan nan
 nan nan nan nan nan nan nan nan nan nan nan nan nan nan nan nan nan nan
 nan nan nan nan nan nan nan nan nan nan nan nan nan nan nan nan nan nan
 nan]
WARNING - Chunk 98:
WARNING - NaN values detected in your input data or the output of your objective/model function - fitting algorithms cannot handle this! Please read https://lmfit.github.io/lmfit-py/faq.html#i-get-errors-from-nan-in-my-fit-what-can-i-do for more information.
ERROR - NaN value detected in oversampled model function.
ERROR - <ParameterSet (values: 17)>
    cont_intercept  =  12882.429203175272
    cont_slope      =  0.5493297574377535
    iod_depth       =  0.7868216752203895
    lsf_left_1      =  2.193349697679512
    lsf_left_2      =  -8.356354439299194
    lsf_left_3      =  1.4383378770545856
    lsf_left_4      =  -0.6056183095872498
    lsf_left_5      =  0.29412837202924347
    lsf_right1      =  2.2194602826097913
    lsf_right2      =  -5.900087054398222
    lsf_right3      =  1.1696422599268912
    lsf_right4      =  -0.6001057207202711
    lsf_right5      =  0.16168665906167132
    tem_depth       =  0.9399962146589799
    velocity        =  -1464.9380246927842
    wave_intercept  =  5322.391260719846
    wave_slope      =  0.014786389975268379
ERROR - Evaluated LSF:
ERROR - [nan nan nan nan nan nan nan nan nan nan nan nan nan nan nan nan nan nan
 nan nan nan nan nan nan nan nan nan nan nan nan nan nan nan nan nan nan
 nan nan nan nan nan nan nan nan nan nan nan nan nan nan nan nan nan nan
 nan nan nan nan nan nan nan nan nan nan nan nan nan nan nan nan nan nan
 nan]
WARNING - Chunk 113:
WARNING - NaN values detected in your input data or the output of your objective/model function - fitting algorithms cannot handle this! Please read https://lmfit.github.io/lmfit-py/faq.html#i-get-errors-from-nan-in-my-fit-what-can-i-do for more information.
ERROR - NaN value detected in oversampled model function.
ERROR - <ParameterSet (values: 17)>
    cont_intercept  =  11806.954877329264
    cont_slope      =  8.404533206414076
    iod_depth       =  0.6468478018129153
    lsf_left_1      =  3.5577555399844325
    lsf_left_2      =  -19.37752881190822
    lsf_left_3      =  8.688458111408345
    lsf_left_4      =  -3.8545329974008746
    lsf_left_5      =  0.957147268294152
    lsf_right1      =  8.101432150171174
    lsf_right2      =  -17.114339881742023
    lsf_right3      =  1.7290974389597207
    lsf_right4      =  -2.1232169266624603
    lsf_right5      =  1.1756390507946313
    tem_depth       =  -0.07914987343464695
    velocity        =  -9243.037502298108
    wave_intercept  =  5412.64521341401
    wave_slope      =  0.015418327254153897
ERROR - Evaluated LSF:
ERROR - [nan nan nan nan nan nan nan nan nan nan nan nan nan nan nan nan nan nan
 nan nan nan nan nan nan nan nan nan nan nan nan nan nan nan nan nan nan
 nan nan nan nan nan nan nan nan nan nan nan nan nan nan nan nan nan nan
 nan nan nan nan nan nan nan nan nan nan nan nan nan nan nan nan nan nan
 nan]
WARNING - Chunk 161:
WARNING - NaN values detected in your input data or the output of your objective/model function - fitting algorithms cannot handle this! Please read https://lmfit.github.io/lmfit-py/faq.html#i-get-errors-from-nan-in-my-fit-what-can-i-do for more information.
ERROR - NaN value detected in oversampled model function.
ERROR - <ParameterSet (values: 17)>
    cont_intercept  =  12454.571519927771
    cont_slope      =  2.4639498452192687
    iod_depth       =  0.8252100020299427
    lsf_left_1      =  2.145708348641387
    lsf_left_2      =  -18.69516172280562
    lsf_left_3      =  5.871866890003351
    lsf_left_4      =  -2.870723477663316
    lsf_left_5      =  0.33953068206788184
    lsf_right1      =  5.083818160147933
    lsf_right2      =  -16.837123392322802
    lsf_right3      =  3.345592541704507
    lsf_right4      =  -0.5834853314566968
    lsf_right5      =  0.1397353847036196
    tem_depth       =  0.9007415354150538
    velocity        =  -2317.7352165172865
    wave_intercept  =  5416.580190054358
    wave_slope      =  0.015053280457306731
ERROR - Evaluated LSF:
ERROR - [nan nan nan nan nan nan nan nan nan nan nan nan nan nan nan nan nan nan
 nan nan nan nan nan nan nan nan nan nan nan nan nan nan nan nan nan nan
 nan nan nan nan nan nan nan nan nan nan nan nan nan nan nan nan nan nan
 nan nan nan nan nan nan nan nan nan nan nan nan nan nan nan nan nan nan
 nan]
WARNING - Chunk 163:
WARNING - NaN values detected in your input data or the output of your objective/model function - fitting algorithms cannot handle this! Please read https://lmfit.github.io/lmfit-py/faq.html#i-get-errors-from-nan-in-my-fit-what-can-i-do for more information.
ERROR - NaN value detected in oversampled model function.
ERROR - <ParameterSet (values: 17)>
    cont_intercept  =  9478.898002229897
    cont_slope      =  -3.7670514207270456
    iod_depth       =  1.1188496093129028
    lsf_left_1      =  2.2043786263560685
    lsf_left_2      =  -19.341474629661747
    lsf_left_3      =  1.368619209434276
    lsf_left_4      =  -2.849709523561201
    lsf_left_5      =  1.1344211334016177
    lsf_right1      =  11.861386768757116
    lsf_right2      =  -19.38635846740948
    lsf_right3      =  4.69910816489111
    lsf_right4      =  -2.1574090536168593
    lsf_right5      =  0.20172374664081089
    tem_depth       =  -0.3016271140068061
    velocity        =  -11530.219654576638
    wave_intercept  =  5436.96733149434
    wave_slope      =  0.013543678317182785
ERROR - Evaluated LSF:
ERROR - [nan nan nan nan nan nan nan nan nan nan nan nan nan nan nan nan nan nan
 nan nan nan nan nan nan nan nan nan nan nan nan nan nan nan nan nan nan
 nan nan nan nan nan nan nan nan nan nan nan nan nan nan nan nan nan nan
 nan nan nan nan nan nan nan nan nan nan nan nan nan nan nan nan nan nan
 nan]
WARNING - Chunk 174:
WARNING - NaN values detected in your input data or the output of your objective/model function - fitting algorithms cannot handle this! Please read https://lmfit.github.io/lmfit-py/faq.html#i-get-errors-from-nan-in-my-fit-what-can-i-do for more information.
ERROR - Chunk 190: No Data! Returning LmfitResult with None.
ERROR - NaN value detected in oversampled model function.
ERROR - <ParameterSet (values: 17)>
    cont_intercept  =  14133.665893028163
    cont_slope      =  -1.4830826746671897
    iod_depth       =  0.7900665914005636
    lsf_left_1      =  4.039583840474748
    lsf_left_2      =  -19.272783543754755
    lsf_left_3      =  9.277160380017003
    lsf_left_4      =  -3.7065342486898176
    lsf_left_5      =  0.29561863471302385
    lsf_right1      =  8.966602441426957
    lsf_right2      =  -18.239664017626286
    lsf_right3      =  1.6280406322542873
    lsf_right4      =  -2.2724881317763
    lsf_right5      =  0.7416762782759803
    tem_depth       =  0.9140170647125485
    velocity        =  -1879.4350192634631
    wave_intercept  =  5472.689354332836
    wave_slope      =  0.01453324067185406
ERROR - Evaluated LSF:
ERROR - [nan nan nan nan nan nan nan nan nan nan nan nan nan nan nan nan nan nan
 nan nan nan nan nan nan nan nan nan nan nan nan nan nan nan nan nan nan
 nan nan nan nan nan nan nan nan nan nan nan nan nan nan nan nan nan nan
 nan nan nan nan nan nan nan nan nan nan nan nan nan nan nan nan nan nan
 nan]
WARNING - Chunk 192:
WARNING - NaN values detected in your input data or the output of your objective/model function - fitting algorithms cannot handle this! Please read https://lmfit.github.io/lmfit-py/faq.html#i-get-errors-from-nan-in-my-fit-what-can-i-do for more information.
ERROR - Chunk 214: No Data! Returning LmfitResult with None.
ERROR - NaN value detected in oversampled model function.
ERROR - <ParameterSet (values: 17)>
    cont_intercept  =  9602.158117900848
    cont_slope      =  4.5799239927837965
    iod_depth       =  0.6619046391695184
    lsf_left_1      =  5.887189282517362
    lsf_left_2      =  -17.72583659482147
    lsf_left_3      =  9.168540586962216
    lsf_left_4      =  -2.4711657317827527
    lsf_left_5      =  0.4407121650117776
    lsf_right1      =  4.29288954835514
    lsf_right2      =  -18.46071069200437
    lsf_right3      =  3.9307435702750095
    lsf_right4      =  -3.4610998244331785
    lsf_right5      =  0.18971252792347504
    tem_depth       =  0.8800035615892143
    velocity        =  -1930.6187757872315
    wave_intercept  =  5545.37294653005
    wave_slope      =  0.0169945496476434
ERROR - Evaluated LSF:
ERROR - [nan nan nan nan nan nan nan nan nan nan nan nan nan nan nan nan nan nan
 nan nan nan nan nan nan nan nan nan nan nan nan nan nan nan nan nan nan
 nan nan nan nan nan nan nan nan nan nan nan nan nan nan nan nan nan nan
 nan nan nan nan nan nan nan nan nan nan nan nan nan nan nan nan nan nan
 nan]
WARNING - Chunk 229:
WARNING - NaN values detected in your input data or the output of your objective/model function - fitting algorithms cannot handle this! Please read https://lmfit.github.io/lmfit-py/faq.html#i-get-errors-from-nan-in-my-fit-what-can-i-do for more information.
ERROR - NaN value detected in oversampled model function.
ERROR - <ParameterSet (values: 17)>
    cont_intercept  =  5790.101055520101
    cont_slope      =  5.031933820790241
    iod_depth       =  0.6545617393972486
    lsf_left_1      =  6.482700030077649
    lsf_left_2      =  -19.183755348006496
    lsf_left_3      =  10.224942865748618
    lsf_left_4      =  -3.8484111642894017
    lsf_left_5      =  0.8388675113801033
    lsf_right1      =  7.4879168665490425
    lsf_right2      =  -16.00739313748981
    lsf_right3      =  1.8545862286446613
    lsf_right4      =  -2.850812200505764
    lsf_right5      =  0.647982707850698
    tem_depth       =  0.742733581128699
    velocity        =  -2409.9903083540235
    wave_intercept  =  5587.1583536544085
    wave_slope      =  0.01776740585287608
ERROR - Evaluated LSF:
ERROR - [nan nan nan nan nan nan nan nan nan nan nan nan nan nan nan nan nan nan
 nan nan nan nan nan nan nan nan nan nan nan nan nan nan nan nan nan nan
 nan nan nan nan nan nan nan nan nan nan nan nan nan nan nan nan nan nan
 nan nan nan nan nan nan nan nan nan nan nan nan nan nan nan nan nan nan
 nan]
WARNING - Chunk 250:
WARNING - NaN values detected in your input data or the output of your objective/model function - fitting algorithms cannot handle this! Please read https://lmfit.github.io/lmfit-py/faq.html#i-get-errors-from-nan-in-my-fit-what-can-i-do for more information.
ERROR - NaN value detected in oversampled model function.
ERROR - <ParameterSet (values: 17)>
    cont_intercept  =  11512.222988984124
    cont_slope      =  -1.4609743267061495
    iod_depth       =  0.7428640861627993
    lsf_left_1      =  5.505601784786112
    lsf_left_2      =  -18.983504198560908
    lsf_left_3      =  1.6066578215539704
    lsf_left_4      =  -3.867885666908279
    lsf_left_5      =  0.36565341905179627
    lsf_right1      =  6.658731056397346
    lsf_right2      =  -16.975861003096757
    lsf_right3      =  7.295187590566382
    lsf_right4      =  -3.827480577498476
    lsf_right5      =  0.9686239421713038
    tem_depth       =  -0.2318001920320048
    velocity        =  -12097.680000290435
    wave_intercept  =  5636.593653391333
    wave_slope      =  0.013950571828179801
ERROR - Evaluated LSF:
ERROR - [nan nan nan nan nan nan nan nan nan nan nan nan nan nan nan nan nan nan
 nan nan nan nan nan nan nan nan nan nan nan nan nan nan nan nan nan nan
 nan nan nan nan nan nan nan nan nan nan nan nan nan nan nan nan nan nan
 nan nan nan nan nan nan nan nan nan nan nan nan nan nan nan nan nan nan
 nan]
WARNING - Chunk 274:
WARNING - NaN values detected in your input data or the output of your objective/model function - fitting algorithms cannot handle this! Please read https://lmfit.github.io/lmfit-py/faq.html#i-get-errors-from-nan-in-my-fit-what-can-i-do for more information.
ERROR - NaN value detected in oversampled model function.
ERROR - <ParameterSet (values: 17)>
    cont_intercept  =  14290.076336020682
    cont_slope      =  -1.9222299024792
    iod_depth       =  0.9084910981130984
    lsf_left_1      =  2.1150363587296246
    lsf_left_2      =  -19.0877093766319
    lsf_left_3      =  4.761359733616871
    lsf_left_4      =  -0.9278573470259825
    lsf_left_5      =  0.13547933848731653
    lsf_right1      =  2.4430246759423766
    lsf_right2      =  -19.31350115408714
    lsf_right3      =  10.015708667894785
    lsf_right4      =  -2.626570461966601
    lsf_right5      =  0.2352511143035404
    tem_depth       =  -0.22770878820901208
    velocity        =  -9679.27521712151
    wave_intercept  =  5681.182787471266
    wave_slope      =  0.014668829831560122
ERROR - Evaluated LSF:
ERROR - [nan nan nan nan nan nan nan nan nan nan nan nan nan nan nan nan nan nan
 nan nan nan nan nan nan nan nan nan nan nan nan nan nan nan nan nan nan
 nan nan nan nan nan nan nan nan nan nan nan nan nan nan nan nan nan nan
 nan nan nan nan nan nan nan nan nan nan nan nan nan nan nan nan nan nan
 nan]
WARNING - Chunk 295:
WARNING - NaN values detected in your input data or the output of your objective/model function - fitting algorithms cannot handle this! Please read https://lmfit.github.io/lmfit-py/faq.html#i-get-errors-from-nan-in-my-fit-what-can-i-do for more information.
ERROR - Chunk 296: No Data! Returning LmfitResult with None.
ERROR - NaN value detected in oversampled model function.
ERROR - <ParameterSet (values: 17)>
    cont_intercept  =  11223.473722495013
    cont_slope      =  -1.5253859998741912
    iod_depth       =  0.5481004552833438
    lsf_left_1      =  6.23779170560338
    lsf_left_2      =  -15.460996272750819
    lsf_left_3      =  8.639420508825154
    lsf_left_4      =  -2.560831594083311
    lsf_left_5      =  0.18375007147148095
    lsf_right1      =  2.1305330435273704
    lsf_right2      =  -9.008809879133644
    lsf_right3      =  1.9461381312764805
    lsf_right4      =  -3.858533078059516
    lsf_right5      =  1.1776096409016905
    tem_depth       =  0.8706439780043992
    velocity        =  -1900.9143031393555
    wave_intercept  =  5688.637918643858
    wave_slope      =  0.014058959038524802
ERROR - Evaluated LSF:
ERROR - [nan nan nan nan nan nan nan nan nan nan nan nan nan nan nan nan nan nan
 nan nan nan nan nan nan nan nan nan nan nan nan nan nan nan nan nan nan
 nan nan nan nan nan nan nan nan nan nan nan nan nan nan nan nan nan nan
 nan nan nan nan nan nan nan nan nan nan nan nan nan nan nan nan nan nan
 nan]
WARNING - Chunk 299:
WARNING - NaN values detected in your input data or the output of your objective/model function - fitting algorithms cannot handle this! Please read https://lmfit.github.io/lmfit-py/faq.html#i-get-errors-from-nan-in-my-fit-what-can-i-do for more information.
ERROR - NaN value detected in oversampled model function.
ERROR - <ParameterSet (values: 17)>
    cont_intercept  =  8814.319917548228
    cont_slope      =  8.876842024027086
    iod_depth       =  0.19891047626672864
    lsf_left_1      =  3.415623254899403
    lsf_left_2      =  -19.38810594754574
    lsf_left_3      =  1.1664989985740046
    lsf_left_4      =  -2.0678587513358853
    lsf_left_5      =  0.150007227286441
    lsf_right1      =  2.1129312449022786
    lsf_right2      =  -3.756534179577919
    lsf_right3      =  3.18646024064357
    lsf_right4      =  -3.7186580527822026
    lsf_right5      =  1.0428382872952793
    tem_depth       =  1.0149681874830918
    velocity        =  -3029.524594033212
    wave_intercept  =  5696.281211059046
    wave_slope      =  0.01778170122774388
ERROR - Evaluated LSF:
ERROR - [nan nan nan nan nan nan nan nan nan nan nan nan nan nan nan nan nan nan
 nan nan nan nan nan nan nan nan nan nan nan nan nan nan nan nan nan nan
 nan nan nan nan nan nan nan nan nan nan nan nan nan nan nan nan nan nan
 nan nan nan nan nan nan nan nan nan nan nan nan nan nan nan nan nan nan
 nan]
WARNING - Chunk 302:
WARNING - NaN values detected in your input data or the output of your objective/model function - fitting algorithms cannot handle this! Please read https://lmfit.github.io/lmfit-py/faq.html#i-get-errors-from-nan-in-my-fit-what-can-i-do for more information.
ERROR - NaN value detected in oversampled model function.
ERROR - <ParameterSet (values: 17)>
    cont_intercept  =  12359.114966638394
    cont_slope      =  1.9429070017386965
    iod_depth       =  0.7873037424696275
    lsf_left_1      =  7.230155572132426
    lsf_left_2      =  -14.966697619491566
    lsf_left_3      =  1.256737497683736
    lsf_left_4      =  -3.541703765642624
    lsf_left_5      =  1.1686562242860623
    lsf_right1      =  2.150449969923591
    lsf_right2      =  -16.69086509154128
    lsf_right3      =  1.1414823313235627
    lsf_right4      =  -3.914133072506129
    lsf_right5      =  1.1719411740330459
    tem_depth       =  0.9395988665613295
    velocity        =  -1987.6513546495055
    wave_intercept  =  5707.541055032184
    wave_slope      =  0.016918427608234456
ERROR - Evaluated LSF:
ERROR - [nan nan nan nan nan nan nan nan nan nan nan nan nan nan nan nan nan nan
 nan nan nan nan nan nan nan nan nan nan nan nan nan nan nan nan nan nan
 nan nan nan nan nan nan nan nan nan nan nan nan nan nan nan nan nan nan
 nan nan nan nan nan nan nan nan nan nan nan nan nan nan nan nan nan nan
 nan]
WARNING - Chunk 307:
WARNING - NaN values detected in your input data or the output of your objective/model function - fitting algorithms cannot handle this! Please read https://lmfit.github.io/lmfit-py/faq.html#i-get-errors-from-nan-in-my-fit-what-can-i-do for more information.
ERROR - NaN value detected in oversampled model function.
ERROR - <ParameterSet (values: 17)>
    cont_intercept  =  14201.021212529839
    cont_slope      =  3.6888955946755093
    iod_depth       =  0.8416507203037731
    lsf_left_1      =  2.3493216241755093
    lsf_left_2      =  -19.065478529196678
    lsf_left_3      =  1.1529618933676247
    lsf_left_4      =  -0.8966122043187115
    lsf_left_5      =  0.8445533174484426
    lsf_right1      =  6.648892605774441
    lsf_right2      =  -16.294107049994746
    lsf_right3      =  4.682429800376715
    lsf_right4      =  -1.2326237673879223
    lsf_right5      =  0.25150900781540936
    tem_depth       =  0.8852044735920966
    velocity        =  -1606.004500044303
    wave_intercept  =  5714.022797066343
    wave_slope      =  0.016396021612029923
ERROR - Evaluated LSF:
ERROR - [nan nan nan nan nan nan nan nan nan nan nan nan nan nan nan nan nan nan
 nan nan nan nan nan nan nan nan nan nan nan nan nan nan nan nan nan nan
 nan nan nan nan nan nan nan nan nan nan nan nan nan nan nan nan nan nan
 nan nan nan nan nan nan nan nan nan nan nan nan nan nan nan nan nan nan
 nan]
WARNING - Chunk 310:
WARNING - NaN values detected in your input data or the output of your objective/model function - fitting algorithms cannot handle this! Please read https://lmfit.github.io/lmfit-py/faq.html#i-get-errors-from-nan-in-my-fit-what-can-i-do for more information.
ERROR - NaN value detected in oversampled model function.
ERROR - <ParameterSet (values: 17)>
    cont_intercept  =  16163.47196874199
    cont_slope      =  6.545821038640026
    iod_depth       =  0.5658538320179145
    lsf_left_1      =  5.316503485643429
    lsf_left_2      =  -18.684011336969448
    lsf_left_3      =  1.621824976595986
    lsf_left_4      =  -3.1063282194494173
    lsf_left_5      =  0.7532654944537623
    lsf_right1      =  3.7730654440640468
    lsf_right2      =  -15.797488917548842
    lsf_right3      =  9.464645068032185
    lsf_right4      =  -3.938830099783355
    lsf_right5      =  1.1962453782179363
    tem_depth       =  -0.4267019777216552
    velocity        =  -11612.839921142757
    wave_intercept  =  5722.373503093416
    wave_slope      =  0.01571025850418754
ERROR - Evaluated LSF:
ERROR - [nan nan nan nan nan nan nan nan nan nan nan nan nan nan nan nan nan nan
 nan nan nan nan nan nan nan nan nan nan nan nan nan nan nan nan nan nan
 nan nan nan nan nan nan nan nan nan nan nan nan nan nan nan nan nan nan
 nan nan nan nan nan nan nan nan nan nan nan nan nan nan nan nan nan nan
 nan]
WARNING - Chunk 314:
WARNING - NaN values detected in your input data or the output of your objective/model function - fitting algorithms cannot handle this! Please read https://lmfit.github.io/lmfit-py/faq.html#i-get-errors-from-nan-in-my-fit-what-can-i-do for more information.
ERROR - NaN value detected in oversampled model function.
ERROR - <ParameterSet (values: 17)>
    cont_intercept  =  16063.516235062103
    cont_slope      =  -0.059594620543936314
    iod_depth       =  0.8290922525499936
    lsf_left_1      =  6.799104053874456
    lsf_left_2      =  -18.787883401797675
    lsf_left_3      =  3.071381462322663
    lsf_left_4      =  -3.945762855972163
    lsf_left_5      =  0.14340213023765233
    lsf_right1      =  6.555368806695544
    lsf_right2      =  -18.401424546644513
    lsf_right3      =  5.707122330810328
    lsf_right4      =  -3.808016208662056
    lsf_right5      =  0.44438456572164325
    tem_depth       =  0.577787435357712
    velocity        =  -2385.2422906525276
    wave_intercept  =  5724.407255757935
    wave_slope      =  0.01557146960033336
ERROR - Evaluated LSF:
ERROR - [nan nan nan nan nan nan nan nan nan nan nan nan nan nan nan nan nan nan
 nan nan nan nan nan nan nan nan nan nan nan nan nan nan nan nan nan nan
 nan nan nan nan nan nan nan nan nan nan nan nan nan nan nan nan nan nan
 nan nan nan nan nan nan nan nan nan nan nan nan nan nan nan nan nan nan
 nan]
WARNING - Chunk 315:
WARNING - NaN values detected in your input data or the output of your objective/model function - fitting algorithms cannot handle this! Please read https://lmfit.github.io/lmfit-py/faq.html#i-get-errors-from-nan-in-my-fit-what-can-i-do for more information.
ERROR - NaN value detected in oversampled model function.
ERROR - <ParameterSet (values: 17)>
    cont_intercept  =  7280.196604237626
    cont_slope      =  7.2305583426475755
    iod_depth       =  0.7093982927076273
    lsf_left_1      =  2.4425772717021546
    lsf_left_2      =  -17.15897099133595
    lsf_left_3      =  9.771205729977812
    lsf_left_4      =  -3.860165464611803
    lsf_left_5      =  0.5759330465682151
    lsf_right1      =  7.020985870552642
    lsf_right2      =  -16.294563858532065
    lsf_right3      =  1.4130663705804543
    lsf_right4      =  -3.3771245524015208
    lsf_right5      =  0.9798136322068368
    tem_depth       =  -0.27503590419749724
    velocity        =  -8085.307930680008
    wave_intercept  =  5745.31113265192
    wave_slope      =  0.01838195000849046
ERROR - Evaluated LSF:
ERROR - [nan nan nan nan nan nan nan nan nan nan nan nan nan nan nan nan nan nan
 nan nan nan nan nan nan nan nan nan nan nan nan nan nan nan nan nan nan
 nan nan nan nan nan nan nan nan nan nan nan nan nan nan nan nan nan nan
 nan nan nan nan nan nan nan nan nan nan nan nan nan nan nan nan nan nan
 nan]
WARNING - Chunk 325:
WARNING - NaN values detected in your input data or the output of your objective/model function - fitting algorithms cannot handle this! Please read https://lmfit.github.io/lmfit-py/faq.html#i-get-errors-from-nan-in-my-fit-what-can-i-do for more information.
ERROR - Chunk 357: No Data! Returning LmfitResult with None.
ERROR - Chunk 366: No Data! Returning LmfitResult with None.
ERROR - NaN value detected in oversampled model function.
ERROR - <ParameterSet (values: 17)>
    cont_intercept  =  16295.971759279311
    cont_slope      =  0.17405342778604327
    iod_depth       =  0.20339861234941853
    lsf_left_1      =  5.621582755741198
    lsf_left_2      =  -19.279374295709243
    lsf_left_3      =  1.6654659196726014
    lsf_left_4      =  -0.5392802365677283
    lsf_left_5      =  0.5060375518843032
    lsf_right1      =  5.978039278321862
    lsf_right2      =  -10.090219787654974
    lsf_right3      =  1.1476201968539328
    lsf_right4      =  -3.9607965241829626
    lsf_right5      =  0.5561669868424866
    tem_depth       =  1.4534360205786694
    velocity        =  -2838.6470936213154
    wave_intercept  =  5874.4254495101095
    wave_slope      =  0.017323575392711305
ERROR - Evaluated LSF:
ERROR - [nan nan nan nan nan nan nan nan nan nan nan nan nan nan nan nan nan nan
 nan nan nan nan nan nan nan nan nan nan nan nan nan nan nan nan nan nan
 nan nan nan nan nan nan nan nan nan nan nan nan nan nan nan nan nan nan
 nan nan nan nan nan nan nan nan nan nan nan nan nan nan nan nan nan nan
 nan]
WARNING - Chunk 383:
WARNING - NaN values detected in your input data or the output of your objective/model function - fitting algorithms cannot handle this! Please read https://lmfit.github.io/lmfit-py/faq.html#i-get-errors-from-nan-in-my-fit-what-can-i-do for more information.
ERROR - NaN value detected in oversampled model function.
ERROR - <ParameterSet (values: 17)>
    cont_intercept  =  15320.15882653631
    cont_slope      =  -5.618302525427547
    iod_depth       =  0.698643045551007
    lsf_left_1      =  9.477352379294807
    lsf_left_2      =  -19.247558902959668
    lsf_left_3      =  1.1791606762791773
    lsf_left_4      =  -2.2839737250443015
    lsf_left_5      =  1.183764795577836
    lsf_right1      =  2.7036277026562985
    lsf_right2      =  -15.245417906703182
    lsf_right3      =  3.6383969860485794
    lsf_right4      =  -2.2049748184523517
    lsf_right5      =  0.757331885474323
    tem_depth       =  0.9547531595298997
    velocity        =  -1880.3013511564109
    wave_intercept  =  5899.688118544742
    wave_slope      =  0.015508611279063892
ERROR - Evaluated LSF:
ERROR - [nan nan nan nan nan nan nan nan nan nan nan nan nan nan nan nan nan nan
 nan nan nan nan nan nan nan nan nan nan nan nan nan nan nan nan nan nan
 nan nan nan nan nan nan nan nan nan nan nan nan nan nan nan nan nan nan
 nan nan nan nan nan nan nan nan nan nan nan nan nan nan nan nan nan nan
 nan]
WARNING - Chunk 395:
WARNING - NaN values detected in your input data or the output of your objective/model function - fitting algorithms cannot handle this! Please read https://lmfit.github.io/lmfit-py/faq.html#i-get-errors-from-nan-in-my-fit-what-can-i-do for more information.
ERROR - NaN value detected in oversampled model function.
ERROR - <ParameterSet (values: 17)>
    cont_intercept  =  11925.365105341054
    cont_slope      =  8.107924840162536
    iod_depth       =  0.6778450869255579
    lsf_left_1      =  2.3062005283138687
    lsf_left_2      =  -12.131524013921936
    lsf_left_3      =  1.9598514208771998
    lsf_left_4      =  -1.3872784911673524
    lsf_left_5      =  0.36800075804376337
    lsf_right1      =  4.8483285290922025
    lsf_right2      =  -18.83459214968639
    lsf_right3      =  6.970618642769149
    lsf_right4      =  -1.737306814903349
    lsf_right5      =  0.42029381370419344
    tem_depth       =  1.0135528650529693
    velocity        =  -1720.87898579252
    wave_intercept  =  5922.252182062273
    wave_slope      =  0.018030922693539647
ERROR - Evaluated LSF:
ERROR - [nan nan nan nan nan nan nan nan nan nan nan nan nan nan nan nan nan nan
 nan nan nan nan nan nan nan nan nan nan nan nan nan nan nan nan nan nan
 nan nan nan nan nan nan nan nan nan nan nan nan nan nan nan nan nan nan
 nan nan nan nan nan nan nan nan nan nan nan nan nan nan nan nan nan nan
 nan]
WARNING - Chunk 404:
WARNING - NaN values detected in your input data or the output of your objective/model function - fitting algorithms cannot handle this! Please read https://lmfit.github.io/lmfit-py/faq.html#i-get-errors-from-nan-in-my-fit-what-can-i-do for more information.
ERROR - NaN value detected in oversampled model function.
ERROR - <ParameterSet (values: 17)>
    cont_intercept  =  18040.858977053613
    cont_slope      =  0.044557257820330765
    iod_depth       =  0.750875549217652
    lsf_left_1      =  2.1718191456246445
    lsf_left_2      =  -19.21139494011156
    lsf_left_3      =  3.8949216566758573
    lsf_left_4      =  -2.6222407773202687
    lsf_left_5      =  0.1547272381563366
    lsf_right1      =  3.769575976234486
    lsf_right2      =  -13.969548233791185
    lsf_right3      =  2.713831569359914
    lsf_right4      =  -1.010457783459707
    lsf_right5      =  0.25265869834869115
    tem_depth       =  0.9244474938700842
    velocity        =  -1667.8532294131976
    wave_intercept  =  5948.800885656885
    wave_slope      =  0.01604042791195867
ERROR - Evaluated LSF:
ERROR - [nan nan nan nan nan nan nan nan nan nan nan nan nan nan nan nan nan nan
 nan nan nan nan nan nan nan nan nan nan nan nan nan nan nan nan nan nan
 nan nan nan nan nan nan nan nan nan nan nan nan nan nan nan nan nan nan
 nan nan nan nan nan nan nan nan nan nan nan nan nan nan nan nan nan nan
 nan]
WARNING - Chunk 416:
WARNING - NaN values detected in your input data or the output of your objective/model function - fitting algorithms cannot handle this! Please read https://lmfit.github.io/lmfit-py/faq.html#i-get-errors-from-nan-in-my-fit-what-can-i-do for more information.
ERROR - NaN value detected in oversampled model function.
ERROR - <ParameterSet (values: 17)>
    cont_intercept  =  12950.021840710831
    cont_slope      =  7.853471103046282
    iod_depth       =  0.4861911994097327
    lsf_left_1      =  2.1105575625686486
    lsf_left_2      =  -18.235228568751314
    lsf_left_3      =  1.4522417793442082
    lsf_left_4      =  -0.5462720024819947
    lsf_left_5      =  0.3700611217330597
    lsf_right1      =  6.9105310128586686
    lsf_right2      =  -14.264869720528932
    lsf_right3      =  5.971092414202658
    lsf_right4      =  -3.9637160753473086
    lsf_right5      =  0.1369818163781082
    tem_depth       =  1.5591430355666054
    velocity        =  -3337.5823236873607
    wave_intercept  =  5980.308778563416
    wave_slope      =  0.018363297992427266
ERROR - Evaluated LSF:
ERROR - [nan nan nan nan nan nan nan nan nan nan nan nan nan nan nan nan nan nan
 nan nan nan nan nan nan nan nan nan nan nan nan nan nan nan nan nan nan
 nan nan nan nan nan nan nan nan nan nan nan nan nan nan nan nan nan nan
 nan nan nan nan nan nan nan nan nan nan nan nan nan nan nan nan nan nan
 nan]
WARNING - Chunk 429:
WARNING - NaN values detected in your input data or the output of your objective/model function - fitting algorithms cannot handle this! Please read https://lmfit.github.io/lmfit-py/faq.html#i-get-errors-from-nan-in-my-fit-what-can-i-do for more information.
ERROR - NaN value detected in oversampled model function.
ERROR - <ParameterSet (values: 17)>
    cont_intercept  =  16855.811930387896
    cont_slope      =  13.472090960307582
    iod_depth       =  1.0294985292738486
    lsf_left_1      =  2.3689711367020525
    lsf_left_2      =  -10.577045980676214
    lsf_left_3      =  4.827356788779262
    lsf_left_4      =  -2.892556170596819
    lsf_left_5      =  0.8004621089465246
    lsf_right1      =  3.2371118975295827
    lsf_right2      =  -8.965965658170013
    lsf_right3      =  1.3464884388414695
    lsf_right4      =  -3.328799805524623
    lsf_right5      =  0.3812874141582523
    tem_depth       =  0.06852498387181194
    velocity        =  -4450.806118669813
    wave_intercept  =  5989.604353768316
    wave_slope      =  0.016826157753664698
ERROR - Evaluated LSF:
ERROR - [nan nan nan nan nan nan nan nan nan nan nan nan nan nan nan nan nan nan
 nan nan nan nan nan nan nan nan nan nan nan nan nan nan nan nan nan nan
 nan nan nan nan nan nan nan nan nan nan nan nan nan nan nan nan nan nan
 nan nan nan nan nan nan nan nan nan nan nan nan nan nan nan nan nan nan
 nan]
WARNING - Chunk 433:
WARNING - NaN values detected in your input data or the output of your objective/model function - fitting algorithms cannot handle this! Please read https://lmfit.github.io/lmfit-py/faq.html#i-get-errors-from-nan-in-my-fit-what-can-i-do for more information.
ERROR - NaN value detected in oversampled model function.
ERROR - <ParameterSet (values: 17)>
    cont_intercept  =  17173.58328968852
    cont_slope      =  -6.160258742783938
    iod_depth       =  0.10561678330219713
    lsf_left_1      =  2.212023648207378
    lsf_left_2      =  -17.60271264227057
    lsf_left_3      =  5.213363506883914
    lsf_left_4      =  -0.5995061601427896
    lsf_left_5      =  0.1347153549012779
    lsf_right1      =  10.346616452971498
    lsf_right2      =  -14.410182808616453
    lsf_right3      =  1.1421383908433456
    lsf_right4      =  -3.6981444560042958
    lsf_right5      =  0.1331589346585306
    tem_depth       =  1.443880443219065
    velocity        =  -4575.994756587965
    wave_intercept  =  5991.847717781141
    wave_slope      =  0.017334368115055496
ERROR - Evaluated LSF:
ERROR - [nan nan nan nan nan nan nan nan nan nan nan nan nan nan nan nan nan nan
 nan nan nan nan nan nan nan nan nan nan nan nan nan nan nan nan nan nan
 nan nan nan nan nan nan nan nan nan nan nan nan nan nan nan nan nan nan
 nan nan nan nan nan nan nan nan nan nan nan nan nan nan nan nan nan nan
 nan]
WARNING - Chunk 434:
WARNING - NaN values detected in your input data or the output of your objective/model function - fitting algorithms cannot handle this! Please read https://lmfit.github.io/lmfit-py/faq.html#i-get-errors-from-nan-in-my-fit-what-can-i-do for more information.
ERROR - NaN value detected in oversampled model function.
ERROR - <ParameterSet (values: 17)>
    cont_intercept  =  17598.786242313912
    cont_slope      =  2.3421478848259025
    iod_depth       =  0.6507228082427314
    lsf_left_1      =  6.2845578924806444
    lsf_left_2      =  -19.381462674795777
    lsf_left_3      =  6.80038885587299
    lsf_left_4      =  -3.7531915565115077
    lsf_left_5      =  0.777057554271255
    lsf_right1      =  2.5019466329441147
    lsf_right2      =  -15.284108213734365
    lsf_right3      =  7.78272350702702
    lsf_right4      =  -3.214785511382512
    lsf_right5      =  0.49375814652004507
    tem_depth       =  0.38564798205598666
    velocity        =  -5171.120746354515
    wave_intercept  =  6007.151497275199
    wave_slope      =  0.014324632952913736
ERROR - Evaluated LSF:
ERROR - [nan nan nan nan nan nan nan nan nan nan nan nan nan nan nan nan nan nan
 nan nan nan nan nan nan nan nan nan nan nan nan nan nan nan nan nan nan
 nan nan nan nan nan nan nan nan nan nan nan nan nan nan nan nan nan nan
 nan nan nan nan nan nan nan nan nan nan nan nan nan nan nan nan nan nan
 nan]
WARNING - Chunk 441:
WARNING - NaN values detected in your input data or the output of your objective/model function - fitting algorithms cannot handle this! Please read https://lmfit.github.io/lmfit-py/faq.html#i-get-errors-from-nan-in-my-fit-what-can-i-do for more information.
ERROR - NaN value detected in oversampled model function.
ERROR - <ParameterSet (values: 17)>
    cont_intercept  =  15733.65281168762
    cont_slope      =  -5.072121097673562
    iod_depth       =  0.27385905289947393
    lsf_left_1      =  8.69167790301547
    lsf_left_2      =  -19.37980117745046
    lsf_left_3      =  1.1506507859251496
    lsf_left_4      =  -3.963025869032184
    lsf_left_5      =  0.13630951749550269
    lsf_right1      =  2.1469340563148847
    lsf_right2      =  -6.815779814401017
    lsf_right3      =  3.2890112807641114
    lsf_right4      =  -3.140460746500711
    lsf_right5      =  1.1892201498011599
    tem_depth       =  0.911124199691619
    velocity        =  -1811.7374157079837
    wave_intercept  =  6017.367006129951
    wave_slope      =  0.015733782514155463
ERROR - Evaluated LSF:
ERROR - [nan nan nan nan nan nan nan nan nan nan nan nan nan nan nan nan nan nan
 nan nan nan nan nan nan nan nan nan nan nan nan nan nan nan nan nan nan
 nan nan nan nan nan nan nan nan nan nan nan nan nan nan nan nan nan nan
 nan nan nan nan nan nan nan nan nan nan nan nan nan nan nan nan nan nan
 nan]
WARNING - Chunk 446:
WARNING - NaN values detected in your input data or the output of your objective/model function - fitting algorithms cannot handle this! Please read https://lmfit.github.io/lmfit-py/faq.html#i-get-errors-from-nan-in-my-fit-what-can-i-do for more information.
ERROR - Chunk 470: No Data! Returning LmfitResult with None.
ERROR - NaN value detected in oversampled model function.
ERROR - <ParameterSet (values: 17)>
    cont_intercept  =  13454.281460928396
    cont_slope      =  -0.5423204838528479
    iod_depth       =  2.043867799625464
    lsf_left_1      =  2.30009412277359
    lsf_left_2      =  -18.066395953960875
    lsf_left_3      =  1.2818977447015614
    lsf_left_4      =  -1.854250123636111
    lsf_left_5      =  0.9678871214357763
    lsf_right1      =  6.008670521575837
    lsf_right2      =  -16.51470958420566
    lsf_right3      =  4.385077690336255
    lsf_right4      =  -3.871291544108032
    lsf_right5      =  0.8670155702798916
    tem_depth       =  0.3471159805312555
    velocity        =  -17018.87451789004
    wave_intercept  =  6082.877798029913
    wave_slope      =  0.01509489085993958
ERROR - Evaluated LSF:
ERROR - [nan nan nan nan nan nan nan nan nan nan nan nan nan nan nan nan nan nan
 nan nan nan nan nan nan nan nan nan nan nan nan nan nan nan nan nan nan
 nan nan nan nan nan nan nan nan nan nan nan nan nan nan nan nan nan nan
 nan nan nan nan nan nan nan nan nan nan nan nan nan nan nan nan nan nan
 nan]
WARNING - Chunk 474:
WARNING - NaN values detected in your input data or the output of your objective/model function - fitting algorithms cannot handle this! Please read https://lmfit.github.io/lmfit-py/faq.html#i-get-errors-from-nan-in-my-fit-what-can-i-do for more information.
ERROR - NaN value detected in oversampled model function.
ERROR - <ParameterSet (values: 17)>
    cont_intercept  =  9152.681000855153
    cont_slope      =  8.286317123429724
    iod_depth       =  0.16423654738018043
    lsf_left_1      =  2.759474303152384
    lsf_left_2      =  -19.38355656905885
    lsf_left_3      =  1.5415733679208081
    lsf_left_4      =  -0.7119324589924694
    lsf_left_5      =  0.4599790181341372
    lsf_right1      =  5.6787162925831
    lsf_right2      =  -18.977790988940068
    lsf_right3      =  1.3519887594009126
    lsf_right4      =  -3.94146892694467
    lsf_right5      =  0.8779035319789622
    tem_depth       =  0.9337894001475076
    velocity        =  -1247.0551769815647
    wave_intercept  =  6151.578900037281
    wave_slope      =  0.020025049569408815
ERROR - Evaluated LSF:
ERROR - [nan nan nan nan nan nan nan nan nan nan nan nan nan nan nan nan nan nan
 nan nan nan nan nan nan nan nan nan nan nan nan nan nan nan nan nan nan
 nan nan nan nan nan nan nan nan nan nan nan nan nan nan nan nan nan nan
 nan nan nan nan nan nan nan nan nan nan nan nan nan nan nan nan nan nan
 nan]
WARNING - Chunk 500:
WARNING - NaN values detected in your input data or the output of your objective/model function - fitting algorithms cannot handle this! Please read https://lmfit.github.io/lmfit-py/faq.html#i-get-errors-from-nan-in-my-fit-what-can-i-do for more information.
ERROR - NaN value detected in oversampled model function.
ERROR - <ParameterSet (values: 17)>
    cont_intercept  =  10317.423998196584
    cont_slope      =  10.515598077632282
    iod_depth       =  0.15781710430790022
    lsf_left_1      =  2.1711872391976748
    lsf_left_2      =  -13.744521693423536
    lsf_left_3      =  5.163929253537961
    lsf_left_4      =  -2.3016756517670633
    lsf_left_5      =  0.5996538884655288
    lsf_right1      =  4.472768686269042
    lsf_right2      =  -10.801846056838336
    lsf_right3      =  5.737339564545651
    lsf_right4      =  -2.578431285645514
    lsf_right5      =  0.1332640639468383
    tem_depth       =  1.017930946153805
    velocity        =  -2372.075521339865
    wave_intercept  =  6154.090134533606
    wave_slope      =  0.01895961564847148
ERROR - Evaluated LSF:
ERROR - [nan nan nan nan nan nan nan nan nan nan nan nan nan nan nan nan nan nan
 nan nan nan nan nan nan nan nan nan nan nan nan nan nan nan nan nan nan
 nan nan nan nan nan nan nan nan nan nan nan nan nan nan nan nan nan nan
 nan nan nan nan nan nan nan nan nan nan nan nan nan nan nan nan nan nan
 nan]
WARNING - Chunk 501:
WARNING - NaN values detected in your input data or the output of your objective/model function - fitting algorithms cannot handle this! Please read https://lmfit.github.io/lmfit-py/faq.html#i-get-errors-from-nan-in-my-fit-what-can-i-do for more information.
ERROR - NaN value detected in oversampled model function.
ERROR - <ParameterSet (values: 17)>
    cont_intercept  =  12852.757999716627
    cont_slope      =  5.571629797771207
    iod_depth       =  0.4787003521420034
    lsf_left_1      =  2.6608457840130666
    lsf_left_2      =  -17.70844042614325
    lsf_left_3      =  9.488383758918522
    lsf_left_4      =  -3.9608119259600603
    lsf_left_5      =  1.1627907269134727
    lsf_right1      =  6.1089363553160325
    lsf_right2      =  -13.739106861512553
    lsf_right3      =  5.211886632718009
    lsf_right4      =  -1.9374571499914883
    lsf_right5      =  0.134437405278348
    tem_depth       =  0.8984026834821132
    velocity        =  -1684.3013734241997
    wave_intercept  =  6163.963614882897
    wave_slope      =  0.018639275250703163
ERROR - Evaluated LSF:
ERROR - [nan nan nan nan nan nan nan nan nan nan nan nan nan nan nan nan nan nan
 nan nan nan nan nan nan nan nan nan nan nan nan nan nan nan nan nan nan
 nan nan nan nan nan nan nan nan nan nan nan nan nan nan nan nan nan nan
 nan nan nan nan nan nan nan nan nan nan nan nan nan nan nan nan nan nan
 nan]
WARNING - Chunk 505:
WARNING - NaN values detected in your input data or the output of your objective/model function - fitting algorithms cannot handle this! Please read https://lmfit.github.io/lmfit-py/faq.html#i-get-errors-from-nan-in-my-fit-what-can-i-do for more information.
ERROR - NaN value detected in oversampled model function.
ERROR - <ParameterSet (values: 17)>
    cont_intercept  =  15741.991546232432
    cont_slope      =  1.6056430805892064
    iod_depth       =  0.7157742793925792
    lsf_left_1      =  7.289403869161022
    lsf_left_2      =  -14.240098365374209
    lsf_left_3      =  2.7380343229303703
    lsf_left_4      =  -0.611181227524566
    lsf_left_5      =  0.27210994506442676
    lsf_right1      =  7.329765944844087
    lsf_right2      =  -18.06360968839903
    lsf_right3      =  1.3723445920327169
    lsf_right4      =  -3.410189135385007
    lsf_right5      =  0.2884048351012496
    tem_depth       =  0.9472803784289296
    velocity        =  -1720.014792007415
    wave_intercept  =  6171.130449050186
    wave_slope      =  0.01810748947226703
ERROR - Evaluated LSF:
ERROR - [nan nan nan nan nan nan nan nan nan nan nan nan nan nan nan nan nan nan
 nan nan nan nan nan nan nan nan nan nan nan nan nan nan nan nan nan nan
 nan nan nan nan nan nan nan nan nan nan nan nan nan nan nan nan nan nan
 nan nan nan nan nan nan nan nan nan nan nan nan nan nan nan nan nan nan
 nan]
WARNING - Chunk 508:
WARNING - NaN values detected in your input data or the output of your objective/model function - fitting algorithms cannot handle this! Please read https://lmfit.github.io/lmfit-py/faq.html#i-get-errors-from-nan-in-my-fit-what-can-i-do for more information.
ERROR - NaN value detected in oversampled model function.
ERROR - <ParameterSet (values: 17)>
    cont_intercept  =  18008.111464985082
    cont_slope      =  0.8329265429953024
    iod_depth       =  0.7269673333000081
    lsf_left_1      =  8.084334345420782
    lsf_left_2      =  -18.21016788247705
    lsf_left_3      =  7.739465007671308
    lsf_left_4      =  -2.790393851159067
    lsf_left_5      =  0.8157547406817396
    lsf_right1      =  3.116529083849403
    lsf_right2      =  -19.217254730299604
    lsf_right3      =  4.274944378122976
    lsf_right4      =  -1.3671079153643153
    lsf_right5      =  0.6856454930227928
    tem_depth       =  1.0032141989470695
    velocity        =  -2343.207095317943
    wave_intercept  =  6175.735698345512
    wave_slope      =  0.01787636009371246
ERROR - Evaluated LSF:
ERROR - [nan nan nan nan nan nan nan nan nan nan nan nan nan nan nan nan nan nan
 nan nan nan nan nan nan nan nan nan nan nan nan nan nan nan nan nan nan
 nan nan nan nan nan nan nan nan nan nan nan nan nan nan nan nan nan nan
 nan nan nan nan nan nan nan nan nan nan nan nan nan nan nan nan nan nan
 nan]
WARNING - Chunk 510:
WARNING - NaN values detected in your input data or the output of your objective/model function - fitting algorithms cannot handle this! Please read https://lmfit.github.io/lmfit-py/faq.html#i-get-errors-from-nan-in-my-fit-what-can-i-do for more information.
ERROR - NaN value detected in oversampled model function.
ERROR - <ParameterSet (values: 17)>
    cont_intercept  =  17110.75417878322
    cont_slope      =  -3.7082185843630513
    iod_depth       =  0.7228508729623938
    lsf_left_1      =  2.3155683501797624
    lsf_left_2      =  -13.075363634052618
    lsf_left_3      =  4.976316795977846
    lsf_left_4      =  -3.1929504874944015
    lsf_left_5      =  0.4760377824037199
    lsf_right1      =  10.120349265263075
    lsf_right2      =  -19.381288037430952
    lsf_right3      =  3.665920046500674
    lsf_right4      =  -3.511269348458082
    lsf_right5      =  0.15400292221733028
    tem_depth       =  0.7150519678191563
    velocity        =  -1059.6822569146786
    wave_intercept  =  6193.436012150499
    wave_slope      =  0.016346799607617122
ERROR - Evaluated LSF:
ERROR - [nan nan nan nan nan nan nan nan nan nan nan nan nan nan nan nan nan nan
 nan nan nan nan nan nan nan nan nan nan nan nan nan nan nan nan nan nan
 nan nan nan nan nan nan nan nan nan nan nan nan nan nan nan nan nan nan
 nan nan nan nan nan nan nan nan nan nan nan nan nan nan nan nan nan nan
 nan]
WARNING - Chunk 518:
WARNING - NaN values detected in your input data or the output of your objective/model function - fitting algorithms cannot handle this! Please read https://lmfit.github.io/lmfit-py/faq.html#i-get-errors-from-nan-in-my-fit-what-can-i-do for more information.
ERROR - NaN value detected in oversampled model function.
ERROR - <ParameterSet (values: 17)>
    cont_intercept  =  12766.860458007926
    cont_slope      =  7.218186409985839
    iod_depth       =  0.16637867202736534
    lsf_left_1      =  2.133481410063439
    lsf_left_2      =  -19.04985313140781
    lsf_left_3      =  1.4083969626605233
    lsf_left_4      =  -0.9215276570116857
    lsf_left_5      =  0.20756309279519164
    lsf_right1      =  4.064131835494148
    lsf_right2      =  -16.585574976595872
    lsf_right3      =  10.05663144481719
    lsf_right4      =  -3.730818948268999
    lsf_right5      =  0.1436683460367053
    tem_depth       =  1.1952253191464186
    velocity        =  -8222.409428659761
    wave_intercept  =  6221.790513388352
    wave_slope      =  0.01961788756945984
ERROR - Evaluated LSF:
ERROR - [nan nan nan nan nan nan nan nan nan nan nan nan nan nan nan nan nan nan
 nan nan nan nan nan nan nan nan nan nan nan nan nan nan nan nan nan nan
 nan nan nan nan nan nan nan nan nan nan nan nan nan nan nan nan nan nan
 nan nan nan nan nan nan nan nan nan nan nan nan nan nan nan nan nan nan
 nan]
WARNING - Chunk 528:
WARNING - NaN values detected in your input data or the output of your objective/model function - fitting algorithms cannot handle this! Please read https://lmfit.github.io/lmfit-py/faq.html#i-get-errors-from-nan-in-my-fit-what-can-i-do for more information.
ERROR - Chunk 537: No Data! Returning LmfitResult with None.
ERROR - NaN value detected in oversampled model function.
ERROR - <ParameterSet (values: 17)>
    cont_intercept  =  17318.700173672594
    cont_slope      =  0.8469984514202464
    iod_depth       =  0.39877794178944853
    lsf_left_1      =  2.400050256537148
    lsf_left_2      =  -19.209963813276953
    lsf_left_3      =  6.55783218175383
    lsf_left_4      =  -3.6144037114288827
    lsf_left_5      =  0.7769701642574585
    lsf_right1      =  6.510900957409041
    lsf_right2      =  -12.620230072378552
    lsf_right3      =  3.1217228882078727
    lsf_right4      =  -3.951059661332645
    lsf_right5      =  0.22118081031300374
    tem_depth       =  1.0860640171724025
    velocity        =  -3558.451436320648
    wave_intercept  =  6245.638945909398
    wave_slope      =  0.017349004570157117
ERROR - Evaluated LSF:
ERROR - [nan nan nan nan nan nan nan nan nan nan nan nan nan nan nan nan nan nan
 nan nan nan nan nan nan nan nan nan nan nan nan nan nan nan nan nan nan
 nan nan nan nan nan nan nan nan nan nan nan nan nan nan nan nan nan nan
 nan nan nan nan nan nan nan nan nan nan nan nan nan nan nan nan nan nan
 nan]
WARNING - Chunk 538:
WARNING - NaN values detected in your input data or the output of your objective/model function - fitting algorithms cannot handle this! Please read https://lmfit.github.io/lmfit-py/faq.html#i-get-errors-from-nan-in-my-fit-what-can-i-do for more information.
ERROR - Chunk 544: No Data! Returning LmfitResult with None.
ERROR - NaN value detected in oversampled model function.
ERROR - <ParameterSet (values: 17)>
    cont_intercept  =  15642.825581787121
    cont_slope      =  8.451000554654406
    iod_depth       =  1.3454670677613159
    lsf_left_1      =  5.2399131875574065
    lsf_left_2      =  -15.599665033543097
    lsf_left_3      =  2.1812905410524674
    lsf_left_4      =  -2.744984927065669
    lsf_left_5      =  0.24684830995860518
    lsf_right1      =  2.3799249124190403
    lsf_right2      =  -14.055431318527281
    lsf_right3      =  1.1925493099692874
    lsf_right4      =  -3.766149344411103
    lsf_right5      =  0.15502734856874517
    tem_depth       =  -0.5167154477580991
    velocity        =  -13216.825734377362
    wave_intercept  =  6293.459756816343
    wave_slope      =  0.019644082912672632
ERROR - Evaluated LSF:
ERROR - [nan nan nan nan nan nan nan nan nan nan nan nan nan nan nan nan nan nan
 nan nan nan nan nan nan nan nan nan nan nan nan nan nan nan nan nan nan
 nan nan nan nan nan nan nan nan nan nan nan nan nan nan nan nan nan nan
 nan nan nan nan nan nan nan nan nan nan nan nan nan nan nan nan nan nan
 nan]
WARNING - Chunk 556:
WARNING - NaN values detected in your input data or the output of your objective/model function - fitting algorithms cannot handle this! Please read https://lmfit.github.io/lmfit-py/faq.html#i-get-errors-from-nan-in-my-fit-what-can-i-do for more information.
ERROR - NaN value detected in oversampled model function.
ERROR - <ParameterSet (values: 17)>
    cont_intercept  =  16472.679489684666
    cont_slope      =  3.7781156130999056
    iod_depth       =  0.6346447011873182
    lsf_left_1      =  3.104604795196087
    lsf_left_2      =  -8.932088433790046
    lsf_left_3      =  6.109468825000383
    lsf_left_4      =  -3.3057653163692926
    lsf_left_5      =  1.1467587883430195
    lsf_right1      =  2.1100941154824113
    lsf_right2      =  -18.10335933040531
    lsf_right3      =  1.4001539506849738
    lsf_right4      =  -3.854697715227647
    lsf_right5      =  0.6185522399378316
    tem_depth       =  0.9922403129899777
    velocity        =  -1840.9406577931004
    wave_intercept  =  6295.970733650491
    wave_slope      =  0.01856959265637528
ERROR - Evaluated LSF:
ERROR - [nan nan nan nan nan nan nan nan nan nan nan nan nan nan nan nan nan nan
 nan nan nan nan nan nan nan nan nan nan nan nan nan nan nan nan nan nan
 nan nan nan nan nan nan nan nan nan nan nan nan nan nan nan nan nan nan
 nan nan nan nan nan nan nan nan nan nan nan nan nan nan nan nan nan nan
 nan]
WARNING - Chunk 557:
WARNING - NaN values detected in your input data or the output of your objective/model function - fitting algorithms cannot handle this! Please read https://lmfit.github.io/lmfit-py/faq.html#i-get-errors-from-nan-in-my-fit-what-can-i-do for more information.
ERROR - NaN value detected in oversampled model function.
ERROR - <ParameterSet (values: 17)>
    cont_intercept  =  16763.663785051333
    cont_slope      =  0.5340492756388538
    iod_depth       =  0.7302255801965842
    lsf_left_1      =  4.5201760041596515
    lsf_left_2      =  -19.344237984691883
    lsf_left_3      =  8.066796577208871
    lsf_left_4      =  -3.820517446308104
    lsf_left_5      =  0.8230227884524844
    lsf_right1      =  5.330549642421653
    lsf_right2      =  -18.716398615157598
    lsf_right3      =  10.077775855799427
    lsf_right4      =  -3.813830289091439
    lsf_right5      =  0.27937651823558907
    tem_depth       =  0.9904139999792602
    velocity        =  -2787.52561431898
    wave_intercept  =  6298.373765569772
    wave_slope      =  0.01853398114203303
ERROR - Evaluated LSF:
ERROR - [nan nan nan nan nan nan nan nan nan nan nan nan nan nan nan nan nan nan
 nan nan nan nan nan nan nan nan nan nan nan nan nan nan nan nan nan nan
 nan nan nan nan nan nan nan nan nan nan nan nan nan nan nan nan nan nan
 nan nan nan nan nan nan nan nan nan nan nan nan nan nan nan nan nan nan
 nan]
WARNING - Chunk 558:
WARNING - NaN values detected in your input data or the output of your objective/model function - fitting algorithms cannot handle this! Please read https://lmfit.github.io/lmfit-py/faq.html#i-get-errors-from-nan-in-my-fit-what-can-i-do for more information.
ERROR - NaN value detected in oversampled model function.
ERROR - <ParameterSet (values: 17)>
    cont_intercept  =  18347.07810622508
    cont_slope      =  4.356904092539336
    iod_depth       =  -0.08831205315366075
    lsf_left_1      =  5.863260558392355
    lsf_left_2      =  -14.550581498779291
    lsf_left_3      =  1.7020034481301503
    lsf_left_4      =  -2.191558933057946
    lsf_left_5      =  0.8117942896697854
    lsf_right1      =  2.426009065637274
    lsf_right2      =  -19.329370927988062
    lsf_right3      =  1.253810116317411
    lsf_right4      =  -2.96830027461026
    lsf_right5      =  1.1960800902034563
    tem_depth       =  1.5079742965399414
    velocity        =  -4788.562240036136
    wave_intercept  =  6307.723597440851
    wave_slope      =  0.018001887244681
ERROR - Evaluated LSF:
ERROR - [nan nan nan nan nan nan nan nan nan nan nan nan nan nan nan nan nan nan
 nan nan nan nan nan nan nan nan nan nan nan nan nan nan nan nan nan nan
 nan nan nan nan nan nan nan nan nan nan nan nan nan nan nan nan nan nan
 nan nan nan nan nan nan nan nan nan nan nan nan nan nan nan nan nan nan
 nan]
WARNING - Chunk 562:
WARNING - NaN values detected in your input data or the output of your objective/model function - fitting algorithms cannot handle this! Please read https://lmfit.github.io/lmfit-py/faq.html#i-get-errors-from-nan-in-my-fit-what-can-i-do for more information.
ERROR - NaN value detected in oversampled model function.
ERROR - <ParameterSet (values: 17)>
    cont_intercept  =  17310.487455754093
    cont_slope      =  5.079220021039345
    iod_depth       =  0.37686622287298976
    lsf_left_1      =  11.759670512025584
    lsf_left_2      =  -17.096793210049867
    lsf_left_3      =  1.4057262752950002
    lsf_left_4      =  -2.7913227527096236
    lsf_left_5      =  1.101223311553734
    lsf_right1      =  2.404647368908636
    lsf_right2      =  -16.170718102704303
    lsf_right3      =  2.880993485790172
    lsf_right4      =  -2.282890577616194
    lsf_right5      =  1.1913056673593438
    tem_depth       =  0.9676700943568137
    velocity        =  -14566.59830888534
    wave_intercept  =  6316.843670437157
    wave_slope      =  0.014251546670111047
ERROR - Evaluated LSF:
ERROR - [nan nan nan nan nan nan nan nan nan nan nan nan nan nan nan nan nan nan
 nan nan nan nan nan nan nan nan nan nan nan nan nan nan nan nan nan nan
 nan nan nan nan nan nan nan nan nan nan nan nan nan nan nan nan nan nan
 nan nan nan nan nan nan nan nan nan nan nan nan nan nan nan nan nan nan
 nan]
WARNING - Chunk 566:
WARNING - NaN values detected in your input data or the output of your objective/model function - fitting algorithms cannot handle this! Please read https://lmfit.github.io/lmfit-py/faq.html#i-get-errors-from-nan-in-my-fit-what-can-i-do for more information.
ERROR - Chunk 569: No Data! Returning LmfitResult with None.
ERROR - Chunk 570: No Data! Returning LmfitResult with None.
ERROR - NaN value detected in oversampled model function.
ERROR - <ParameterSet (values: 17)>
    cont_intercept  =  15410.948657298883
    cont_slope      =  -4.484572827630545
    iod_depth       =  0.8987344385319409
    lsf_left_1      =  2.5007296498327665
    lsf_left_2      =  -18.17036727863867
    lsf_left_3      =  3.0091480598961855
    lsf_left_4      =  -0.4687293994558561
    lsf_left_5      =  0.2487637340607843
    lsf_right1      =  2.111387587904968
    lsf_right2      =  -10.925680250751519
    lsf_right3      =  7.3328270672257965
    lsf_right4      =  -3.833431010805889
    lsf_right5      =  0.5618990418249069
    tem_depth       =  0.0746969132619606
    velocity        =  -7886.262216645782
    wave_intercept  =  6329.615572611057
    wave_slope      =  0.015992661284109307
ERROR - Evaluated LSF:
ERROR - [nan nan nan nan nan nan nan nan nan nan nan nan nan nan nan nan nan nan
 nan nan nan nan nan nan nan nan nan nan nan nan nan nan nan nan nan nan
 nan nan nan nan nan nan nan nan nan nan nan nan nan nan nan nan nan nan
 nan nan nan nan nan nan nan nan nan nan nan nan nan nan nan nan nan nan
 nan]
WARNING - Chunk 572:
WARNING - NaN values detected in your input data or the output of your objective/model function - fitting algorithms cannot handle this! Please read https://lmfit.github.io/lmfit-py/faq.html#i-get-errors-from-nan-in-my-fit-what-can-i-do for more information.
ERROR - NaN value detected in oversampled model function.
ERROR - <ParameterSet (values: 17)>
    cont_intercept  =  14175.142738660687
    cont_slope      =  0.46007361400340896
    iod_depth       =  0.5331620360348298
    lsf_left_1      =  2.116750921729078
    lsf_left_2      =  -12.782404469478337
    lsf_left_3      =  1.1417655521117163
    lsf_left_4      =  -0.5971888020333878
    lsf_left_5      =  0.37537172404879726
    lsf_right1      =  4.005206522077705
    lsf_right2      =  -19.354209327964313
    lsf_right3      =  5.268341078200461
    lsf_right4      =  -3.8497035613653092
    lsf_right5      =  1.1843246249837784
    tem_depth       =  -0.5111501414276309
    velocity        =  -11074.410141874952
    wave_intercept  =  6331.690757576102
    wave_slope      =  0.014033440559901088
ERROR - Evaluated LSF:
ERROR - [nan nan nan nan nan nan nan nan nan nan nan nan nan nan nan nan nan nan
 nan nan nan nan nan nan nan nan nan nan nan nan nan nan nan nan nan nan
 nan nan nan nan nan nan nan nan nan nan nan nan nan nan nan nan nan nan
 nan nan nan nan nan nan nan nan nan nan nan nan nan nan nan nan nan nan
 nan]
WARNING - Chunk 573:
WARNING - NaN values detected in your input data or the output of your objective/model function - fitting algorithms cannot handle this! Please read https://lmfit.github.io/lmfit-py/faq.html#i-get-errors-from-nan-in-my-fit-what-can-i-do for more information.
INFO - 
INFO - Number of chunks with no uncertainties: 1
INFO - Number of chunks with outliers: 0
INFO - Number of chunks with nan fitted red. Chi2: 58
INFO - 
INFO - Creating analysis plots...
ERROR - NaN value detected in iodine function.
ERROR - Chunk could not be plotted
Traceback (most recent call last):
  File "/Users/jaklusmeyer/SONG/pyodine/pyodine/plot_lib.py", line 62, in plot_chunkmodel
    sp = fit_results[chunk_nr].fitted_spectrum
  File "/Users/jaklusmeyer/SONG/pyodine/pyodine/fitters/base.py", line 45, in fitted_spectrum
    return self.model.eval_spectrum(self.chunk, self.params, chunk_ind=self.chunk_ind)
  File "/Users/jaklusmeyer/SONG/pyodine/pyodine/models/base.py", line 79, in eval_spectrum
    flux = self.eval(chunk, params, chunk_ind=chunk_ind, **kwargs)
  File "/Users/jaklusmeyer/SONG/pyodine/pyodine/models/spectrum.py", line 138, in eval
    tck = splrep(tem.wave * doppler, flux_tem, s=0)
  File "/Users/jaklusmeyer/miniconda/envs/pyodine_env/lib/python3.9/site-packages/scipy/interpolate/_fitpack_py.py", line 295, in splrep
    res = _impl.splrep(x, y, w, xb, xe, k, task, s, t, full_output, per, quiet)
  File "/Users/jaklusmeyer/miniconda/envs/pyodine_env/lib/python3.9/site-packages/scipy/interpolate/_fitpack_impl.py", line 276, in splrep
    n, c, fp, ier = dfitpack.curfit(task, x, y, w, t, wrk, iwrk,
dfitpack.error: (xb<=x[0]) failed for 1st keyword xb: curfit:xb=nan
ERROR - NaN value detected in iodine function.
ERROR - Chunk could not be plotted
Traceback (most recent call last):
  File "/Users/jaklusmeyer/SONG/pyodine/pyodine/plot_lib.py", line 62, in plot_chunkmodel
    sp = fit_results[chunk_nr].fitted_spectrum
  File "/Users/jaklusmeyer/SONG/pyodine/pyodine/fitters/base.py", line 45, in fitted_spectrum
    return self.model.eval_spectrum(self.chunk, self.params, chunk_ind=self.chunk_ind)
  File "/Users/jaklusmeyer/SONG/pyodine/pyodine/models/base.py", line 79, in eval_spectrum
    flux = self.eval(chunk, params, chunk_ind=chunk_ind, **kwargs)
  File "/Users/jaklusmeyer/SONG/pyodine/pyodine/models/spectrum.py", line 138, in eval
    tck = splrep(tem.wave * doppler, flux_tem, s=0)
  File "/Users/jaklusmeyer/miniconda/envs/pyodine_env/lib/python3.9/site-packages/scipy/interpolate/_fitpack_py.py", line 295, in splrep
    res = _impl.splrep(x, y, w, xb, xe, k, task, s, t, full_output, per, quiet)
  File "/Users/jaklusmeyer/miniconda/envs/pyodine_env/lib/python3.9/site-packages/scipy/interpolate/_fitpack_impl.py", line 276, in splrep
    n, c, fp, ier = dfitpack.curfit(task, x, y, w, t, wrk, iwrk,
dfitpack.error: (xb<=x[0]) failed for 1st keyword xb: curfit:xb=nan
INFO - Velocity robust mean: -1836.6192599466508
INFO - Velocity robust std: 565.3477159356403
INFO - 
INFO - Velocity error robust mean: 264.40165106585954
INFO - Velocity error robust std: 257.52753603611376
INFO - 
INFO - Minimum error: 68.64094048389768 in chunk 286
INFO - Maximum error: 36374.3332781198 in chunk 293
INFO - 
INFO - Chunks with nan velocities: [  9  29  63  70  72  92  98 113 161 163 174 190 192 214 229 250 274 295
 296 299 302 307 310 314 315 325 357 366 383 395 404 416 429 433 434 441
 446 470 474 500 501 505 508 510 518 528 537 538 544 556 557 558 562 566
 569 570 572 573]
INFO - Chunks with nan velocity errors: [  9  29  63  70  72  92  98 113 161 163 174 190 192 214 229 250 272 274
 295 296 299 302 307 310 314 315 325 357 366 383 395 404 416 429 433 434
 441 446 470 474 500 501 505 508 510 518 528 537 538 544 556 557 558 562
 566 569 570 572 573]
INFO - Velocity error at percentile 80: 778.7243809851082
INFO - 
INFO - Time to model this observation: 143.34455680847168
