INFO - 
INFO - Branch: master
INFO - Hash: c2a71ac
INFO - ---------------------------
INFO - Working on: /Users/jaklusmeyer/SONG/reduce/UT260321/sciencestar/HD185144_ec_260221.0194.fits
INFO - 
INFO - Median flux of the observation: 7375
INFO - Loading template from file: /Users/jaklusmeyer/SONG/reduce/0007_sigdra_temp_results_v1/obs_temp_highsnr_test.h5
INFO - 
INFO - Order correction: 0
INFO - 
INFO - Measured velocity rel. to reference spectrum: 30.768 km/s
INFO - Template velocity: 38.044 km/s
INFO - Velocity guess: -7.276 km/s (relative to template)

INFO - (Barycentric velocity of observation: -3.909 km/s)
INFO - (Barycentric velocity of template: -4.628 km/s)

INFO - 
INFO - Barycentric redshift between template and observation: 
INFO - v = -719.4892882458053, z = -2.3999579343847444e-06

INFO - Startpixel (order 26, chunk 29): -65
INFO - -> Correcting to 0.
INFO - Startpixel (order 27, chunk 63): -65
INFO - -> Correcting to 0.
INFO - Startpixel (order 32, chunk 190): -65
INFO - -> Correcting to 0.
INFO - Startpixel (order 33, chunk 214): -65
INFO - -> Correcting to 0.
INFO - Startpixel (order 36, chunk 296): -65
INFO - -> Correcting to 0.
INFO - Startpixel (order 39, chunk 357): -65
INFO - -> Correcting to 0.
INFO - Startpixel (order 39, chunk 366): -65
INFO - -> Correcting to 0.
INFO - Startpixel (order 43, chunk 470): -65
INFO - -> Correcting to 0.
INFO - Startpixel (order 46, chunk 537): -65
INFO - -> Correcting to 0.
INFO - Startpixel (order 46, chunk 544): -65
INFO - -> Correcting to 0.
INFO - Startpixel (order 47, chunk 569): -65
INFO - -> Correcting to 0.
INFO - Startpixel (order 47, chunk 570): -65
INFO - -> Correcting to 0.
INFO - 
INFO - Total number of chunks: 575
INFO - Nr. chunks in order 0: 25
INFO - First and last covered pixel of chunks in order 0: 18, 3267
INFO - Orders: 25 - 47 (23 in total)
INFO - 
INFO - ----------------------
INFO - RUN 0
INFO - ----------------------
INFO - 
INFO - Constraining parameters for RUN 0
WARNING - Chunk 29:
WARNING - (xb<=x[0]) failed for 1st keyword xb: curfit:xb=nan
WARNING - Chunk 63:
WARNING - (xb<=x[0]) failed for 1st keyword xb: curfit:xb=nan
WARNING - Chunk 190:
WARNING - (xb<=x[0]) failed for 1st keyword xb: curfit:xb=nan
WARNING - Chunk 214:
WARNING - (xb<=x[0]) failed for 1st keyword xb: curfit:xb=nan
WARNING - Chunk 296:
WARNING - (xb<=x[0]) failed for 1st keyword xb: curfit:xb=nan
WARNING - Chunk 357:
WARNING - (xb<=x[0]) failed for 1st keyword xb: curfit:xb=nan
WARNING - Chunk 366:
WARNING - (xb<=x[0]) failed for 1st keyword xb: curfit:xb=nan
WARNING - Chunk 470:
WARNING - (xb<=x[0]) failed for 1st keyword xb: curfit:xb=nan
WARNING - Chunk 537:
WARNING - (xb<=x[0]) failed for 1st keyword xb: curfit:xb=nan
WARNING - Chunk 544:
WARNING - (xb<=x[0]) failed for 1st keyword xb: curfit:xb=nan
WARNING - Chunk 569:
WARNING - (xb<=x[0]) failed for 1st keyword xb: curfit:xb=nan
WARNING - Chunk 570:
WARNING - (xb<=x[0]) failed for 1st keyword xb: curfit:xb=nan
INFO - 
INFO - Number of chunks with no uncertainties: 0
INFO - Number of chunks with outliers: 0
INFO - Number of chunks with nan fitted red. Chi2: 12
INFO - 
INFO - Creating analysis plots...
INFO - 
INFO - ----------------------
INFO - RUN 1
INFO - ----------------------
INFO - 
INFO - Constraining parameters for RUN 1
INFO - 
INFO - Fitted LSF parameters:
INFO - <ParameterSet (values: 10)>
    left_1  =  10.575250952093485
    left_2  =  -10.764701610285533
    left_3  =  5.715345389063085
    left_4  =  -2.203190243141143
    left_5  =  0.6649679898543036
    right1  =  10.575253947446836
    right2  =  -10.76470215062638
    right3  =  5.71534521145711
    right4  =  -2.203189772496399
    right5  =  0.6649677712685982
ERROR - NaN value detected in oversampled model function.
ERROR - <ParameterSet (values: 17)>
    cont_intercept  =  6249.194563305865
    cont_slope      =  4.380350404262096
    iod_depth       =  0.5505836473932382
    lsf_left_1      =  3.2523102417561973
    lsf_left_2      =  -9.303302965052676
    lsf_left_3      =  2.7601781101708056
    lsf_left_4      =  -1.0368749804308672
    lsf_left_5      =  0.140385876556794
    lsf_right1      =  2.9245525396022183
    lsf_right2      =  -10.016604767547562
    lsf_right3      =  7.40621626011564
    lsf_right4      =  -3.840562264077557
    lsf_right5      =  1.1300511497851238
    tem_depth       =  0.7738553885268968
    velocity        =  -1570.2619988553665
    wave_intercept  =  5130.007413385578
    wave_slope      =  0.015248072808191538
ERROR - Evaluated LSF:
ERROR - [nan nan nan nan nan nan nan nan nan nan nan nan nan nan nan nan nan nan
 nan nan nan nan nan nan nan nan nan nan nan nan nan nan nan nan nan nan
 nan nan nan nan nan nan nan nan nan nan nan nan nan nan nan nan nan nan
 nan nan nan nan nan nan nan nan nan nan nan nan nan nan nan nan nan nan
 nan]
WARNING - Chunk 6:
WARNING - NaN values detected in your input data or the output of your objective/model function - fitting algorithms cannot handle this! Please read https://lmfit.github.io/lmfit-py/faq.html#i-get-errors-from-nan-in-my-fit-what-can-i-do for more information.
ERROR - NaN value detected in oversampled model function.
ERROR - <ParameterSet (values: 17)>
    cont_intercept  =  6933.481471067243
    cont_slope      =  4.245912711158851
    iod_depth       =  0.6547256586144949
    lsf_left_1      =  2.604682182207528
    lsf_left_2      =  -10.53476491945518
    lsf_left_3      =  1.145739383353565
    lsf_left_4      =  -1.0746055792987779
    lsf_left_5      =  0.23791827076630473
    lsf_right1      =  8.69102229898633
    lsf_right2      =  -18.75418097057066
    lsf_right3      =  9.540737026979468
    lsf_right4      =  -2.304319109061245
    lsf_right5      =  0.38608483302215524
    tem_depth       =  0.742460550201499
    velocity        =  -929.4739764633443
    wave_intercept  =  5133.962784481401
    wave_slope      =  0.015048520145897382
ERROR - Evaluated LSF:
ERROR - [nan nan nan nan nan nan nan nan nan nan nan nan nan nan nan nan nan nan
 nan nan nan nan nan nan nan nan nan nan nan nan nan nan nan nan nan nan
 nan nan nan nan nan nan nan nan nan nan nan nan nan nan nan nan nan nan
 nan nan nan nan nan nan nan nan nan nan nan nan nan nan nan nan nan nan
 nan]
WARNING - Chunk 8:
WARNING - NaN values detected in your input data or the output of your objective/model function - fitting algorithms cannot handle this! Please read https://lmfit.github.io/lmfit-py/faq.html#i-get-errors-from-nan-in-my-fit-what-can-i-do for more information.
ERROR - NaN value detected in oversampled model function.
ERROR - <ParameterSet (values: 17)>
    cont_intercept  =  8262.649976866844
    cont_slope      =  6.48359378121293
    iod_depth       =  0.547668653176216
    lsf_left_1      =  3.108796471285371
    lsf_left_2      =  -7.754338028006524
    lsf_left_3      =  3.564733183456059
    lsf_left_4      =  -3.7636481168230467
    lsf_left_5      =  1.160049325990453
    lsf_right1      =  2.778658220572891
    lsf_right2      =  -19.178939186735576
    lsf_right3      =  1.1590790645960038
    lsf_right4      =  -0.6694961496827259
    lsf_right5      =  0.13541085907489683
    tem_depth       =  -0.4466044172613271
    velocity        =  -11347.237929742801
    wave_intercept  =  5157.785627292331
    wave_slope      =  0.013118093785247103
ERROR - Evaluated LSF:
ERROR - [nan nan nan nan nan nan nan nan nan nan nan nan nan nan nan nan nan nan
 nan nan nan nan nan nan nan nan nan nan nan nan nan nan nan nan nan nan
 nan nan nan nan nan nan nan nan nan nan nan nan nan nan nan nan nan nan
 nan nan nan nan nan nan nan nan nan nan nan nan nan nan nan nan nan nan
 nan]
WARNING - Chunk 21:
WARNING - NaN values detected in your input data or the output of your objective/model function - fitting algorithms cannot handle this! Please read https://lmfit.github.io/lmfit-py/faq.html#i-get-errors-from-nan-in-my-fit-what-can-i-do for more information.
ERROR - Chunk 29: No Data! Returning LmfitResult with None.
ERROR - NaN value detected in oversampled model function.
ERROR - <ParameterSet (values: 17)>
    cont_intercept  =  7514.112949249822
    cont_slope      =  3.314823142162113
    iod_depth       =  0.6105160241961385
    lsf_left_1      =  5.202688424810273
    lsf_left_2      =  -12.058306921387999
    lsf_left_3      =  3.3434584554421
    lsf_left_4      =  -3.162999778098672
    lsf_left_5      =  1.0974178185138297
    lsf_right1      =  2.4976208582135015
    lsf_right2      =  -17.2227723130539
    lsf_right3      =  3.9360923643564334
    lsf_right4      =  -0.454740334023239
    lsf_right5      =  0.1461746839169505
    tem_depth       =  0.792817843855938
    velocity        =  -1906.6817760497493
    wave_intercept  =  5181.374088084013
    wave_slope      =  0.014861967266369529
ERROR - Evaluated LSF:
ERROR - [nan nan nan nan nan nan nan nan nan nan nan nan nan nan nan nan nan nan
 nan nan nan nan nan nan nan nan nan nan nan nan nan nan nan nan nan nan
 nan nan nan nan nan nan nan nan nan nan nan nan nan nan nan nan nan nan
 nan nan nan nan nan nan nan nan nan nan nan nan nan nan nan nan nan nan
 nan]
WARNING - Chunk 35:
WARNING - NaN values detected in your input data or the output of your objective/model function - fitting algorithms cannot handle this! Please read https://lmfit.github.io/lmfit-py/faq.html#i-get-errors-from-nan-in-my-fit-what-can-i-do for more information.
ERROR - NaN value detected in oversampled model function.
ERROR - <ParameterSet (values: 17)>
    cont_intercept  =  8428.594943027905
    cont_slope      =  -2.951830686949877
    iod_depth       =  0.6185289704040259
    lsf_left_1      =  5.4410689346916925
    lsf_left_2      =  -14.001556513890904
    lsf_left_3      =  1.2252812396410633
    lsf_left_4      =  -3.854375870237456
    lsf_left_5      =  0.18592789043540703
    lsf_right1      =  3.335740335358648
    lsf_right2      =  -18.86596417395659
    lsf_right3      =  7.007534312324108
    lsf_right4      =  -1.8318714526189939
    lsf_right5      =  0.1341698557263624
    tem_depth       =  0.7439935802536299
    velocity        =  -1138.180352355324
    wave_intercept  =  5203.2149560760445
    wave_slope      =  0.01315861669516934
ERROR - Evaluated LSF:
ERROR - [nan nan nan nan nan nan nan nan nan nan nan nan nan nan nan nan nan nan
 nan nan nan nan nan nan nan nan nan nan nan nan nan nan nan nan nan nan
 nan nan nan nan nan nan nan nan nan nan nan nan nan nan nan nan nan nan
 nan nan nan nan nan nan nan nan nan nan nan nan nan nan nan nan nan nan
 nan]
WARNING - Chunk 47:
WARNING - NaN values detected in your input data or the output of your objective/model function - fitting algorithms cannot handle this! Please read https://lmfit.github.io/lmfit-py/faq.html#i-get-errors-from-nan-in-my-fit-what-can-i-do for more information.
ERROR - NaN value detected in oversampled model function.
ERROR - <ParameterSet (values: 17)>
    cont_intercept  =  6442.6926069431
    cont_slope      =  4.865818827058333
    iod_depth       =  0.5339664228479197
    lsf_left_1      =  8.136412885229742
    lsf_left_2      =  -16.904672977954036
    lsf_left_3      =  2.5636020497742393
    lsf_left_4      =  -2.603679101804198
    lsf_left_5      =  0.5172254289898419
    lsf_right1      =  4.701902646663493
    lsf_right2      =  -19.100902088769104
    lsf_right3      =  6.2220110611303925
    lsf_right4      =  -3.940922696599668
    lsf_right5      =  1.19458724492188
    tem_depth       =  0.7200489611065222
    velocity        =  -2501.8617328688824
    wave_intercept  =  5215.638326460807
    wave_slope      =  0.01567387596616861
ERROR - Evaluated LSF:
ERROR - [nan nan nan nan nan nan nan nan nan nan nan nan nan nan nan nan nan nan
 nan nan nan nan nan nan nan nan nan nan nan nan nan nan nan nan nan nan
 nan nan nan nan nan nan nan nan nan nan nan nan nan nan nan nan nan nan
 nan nan nan nan nan nan nan nan nan nan nan nan nan nan nan nan nan nan
 nan]
WARNING - Chunk 55:
WARNING - NaN values detected in your input data or the output of your objective/model function - fitting algorithms cannot handle this! Please read https://lmfit.github.io/lmfit-py/faq.html#i-get-errors-from-nan-in-my-fit-what-can-i-do for more information.
ERROR - NaN value detected in oversampled model function.
ERROR - <ParameterSet (values: 17)>
    cont_intercept  =  8661.540933741684
    cont_slope      =  6.799995082473449
    iod_depth       =  0.9198079633382831
    lsf_left_1      =  3.410571974749695
    lsf_left_2      =  -18.88036579234833
    lsf_left_3      =  2.789835745620224
    lsf_left_4      =  -3.1390317070107847
    lsf_left_5      =  0.882387990897613
    lsf_right1      =  2.468714805160029
    lsf_right2      =  -14.761247344768602
    lsf_right3      =  1.3233256016591177
    lsf_right4      =  -2.9524297171705616
    lsf_right5      =  1.0475593996559058
    tem_depth       =  -0.3322790932908225
    velocity        =  -9026.087990516104
    wave_intercept  =  5223.692031909621
    wave_slope      =  0.01511379055673799
ERROR - Evaluated LSF:
ERROR - [nan nan nan nan nan nan nan nan nan nan nan nan nan nan nan nan nan nan
 nan nan nan nan nan nan nan nan nan nan nan nan nan nan nan nan nan nan
 nan nan nan nan nan nan nan nan nan nan nan nan nan nan nan nan nan nan
 nan nan nan nan nan nan nan nan nan nan nan nan nan nan nan nan nan nan
 nan]
WARNING - Chunk 59:
WARNING - NaN values detected in your input data or the output of your objective/model function - fitting algorithms cannot handle this! Please read https://lmfit.github.io/lmfit-py/faq.html#i-get-errors-from-nan-in-my-fit-what-can-i-do for more information.
ERROR - Chunk 63: No Data! Returning LmfitResult with None.
ERROR - NaN value detected in oversampled model function.
ERROR - <ParameterSet (values: 17)>
    cont_intercept  =  5782.003951861254
    cont_slope      =  2.890322037359499
    iod_depth       =  0.6588782567465508
    lsf_left_1      =  2.1325528900174158
    lsf_left_2      =  -18.145408853234024
    lsf_left_3      =  6.263306393420793
    lsf_left_4      =  -3.89943966969046
    lsf_left_5      =  0.7099696510748928
    lsf_right1      =  9.995664779723839
    lsf_right2      =  -16.83892475640369
    lsf_right3      =  1.7317752490550162
    lsf_right4      =  -1.0355623502644313
    lsf_right5      =  0.15080306485430134
    tem_depth       =  0.7618487257167375
    velocity        =  -1424.3278716594193
    wave_intercept  =  5256.425599304644
    wave_slope      =  0.01628778751394914
ERROR - Evaluated LSF:
ERROR - [nan nan nan nan nan nan nan nan nan nan nan nan nan nan nan nan nan nan
 nan nan nan nan nan nan nan nan nan nan nan nan nan nan nan nan nan nan
 nan nan nan nan nan nan nan nan nan nan nan nan nan nan nan nan nan nan
 nan nan nan nan nan nan nan nan nan nan nan nan nan nan nan nan nan nan
 nan]
WARNING - Chunk 78:
WARNING - NaN values detected in your input data or the output of your objective/model function - fitting algorithms cannot handle this! Please read https://lmfit.github.io/lmfit-py/faq.html#i-get-errors-from-nan-in-my-fit-what-can-i-do for more information.
ERROR - NaN value detected in oversampled model function.
ERROR - <ParameterSet (values: 17)>
    cont_intercept  =  7403.4097925832975
    cont_slope      =  1.8421242983947592
    iod_depth       =  0.6916351523769217
    lsf_left_1      =  2.1471679578113125
    lsf_left_2      =  -19.198109795342397
    lsf_left_3      =  10.099021428773671
    lsf_left_4      =  -3.649902900887944
    lsf_left_5      =  0.6868586583614099
    lsf_right1      =  3.6627520749739615
    lsf_right2      =  -7.649688563136504
    lsf_right3      =  4.3383866628327326
    lsf_right4      =  -3.451477305784389
    lsf_right5      =  0.9899671752547506
    tem_depth       =  0.793042433196657
    velocity        =  -590.4359930622431
    wave_intercept  =  5266.7240857660645
    wave_slope      =  0.015422781142823992
ERROR - Evaluated LSF:
ERROR - [nan nan nan nan nan nan nan nan nan nan nan nan nan nan nan nan nan nan
 nan nan nan nan nan nan nan nan nan nan nan nan nan nan nan nan nan nan
 nan nan nan nan nan nan nan nan nan nan nan nan nan nan nan nan nan nan
 nan nan nan nan nan nan nan nan nan nan nan nan nan nan nan nan nan nan
 nan]
WARNING - Chunk 83:
WARNING - NaN values detected in your input data or the output of your objective/model function - fitting algorithms cannot handle this! Please read https://lmfit.github.io/lmfit-py/faq.html#i-get-errors-from-nan-in-my-fit-what-can-i-do for more information.
ERROR - NaN value detected in oversampled model function.
ERROR - <ParameterSet (values: 17)>
    cont_intercept  =  4840.170186302472
    cont_slope      =  4.093286858294037
    iod_depth       =  0.570935365081787
    lsf_left_1      =  3.2452847608314865
    lsf_left_2      =  -13.933001775744309
    lsf_left_3      =  1.758467943600408
    lsf_left_4      =  -3.9653712051401806
    lsf_left_5      =  0.21115069489885077
    lsf_right1      =  5.466754013219942
    lsf_right2      =  -15.215006343032446
    lsf_right3      =  10.078184936358554
    lsf_right4      =  -3.965703943761317
    lsf_right5      =  0.2636044351436391
    tem_depth       =  0.7775121988768056
    velocity        =  -1589.703560388403
    wave_intercept  =  5297.841223639655
    wave_slope      =  0.016653062952440654
ERROR - Evaluated LSF:
ERROR - [nan nan nan nan nan nan nan nan nan nan nan nan nan nan nan nan nan nan
 nan nan nan nan nan nan nan nan nan nan nan nan nan nan nan nan nan nan
 nan nan nan nan nan nan nan nan nan nan nan nan nan nan nan nan nan nan
 nan nan nan nan nan nan nan nan nan nan nan nan nan nan nan nan nan nan
 nan]
WARNING - Chunk 101:
WARNING - NaN values detected in your input data or the output of your objective/model function - fitting algorithms cannot handle this! Please read https://lmfit.github.io/lmfit-py/faq.html#i-get-errors-from-nan-in-my-fit-what-can-i-do for more information.
ERROR - NaN value detected in oversampled model function.
ERROR - <ParameterSet (values: 17)>
    cont_intercept  =  6250.368273128533
    cont_slope      =  3.7507365970782844
    iod_depth       =  0.6737586812384061
    lsf_left_1      =  2.8455386508299085
    lsf_left_2      =  -11.022250438316663
    lsf_left_3      =  1.5555975402861892
    lsf_left_4      =  -3.8810374837257973
    lsf_left_5      =  0.13342491115549546
    lsf_right1      =  3.5810298279229773
    lsf_right2      =  -10.135506481613058
    lsf_right3      =  1.356556484700952
    lsf_right4      =  -1.8208063873910434
    lsf_right5      =  0.31075255123989937
    tem_depth       =  0.7355478424261033
    velocity        =  -1248.6455435731862
    wave_intercept  =  5348.6513783558385
    wave_slope      =  0.01656680084509636
ERROR - Evaluated LSF:
ERROR - [nan nan nan nan nan nan nan nan nan nan nan nan nan nan nan nan nan nan
 nan nan nan nan nan nan nan nan nan nan nan nan nan nan nan nan nan nan
 nan nan nan nan nan nan nan nan nan nan nan nan nan nan nan nan nan nan
 nan nan nan nan nan nan nan nan nan nan nan nan nan nan nan nan nan nan
 nan]
WARNING - Chunk 128:
WARNING - NaN values detected in your input data or the output of your objective/model function - fitting algorithms cannot handle this! Please read https://lmfit.github.io/lmfit-py/faq.html#i-get-errors-from-nan-in-my-fit-what-can-i-do for more information.
ERROR - NaN value detected in oversampled model function.
ERROR - <ParameterSet (values: 17)>
    cont_intercept  =  9327.480038910868
    cont_slope      =  -2.569386812523635
    iod_depth       =  0.6341570069269701
    lsf_left_1      =  3.951386975965452
    lsf_left_2      =  -19.357081473390767
    lsf_left_3      =  9.235716028945749
    lsf_left_4      =  -2.9374172225982655
    lsf_left_5      =  0.5412152245809164
    lsf_right1      =  3.1014891228374717
    lsf_right2      =  -19.20462860186034
    lsf_right3      =  6.476713345401723
    lsf_right4      =  -2.228749006702758
    lsf_right5      =  0.2474062912999444
    tem_depth       =  0.8519808504043722
    velocity        =  -1005.4985221852131
    wave_intercept  =  5433.4242990085
    wave_slope      =  0.01376410907204452
ERROR - Evaluated LSF:
ERROR - [nan nan nan nan nan nan nan nan nan nan nan nan nan nan nan nan nan nan
 nan nan nan nan nan nan nan nan nan nan nan nan nan nan nan nan nan nan
 nan nan nan nan nan nan nan nan nan nan nan nan nan nan nan nan nan nan
 nan nan nan nan nan nan nan nan nan nan nan nan nan nan nan nan nan nan
 nan]
WARNING - Chunk 172:
WARNING - NaN values detected in your input data or the output of your objective/model function - fitting algorithms cannot handle this! Please read https://lmfit.github.io/lmfit-py/faq.html#i-get-errors-from-nan-in-my-fit-what-can-i-do for more information.
ERROR - NaN value detected in oversampled model function.
ERROR - <ParameterSet (values: 17)>
    cont_intercept  =  6642.768347802946
    cont_slope      =  5.971467191917926
    iod_depth       =  0.6884167869846206
    lsf_left_1      =  11.861797441248237
    lsf_left_2      =  -18.339609282131487
    lsf_left_3      =  4.817873639448592
    lsf_left_4      =  -2.470079198696981
    lsf_left_5      =  0.3906942873813456
    lsf_right1      =  2.367858013691452
    lsf_right2      =  -18.84172895266532
    lsf_right3      =  2.379591910628887
    lsf_right4      =  -0.7372339650759585
    lsf_right5      =  0.5902173469467871
    tem_depth       =  0.6203395689411587
    velocity        =  -4040.5958667420887
    wave_intercept  =  5441.958095606266
    wave_slope      =  0.01698236203927569
ERROR - Evaluated LSF:
ERROR - [nan nan nan nan nan nan nan nan nan nan nan nan nan nan nan nan nan nan
 nan nan nan nan nan nan nan nan nan nan nan nan nan nan nan nan nan nan
 nan nan nan nan nan nan nan nan nan nan nan nan nan nan nan nan nan nan
 nan nan nan nan nan nan nan nan nan nan nan nan nan nan nan nan nan nan
 nan]
WARNING - Chunk 177:
WARNING - NaN values detected in your input data or the output of your objective/model function - fitting algorithms cannot handle this! Please read https://lmfit.github.io/lmfit-py/faq.html#i-get-errors-from-nan-in-my-fit-what-can-i-do for more information.
ERROR - Chunk 190: No Data! Returning LmfitResult with None.
ERROR - NaN value detected in oversampled model function.
ERROR - <ParameterSet (values: 17)>
    cont_intercept  =  11320.128850606538
    cont_slope      =  -3.02387597059586
    iod_depth       =  0.7419022802540964
    lsf_left_1      =  6.724419568963088
    lsf_left_2      =  -19.376439929931834
    lsf_left_3      =  9.286333995528672
    lsf_left_4      =  -3.6440074680297947
    lsf_left_5      =  1.1128533026374656
    lsf_right1      =  4.133829185445697
    lsf_right2      =  -18.302175997627995
    lsf_right3      =  2.2435639717270277
    lsf_right4      =  -3.384924993917721
    lsf_right5      =  0.19128259138481904
    tem_depth       =  0.6929777852155012
    velocity        =  -2162.7172622478047
    wave_intercept  =  5480.131170168535
    wave_slope      =  0.01399627616514222
ERROR - Evaluated LSF:
ERROR - [nan nan nan nan nan nan nan nan nan nan nan nan nan nan nan nan nan nan
 nan nan nan nan nan nan nan nan nan nan nan nan nan nan nan nan nan nan
 nan nan nan nan nan nan nan nan nan nan nan nan nan nan nan nan nan nan
 nan nan nan nan nan nan nan nan nan nan nan nan nan nan nan nan nan nan
 nan]
WARNING - Chunk 196:
WARNING - NaN values detected in your input data or the output of your objective/model function - fitting algorithms cannot handle this! Please read https://lmfit.github.io/lmfit-py/faq.html#i-get-errors-from-nan-in-my-fit-what-can-i-do for more information.
ERROR - NaN value detected in oversampled model function.
ERROR - <ParameterSet (values: 17)>
    cont_intercept  =  9226.869978731847
    cont_slope      =  -3.7530174824222584
    iod_depth       =  0.7275916546830866
    lsf_left_1      =  2.3600198059693613
    lsf_left_2      =  -8.337065471556556
    lsf_left_3      =  1.4792418494859008
    lsf_left_4      =  -3.7863674134212535
    lsf_left_5      =  0.2668965750049811
    lsf_right1      =  2.468882367997994
    lsf_right2      =  -6.0081967515031
    lsf_right3      =  1.3951444511025899
    lsf_right4      =  -3.0706146294793295
    lsf_right5      =  0.41895669823658904
    tem_depth       =  0.8410745151022194
    velocity        =  -673.8047704238126
    wave_intercept  =  5481.943149598399
    wave_slope      =  0.013861613516946846
ERROR - Evaluated LSF:
ERROR - [nan nan nan nan nan nan nan nan nan nan nan nan nan nan nan nan nan nan
 nan nan nan nan nan nan nan nan nan nan nan nan nan nan nan nan nan nan
 nan nan nan nan nan nan nan nan nan nan nan nan nan nan nan nan nan nan
 nan nan nan nan nan nan nan nan nan nan nan nan nan nan nan nan nan nan
 nan]
WARNING - Chunk 197:
WARNING - NaN values detected in your input data or the output of your objective/model function - fitting algorithms cannot handle this! Please read https://lmfit.github.io/lmfit-py/faq.html#i-get-errors-from-nan-in-my-fit-what-can-i-do for more information.
ERROR - NaN value detected in oversampled model function.
ERROR - <ParameterSet (values: 17)>
    cont_intercept  =  7413.722657962307
    cont_slope      =  2.5346294277115273
    iod_depth       =  0.9197579949155069
    lsf_left_1      =  5.0644183211137275
    lsf_left_2      =  -19.37589522660906
    lsf_left_3      =  7.374986172717128
    lsf_left_4      =  -2.4557845856229292
    lsf_left_5      =  0.775354685518625
    lsf_right1      =  3.895717440701623
    lsf_right2      =  -15.131461264017194
    lsf_right3      =  1.3645890147741688
    lsf_right4      =  -2.9742750157572235
    lsf_right5      =  0.8108520623072779
    tem_depth       =  0.04677618795405969
    velocity        =  -7802.114437544931
    wave_intercept  =  5493.227784123651
    wave_slope      =  0.01700631915950697
ERROR - Evaluated LSF:
ERROR - [nan nan nan nan nan nan nan nan nan nan nan nan nan nan nan nan nan nan
 nan nan nan nan nan nan nan nan nan nan nan nan nan nan nan nan nan nan
 nan nan nan nan nan nan nan nan nan nan nan nan nan nan nan nan nan nan
 nan nan nan nan nan nan nan nan nan nan nan nan nan nan nan nan nan nan
 nan]
WARNING - Chunk 203:
WARNING - NaN values detected in your input data or the output of your objective/model function - fitting algorithms cannot handle this! Please read https://lmfit.github.io/lmfit-py/faq.html#i-get-errors-from-nan-in-my-fit-what-can-i-do for more information.
ERROR - NaN value detected in oversampled model function.
ERROR - <ParameterSet (values: 17)>
    cont_intercept  =  11690.550975334905
    cont_slope      =  5.808662486250317
    iod_depth       =  0.8011413192608118
    lsf_left_1      =  2.1156802163548556
    lsf_left_2      =  -19.092432890447874
    lsf_left_3      =  1.9469225605744653
    lsf_left_4      =  -3.5514548429817405
    lsf_left_5      =  1.0579931924698633
    lsf_right1      =  5.206753461056627
    lsf_right2      =  -12.29869116130635
    lsf_right3      =  6.864762841867773
    lsf_right4      =  -3.2584058792919457
    lsf_right5      =  0.7579990196477999
    tem_depth       =  0.8531971275498921
    velocity        =  -723.4362124993368
    wave_intercept  =  5514.200483290234
    wave_slope      =  0.015289173829384321
ERROR - Evaluated LSF:
ERROR - [nan nan nan nan nan nan nan nan nan nan nan nan nan nan nan nan nan nan
 nan nan nan nan nan nan nan nan nan nan nan nan nan nan nan nan nan nan
 nan nan nan nan nan nan nan nan nan nan nan nan nan nan nan nan nan nan
 nan nan nan nan nan nan nan nan nan nan nan nan nan nan nan nan nan nan
 nan]
WARNING - Chunk 213:
WARNING - NaN values detected in your input data or the output of your objective/model function - fitting algorithms cannot handle this! Please read https://lmfit.github.io/lmfit-py/faq.html#i-get-errors-from-nan-in-my-fit-what-can-i-do for more information.
ERROR - Chunk 214: No Data! Returning LmfitResult with None.
ERROR - NaN value detected in oversampled model function.
ERROR - <ParameterSet (values: 17)>
    cont_intercept  =  6285.107784105991
    cont_slope      =  5.155755914149212
    iod_depth       =  0.6815620249129068
    lsf_left_1      =  3.8875419470587778
    lsf_left_2      =  -18.2818928227176
    lsf_left_3      =  1.2401179211016446
    lsf_left_4      =  -1.5892579417858999
    lsf_left_5      =  1.1016092032534477
    lsf_right1      =  5.501578100029184
    lsf_right2      =  -19.086215120123338
    lsf_right3      =  2.5196807331703974
    lsf_right4      =  -2.1749614326116635
    lsf_right5      =  1.0184315299112088
    tem_depth       =  0.8038908111046844
    velocity        =  -972.5085973774014
    wave_intercept  =  5538.680476666944
    wave_slope      =  0.017425726401141373
ERROR - Evaluated LSF:
ERROR - [nan nan nan nan nan nan nan nan nan nan nan nan nan nan nan nan nan nan
 nan nan nan nan nan nan nan nan nan nan nan nan nan nan nan nan nan nan
 nan nan nan nan nan nan nan nan nan nan nan nan nan nan nan nan nan nan
 nan nan nan nan nan nan nan nan nan nan nan nan nan nan nan nan nan nan
 nan]
WARNING - Chunk 226:
WARNING - NaN values detected in your input data or the output of your objective/model function - fitting algorithms cannot handle this! Please read https://lmfit.github.io/lmfit-py/faq.html#i-get-errors-from-nan-in-my-fit-what-can-i-do for more information.
ERROR - Chunk 296: No Data! Returning LmfitResult with None.
ERROR - NaN value detected in oversampled model function.
ERROR - <ParameterSet (values: 17)>
    cont_intercept  =  12600.228987143155
    cont_slope      =  3.814564668098389
    iod_depth       =  0.7340794182783188
    lsf_left_1      =  10.062395964131325
    lsf_left_2      =  -19.119881052245226
    lsf_left_3      =  9.55949566978683
    lsf_left_4      =  -2.3812651208648967
    lsf_left_5      =  0.1854580684434225
    lsf_right1      =  2.7639028868068456
    lsf_right2      =  -17.348130556764485
    lsf_right3      =  1.1691740150058973
    lsf_right4      =  -3.7609567816683316
    lsf_right5      =  1.0072557432383487
    tem_depth       =  0.8678845471728223
    velocity        =  -1374.7093476258067
    wave_intercept  =  5716.151654902129
    wave_slope      =  0.01620671075824871
ERROR - Evaluated LSF:
ERROR - [nan nan nan nan nan nan nan nan nan nan nan nan nan nan nan nan nan nan
 nan nan nan nan nan nan nan nan nan nan nan nan nan nan nan nan nan nan
 nan nan nan nan nan nan nan nan nan nan nan nan nan nan nan nan nan nan
 nan nan nan nan nan nan nan nan nan nan nan nan nan nan nan nan nan nan
 nan]
WARNING - Chunk 311:
WARNING - NaN values detected in your input data or the output of your objective/model function - fitting algorithms cannot handle this! Please read https://lmfit.github.io/lmfit-py/faq.html#i-get-errors-from-nan-in-my-fit-what-can-i-do for more information.
ERROR - NaN value detected in oversampled model function.
ERROR - <ParameterSet (values: 17)>
    cont_intercept  =  14283.918559559175
    cont_slope      =  5.681512927330434
    iod_depth       =  0.6009446185712799
    lsf_left_1      =  6.530016942465056
    lsf_left_2      =  -15.160032064748293
    lsf_left_3      =  1.7897974712162812
    lsf_left_4      =  -3.9150827532913497
    lsf_left_5      =  0.3499384363971445
    lsf_right1      =  2.991905402500536
    lsf_right2      =  -19.376463231019034
    lsf_right3      =  5.278544293318414
    lsf_right4      =  -3.8997547622153323
    lsf_right5      =  0.3438934832423811
    tem_depth       =  -0.5185493082030699
    velocity        =  -8208.702769601994
    wave_intercept  =  5722.3749054826
    wave_slope      =  0.015671270640773574
ERROR - Evaluated LSF:
ERROR - [nan nan nan nan nan nan nan nan nan nan nan nan nan nan nan nan nan nan
 nan nan nan nan nan nan nan nan nan nan nan nan nan nan nan nan nan nan
 nan nan nan nan nan nan nan nan nan nan nan nan nan nan nan nan nan nan
 nan nan nan nan nan nan nan nan nan nan nan nan nan nan nan nan nan nan
 nan]
WARNING - Chunk 314:
WARNING - NaN values detected in your input data or the output of your objective/model function - fitting algorithms cannot handle this! Please read https://lmfit.github.io/lmfit-py/faq.html#i-get-errors-from-nan-in-my-fit-what-can-i-do for more information.
ERROR - NaN value detected in oversampled model function.
ERROR - <ParameterSet (values: 17)>
    cont_intercept  =  13654.912845279558
    cont_slope      =  -3.0956093434739045
    iod_depth       =  0.708229093136137
    lsf_left_1      =  7.74067164461969
    lsf_left_2      =  -18.474909165227583
    lsf_left_3      =  8.399685053156064
    lsf_left_4      =  -2.2913019817859905
    lsf_left_5      =  0.17773598313694178
    lsf_right1      =  2.805576803345096
    lsf_right2      =  -19.180104948798007
    lsf_right3      =  2.444595129145623
    lsf_right4      =  -3.6484432291200792
    lsf_right5      =  1.0228608254027858
    tem_depth       =  0.8609319814739581
    velocity        =  -944.8724356711926
    wave_intercept  =  5732.359355688965
    wave_slope      =  0.014938595377718623
ERROR - Evaluated LSF:
ERROR - [nan nan nan nan nan nan nan nan nan nan nan nan nan nan nan nan nan nan
 nan nan nan nan nan nan nan nan nan nan nan nan nan nan nan nan nan nan
 nan nan nan nan nan nan nan nan nan nan nan nan nan nan nan nan nan nan
 nan nan nan nan nan nan nan nan nan nan nan nan nan nan nan nan nan nan
 nan]
WARNING - Chunk 319:
WARNING - NaN values detected in your input data or the output of your objective/model function - fitting algorithms cannot handle this! Please read https://lmfit.github.io/lmfit-py/faq.html#i-get-errors-from-nan-in-my-fit-what-can-i-do for more information.
ERROR - NaN value detected in oversampled model function.
ERROR - <ParameterSet (values: 17)>
    cont_intercept  =  14891.839381260474
    cont_slope      =  4.068363548496157
    iod_depth       =  0.720700220355943
    lsf_left_1      =  2.1761322628227275
    lsf_left_2      =  -18.21728150436544
    lsf_left_3      =  10.256802658002513
    lsf_left_4      =  -3.5261555957652577
    lsf_left_5      =  0.47255525598947734
    lsf_right1      =  3.0029839896623987
    lsf_right2      =  -6.5270922164280805
    lsf_right3      =  1.9239822804587638
    lsf_right4      =  -3.8470358745425357
    lsf_right5      =  0.9791012887526707
    tem_depth       =  0.17257163284182994
    velocity        =  -11700.889055230122
    wave_intercept  =  5770.08626722121
    wave_slope      =  0.016346695365017726
ERROR - Evaluated LSF:
ERROR - [nan nan nan nan nan nan nan nan nan nan nan nan nan nan nan nan nan nan
 nan nan nan nan nan nan nan nan nan nan nan nan nan nan nan nan nan nan
 nan nan nan nan nan nan nan nan nan nan nan nan nan nan nan nan nan nan
 nan nan nan nan nan nan nan nan nan nan nan nan nan nan nan nan nan nan
 nan]
WARNING - Chunk 336:
WARNING - NaN values detected in your input data or the output of your objective/model function - fitting algorithms cannot handle this! Please read https://lmfit.github.io/lmfit-py/faq.html#i-get-errors-from-nan-in-my-fit-what-can-i-do for more information.
ERROR - NaN value detected in oversampled model function.
ERROR - <ParameterSet (values: 17)>
    cont_intercept  =  14832.291537073042
    cont_slope      =  2.917383402778574
    iod_depth       =  0.6495025661471094
    lsf_left_1      =  2.5344561249397213
    lsf_left_2      =  -16.284389659682887
    lsf_left_3      =  3.0347940193558047
    lsf_left_4      =  -2.9324554398287432
    lsf_left_5      =  1.1963586207675811
    lsf_right1      =  10.130483483404966
    lsf_right2      =  -18.70220061708855
    lsf_right3      =  1.2187391317131882
    lsf_right4      =  -0.4408931233827471
    lsf_right5      =  0.3144000599035903
    tem_depth       =  0.9387734028015104
    velocity        =  -1887.8126153891603
    wave_intercept  =  5772.2062227945025
    wave_slope      =  0.016077391338136918
ERROR - Evaluated LSF:
ERROR - [nan nan nan nan nan nan nan nan nan nan nan nan nan nan nan nan nan nan
 nan nan nan nan nan nan nan nan nan nan nan nan nan nan nan nan nan nan
 nan nan nan nan nan nan nan nan nan nan nan nan nan nan nan nan nan nan
 nan nan nan nan nan nan nan nan nan nan nan nan nan nan nan nan nan nan
 nan]
WARNING - Chunk 337:
WARNING - NaN values detected in your input data or the output of your objective/model function - fitting algorithms cannot handle this! Please read https://lmfit.github.io/lmfit-py/faq.html#i-get-errors-from-nan-in-my-fit-what-can-i-do for more information.
ERROR - NaN value detected in oversampled model function.
ERROR - <ParameterSet (values: 17)>
    cont_intercept  =  11830.879769821977
    cont_slope      =  -2.680168825914413
    iod_depth       =  0.7313654585931144
    lsf_left_1      =  6.085329803482221
    lsf_left_2      =  -14.285435957599262
    lsf_left_3      =  5.172320194493518
    lsf_left_4      =  -3.727584062423564
    lsf_left_5      =  0.7358977620286801
    lsf_right1      =  5.82904263901777
    lsf_right2      =  -18.661557703159776
    lsf_right3      =  4.043338601584925
    lsf_right4      =  -0.7789472468436789
    lsf_right5      =  0.20266385470296233
    tem_depth       =  0.7778583319685817
    velocity        =  -1527.6856406253132
    wave_intercept  =  5794.115231938577
    wave_slope      =  0.014432071598287273
ERROR - Evaluated LSF:
ERROR - [nan nan nan nan nan nan nan nan nan nan nan nan nan nan nan nan nan nan
 nan nan nan nan nan nan nan nan nan nan nan nan nan nan nan nan nan nan
 nan nan nan nan nan nan nan nan nan nan nan nan nan nan nan nan nan nan
 nan nan nan nan nan nan nan nan nan nan nan nan nan nan nan nan nan nan
 nan]
WARNING - Chunk 348:
WARNING - NaN values detected in your input data or the output of your objective/model function - fitting algorithms cannot handle this! Please read https://lmfit.github.io/lmfit-py/faq.html#i-get-errors-from-nan-in-my-fit-what-can-i-do for more information.
ERROR - Chunk 357: No Data! Returning LmfitResult with None.
ERROR - NaN value detected in oversampled model function.
ERROR - <ParameterSet (values: 17)>
    cont_intercept  =  14421.981086598129
    cont_slope      =  11.937363967020307
    iod_depth       =  0.7070425664498855
    lsf_left_1      =  2.1500058792652
    lsf_left_2      =  -13.740916057028748
    lsf_left_3      =  7.409827471392422
    lsf_left_4      =  -3.860456834600834
    lsf_left_5      =  0.6730955839948205
    lsf_right1      =  2.715675868734609
    lsf_right2      =  -12.273683250253766
    lsf_right3      =  1.3226813951179535
    lsf_right4      =  -3.962875656828288
    lsf_right5      =  1.1964517135927704
    tem_depth       =  -1.8685766417697471
    velocity        =  -7058.173970356732
    wave_intercept  =  5825.039409268607
    wave_slope      =  0.016407078931109376
ERROR - Evaluated LSF:
ERROR - [nan nan nan nan nan nan nan nan nan nan nan nan nan nan nan nan nan nan
 nan nan nan nan nan nan nan nan nan nan nan nan nan nan nan nan nan nan
 nan nan nan nan nan nan nan nan nan nan nan nan nan nan nan nan nan nan
 nan nan nan nan nan nan nan nan nan nan nan nan nan nan nan nan nan nan
 nan]
WARNING - Chunk 361:
WARNING - NaN values detected in your input data or the output of your objective/model function - fitting algorithms cannot handle this! Please read https://lmfit.github.io/lmfit-py/faq.html#i-get-errors-from-nan-in-my-fit-what-can-i-do for more information.
ERROR - Chunk 366: No Data! Returning LmfitResult with None.
ERROR - NaN value detected in oversampled model function.
ERROR - <ParameterSet (values: 17)>
    cont_intercept  =  6966.769096776119
    cont_slope      =  5.267851501338446
    iod_depth       =  0.5676317840783712
    lsf_left_1      =  3.0935394701244516
    lsf_left_2      =  -16.03944809762651
    lsf_left_3      =  9.948372302579898
    lsf_left_4      =  -2.7090369130219782
    lsf_left_5      =  0.19743468206767
    lsf_right1      =  3.7371129678012194
    lsf_right2      =  -19.325676780786452
    lsf_right3      =  8.043278888126501
    lsf_right4      =  -2.011150384658471
    lsf_right5      =  0.18795165850184717
    tem_depth       =  0.7169568838650857
    velocity        =  -1103.3487704081217
    wave_intercept  =  5855.81250977893
    wave_slope      =  0.01862124556836791
ERROR - Evaluated LSF:
ERROR - [nan nan nan nan nan nan nan nan nan nan nan nan nan nan nan nan nan nan
 nan nan nan nan nan nan nan nan nan nan nan nan nan nan nan nan nan nan
 nan nan nan nan nan nan nan nan nan nan nan nan nan nan nan nan nan nan
 nan nan nan nan nan nan nan nan nan nan nan nan nan nan nan nan nan nan
 nan]
WARNING - Chunk 375:
WARNING - NaN values detected in your input data or the output of your objective/model function - fitting algorithms cannot handle this! Please read https://lmfit.github.io/lmfit-py/faq.html#i-get-errors-from-nan-in-my-fit-what-can-i-do for more information.
ERROR - NaN value detected in oversampled model function.
ERROR - <ParameterSet (values: 17)>
    cont_intercept  =  7473.642507312929
    cont_slope      =  6.656210591878604
    iod_depth       =  0.6443000923026387
    lsf_left_1      =  2.9748885646687118
    lsf_left_2      =  -17.618147420195
    lsf_left_3      =  1.175964620263951
    lsf_left_4      =  -2.2080148158806634
    lsf_left_5      =  0.7429798127660944
    lsf_right1      =  3.323875462028739
    lsf_right2      =  -12.06809087799363
    lsf_right3      =  1.2869877236816052
    lsf_right4      =  -0.7036109204081997
    lsf_right5      =  0.14255492655906551
    tem_depth       =  0.8394016450465903
    velocity        =  -777.9298835698896
    wave_intercept  =  5858.229693857949
    wave_slope      =  0.0185028140481731
ERROR - Evaluated LSF:
ERROR - [nan nan nan nan nan nan nan nan nan nan nan nan nan nan nan nan nan nan
 nan nan nan nan nan nan nan nan nan nan nan nan nan nan nan nan nan nan
 nan nan nan nan nan nan nan nan nan nan nan nan nan nan nan nan nan nan
 nan nan nan nan nan nan nan nan nan nan nan nan nan nan nan nan nan nan
 nan]
WARNING - Chunk 376:
WARNING - NaN values detected in your input data or the output of your objective/model function - fitting algorithms cannot handle this! Please read https://lmfit.github.io/lmfit-py/faq.html#i-get-errors-from-nan-in-my-fit-what-can-i-do for more information.
ERROR - NaN value detected in oversampled model function.
ERROR - <ParameterSet (values: 17)>
    cont_intercept  =  14169.808611836217
    cont_slope      =  -0.16611865578146703
    iod_depth       =  0.3910578747751233
    lsf_left_1      =  2.5881780361600484
    lsf_left_2      =  -10.302288931875408
    lsf_left_3      =  7.346603748831687
    lsf_left_4      =  -3.318541044499224
    lsf_left_5      =  0.23774545442828685
    lsf_right1      =  5.310740431663707
    lsf_right2      =  -12.052594630939367
    lsf_right3      =  1.3803429646049654
    lsf_right4      =  -2.307613855622024
    lsf_right5      =  0.7027631949311383
    tem_depth       =  1.623039366602271
    velocity        =  -2739.5897236797746
    wave_intercept  =  5874.458144918851
    wave_slope      =  0.017419430002899746
ERROR - Evaluated LSF:
ERROR - [nan nan nan nan nan nan nan nan nan nan nan nan nan nan nan nan nan nan
 nan nan nan nan nan nan nan nan nan nan nan nan nan nan nan nan nan nan
 nan nan nan nan nan nan nan nan nan nan nan nan nan nan nan nan nan nan
 nan nan nan nan nan nan nan nan nan nan nan nan nan nan nan nan nan nan
 nan]
WARNING - Chunk 383:
WARNING - NaN values detected in your input data or the output of your objective/model function - fitting algorithms cannot handle this! Please read https://lmfit.github.io/lmfit-py/faq.html#i-get-errors-from-nan-in-my-fit-what-can-i-do for more information.
ERROR - NaN value detected in oversampled model function.
ERROR - <ParameterSet (values: 17)>
    cont_intercept  =  14966.262341272792
    cont_slope      =  4.0900021632670525
    iod_depth       =  0.7850065843271368
    lsf_left_1      =  2.8811524633260723
    lsf_left_2      =  -19.156077413500615
    lsf_left_3      =  7.805986696694073
    lsf_left_4      =  -3.964441469720235
    lsf_left_5      =  0.7082699223755703
    lsf_right1      =  2.965701672069212
    lsf_right2      =  -4.62683525003386
    lsf_right3      =  1.343503804895215
    lsf_right4      =  -1.627734936320187
    lsf_right5      =  0.13642961672560094
    tem_depth       =  0.26192888835047884
    velocity        =  -14879.902613874183
    wave_intercept  =  5876.670860376635
    wave_slope      =  0.017032956894384034
ERROR - Evaluated LSF:
ERROR - [nan nan nan nan nan nan nan nan nan nan nan nan nan nan nan nan nan nan
 nan nan nan nan nan nan nan nan nan nan nan nan nan nan nan nan nan nan
 nan nan nan nan nan nan nan nan nan nan nan nan nan nan nan nan nan nan
 nan nan nan nan nan nan nan nan nan nan nan nan nan nan nan nan nan nan
 nan]
WARNING - Chunk 384:
WARNING - NaN values detected in your input data or the output of your objective/model function - fitting algorithms cannot handle this! Please read https://lmfit.github.io/lmfit-py/faq.html#i-get-errors-from-nan-in-my-fit-what-can-i-do for more information.
ERROR - NaN value detected in oversampled model function.
ERROR - <ParameterSet (values: 17)>
    cont_intercept  =  14539.965275600189
    cont_slope      =  -4.333356448624723
    iod_depth       =  0.6709071581625847
    lsf_left_1      =  2.4372892243471926
    lsf_left_2      =  -9.124116450633073
    lsf_left_3      =  1.4340374953332216
    lsf_left_4      =  -3.910775851145101
    lsf_left_5      =  0.5027509201889729
    lsf_right1      =  2.2933985287502057
    lsf_right2      =  -16.295387544120643
    lsf_right3      =  10.090483877594128
    lsf_right4      =  -3.963016759462644
    lsf_right5      =  0.21309946070198535
    tem_depth       =  0.006482247627044413
    velocity        =  -7958.612192628608
    wave_intercept  =  5887.459782097826
    wave_slope      =  0.016181665890725002
ERROR - Evaluated LSF:
ERROR - [nan nan nan nan nan nan nan nan nan nan nan nan nan nan nan nan nan nan
 nan nan nan nan nan nan nan nan nan nan nan nan nan nan nan nan nan nan
 nan nan nan nan nan nan nan nan nan nan nan nan nan nan nan nan nan nan
 nan nan nan nan nan nan nan nan nan nan nan nan nan nan nan nan nan nan
 nan]
WARNING - Chunk 389:
WARNING - NaN values detected in your input data or the output of your objective/model function - fitting algorithms cannot handle this! Please read https://lmfit.github.io/lmfit-py/faq.html#i-get-errors-from-nan-in-my-fit-what-can-i-do for more information.
ERROR - NaN value detected in oversampled model function.
ERROR - <ParameterSet (values: 17)>
    cont_intercept  =  13668.191661615452
    cont_slope      =  -4.399426120295403
    iod_depth       =  0.6882690458777976
    lsf_left_1      =  2.261589721692777
    lsf_left_2      =  -14.444411306007561
    lsf_left_3      =  1.1642505686785116
    lsf_left_4      =  -3.599965980335957
    lsf_left_5      =  1.164480334608673
    lsf_right1      =  4.823251644738287
    lsf_right2      =  -15.582503871751559
    lsf_right3      =  5.271467420248306
    lsf_right4      =  -1.2285429238789916
    lsf_right5      =  0.3037615324818692
    tem_depth       =  0.7897137021018403
    velocity        =  -1696.4874761133492
    wave_intercept  =  5899.698142018298
    wave_slope      =  0.015476645207619776
ERROR - Evaluated LSF:
ERROR - [nan nan nan nan nan nan nan nan nan nan nan nan nan nan nan nan nan nan
 nan nan nan nan nan nan nan nan nan nan nan nan nan nan nan nan nan nan
 nan nan nan nan nan nan nan nan nan nan nan nan nan nan nan nan nan nan
 nan nan nan nan nan nan nan nan nan nan nan nan nan nan nan nan nan nan
 nan]
WARNING - Chunk 395:
WARNING - NaN values detected in your input data or the output of your objective/model function - fitting algorithms cannot handle this! Please read https://lmfit.github.io/lmfit-py/faq.html#i-get-errors-from-nan-in-my-fit-what-can-i-do for more information.
ERROR - NaN value detected in oversampled model function.
ERROR - <ParameterSet (values: 17)>
    cont_intercept  =  15891.639177948497
    cont_slope      =  13.446406641757392
    iod_depth       =  0.8525317587899264
    lsf_left_1      =  2.855176207919444
    lsf_left_2      =  -17.499873755606913
    lsf_left_3      =  1.1433427143660884
    lsf_left_4      =  -3.024917155616182
    lsf_left_5      =  1.0074044675761649
    lsf_right1      =  8.32709090851898
    lsf_right2      =  -19.26739289929352
    lsf_right3      =  1.166964236280797
    lsf_right4      =  -1.8188068492075886
    lsf_right5      =  0.5743787005156025
    tem_depth       =  -0.18674992336714955
    velocity        =  -14696.621450373355
    wave_intercept  =  5942.495616215731
    wave_slope      =  0.01641433149899961
ERROR - Evaluated LSF:
ERROR - [nan nan nan nan nan nan nan nan nan nan nan nan nan nan nan nan nan nan
 nan nan nan nan nan nan nan nan nan nan nan nan nan nan nan nan nan nan
 nan nan nan nan nan nan nan nan nan nan nan nan nan nan nan nan nan nan
 nan nan nan nan nan nan nan nan nan nan nan nan nan nan nan nan nan nan
 nan]
WARNING - Chunk 413:
WARNING - NaN values detected in your input data or the output of your objective/model function - fitting algorithms cannot handle this! Please read https://lmfit.github.io/lmfit-py/faq.html#i-get-errors-from-nan-in-my-fit-what-can-i-do for more information.
ERROR - NaN value detected in oversampled model function.
ERROR - <ParameterSet (values: 17)>
    cont_intercept  =  8609.418473873451
    cont_slope      =  8.063833560199923
    iod_depth       =  0.6148839552682474
    lsf_left_1      =  2.37058533716576
    lsf_left_2      =  -18.765986932558672
    lsf_left_3      =  4.38564476488226
    lsf_left_4      =  -3.40582112119226
    lsf_left_5      =  0.9096711612560295
    lsf_right1      =  2.8729744598574216
    lsf_right2      =  -13.963622407286175
    lsf_right3      =  1.671002775103735
    lsf_right4      =  -3.07005960692164
    lsf_right5      =  0.18546617324915993
    tem_depth       =  0.7885464439178445
    velocity        =  -8635.929631253715
    wave_intercept  =  5973.106264479597
    wave_slope      =  0.01877003260179406
ERROR - Evaluated LSF:
ERROR - [nan nan nan nan nan nan nan nan nan nan nan nan nan nan nan nan nan nan
 nan nan nan nan nan nan nan nan nan nan nan nan nan nan nan nan nan nan
 nan nan nan nan nan nan nan nan nan nan nan nan nan nan nan nan nan nan
 nan nan nan nan nan nan nan nan nan nan nan nan nan nan nan nan nan nan
 nan]
WARNING - Chunk 426:
WARNING - NaN values detected in your input data or the output of your objective/model function - fitting algorithms cannot handle this! Please read https://lmfit.github.io/lmfit-py/faq.html#i-get-errors-from-nan-in-my-fit-what-can-i-do for more information.
ERROR - NaN value detected in oversampled model function.
ERROR - <ParameterSet (values: 17)>
    cont_intercept  =  14888.582857510144
    cont_slope      =  1.9495469415368092
    iod_depth       =  0.49315372586760176
    lsf_left_1      =  5.261397813552697
    lsf_left_2      =  -12.266657789903107
    lsf_left_3      =  2.0265110874236227
    lsf_left_4      =  -1.6385695803940838
    lsf_left_5      =  0.5483500993775288
    lsf_right1      =  2.144453867019784
    lsf_right2      =  -13.906820646177941
    lsf_right3      =  1.2841022726906113
    lsf_right4      =  -0.6996067312866368
    lsf_right5      =  0.46780172295387523
    tem_depth       =  0.7942519043718808
    velocity        =  -1693.7098076996945
    wave_intercept  =  5991.887337908917
    wave_slope      =  0.016711532207493315
ERROR - Evaluated LSF:
ERROR - [nan nan nan nan nan nan nan nan nan nan nan nan nan nan nan nan nan nan
 nan nan nan nan nan nan nan nan nan nan nan nan nan nan nan nan nan nan
 nan nan nan nan nan nan nan nan nan nan nan nan nan nan nan nan nan nan
 nan nan nan nan nan nan nan nan nan nan nan nan nan nan nan nan nan nan
 nan]
WARNING - Chunk 434:
WARNING - NaN values detected in your input data or the output of your objective/model function - fitting algorithms cannot handle this! Please read https://lmfit.github.io/lmfit-py/faq.html#i-get-errors-from-nan-in-my-fit-what-can-i-do for more information.
ERROR - NaN value detected in oversampled model function.
ERROR - <ParameterSet (values: 17)>
    cont_intercept  =  13949.212815544131
    cont_slope      =  -2.074193425784982
    iod_depth       =  0.3096038409883483
    lsf_left_1      =  7.094121675703727
    lsf_left_2      =  -18.513625542961414
    lsf_left_3      =  1.2095904340796584
    lsf_left_4      =  -3.965625192673907
    lsf_left_5      =  0.18156392297952806
    lsf_right1      =  3.0140011666067057
    lsf_right2      =  -17.933870358495792
    lsf_right3      =  6.106443939990636
    lsf_right4      =  -3.7617548006732915
    lsf_right5      =  0.7243754613791279
    tem_depth       =  0.8702523424480442
    velocity        =  -1025.6037227318773
    wave_intercept  =  6017.38675709599
    wave_slope      =  0.015977990909719898
ERROR - Evaluated LSF:
ERROR - [nan nan nan nan nan nan nan nan nan nan nan nan nan nan nan nan nan nan
 nan nan nan nan nan nan nan nan nan nan nan nan nan nan nan nan nan nan
 nan nan nan nan nan nan nan nan nan nan nan nan nan nan nan nan nan nan
 nan nan nan nan nan nan nan nan nan nan nan nan nan nan nan nan nan nan
 nan]
WARNING - Chunk 446:
WARNING - NaN values detected in your input data or the output of your objective/model function - fitting algorithms cannot handle this! Please read https://lmfit.github.io/lmfit-py/faq.html#i-get-errors-from-nan-in-my-fit-what-can-i-do for more information.
ERROR - NaN value detected in oversampled model function.
ERROR - <ParameterSet (values: 17)>
    cont_intercept  =  7945.546361811121
    cont_slope      =  6.4432726496266355
    iod_depth       =  0.6463159591860846
    lsf_left_1      =  2.1840323700339823
    lsf_left_2      =  -15.28097392419923
    lsf_left_3      =  6.607850884033781
    lsf_left_4      =  -1.4719456880507478
    lsf_left_5      =  0.2628231692329697
    lsf_right1      =  9.658693930678023
    lsf_right2      =  -19.094536739362855
    lsf_right3      =  3.514454639964894
    lsf_right4      =  -2.4690883979510967
    lsf_right5      =  0.3658313310592135
    tem_depth       =  -0.5661450702440478
    velocity        =  -8729.547673981197
    wave_intercept  =  6029.791163177477
    wave_slope      =  0.019187005324903476
ERROR - Evaluated LSF:
ERROR - [nan nan nan nan nan nan nan nan nan nan nan nan nan nan nan nan nan nan
 nan nan nan nan nan nan nan nan nan nan nan nan nan nan nan nan nan nan
 nan nan nan nan nan nan nan nan nan nan nan nan nan nan nan nan nan nan
 nan nan nan nan nan nan nan nan nan nan nan nan nan nan nan nan nan nan
 nan]
WARNING - Chunk 450:
WARNING - NaN values detected in your input data or the output of your objective/model function - fitting algorithms cannot handle this! Please read https://lmfit.github.io/lmfit-py/faq.html#i-get-errors-from-nan-in-my-fit-what-can-i-do for more information.
ERROR - NaN value detected in oversampled model function.
ERROR - <ParameterSet (values: 17)>
    cont_intercept  =  10370.023680669485
    cont_slope      =  7.844368265395746
    iod_depth       =  0.831094498107217
    lsf_left_1      =  4.720112769490382
    lsf_left_2      =  -12.867164612626752
    lsf_left_3      =  3.8606538306102136
    lsf_left_4      =  -1.8303657662772235
    lsf_left_5      =  0.13318281506699636
    lsf_right1      =  2.5871503379059564
    lsf_right2      =  -18.534673201939956
    lsf_right3      =  8.608109153846248
    lsf_right4      =  -3.909540577138659
    lsf_right5      =  0.30445134523119965
    tem_depth       =  0.7676644623551855
    velocity        =  -7029.106815460394
    wave_intercept  =  6037.124755862169
    wave_slope      =  0.018695888160489574
ERROR - Evaluated LSF:
ERROR - [nan nan nan nan nan nan nan nan nan nan nan nan nan nan nan nan nan nan
 nan nan nan nan nan nan nan nan nan nan nan nan nan nan nan nan nan nan
 nan nan nan nan nan nan nan nan nan nan nan nan nan nan nan nan nan nan
 nan nan nan nan nan nan nan nan nan nan nan nan nan nan nan nan nan nan
 nan]
WARNING - Chunk 453:
WARNING - NaN values detected in your input data or the output of your objective/model function - fitting algorithms cannot handle this! Please read https://lmfit.github.io/lmfit-py/faq.html#i-get-errors-from-nan-in-my-fit-what-can-i-do for more information.
ERROR - NaN value detected in oversampled model function.
ERROR - <ParameterSet (values: 17)>
    cont_intercept  =  13186.94624448731
    cont_slope      =  6.24922661480488
    iod_depth       =  0.8525953150102716
    lsf_left_1      =  5.0381329151079015
    lsf_left_2      =  -19.046848136209107
    lsf_left_3      =  1.156190856116492
    lsf_left_4      =  -0.9358732256367603
    lsf_left_5      =  0.5327514894255118
    lsf_right1      =  8.700451811156288
    lsf_right2      =  -16.230369688180563
    lsf_right3      =  3.101083874866267
    lsf_right4      =  -1.7301890560710995
    lsf_right5      =  0.7988791137531712
    tem_depth       =  0.5031359912526011
    velocity        =  -11791.606241206218
    wave_intercept  =  6044.2714609189225
    wave_slope      =  0.018080108839101695
ERROR - Evaluated LSF:
ERROR - [nan nan nan nan nan nan nan nan nan nan nan nan nan nan nan nan nan nan
 nan nan nan nan nan nan nan nan nan nan nan nan nan nan nan nan nan nan
 nan nan nan nan nan nan nan nan nan nan nan nan nan nan nan nan nan nan
 nan nan nan nan nan nan nan nan nan nan nan nan nan nan nan nan nan nan
 nan]
WARNING - Chunk 456:
WARNING - NaN values detected in your input data or the output of your objective/model function - fitting algorithms cannot handle this! Please read https://lmfit.github.io/lmfit-py/faq.html#i-get-errors-from-nan-in-my-fit-what-can-i-do for more information.
ERROR - NaN value detected in oversampled model function.
ERROR - <ParameterSet (values: 17)>
    cont_intercept  =  15382.260799502896
    cont_slope      =  4.0102252563075
    iod_depth       =  0.7683363445838554
    lsf_left_1      =  6.528772280895343
    lsf_left_2      =  -18.061606919880873
    lsf_left_3      =  2.832855353302273
    lsf_left_4      =  -0.6259386588521245
    lsf_left_5      =  0.20071287708070784
    lsf_right1      =  3.6841259180406327
    lsf_right2      =  -12.436931763940795
    lsf_right3      =  6.200523144445818
    lsf_right4      =  -3.5977924890715496
    lsf_right5      =  0.9821910191371312
    tem_depth       =  0.3076614969661048
    velocity        =  -1364.985751833504
    wave_intercept  =  6051.20637156948
    wave_slope      =  0.017495011606729224
ERROR - Evaluated LSF:
ERROR - [nan nan nan nan nan nan nan nan nan nan nan nan nan nan nan nan nan nan
 nan nan nan nan nan nan nan nan nan nan nan nan nan nan nan nan nan nan
 nan nan nan nan nan nan nan nan nan nan nan nan nan nan nan nan nan nan
 nan nan nan nan nan nan nan nan nan nan nan nan nan nan nan nan nan nan
 nan]
WARNING - Chunk 459:
WARNING - NaN values detected in your input data or the output of your objective/model function - fitting algorithms cannot handle this! Please read https://lmfit.github.io/lmfit-py/faq.html#i-get-errors-from-nan-in-my-fit-what-can-i-do for more information.
ERROR - NaN value detected in oversampled model function.
ERROR - <ParameterSet (values: 17)>
    cont_intercept  =  15693.777454622536
    cont_slope      =  2.825024071328503
    iod_depth       =  0.7585326117571348
    lsf_left_1      =  5.411041945105433
    lsf_left_2      =  -16.031973345195233
    lsf_left_3      =  3.4401883264755524
    lsf_left_4      =  -3.759601006610993
    lsf_left_5      =  0.14178673701160183
    lsf_right1      =  5.500628233682816
    lsf_right2      =  -19.22770722608064
    lsf_right3      =  1.4759514844928818
    lsf_right4      =  -2.624858854871517
    lsf_right5      =  1.1200792363506338
    tem_depth       =  0.9801754359061816
    velocity        =  -920.1280781090702
    wave_intercept  =  6055.744563743899
    wave_slope      =  0.017145634360948993
ERROR - Evaluated LSF:
ERROR - [nan nan nan nan nan nan nan nan nan nan nan nan nan nan nan nan nan nan
 nan nan nan nan nan nan nan nan nan nan nan nan nan nan nan nan nan nan
 nan nan nan nan nan nan nan nan nan nan nan nan nan nan nan nan nan nan
 nan nan nan nan nan nan nan nan nan nan nan nan nan nan nan nan nan nan
 nan]
WARNING - Chunk 461:
WARNING - NaN values detected in your input data or the output of your objective/model function - fitting algorithms cannot handle this! Please read https://lmfit.github.io/lmfit-py/faq.html#i-get-errors-from-nan-in-my-fit-what-can-i-do for more information.
ERROR - NaN value detected in oversampled model function.
ERROR - <ParameterSet (values: 17)>
    cont_intercept  =  16715.30309721463
    cont_slope      =  0.16315851619697275
    iod_depth       =  0.8249856581105843
    lsf_left_1      =  2.173180428688615
    lsf_left_2      =  -16.30301801301419
    lsf_left_3      =  3.590579983222368
    lsf_left_4      =  -0.4439333651693609
    lsf_left_5      =  0.21300453464544805
    lsf_right1      =  2.304145819596341
    lsf_right2      =  -15.769620357416152
    lsf_right3      =  4.162801223515627
    lsf_right4      =  -1.1238120686334674
    lsf_right5      =  0.14039750181133115
    tem_depth       =  0.897803759899782
    velocity        =  -466.34595299841016
    wave_intercept  =  6064.488498262754
    wave_slope      =  0.016513911492834057
ERROR - Evaluated LSF:
ERROR - [nan nan nan nan nan nan nan nan nan nan nan nan nan nan nan nan nan nan
 nan nan nan nan nan nan nan nan nan nan nan nan nan nan nan nan nan nan
 nan nan nan nan nan nan nan nan nan nan nan nan nan nan nan nan nan nan
 nan nan nan nan nan nan nan nan nan nan nan nan nan nan nan nan nan nan
 nan]
WARNING - Chunk 465:
WARNING - NaN values detected in your input data or the output of your objective/model function - fitting algorithms cannot handle this! Please read https://lmfit.github.io/lmfit-py/faq.html#i-get-errors-from-nan-in-my-fit-what-can-i-do for more information.
ERROR - Chunk 470: No Data! Returning LmfitResult with None.
ERROR - NaN value detected in oversampled model function.
ERROR - <ParameterSet (values: 17)>
    cont_intercept  =  11943.391916345357
    cont_slope      =  8.425503664730135
    iod_depth       =  0.8460937000687702
    lsf_left_1      =  6.387709803626061
    lsf_left_2      =  -15.857924658547518
    lsf_left_3      =  2.189964814204971
    lsf_left_4      =  -2.2398759576660945
    lsf_left_5      =  0.138545918627069
    lsf_right1      =  7.274045853404831
    lsf_right2      =  -16.535660384180694
    lsf_right3      =  1.166504771379838
    lsf_right4      =  -0.5023791973337577
    lsf_right5      =  0.13979817296446354
    tem_depth       =  -0.21389815823746328
    velocity        =  -11472.758038898028
    wave_intercept  =  6099.903460929738
    wave_slope      =  0.018627068397373756
ERROR - Evaluated LSF:
ERROR - [nan nan nan nan nan nan nan nan nan nan nan nan nan nan nan nan nan nan
 nan nan nan nan nan nan nan nan nan nan nan nan nan nan nan nan nan nan
 nan nan nan nan nan nan nan nan nan nan nan nan nan nan nan nan nan nan
 nan nan nan nan nan nan nan nan nan nan nan nan nan nan nan nan nan nan
 nan]
WARNING - Chunk 479:
WARNING - NaN values detected in your input data or the output of your objective/model function - fitting algorithms cannot handle this! Please read https://lmfit.github.io/lmfit-py/faq.html#i-get-errors-from-nan-in-my-fit-what-can-i-do for more information.
ERROR - NaN value detected in oversampled model function.
ERROR - <ParameterSet (values: 17)>
    cont_intercept  =  14522.017546653133
    cont_slope      =  5.703319060249106
    iod_depth       =  0.9123542131786968
    lsf_left_1      =  6.700560966320141
    lsf_left_2      =  -16.449471695254537
    lsf_left_3      =  2.9433606268382597
    lsf_left_4      =  -3.835244370050474
    lsf_left_5      =  0.9591934707824834
    lsf_right1      =  2.1399306330919368
    lsf_right2      =  -5.949655107690896
    lsf_right3      =  1.456791098460139
    lsf_right4      =  -3.614604729787279
    lsf_right5      =  1.1504375109501797
    tem_depth       =  0.25116712121168944
    velocity        =  -8518.85951433125
    wave_intercept  =  6107.093837599518
    wave_slope      =  0.017851068884331748
ERROR - Evaluated LSF:
ERROR - [nan nan nan nan nan nan nan nan nan nan nan nan nan nan nan nan nan nan
 nan nan nan nan nan nan nan nan nan nan nan nan nan nan nan nan nan nan
 nan nan nan nan nan nan nan nan nan nan nan nan nan nan nan nan nan nan
 nan nan nan nan nan nan nan nan nan nan nan nan nan nan nan nan nan nan
 nan]
WARNING - Chunk 482:
WARNING - NaN values detected in your input data or the output of your objective/model function - fitting algorithms cannot handle this! Please read https://lmfit.github.io/lmfit-py/faq.html#i-get-errors-from-nan-in-my-fit-what-can-i-do for more information.
ERROR - NaN value detected in oversampled model function.
ERROR - <ParameterSet (values: 17)>
    cont_intercept  =  14796.364797006681
    cont_slope      =  -0.07391725952446257
    iod_depth       =  0.7171943513573774
    lsf_left_1      =  2.494337111234998
    lsf_left_2      =  -19.36901351781124
    lsf_left_3      =  1.3222014378534481
    lsf_left_4      =  -3.379811598005979
    lsf_left_5      =  0.1793077883534482
    lsf_right1      =  7.463477311885462
    lsf_right2      =  -18.44379225896004
    lsf_right3      =  5.123270862299744
    lsf_right4      =  -2.71508912856915
    lsf_right5      =  0.7442937220734761
    tem_depth       =  0.9052303901590405
    velocity        =  -1124.5343074294203
    wave_intercept  =  6122.9471070351565
    wave_slope      =  0.01682481863240702
ERROR - Evaluated LSF:
ERROR - [nan nan nan nan nan nan nan nan nan nan nan nan nan nan nan nan nan nan
 nan nan nan nan nan nan nan nan nan nan nan nan nan nan nan nan nan nan
 nan nan nan nan nan nan nan nan nan nan nan nan nan nan nan nan nan nan
 nan nan nan nan nan nan nan nan nan nan nan nan nan nan nan nan nan nan
 nan]
WARNING - Chunk 489:
WARNING - NaN values detected in your input data or the output of your objective/model function - fitting algorithms cannot handle this! Please read https://lmfit.github.io/lmfit-py/faq.html#i-get-errors-from-nan-in-my-fit-what-can-i-do for more information.
ERROR - NaN value detected in oversampled model function.
ERROR - <ParameterSet (values: 17)>
    cont_intercept  =  13998.507219083069
    cont_slope      =  -1.7951208465122919
    iod_depth       =  0.7540983746712648
    lsf_left_1      =  5.2154933876393565
    lsf_left_2      =  -19.109918417090697
    lsf_left_3      =  2.84056139041562
    lsf_left_4      =  -1.6537519738344901
    lsf_left_5      =  0.6298858341295002
    lsf_right1      =  2.2182274344754407
    lsf_right2      =  -19.339603731318203
    lsf_right3      =  10.287610594001613
    lsf_right4      =  -3.4294805136263404
    lsf_right5      =  0.543860003096533
    tem_depth       =  0.06988655354520143
    velocity        =  -7712.064777668014
    wave_intercept  =  6139.745207395627
    wave_slope      =  0.015543690041078887
ERROR - Evaluated LSF:
ERROR - [nan nan nan nan nan nan nan nan nan nan nan nan nan nan nan nan nan nan
 nan nan nan nan nan nan nan nan nan nan nan nan nan nan nan nan nan nan
 nan nan nan nan nan nan nan nan nan nan nan nan nan nan nan nan nan nan
 nan nan nan nan nan nan nan nan nan nan nan nan nan nan nan nan nan nan
 nan]
WARNING - Chunk 497:
WARNING - NaN values detected in your input data or the output of your objective/model function - fitting algorithms cannot handle this! Please read https://lmfit.github.io/lmfit-py/faq.html#i-get-errors-from-nan-in-my-fit-what-can-i-do for more information.
ERROR - NaN value detected in oversampled model function.
ERROR - <ParameterSet (values: 17)>
    cont_intercept  =  13008.03537698442
    cont_slope      =  -5.037893630514632
    iod_depth       =  0.3751718194027718
    lsf_left_1      =  2.121770922666553
    lsf_left_2      =  -17.718505315813005
    lsf_left_3      =  5.353465726625526
    lsf_left_4      =  -3.753404036138665
    lsf_left_5      =  0.23664559429385879
    lsf_right1      =  2.117835622903807
    lsf_right2      =  -9.112838872141092
    lsf_right3      =  1.2854361349303094
    lsf_right4      =  -1.8302104668917814
    lsf_right5      =  0.4181080403048585
    tem_depth       =  0.8970322649148452
    velocity        =  1013.9336594858327
    wave_intercept  =  6141.753384541675
    wave_slope      =  0.016209837592167157
ERROR - Evaluated LSF:
ERROR - [nan nan nan nan nan nan nan nan nan nan nan nan nan nan nan nan nan nan
 nan nan nan nan nan nan nan nan nan nan nan nan nan nan nan nan nan nan
 nan nan nan nan nan nan nan nan nan nan nan nan nan nan nan nan nan nan
 nan nan nan nan nan nan nan nan nan nan nan nan nan nan nan nan nan nan
 nan]
WARNING - Chunk 498:
WARNING - NaN values detected in your input data or the output of your objective/model function - fitting algorithms cannot handle this! Please read https://lmfit.github.io/lmfit-py/faq.html#i-get-errors-from-nan-in-my-fit-what-can-i-do for more information.
ERROR - NaN value detected in oversampled model function.
ERROR - <ParameterSet (values: 17)>
    cont_intercept  =  8974.524124686444
    cont_slope      =  9.077288849660539
    iod_depth       =  0.08742328467321106
    lsf_left_1      =  4.178188260337651
    lsf_left_2      =  -18.410628650947512
    lsf_left_3      =  4.580047098508858
    lsf_left_4      =  -2.155969781996807
    lsf_left_5      =  0.6383481816578518
    lsf_right1      =  2.599454562565544
    lsf_right2      =  -10.273982868853674
    lsf_right3      =  6.866380233958376
    lsf_right4      =  -2.1832830584397263
    lsf_right5      =  0.1901615249414739
    tem_depth       =  0.9116720725853218
    velocity        =  -1745.0605017988928
    wave_intercept  =  6154.110564635
    wave_slope      =  0.01883023219933299
ERROR - Evaluated LSF:
ERROR - [nan nan nan nan nan nan nan nan nan nan nan nan nan nan nan nan nan nan
 nan nan nan nan nan nan nan nan nan nan nan nan nan nan nan nan nan nan
 nan nan nan nan nan nan nan nan nan nan nan nan nan nan nan nan nan nan
 nan nan nan nan nan nan nan nan nan nan nan nan nan nan nan nan nan nan
 nan]
WARNING - Chunk 501:
WARNING - NaN values detected in your input data or the output of your objective/model function - fitting algorithms cannot handle this! Please read https://lmfit.github.io/lmfit-py/faq.html#i-get-errors-from-nan-in-my-fit-what-can-i-do for more information.
ERROR - NaN value detected in oversampled model function.
ERROR - <ParameterSet (values: 17)>
    cont_intercept  =  13296.70866026434
    cont_slope      =  5.343849695584409
    iod_depth       =  0.6703865366521475
    lsf_left_1      =  2.9106803451040397
    lsf_left_2      =  -19.055028929957828
    lsf_left_3      =  8.698969455869548
    lsf_left_4      =  -3.770304288352911
    lsf_left_5      =  0.15302524703325981
    lsf_right1      =  10.466689585511885
    lsf_right2      =  -19.37600405548715
    lsf_right3      =  5.225794214001969
    lsf_right4      =  -2.796336443736606
    lsf_right5      =  0.6451244138358119
    tem_depth       =  0.9630541814233384
    velocity        =  -750.1517279141984
    wave_intercept  =  6166.395555054562
    wave_slope      =  0.01841905693184972
ERROR - Evaluated LSF:
ERROR - [nan nan nan nan nan nan nan nan nan nan nan nan nan nan nan nan nan nan
 nan nan nan nan nan nan nan nan nan nan nan nan nan nan nan nan nan nan
 nan nan nan nan nan nan nan nan nan nan nan nan nan nan nan nan nan nan
 nan nan nan nan nan nan nan nan nan nan nan nan nan nan nan nan nan nan
 nan]
WARNING - Chunk 506:
WARNING - NaN values detected in your input data or the output of your objective/model function - fitting algorithms cannot handle this! Please read https://lmfit.github.io/lmfit-py/faq.html#i-get-errors-from-nan-in-my-fit-what-can-i-do for more information.
ERROR - NaN value detected in oversampled model function.
ERROR - <ParameterSet (values: 17)>
    cont_intercept  =  16361.375854693151
    cont_slope      =  0.13053844446358687
    iod_depth       =  0.6384184069288419
    lsf_left_1      =  12.122085506360353
    lsf_left_2      =  -19.36059244268427
    lsf_left_3      =  1.2116720377282715
    lsf_left_4      =  -3.1860999850474165
    lsf_left_5      =  0.47935749989116766
    lsf_right1      =  2.9513099840574277
    lsf_right2      =  -19.37547531580268
    lsf_right3      =  9.544931336231265
    lsf_right4      =  -3.631331392125636
    lsf_right5      =  0.2766351168482702
    tem_depth       =  0.8818404541434955
    velocity        =  -1715.9685151678732
    wave_intercept  =  6189.154528280726
    wave_slope      =  0.016965153785316368
ERROR - Evaluated LSF:
ERROR - [nan nan nan nan nan nan nan nan nan nan nan nan nan nan nan nan nan nan
 nan nan nan nan nan nan nan nan nan nan nan nan nan nan nan nan nan nan
 nan nan nan nan nan nan nan nan nan nan nan nan nan nan nan nan nan nan
 nan nan nan nan nan nan nan nan nan nan nan nan nan nan nan nan nan nan
 nan]
WARNING - Chunk 516:
WARNING - NaN values detected in your input data or the output of your objective/model function - fitting algorithms cannot handle this! Please read https://lmfit.github.io/lmfit-py/faq.html#i-get-errors-from-nan-in-my-fit-what-can-i-do for more information.
ERROR - NaN value detected in oversampled model function.
ERROR - <ParameterSet (values: 17)>
    cont_intercept  =  12090.078889638036
    cont_slope      =  5.917364321493917
    iod_depth       =  1.0301956826296217
    lsf_left_1      =  2.4278233442521286
    lsf_left_2      =  -13.38887810537187
    lsf_left_3      =  4.154269932687146
    lsf_left_4      =  -3.5057565064855214
    lsf_left_5      =  0.6081101588225736
    lsf_right1      =  6.596663460202967
    lsf_right2      =  -15.379347870865935
    lsf_right3      =  4.962163640550062
    lsf_right4      =  -2.454345090368987
    lsf_right5      =  0.8921831503805563
    tem_depth       =  0.8678711349699011
    velocity        =  106.56612731033385
    wave_intercept  =  6224.419737800119
    wave_slope      =  0.01943442084302084
ERROR - Evaluated LSF:
ERROR - [nan nan nan nan nan nan nan nan nan nan nan nan nan nan nan nan nan nan
 nan nan nan nan nan nan nan nan nan nan nan nan nan nan nan nan nan nan
 nan nan nan nan nan nan nan nan nan nan nan nan nan nan nan nan nan nan
 nan nan nan nan nan nan nan nan nan nan nan nan nan nan nan nan nan nan
 nan]
WARNING - Chunk 529:
WARNING - NaN values detected in your input data or the output of your objective/model function - fitting algorithms cannot handle this! Please read https://lmfit.github.io/lmfit-py/faq.html#i-get-errors-from-nan-in-my-fit-what-can-i-do for more information.
ERROR - NaN value detected in oversampled model function.
ERROR - <ParameterSet (values: 17)>
    cont_intercept  =  12903.65293631068
    cont_slope      =  6.506977445835044
    iod_depth       =  -0.0316133490502316
    lsf_left_1      =  2.3000813258484727
    lsf_left_2      =  -4.247269102464331
    lsf_left_3      =  1.1430690788217093
    lsf_left_4      =  -3.9657424115972453
    lsf_left_5      =  0.13322178624084868
    lsf_right1      =  2.3261063759056504
    lsf_right2      =  -19.37636956174613
    lsf_right3      =  2.363174457755803
    lsf_right4      =  -3.9617681886700082
    lsf_right5      =  0.8142316499476993
    tem_depth       =  0.7927765166306673
    velocity        =  -7694.313766004237
    wave_intercept  =  6226.756742306235
    wave_slope      =  0.017248487188856958
ERROR - Evaluated LSF:
ERROR - [nan nan nan nan nan nan nan nan nan nan nan nan nan nan nan nan nan nan
 nan nan nan nan nan nan nan nan nan nan nan nan nan nan nan nan nan nan
 nan nan nan nan nan nan nan nan nan nan nan nan nan nan nan nan nan nan
 nan nan nan nan nan nan nan nan nan nan nan nan nan nan nan nan nan nan
 nan]
WARNING - Chunk 530:
WARNING - NaN values detected in your input data or the output of your objective/model function - fitting algorithms cannot handle this! Please read https://lmfit.github.io/lmfit-py/faq.html#i-get-errors-from-nan-in-my-fit-what-can-i-do for more information.
ERROR - NaN value detected in oversampled model function.
ERROR - <ParameterSet (values: 17)>
    cont_intercept  =  13419.710046842172
    cont_slope      =  7.190072586300653
    iod_depth       =  0.3398186744984136
    lsf_left_1      =  3.3965986745291756
    lsf_left_2      =  -13.940193215798761
    lsf_left_3      =  6.940416867420013
    lsf_left_4      =  -3.269006241121971
    lsf_left_5      =  0.5081181427992909
    lsf_right1      =  9.200291361905855
    lsf_right2      =  -18.97507098293757
    lsf_right3      =  1.2966879628851304
    lsf_right4      =  -3.4016751612182023
    lsf_right5      =  0.5040124445529335
    tem_depth       =  0.8917097125516437
    velocity        =  -1527.0631697803192
    wave_intercept  =  6231.697806940035
    wave_slope      =  0.01840641747957352
ERROR - Evaluated LSF:
ERROR - [nan nan nan nan nan nan nan nan nan nan nan nan nan nan nan nan nan nan
 nan nan nan nan nan nan nan nan nan nan nan nan nan nan nan nan nan nan
 nan nan nan nan nan nan nan nan nan nan nan nan nan nan nan nan nan nan
 nan nan nan nan nan nan nan nan nan nan nan nan nan nan nan nan nan nan
 nan]
WARNING - Chunk 532:
WARNING - NaN values detected in your input data or the output of your objective/model function - fitting algorithms cannot handle this! Please read https://lmfit.github.io/lmfit-py/faq.html#i-get-errors-from-nan-in-my-fit-what-can-i-do for more information.
ERROR - Chunk 537: No Data! Returning LmfitResult with None.
ERROR - NaN value detected in oversampled model function.
ERROR - <ParameterSet (values: 17)>
    cont_intercept  =  15412.949721622053
    cont_slope      =  2.3579005005198006
    iod_depth       =  -0.11828991136754245
    lsf_left_1      =  2.1214342144405722
    lsf_left_2      =  -3.320537191000369
    lsf_left_3      =  1.715268191197232
    lsf_left_4      =  -3.763389984658426
    lsf_left_5      =  0.3334977968955193
    lsf_right1      =  3.6550233345303713
    lsf_right2      =  -18.853489692832905
    lsf_right3      =  2.0145201115449254
    lsf_right4      =  -2.860580873825884
    lsf_right5      =  0.9245494767390738
    tem_depth       =  0.7946814145024057
    velocity        =  -7564.473945865992
    wave_intercept  =  6245.57108797341
    wave_slope      =  0.017522579634616932
ERROR - Evaluated LSF:
ERROR - [nan nan nan nan nan nan nan nan nan nan nan nan nan nan nan nan nan nan
 nan nan nan nan nan nan nan nan nan nan nan nan nan nan nan nan nan nan
 nan nan nan nan nan nan nan nan nan nan nan nan nan nan nan nan nan nan
 nan nan nan nan nan nan nan nan nan nan nan nan nan nan nan nan nan nan
 nan]
WARNING - Chunk 538:
WARNING - NaN values detected in your input data or the output of your objective/model function - fitting algorithms cannot handle this! Please read https://lmfit.github.io/lmfit-py/faq.html#i-get-errors-from-nan-in-my-fit-what-can-i-do for more information.
ERROR - NaN value detected in oversampled model function.
ERROR - <ParameterSet (values: 17)>
    cont_intercept  =  15634.005682188328
    cont_slope      =  0.4933090535096417
    iod_depth       =  0.5768227866529764
    lsf_left_1      =  9.69093419737479
    lsf_left_2      =  -19.375667563941263
    lsf_left_3      =  1.1440591277422822
    lsf_left_4      =  -3.9642793959272793
    lsf_left_5      =  0.21277878143239032
    lsf_right1      =  8.405775886318816
    lsf_right2      =  -19.10140844658255
    lsf_right3      =  6.76798158410694
    lsf_right4      =  -3.961004283672155
    lsf_right5      =  0.3254851231324518
    tem_depth       =  0.9244509552149365
    velocity        =  -619.7049276325715
    wave_intercept  =  6247.9084401515365
    wave_slope      =  0.017165927350135092
ERROR - Evaluated LSF:
ERROR - [nan nan nan nan nan nan nan nan nan nan nan nan nan nan nan nan nan nan
 nan nan nan nan nan nan nan nan nan nan nan nan nan nan nan nan nan nan
 nan nan nan nan nan nan nan nan nan nan nan nan nan nan nan nan nan nan
 nan nan nan nan nan nan nan nan nan nan nan nan nan nan nan nan nan nan
 nan]
WARNING - Chunk 539:
WARNING - NaN values detected in your input data or the output of your objective/model function - fitting algorithms cannot handle this! Please read https://lmfit.github.io/lmfit-py/faq.html#i-get-errors-from-nan-in-my-fit-what-can-i-do for more information.
ERROR - Chunk 544: No Data! Returning LmfitResult with None.
ERROR - NaN value detected in oversampled model function.
ERROR - <ParameterSet (values: 17)>
    cont_intercept  =  11317.135794352043
    cont_slope      =  7.20786219850117
    iod_depth       =  0.5335805489890664
    lsf_left_1      =  8.16790244138225
    lsf_left_2      =  -18.992424168179287
    lsf_left_3      =  2.428384096004784
    lsf_left_4      =  -2.9240932534088477
    lsf_left_5      =  0.8022922986752342
    lsf_right1      =  6.594580046761926
    lsf_right2      =  -17.586467477226282
    lsf_right3      =  1.5440259320156962
    lsf_right4      =  -1.8404492840185482
    lsf_right5      =  0.13315607301541174
    tem_depth       =  0.9337982938224918
    velocity        =  -1415.6441345423516
    wave_intercept  =  6286.078649959973
    wave_slope      =  0.019317710952313757
ERROR - Evaluated LSF:
ERROR - [nan nan nan nan nan nan nan nan nan nan nan nan nan nan nan nan nan nan
 nan nan nan nan nan nan nan nan nan nan nan nan nan nan nan nan nan nan
 nan nan nan nan nan nan nan nan nan nan nan nan nan nan nan nan nan nan
 nan nan nan nan nan nan nan nan nan nan nan nan nan nan nan nan nan nan
 nan]
WARNING - Chunk 553:
WARNING - NaN values detected in your input data or the output of your objective/model function - fitting algorithms cannot handle this! Please read https://lmfit.github.io/lmfit-py/faq.html#i-get-errors-from-nan-in-my-fit-what-can-i-do for more information.
ERROR - NaN value detected in oversampled model function.
ERROR - <ParameterSet (values: 17)>
    cont_intercept  =  14434.97805932556
    cont_slope      =  3.328672090368296
    iod_depth       =  0.7351669114110112
    lsf_left_1      =  12.520734989936342
    lsf_left_2      =  -17.88051034211118
    lsf_left_3      =  1.1840034175349186
    lsf_left_4      =  -3.3103178448268675
    lsf_left_5      =  0.19909184660021578
    lsf_right1      =  2.2300494102280166
    lsf_right2      =  -15.882995386926167
    lsf_right3      =  1.3411299175042266
    lsf_right4      =  -3.9630735642532438
    lsf_right5      =  1.0524977396052664
    tem_depth       =  0.9678775357327183
    velocity        =  -1733.007986408066
    wave_intercept  =  6295.982865272837
    wave_slope      =  0.018564584398354737
ERROR - Evaluated LSF:
ERROR - [nan nan nan nan nan nan nan nan nan nan nan nan nan nan nan nan nan nan
 nan nan nan nan nan nan nan nan nan nan nan nan nan nan nan nan nan nan
 nan nan nan nan nan nan nan nan nan nan nan nan nan nan nan nan nan nan
 nan nan nan nan nan nan nan nan nan nan nan nan nan nan nan nan nan nan
 nan]
WARNING - Chunk 557:
WARNING - NaN values detected in your input data or the output of your objective/model function - fitting algorithms cannot handle this! Please read https://lmfit.github.io/lmfit-py/faq.html#i-get-errors-from-nan-in-my-fit-what-can-i-do for more information.
ERROR - NaN value detected in oversampled model function.
ERROR - <ParameterSet (values: 17)>
    cont_intercept  =  16042.853738179483
    cont_slope      =  3.483964114970743
    iod_depth       =  -0.04269889179871923
    lsf_left_1      =  2.1150508135887707
    lsf_left_2      =  -19.372116130119824
    lsf_left_3      =  1.996563885301151
    lsf_left_4      =  -0.5316596418678783
    lsf_left_5      =  0.508510761983016
    lsf_right1      =  4.084300325475834
    lsf_right2      =  -6.219256743423102
    lsf_right3      =  1.2430720971238034
    lsf_right4      =  -3.9294540554252824
    lsf_right5      =  0.3899162942324713
    tem_depth       =  1.9737559945521699
    velocity        =  -6002.52386446433
    wave_intercept  =  6307.69775847688
    wave_slope      =  0.017742160355271937
ERROR - Evaluated LSF:
ERROR - [nan nan nan nan nan nan nan nan nan nan nan nan nan nan nan nan nan nan
 nan nan nan nan nan nan nan nan nan nan nan nan nan nan nan nan nan nan
 nan nan nan nan nan nan nan nan nan nan nan nan nan nan nan nan nan nan
 nan nan nan nan nan nan nan nan nan nan nan nan nan nan nan nan nan nan
 nan]
WARNING - Chunk 562:
WARNING - NaN values detected in your input data or the output of your objective/model function - fitting algorithms cannot handle this! Please read https://lmfit.github.io/lmfit-py/faq.html#i-get-errors-from-nan-in-my-fit-what-can-i-do for more information.
ERROR - NaN value detected in oversampled model function.
ERROR - <ParameterSet (values: 17)>
    cont_intercept  =  16445.9943689295
    cont_slope      =  0.5675001539317261
    iod_depth       =  0.5818541661519127
    lsf_left_1      =  2.1229076019124724
    lsf_left_2      =  -19.1397342582289
    lsf_left_3      =  2.6387055835317534
    lsf_left_4      =  -2.371960358210209
    lsf_left_5      =  0.7454747436032904
    lsf_right1      =  2.8529946677497238
    lsf_right2      =  -14.426555024278779
    lsf_right3      =  9.533083538520561
    lsf_right4      =  -2.4587452621276147
    lsf_right5      =  0.19380763076025243
    tem_depth       =  0.9383270078469085
    velocity        =  -1519.119690075222
    wave_intercept  =  6312.306282793561
    wave_slope      =  0.017240628468488072
ERROR - Evaluated LSF:
ERROR - [nan nan nan nan nan nan nan nan nan nan nan nan nan nan nan nan nan nan
 nan nan nan nan nan nan nan nan nan nan nan nan nan nan nan nan nan nan
 nan nan nan nan nan nan nan nan nan nan nan nan nan nan nan nan nan nan
 nan nan nan nan nan nan nan nan nan nan nan nan nan nan nan nan nan nan
 nan]
WARNING - Chunk 564:
WARNING - NaN values detected in your input data or the output of your objective/model function - fitting algorithms cannot handle this! Please read https://lmfit.github.io/lmfit-py/faq.html#i-get-errors-from-nan-in-my-fit-what-can-i-do for more information.
ERROR - Chunk 569: No Data! Returning LmfitResult with None.
ERROR - Chunk 570: No Data! Returning LmfitResult with None.
ERROR - NaN value detected in oversampled model function.
ERROR - <ParameterSet (values: 17)>
    cont_intercept  =  12640.089858645099
    cont_slope      =  -2.4540859463964773
    iod_depth       =  1.2764862248608502
    lsf_left_1      =  3.702218025849512
    lsf_left_2      =  -17.229625697037743
    lsf_left_3      =  1.2073898530635259
    lsf_left_4      =  -2.5720795215418795
    lsf_left_5      =  0.707845711040182
    lsf_right1      =  2.258909960368222
    lsf_right2      =  -17.35733753053764
    lsf_right3      =  1.5075221163848298
    lsf_right4      =  -1.9443976384599932
    lsf_right5      =  0.6358091899225387
    tem_depth       =  0.27823650989674065
    velocity        =  -6972.950074941784
    wave_intercept  =  6331.655485307686
    wave_slope      =  0.01543309223953252
ERROR - Evaluated LSF:
ERROR - [nan nan nan nan nan nan nan nan nan nan nan nan nan nan nan nan nan nan
 nan nan nan nan nan nan nan nan nan nan nan nan nan nan nan nan nan nan
 nan nan nan nan nan nan nan nan nan nan nan nan nan nan nan nan nan nan
 nan nan nan nan nan nan nan nan nan nan nan nan nan nan nan nan nan nan
 nan]
WARNING - Chunk 573:
WARNING - NaN values detected in your input data or the output of your objective/model function - fitting algorithms cannot handle this! Please read https://lmfit.github.io/lmfit-py/faq.html#i-get-errors-from-nan-in-my-fit-what-can-i-do for more information.
INFO - 
INFO - Number of chunks with no uncertainties: 0
INFO - Number of chunks with outliers: 0
INFO - Number of chunks with nan fitted red. Chi2: 71
INFO - 
INFO - Creating analysis plots...
ERROR - NaN value detected in iodine function.
ERROR - Chunk could not be plotted
Traceback (most recent call last):
  File "/Users/jaklusmeyer/SONG/pyodine/pyodine/plot_lib.py", line 62, in plot_chunkmodel
    sp = fit_results[chunk_nr].fitted_spectrum
  File "/Users/jaklusmeyer/SONG/pyodine/pyodine/fitters/base.py", line 45, in fitted_spectrum
    return self.model.eval_spectrum(self.chunk, self.params, chunk_ind=self.chunk_ind)
  File "/Users/jaklusmeyer/SONG/pyodine/pyodine/models/base.py", line 79, in eval_spectrum
    flux = self.eval(chunk, params, chunk_ind=chunk_ind, **kwargs)
  File "/Users/jaklusmeyer/SONG/pyodine/pyodine/models/spectrum.py", line 138, in eval
    tck = splrep(tem.wave * doppler, flux_tem, s=0)
  File "/Users/jaklusmeyer/miniconda/envs/pyodine_env/lib/python3.9/site-packages/scipy/interpolate/_fitpack_py.py", line 295, in splrep
    res = _impl.splrep(x, y, w, xb, xe, k, task, s, t, full_output, per, quiet)
  File "/Users/jaklusmeyer/miniconda/envs/pyodine_env/lib/python3.9/site-packages/scipy/interpolate/_fitpack_impl.py", line 276, in splrep
    n, c, fp, ier = dfitpack.curfit(task, x, y, w, t, wrk, iwrk,
dfitpack.error: (xb<=x[0]) failed for 1st keyword xb: curfit:xb=nan
INFO - Velocity robust mean: -1280.9487157267158
INFO - Velocity robust std: 1018.3056393551733
INFO - 
INFO - Velocity error robust mean: 312.55270284411836
INFO - Velocity error robust std: 350.7076691502485
INFO - 
INFO - Minimum error: 70.53612182938998 in chunk 163
INFO - Maximum error: 45407.55379132408 in chunk 142
INFO - 
INFO - Chunks with nan velocities: [  6   8  21  29  35  47  55  59  63  78  83 101 128 172 177 190 196 197
 203 213 214 226 296 311 314 319 336 337 348 357 361 366 375 376 383 384
 389 395 413 426 434 446 450 453 456 459 461 465 470 479 482 489 497 498
 501 506 516 529 530 532 537 538 539 544 553 557 562 564 569 570 573]
INFO - Chunks with nan velocity errors: [  6   8  21  29  35  47  55  59  63  78  83 101 128 172 177 190 196 197
 203 213 214 226 296 311 314 319 336 337 348 357 361 366 375 376 383 384
 389 395 413 426 434 446 450 453 456 459 461 465 470 479 482 489 497 498
 501 506 516 529 530 532 537 538 539 544 553 557 562 564 569 570 573]
INFO - Velocity error at percentile 80: 990.1499813229143
INFO - 
INFO - Time to model this observation: 132.37800812721252
