2026-02-02 13:22:24,620 - root - ERROR - Something went wrong!
Traceback (most recent call last):
  File "/Users/jaklusmeyer/SONG/pyodine/pyodine_combine_vels.py", line 190, in combine_velocity_results
    Results.create_timeseries(weighting_pars=Pars.weighting_pars_song,
  File "/Users/jaklusmeyer/SONG/pyodine/pyodine/timeseries/base.py", line 158, in create_timeseries
    tseries, self.auxiliary, self.weighting_pars = combine_chunk_velocities(
  File "/Users/jaklusmeyer/SONG/pyodine/pyodine/timeseries/combine_vels.py", line 164, in combine_chunk_velocities
    offsets_chunk = robust_mean(vel_offset_corrected, axis=0)
  File "/Users/jaklusmeyer/SONG/pyodine/pyodine/timeseries/misc.py", line 32, in robust_mean
    y[k] = robust.mean(x[ii,k])
  File "/Users/jaklusmeyer/SONG/pyodine/pyodine/lib/robust.py", line 155, in mean
    dataSigma = dataSigma / math.sqrt(len(good) - 1)
ZeroDivisionError: float division by zero
2026-02-02 13:22:28,173 - root - ERROR - Problem loading combined results:
Traceback (most recent call last):
  File "/Users/jaklusmeyer/SONG/pyodine/pyodine/timeseries/base.py", line 43, in __init__
    self.load_combined(self.filename)
  File "/Users/jaklusmeyer/SONG/pyodine/pyodine/timeseries/base.py", line 471, in load_combined
    with h5py.File(filename, 'r') as h:
  File "/Users/jaklusmeyer/miniconda/envs/pyodine_env/lib/python3.9/site-packages/h5py/_hl/files.py", line 564, in __init__
    fid = make_fid(name, mode, userblock_size, fapl, fcpl, swmr=swmr)
  File "/Users/jaklusmeyer/miniconda/envs/pyodine_env/lib/python3.9/site-packages/h5py/_hl/files.py", line 238, in make_fid
    fid = h5f.open(name, flags, fapl=fapl)
  File "h5py/_objects.pyx", line 56, in h5py._objects.with_phil.wrapper
  File "h5py/_objects.pyx", line 57, in h5py._objects.with_phil.wrapper
  File "h5py/h5f.pyx", line 102, in h5py.h5f.open
FileNotFoundError: [Errno 2] Unable to synchronously open file (unable to open file: name = '/Users/jaklusmeyer/SONG/reduce/091_temp_results/analysis/vel_results/HD23249_comb.h5', errno = 2, error message = 'No such file or directory', flags = 0, o_flags = 0)
2026-02-02 13:22:36,509 - root - ERROR - Problem loading combined results:
Traceback (most recent call last):
  File "/Users/jaklusmeyer/SONG/pyodine/pyodine/timeseries/base.py", line 43, in __init__
    self.load_combined(self.filename)
  File "/Users/jaklusmeyer/SONG/pyodine/pyodine/timeseries/base.py", line 471, in load_combined
    with h5py.File(filename, 'r') as h:
  File "/Users/jaklusmeyer/miniconda/envs/pyodine_env/lib/python3.9/site-packages/h5py/_hl/files.py", line 564, in __init__
    fid = make_fid(name, mode, userblock_size, fapl, fcpl, swmr=swmr)
  File "/Users/jaklusmeyer/miniconda/envs/pyodine_env/lib/python3.9/site-packages/h5py/_hl/files.py", line 238, in make_fid
    fid = h5f.open(name, flags, fapl=fapl)
  File "h5py/_objects.pyx", line 56, in h5py._objects.with_phil.wrapper
  File "h5py/_objects.pyx", line 57, in h5py._objects.with_phil.wrapper
  File "h5py/h5f.pyx", line 102, in h5py.h5f.open
FileNotFoundError: [Errno 2] Unable to synchronously open file (unable to open file: name = '/Users/jaklusmeyer/SONG/reduce/091_temp_results/analysis/vel_results/HD109358_comb.h5', errno = 2, error message = 'No such file or directory', flags = 0, o_flags = 0)
2026-02-02 13:24:12,193 - root - ERROR - Problem loading combined results:
Traceback (most recent call last):
  File "/Users/jaklusmeyer/SONG/pyodine/pyodine/timeseries/base.py", line 43, in __init__
    self.load_combined(self.filename)
  File "/Users/jaklusmeyer/SONG/pyodine/pyodine/timeseries/base.py", line 471, in load_combined
    with h5py.File(filename, 'r') as h:
  File "/Users/jaklusmeyer/miniconda/envs/pyodine_env/lib/python3.9/site-packages/h5py/_hl/files.py", line 564, in __init__
    fid = make_fid(name, mode, userblock_size, fapl, fcpl, swmr=swmr)
  File "/Users/jaklusmeyer/miniconda/envs/pyodine_env/lib/python3.9/site-packages/h5py/_hl/files.py", line 238, in make_fid
    fid = h5f.open(name, flags, fapl=fapl)
  File "h5py/_objects.pyx", line 56, in h5py._objects.with_phil.wrapper
  File "h5py/_objects.pyx", line 57, in h5py._objects.with_phil.wrapper
  File "h5py/h5f.pyx", line 102, in h5py.h5f.open
FileNotFoundError: [Errno 2] Unable to synchronously open file (unable to open file: name = '/Users/jaklusmeyer/SONG/reduce/091_temp_results/analysis/vel_results/HD109358_comb.h5', errno = 2, error message = 'No such file or directory', flags = 0, o_flags = 0)
2026-02-02 13:26:27,805 - root - ERROR - Problem loading combined results:
Traceback (most recent call last):
  File "/Users/jaklusmeyer/SONG/pyodine/pyodine/timeseries/base.py", line 43, in __init__
    self.load_combined(self.filename)
  File "/Users/jaklusmeyer/SONG/pyodine/pyodine/timeseries/base.py", line 471, in load_combined
    with h5py.File(filename, 'r') as h:
  File "/Users/jaklusmeyer/miniconda/envs/pyodine_env/lib/python3.9/site-packages/h5py/_hl/files.py", line 564, in __init__
    fid = make_fid(name, mode, userblock_size, fapl, fcpl, swmr=swmr)
  File "/Users/jaklusmeyer/miniconda/envs/pyodine_env/lib/python3.9/site-packages/h5py/_hl/files.py", line 238, in make_fid
    fid = h5f.open(name, flags, fapl=fapl)
  File "h5py/_objects.pyx", line 56, in h5py._objects.with_phil.wrapper
  File "h5py/_objects.pyx", line 57, in h5py._objects.with_phil.wrapper
  File "h5py/h5f.pyx", line 102, in h5py.h5f.open
FileNotFoundError: [Errno 2] Unable to synchronously open file (unable to open file: name = '/Users/jaklusmeyer/SONG/reduce/091_temp_results/analysis/vel_results/HD109358_comb.h5', errno = 2, error message = 'No such file or directory', flags = 0, o_flags = 0)
2026-02-02 13:27:09,311 - root - ERROR - Something went wrong!
Traceback (most recent call last):
  File "/Users/jaklusmeyer/SONG/pyodine/pyodine_combine_vels.py", line 190, in combine_velocity_results
    Results.create_timeseries(weighting_pars=Pars.weighting_pars_song,
  File "/Users/jaklusmeyer/SONG/pyodine/pyodine/timeseries/base.py", line 158, in create_timeseries
    tseries, self.auxiliary, self.weighting_pars = combine_chunk_velocities(
  File "/Users/jaklusmeyer/SONG/pyodine/pyodine/timeseries/combine_vels.py", line 164, in combine_chunk_velocities
    offsets_chunk = robust_mean(vel_offset_corrected, axis=0)
  File "/Users/jaklusmeyer/SONG/pyodine/pyodine/timeseries/misc.py", line 32, in robust_mean
    y[k] = robust.mean(x[ii,k])
  File "/Users/jaklusmeyer/SONG/pyodine/pyodine/lib/robust.py", line 155, in mean
    dataSigma = dataSigma / math.sqrt(len(good) - 1)
ZeroDivisionError: float division by zero
2026-02-02 13:27:09,336 - root - ERROR - Problem loading combined results:
Traceback (most recent call last):
  File "/Users/jaklusmeyer/SONG/pyodine/pyodine/timeseries/base.py", line 43, in __init__
    self.load_combined(self.filename)
  File "/Users/jaklusmeyer/SONG/pyodine/pyodine/timeseries/base.py", line 471, in load_combined
    with h5py.File(filename, 'r') as h:
  File "/Users/jaklusmeyer/miniconda/envs/pyodine_env/lib/python3.9/site-packages/h5py/_hl/files.py", line 564, in __init__
    fid = make_fid(name, mode, userblock_size, fapl, fcpl, swmr=swmr)
  File "/Users/jaklusmeyer/miniconda/envs/pyodine_env/lib/python3.9/site-packages/h5py/_hl/files.py", line 238, in make_fid
    fid = h5f.open(name, flags, fapl=fapl)
  File "h5py/_objects.pyx", line 56, in h5py._objects.with_phil.wrapper
  File "h5py/_objects.pyx", line 57, in h5py._objects.with_phil.wrapper
  File "h5py/h5f.pyx", line 102, in h5py.h5f.open
FileNotFoundError: [Errno 2] Unable to synchronously open file (unable to open file: name = '/Users/jaklusmeyer/SONG/reduce/091_temp_results/analysis/vel_results/HD109358_comb.h5', errno = 2, error message = 'No such file or directory', flags = 0, o_flags = 0)
2026-02-02 13:27:09,356 - root - ERROR - Problem loading combined results:
Traceback (most recent call last):
  File "/Users/jaklusmeyer/SONG/pyodine/pyodine/timeseries/base.py", line 43, in __init__
    self.load_combined(self.filename)
  File "/Users/jaklusmeyer/SONG/pyodine/pyodine/timeseries/base.py", line 471, in load_combined
    with h5py.File(filename, 'r') as h:
  File "/Users/jaklusmeyer/miniconda/envs/pyodine_env/lib/python3.9/site-packages/h5py/_hl/files.py", line 564, in __init__
    fid = make_fid(name, mode, userblock_size, fapl, fcpl, swmr=swmr)
  File "/Users/jaklusmeyer/miniconda/envs/pyodine_env/lib/python3.9/site-packages/h5py/_hl/files.py", line 238, in make_fid
    fid = h5f.open(name, flags, fapl=fapl)
  File "h5py/_objects.pyx", line 56, in h5py._objects.with_phil.wrapper
  File "h5py/_objects.pyx", line 57, in h5py._objects.with_phil.wrapper
  File "h5py/h5f.pyx", line 102, in h5py.h5f.open
FileNotFoundError: [Errno 2] Unable to synchronously open file (unable to open file: name = '/Users/jaklusmeyer/SONG/reduce/091_temp_results/analysis/vel_results/HD109358_comb.h5', errno = 2, error message = 'No such file or directory', flags = 0, o_flags = 0)
