INFO - 
INFO - Branch: master
INFO - Hash: c2a71ac
INFO - ---------------------------
INFO - Working on: /Users/jaklusmeyer/SONG/reduce/UT260321/sciencestar/HD185144_ec_260319.0254.fits
INFO - 
INFO - Median flux of the observation: 6579
INFO - Loading template from file: /Users/jaklusmeyer/SONG/reduce/0007_sigdra_temp_results_v1/obs_temp_highsnr_test.h5
INFO - 
INFO - Order correction: 0
INFO - 
INFO - Measured velocity rel. to reference spectrum: 29.553 km/s
INFO - Template velocity: 38.044 km/s
INFO - Velocity guess: -8.491 km/s (relative to template)

INFO - (Barycentric velocity of observation: -2.414 km/s)
INFO - (Barycentric velocity of template: -4.628 km/s)

INFO - 
INFO - Barycentric redshift between template and observation: 
INFO - v = -2214.298028960246, z = -7.386103185291759e-06

INFO - Startpixel (order 26, chunk 29): -65
INFO - -> Correcting to 0.
INFO - Startpixel (order 27, chunk 63): -65
INFO - -> Correcting to 0.
INFO - Startpixel (order 32, chunk 190): -65
INFO - -> Correcting to 0.
INFO - Startpixel (order 33, chunk 214): -65
INFO - -> Correcting to 0.
INFO - Startpixel (order 36, chunk 296): -65
INFO - -> Correcting to 0.
INFO - Startpixel (order 39, chunk 357): -65
INFO - -> Correcting to 0.
INFO - Startpixel (order 39, chunk 366): -65
INFO - -> Correcting to 0.
INFO - Startpixel (order 43, chunk 470): -65
INFO - -> Correcting to 0.
INFO - Startpixel (order 46, chunk 537): -65
INFO - -> Correcting to 0.
INFO - Startpixel (order 46, chunk 544): -65
INFO - -> Correcting to 0.
INFO - Startpixel (order 47, chunk 569): -65
INFO - -> Correcting to 0.
INFO - Startpixel (order 47, chunk 570): -65
INFO - -> Correcting to 0.
INFO - 
INFO - Total number of chunks: 575
INFO - Nr. chunks in order 0: 25
INFO - First and last covered pixel of chunks in order 0: 14, 3262
INFO - Orders: 25 - 47 (23 in total)
INFO - 
INFO - ----------------------
INFO - RUN 0
INFO - ----------------------
INFO - 
INFO - Constraining parameters for RUN 0
WARNING - Chunk 29:
WARNING - (xb<=x[0]) failed for 1st keyword xb: curfit:xb=nan
WARNING - Chunk 63:
WARNING - (xb<=x[0]) failed for 1st keyword xb: curfit:xb=nan
WARNING - Chunk 190:
WARNING - (xb<=x[0]) failed for 1st keyword xb: curfit:xb=nan
WARNING - Chunk 214:
WARNING - (xb<=x[0]) failed for 1st keyword xb: curfit:xb=nan
WARNING - Chunk 296:
WARNING - (xb<=x[0]) failed for 1st keyword xb: curfit:xb=nan
WARNING - Chunk 357:
WARNING - (xb<=x[0]) failed for 1st keyword xb: curfit:xb=nan
WARNING - Chunk 366:
WARNING - (xb<=x[0]) failed for 1st keyword xb: curfit:xb=nan
WARNING - Chunk 470:
WARNING - (xb<=x[0]) failed for 1st keyword xb: curfit:xb=nan
WARNING - Chunk 537:
WARNING - (xb<=x[0]) failed for 1st keyword xb: curfit:xb=nan
WARNING - Chunk 544:
WARNING - (xb<=x[0]) failed for 1st keyword xb: curfit:xb=nan
WARNING - Chunk 569:
WARNING - (xb<=x[0]) failed for 1st keyword xb: curfit:xb=nan
WARNING - Chunk 570:
WARNING - (xb<=x[0]) failed for 1st keyword xb: curfit:xb=nan
INFO - 
INFO - Number of chunks with no uncertainties: 0
INFO - Number of chunks with outliers: 0
INFO - Number of chunks with nan fitted red. Chi2: 12
INFO - 
INFO - Creating analysis plots...
INFO - 
INFO - ----------------------
INFO - RUN 1
INFO - ----------------------
INFO - 
INFO - Constraining parameters for RUN 1
INFO - 
INFO - Fitted LSF parameters:
INFO - <ParameterSet (values: 10)>
    left_1  =  10.589124798524528
    left_2  =  -10.762713889437393
    left_3  =  5.718005535365765
    left_4  =  -2.2034545765792366
    left_5  =  0.6650658100936859
    right1  =  10.58912428833128
    right2  =  -10.762711816596434
    right3  =  5.7180035466719135
    right4  =  -2.203453242459927
    right5  =  0.6650652829339853
ERROR - NaN value detected in oversampled model function.
ERROR - <ParameterSet (values: 17)>
    cont_intercept  =  4020.269892045436
    cont_slope      =  4.060690729700264
    iod_depth       =  0.6098721338935421
    lsf_left_1      =  3.793602567702515
    lsf_left_2      =  -19.08127810715464
    lsf_left_3      =  7.105674846234496
    lsf_left_4      =  -3.6958143011664126
    lsf_left_5      =  1.1779440503655632
    lsf_right1      =  6.2442941536843035
    lsf_right2      =  -14.782291472882841
    lsf_right3      =  9.35423795964983
    lsf_right4      =  -3.3927970802336493
    lsf_right5      =  0.42780837950290224
    tem_depth       =  0.8650927223389322
    velocity        =  -2148.9853774135195
    wave_intercept  =  5121.815102149863
    wave_slope      =  0.01605266077666598
ERROR - Evaluated LSF:
ERROR - [nan nan nan nan nan nan nan nan nan nan nan nan nan nan nan nan nan nan
 nan nan nan nan nan nan nan nan nan nan nan nan nan nan nan nan nan nan
 nan nan nan nan nan nan nan nan nan nan nan nan nan nan nan nan nan nan
 nan nan nan nan nan nan nan nan nan nan nan nan nan nan nan nan nan nan
 nan]
WARNING - Chunk 2:
WARNING - NaN values detected in your input data or the output of your objective/model function - fitting algorithms cannot handle this! Please read https://lmfit.github.io/lmfit-py/faq.html#i-get-errors-from-nan-in-my-fit-what-can-i-do for more information.
ERROR - NaN value detected in oversampled model function.
ERROR - <ParameterSet (values: 17)>
    cont_intercept  =  7079.00330951218
    cont_slope      =  2.8173079302508826
    iod_depth       =  0.7739989586312302
    lsf_left_1      =  4.3393137308844185
    lsf_left_2      =  -15.624155594828444
    lsf_left_3      =  1.169302644560715
    lsf_left_4      =  -3.8108876477822804
    lsf_left_5      =  0.436509073835495
    lsf_right1      =  2.242099316401578
    lsf_right2      =  -11.660343305666874
    lsf_right3      =  3.141945453383082
    lsf_right4      =  -3.885398524621374
    lsf_right5      =  1.0923859765800108
    tem_depth       =  0.8818646176432567
    velocity        =  -2345.1256600726197
    wave_intercept  =  5137.802112495987
    wave_slope      =  0.014722163254059962
ERROR - Evaluated LSF:
ERROR - [nan nan nan nan nan nan nan nan nan nan nan nan nan nan nan nan nan nan
 nan nan nan nan nan nan nan nan nan nan nan nan nan nan nan nan nan nan
 nan nan nan nan nan nan nan nan nan nan nan nan nan nan nan nan nan nan
 nan nan nan nan nan nan nan nan nan nan nan nan nan nan nan nan nan nan
 nan]
WARNING - Chunk 10:
WARNING - NaN values detected in your input data or the output of your objective/model function - fitting algorithms cannot handle this! Please read https://lmfit.github.io/lmfit-py/faq.html#i-get-errors-from-nan-in-my-fit-what-can-i-do for more information.
ERROR - Chunk 29: No Data! Returning LmfitResult with None.
ERROR - NaN value detected in oversampled model function.
ERROR - <ParameterSet (values: 17)>
    cont_intercept  =  7503.2630363564
    cont_slope      =  7.386493730271754
    iod_depth       =  1.2430012498476233
    lsf_left_1      =  2.6165631252316377
    lsf_left_2      =  -13.260962856331247
    lsf_left_3      =  6.295680075429059
    lsf_left_4      =  -3.916869465639041
    lsf_left_5      =  0.14758239338172352
    lsf_right1      =  7.321108811628771
    lsf_right2      =  -19.23020614872225
    lsf_right3      =  1.2806445501981036
    lsf_right4      =  -0.950333335829268
    lsf_right5      =  0.4883782955018024
    tem_depth       =  -0.43671109447300427
    velocity        =  -18022.146659209568
    wave_intercept  =  5225.217970073079
    wave_slope      =  0.014013147964379333
ERROR - Evaluated LSF:
ERROR - [nan nan nan nan nan nan nan nan nan nan nan nan nan nan nan nan nan nan
 nan nan nan nan nan nan nan nan nan nan nan nan nan nan nan nan nan nan
 nan nan nan nan nan nan nan nan nan nan nan nan nan nan nan nan nan nan
 nan nan nan nan nan nan nan nan nan nan nan nan nan nan nan nan nan nan
 nan]
WARNING - Chunk 60:
WARNING - NaN values detected in your input data or the output of your objective/model function - fitting algorithms cannot handle this! Please read https://lmfit.github.io/lmfit-py/faq.html#i-get-errors-from-nan-in-my-fit-what-can-i-do for more information.
ERROR - Chunk 63: No Data! Returning LmfitResult with None.
ERROR - NaN value detected in oversampled model function.
ERROR - <ParameterSet (values: 17)>
    cont_intercept  =  10056.539891348128
    cont_slope      =  -1.6381223906864666
    iod_depth       =  0.8192842588391426
    lsf_left_1      =  5.520890163942479
    lsf_left_2      =  -16.249014133033352
    lsf_left_3      =  2.333475873835256
    lsf_left_4      =  -1.893972482840939
    lsf_left_5      =  1.1548495677507236
    lsf_right1      =  3.8244650629962975
    lsf_right2      =  -16.7817816989833
    lsf_right3      =  6.935796146823609
    lsf_right4      =  -1.8531409773693293
    lsf_right5      =  0.13540350003226934
    tem_depth       =  0.9664962367611029
    velocity        =  -2290.3346383338817
    wave_intercept  =  5236.977699443358
    wave_slope      =  0.014089690815929964
ERROR - Evaluated LSF:
ERROR - [nan nan nan nan nan nan nan nan nan nan nan nan nan nan nan nan nan nan
 nan nan nan nan nan nan nan nan nan nan nan nan nan nan nan nan nan nan
 nan nan nan nan nan nan nan nan nan nan nan nan nan nan nan nan nan nan
 nan nan nan nan nan nan nan nan nan nan nan nan nan nan nan nan nan nan
 nan]
WARNING - Chunk 66:
WARNING - NaN values detected in your input data or the output of your objective/model function - fitting algorithms cannot handle this! Please read https://lmfit.github.io/lmfit-py/faq.html#i-get-errors-from-nan-in-my-fit-what-can-i-do for more information.
ERROR - NaN value detected in oversampled model function.
ERROR - <ParameterSet (values: 17)>
    cont_intercept  =  8742.29657919542
    cont_slope      =  -1.0402695019079822
    iod_depth       =  0.8971932525647993
    lsf_left_1      =  7.026328923864302
    lsf_left_2      =  -19.119447837184268
    lsf_left_3      =  2.062093565941807
    lsf_left_4      =  -1.6290551755487237
    lsf_left_5      =  0.23797976370290078
    lsf_right1      =  6.675189816826535
    lsf_right2      =  -12.858302689022182
    lsf_right3      =  4.663053099653128
    lsf_right4      =  -3.543076129313434
    lsf_right5      =  0.24376714688158982
    tem_depth       =  0.9385965544242884
    velocity        =  -2012.0447910632904
    wave_intercept  =  5371.003909663315
    wave_slope      =  0.014763157346125613
ERROR - Evaluated LSF:
ERROR - [nan nan nan nan nan nan nan nan nan nan nan nan nan nan nan nan nan nan
 nan nan nan nan nan nan nan nan nan nan nan nan nan nan nan nan nan nan
 nan nan nan nan nan nan nan nan nan nan nan nan nan nan nan nan nan nan
 nan nan nan nan nan nan nan nan nan nan nan nan nan nan nan nan nan nan
 nan]
WARNING - Chunk 139:
WARNING - NaN values detected in your input data or the output of your objective/model function - fitting algorithms cannot handle this! Please read https://lmfit.github.io/lmfit-py/faq.html#i-get-errors-from-nan-in-my-fit-what-can-i-do for more information.
ERROR - NaN value detected in oversampled model function.
ERROR - <ParameterSet (values: 17)>
    cont_intercept  =  6774.645081309336
    cont_slope      =  6.10162989897392
    iod_depth       =  0.8161204750172676
    lsf_left_1      =  4.293191786579597
    lsf_left_2      =  -19.267507696890856
    lsf_left_3      =  3.333960747224818
    lsf_left_4      =  -1.537174395496236
    lsf_left_5      =  0.5884698664249818
    lsf_right1      =  8.178122943076573
    lsf_right2      =  -18.806431924184555
    lsf_right3      =  9.991671075408581
    lsf_right4      =  -3.706503089575996
    lsf_right5      =  0.8674411828149166
    tem_depth       =  0.9061473757385058
    velocity        =  -2280.2032920151173
    wave_intercept  =  5446.315204823058
    wave_slope      =  0.01664335732998316
ERROR - Evaluated LSF:
ERROR - [nan nan nan nan nan nan nan nan nan nan nan nan nan nan nan nan nan nan
 nan nan nan nan nan nan nan nan nan nan nan nan nan nan nan nan nan nan
 nan nan nan nan nan nan nan nan nan nan nan nan nan nan nan nan nan nan
 nan nan nan nan nan nan nan nan nan nan nan nan nan nan nan nan nan nan
 nan]
WARNING - Chunk 179:
WARNING - NaN values detected in your input data or the output of your objective/model function - fitting algorithms cannot handle this! Please read https://lmfit.github.io/lmfit-py/faq.html#i-get-errors-from-nan-in-my-fit-what-can-i-do for more information.
ERROR - Chunk 190: No Data! Returning LmfitResult with None.
ERROR - Chunk 214: No Data! Returning LmfitResult with None.
ERROR - NaN value detected in oversampled model function.
ERROR - <ParameterSet (values: 17)>
    cont_intercept  =  9792.128633041877
    cont_slope      =  -0.5047965943944537
    iod_depth       =  0.750044247582587
    lsf_left_1      =  2.823542597508773
    lsf_left_2      =  -12.820700677065654
    lsf_left_3      =  6.500110204277477
    lsf_left_4      =  -3.964751769477978
    lsf_left_5      =  0.8596037687134908
    lsf_right1      =  2.299455367658721
    lsf_right2      =  -14.480525231890601
    lsf_right3      =  10.292385461252294
    lsf_right4      =  -3.8054226098063237
    lsf_right5      =  0.32240576608284033
    tem_depth       =  0.9573669497469647
    velocity        =  -1058.1437620375232
    wave_intercept  =  5529.476938822345
    wave_slope      =  0.01405666297499259
ERROR - Evaluated LSF:
ERROR - [nan nan nan nan nan nan nan nan nan nan nan nan nan nan nan nan nan nan
 nan nan nan nan nan nan nan nan nan nan nan nan nan nan nan nan nan nan
 nan nan nan nan nan nan nan nan nan nan nan nan nan nan nan nan nan nan
 nan nan nan nan nan nan nan nan nan nan nan nan nan nan nan nan nan nan
 nan]
WARNING - Chunk 221:
WARNING - NaN values detected in your input data or the output of your objective/model function - fitting algorithms cannot handle this! Please read https://lmfit.github.io/lmfit-py/faq.html#i-get-errors-from-nan-in-my-fit-what-can-i-do for more information.
ERROR - NaN value detected in oversampled model function.
ERROR - <ParameterSet (values: 17)>
    cont_intercept  =  12082.322181499141
    cont_slope      =  0.8469968761587855
    iod_depth       =  0.9011500200899291
    lsf_left_1      =  10.006066498028115
    lsf_left_2      =  -17.475007376158345
    lsf_left_3      =  5.718687424036035
    lsf_left_4      =  -3.887355815330735
    lsf_left_5      =  0.49546875427678116
    lsf_right1      =  4.346159179092943
    lsf_right2      =  -16.17747239807212
    lsf_right3      =  1.6551888287289773
    lsf_right4      =  -3.3798244606792354
    lsf_right5      =  0.3820829434653196
    tem_depth       =  1.015124790097205
    velocity        =  -2024.6310517544025
    wave_intercept  =  5562.266717113532
    wave_slope      =  0.01563098869778918
ERROR - Evaluated LSF:
ERROR - [nan nan nan nan nan nan nan nan nan nan nan nan nan nan nan nan nan nan
 nan nan nan nan nan nan nan nan nan nan nan nan nan nan nan nan nan nan
 nan nan nan nan nan nan nan nan nan nan nan nan nan nan nan nan nan nan
 nan nan nan nan nan nan nan nan nan nan nan nan nan nan nan nan nan nan
 nan]
WARNING - Chunk 237:
WARNING - NaN values detected in your input data or the output of your objective/model function - fitting algorithms cannot handle this! Please read https://lmfit.github.io/lmfit-py/faq.html#i-get-errors-from-nan-in-my-fit-what-can-i-do for more information.
ERROR - NaN value detected in oversampled model function.
ERROR - <ParameterSet (values: 17)>
    cont_intercept  =  10830.57046482311
    cont_slope      =  -3.4687244814883327
    iod_depth       =  0.809309803891086
    lsf_left_1      =  4.011515208641348
    lsf_left_2      =  -16.707790105092513
    lsf_left_3      =  1.4781539491912756
    lsf_left_4      =  -1.080973335905346
    lsf_left_5      =  0.1501288193050948
    lsf_right1      =  6.638383691505964
    lsf_right2      =  -18.765094830842713
    lsf_right3      =  3.2265361588692536
    lsf_right4      =  -3.2194598037508584
    lsf_right5      =  0.8292520319700347
    tem_depth       =  0.9202516704231887
    velocity        =  -2429.5780761264864
    wave_intercept  =  5581.577751016396
    wave_slope      =  0.01411967407844644
ERROR - Evaluated LSF:
ERROR - [nan nan nan nan nan nan nan nan nan nan nan nan nan nan nan nan nan nan
 nan nan nan nan nan nan nan nan nan nan nan nan nan nan nan nan nan nan
 nan nan nan nan nan nan nan nan nan nan nan nan nan nan nan nan nan nan
 nan nan nan nan nan nan nan nan nan nan nan nan nan nan nan nan nan nan
 nan]
WARNING - Chunk 247:
WARNING - NaN values detected in your input data or the output of your objective/model function - fitting algorithms cannot handle this! Please read https://lmfit.github.io/lmfit-py/faq.html#i-get-errors-from-nan-in-my-fit-what-can-i-do for more information.
ERROR - NaN value detected in oversampled model function.
ERROR - <ParameterSet (values: 17)>
    cont_intercept  =  10111.97562619952
    cont_slope      =  -3.049161111546095
    iod_depth       =  0.76218239513455
    lsf_left_1      =  2.3731370256755477
    lsf_left_2      =  -14.168183760506121
    lsf_left_3      =  9.855251429447273
    lsf_left_4      =  -2.9654409536305324
    lsf_left_5      =  0.276506754593687
    lsf_right1      =  2.265843167112469
    lsf_right2      =  -17.103233828693075
    lsf_right3      =  2.020201696370796
    lsf_right4      =  -3.903985802183792
    lsf_right5      =  0.35638274048544205
    tem_depth       =  0.926543690682206
    velocity        =  -2338.0612631314616
    wave_intercept  =  5583.402896128136
    wave_slope      =  0.013949385673397503
ERROR - Evaluated LSF:
ERROR - [nan nan nan nan nan nan nan nan nan nan nan nan nan nan nan nan nan nan
 nan nan nan nan nan nan nan nan nan nan nan nan nan nan nan nan nan nan
 nan nan nan nan nan nan nan nan nan nan nan nan nan nan nan nan nan nan
 nan nan nan nan nan nan nan nan nan nan nan nan nan nan nan nan nan nan
 nan]
WARNING - Chunk 248:
WARNING - NaN values detected in your input data or the output of your objective/model function - fitting algorithms cannot handle this! Please read https://lmfit.github.io/lmfit-py/faq.html#i-get-errors-from-nan-in-my-fit-what-can-i-do for more information.
ERROR - NaN value detected in oversampled model function.
ERROR - <ParameterSet (values: 17)>
    cont_intercept  =  9400.596390187777
    cont_slope      =  6.815704591478036
    iod_depth       =  0.7201204494077044
    lsf_left_1      =  2.405551037804609
    lsf_left_2      =  -19.053376158186055
    lsf_left_3      =  1.1983985852557988
    lsf_left_4      =  -1.448354605920581
    lsf_left_5      =  1.1862003615056285
    lsf_right1      =  2.132713046244837
    lsf_right2      =  -19.07858968822762
    lsf_right3      =  1.2423181743803537
    lsf_right4      =  -0.458905830138606
    lsf_right5      =  0.14934615544308422
    tem_depth       =  1.0931225547940049
    velocity        =  -1477.719483497104
    wave_intercept  =  5600.622025869026
    wave_slope      =  0.016762620343116146
ERROR - Evaluated LSF:
ERROR - [nan nan nan nan nan nan nan nan nan nan nan nan nan nan nan nan nan nan
 nan nan nan nan nan nan nan nan nan nan nan nan nan nan nan nan nan nan
 nan nan nan nan nan nan nan nan nan nan nan nan nan nan nan nan nan nan
 nan nan nan nan nan nan nan nan nan nan nan nan nan nan nan nan nan nan
 nan]
WARNING - Chunk 256:
WARNING - NaN values detected in your input data or the output of your objective/model function - fitting algorithms cannot handle this! Please read https://lmfit.github.io/lmfit-py/faq.html#i-get-errors-from-nan-in-my-fit-what-can-i-do for more information.
ERROR - NaN value detected in oversampled model function.
ERROR - <ParameterSet (values: 17)>
    cont_intercept  =  12658.947248660566
    cont_slope      =  2.9544053416014555
    iod_depth       =  0.9108458821803606
    lsf_left_1      =  12.203039863556835
    lsf_left_2      =  -19.37237766165563
    lsf_left_3      =  1.1675856605124402
    lsf_left_4      =  -1.1979746617048614
    lsf_left_5      =  0.5775079090963866
    lsf_right1      =  2.9102694132848344
    lsf_right2      =  -16.655681529348733
    lsf_right3      =  2.795600630849669
    lsf_right4      =  -2.3816145126956094
    lsf_right5      =  1.1971102143871981
    tem_depth       =  -0.031209561322755874
    velocity        =  -19180.088860978427
    wave_intercept  =  5607.057762412956
    wave_slope      =  0.01622508856484028
ERROR - Evaluated LSF:
ERROR - [nan nan nan nan nan nan nan nan nan nan nan nan nan nan nan nan nan nan
 nan nan nan nan nan nan nan nan nan nan nan nan nan nan nan nan nan nan
 nan nan nan nan nan nan nan nan nan nan nan nan nan nan nan nan nan nan
 nan nan nan nan nan nan nan nan nan nan nan nan nan nan nan nan nan nan
 nan]
WARNING - Chunk 259:
WARNING - NaN values detected in your input data or the output of your objective/model function - fitting algorithms cannot handle this! Please read https://lmfit.github.io/lmfit-py/faq.html#i-get-errors-from-nan-in-my-fit-what-can-i-do for more information.
ERROR - NaN value detected in oversampled model function.
ERROR - <ParameterSet (values: 17)>
    cont_intercept  =  12898.781972923754
    cont_slope      =  3.0197343128440286
    iod_depth       =  0.8501701043683679
    lsf_left_1      =  2.214944905870861
    lsf_left_2      =  -13.598973675396763
    lsf_left_3      =  6.039989457556542
    lsf_left_4      =  -1.9816750062214301
    lsf_left_5      =  0.18379081661395957
    lsf_right1      =  8.865700622992122
    lsf_right2      =  -14.46687083000264
    lsf_right3      =  2.426124788486794
    lsf_right4      =  -0.8797351929508501
    lsf_right5      =  0.31391134148721483
    tem_depth       =  0.9475605324907764
    velocity        =  -2451.4111157271964
    wave_intercept  =  5663.192194240517
    wave_slope      =  0.01607159877869304
ERROR - Evaluated LSF:
ERROR - [nan nan nan nan nan nan nan nan nan nan nan nan nan nan nan nan nan nan
 nan nan nan nan nan nan nan nan nan nan nan nan nan nan nan nan nan nan
 nan nan nan nan nan nan nan nan nan nan nan nan nan nan nan nan nan nan
 nan nan nan nan nan nan nan nan nan nan nan nan nan nan nan nan nan nan
 nan]
WARNING - Chunk 286:
WARNING - NaN values detected in your input data or the output of your objective/model function - fitting algorithms cannot handle this! Please read https://lmfit.github.io/lmfit-py/faq.html#i-get-errors-from-nan-in-my-fit-what-can-i-do for more information.
ERROR - Chunk 296: No Data! Returning LmfitResult with None.
ERROR - NaN value detected in oversampled model function.
ERROR - <ParameterSet (values: 17)>
    cont_intercept  =  7848.258047200243
    cont_slope      =  12.505529635044097
    iod_depth       =  0.5167337284038618
    lsf_left_1      =  4.53555027557516
    lsf_left_2      =  -19.358958628570008
    lsf_left_3      =  4.568979200926982
    lsf_left_4      =  -1.9536407902753865
    lsf_left_5      =  0.2011522243085978
    lsf_right1      =  2.4639937086564063
    lsf_right2      =  -11.72473728728172
    lsf_right3      =  4.071133855912594
    lsf_right4      =  -1.4215223402322748
    lsf_right5      =  0.17477264878456572
    tem_depth       =  -0.15172017541314944
    velocity        =  -10192.404841332367
    wave_intercept  =  5696.2759712302095
    wave_slope      =  0.01776952365622356
ERROR - Evaluated LSF:
ERROR - [nan nan nan nan nan nan nan nan nan nan nan nan nan nan nan nan nan nan
 nan nan nan nan nan nan nan nan nan nan nan nan nan nan nan nan nan nan
 nan nan nan nan nan nan nan nan nan nan nan nan nan nan nan nan nan nan
 nan nan nan nan nan nan nan nan nan nan nan nan nan nan nan nan nan nan
 nan]
WARNING - Chunk 302:
WARNING - NaN values detected in your input data or the output of your objective/model function - fitting algorithms cannot handle this! Please read https://lmfit.github.io/lmfit-py/faq.html#i-get-errors-from-nan-in-my-fit-what-can-i-do for more information.
ERROR - NaN value detected in oversampled model function.
ERROR - <ParameterSet (values: 17)>
    cont_intercept  =  8710.168667557735
    cont_slope      =  6.769260957580396
    iod_depth       =  0.921858066243692
    lsf_left_1      =  4.396082168945972
    lsf_left_2      =  -7.486771615289685
    lsf_left_3      =  2.906432536262085
    lsf_left_4      =  -2.763340208264912
    lsf_left_5      =  0.9829375271913945
    lsf_right1      =  2.2897454929416368
    lsf_right2      =  -18.944982216792365
    lsf_right3      =  3.7479502437364935
    lsf_right4      =  -0.9147271523537794
    lsf_right5      =  0.36807165713406154
    tem_depth       =  0.9694945937139845
    velocity        =  -2090.70017242346
    wave_intercept  =  5752.314797599244
    wave_slope      =  0.017779698386737014
ERROR - Evaluated LSF:
ERROR - [nan nan nan nan nan nan nan nan nan nan nan nan nan nan nan nan nan nan
 nan nan nan nan nan nan nan nan nan nan nan nan nan nan nan nan nan nan
 nan nan nan nan nan nan nan nan nan nan nan nan nan nan nan nan nan nan
 nan nan nan nan nan nan nan nan nan nan nan nan nan nan nan nan nan nan
 nan]
WARNING - Chunk 328:
WARNING - NaN values detected in your input data or the output of your objective/model function - fitting algorithms cannot handle this! Please read https://lmfit.github.io/lmfit-py/faq.html#i-get-errors-from-nan-in-my-fit-what-can-i-do for more information.
ERROR - Chunk 357: No Data! Returning LmfitResult with None.
ERROR - NaN value detected in oversampled model function.
ERROR - <ParameterSet (values: 17)>
    cont_intercept  =  15949.618953477215
    cont_slope      =  0.9152476153406559
    iod_depth       =  0.9246192198440532
    lsf_left_1      =  2.5495608993081373
    lsf_left_2      =  -16.20825960468893
    lsf_left_3      =  9.032479224374223
    lsf_left_4      =  -3.9301350752001545
    lsf_left_5      =  0.565307871128318
    lsf_right1      =  4.5572370199329
    lsf_right2      =  -15.074270092786609
    lsf_right3      =  7.060357886430744
    lsf_right4      =  -3.9328646757160706
    lsf_right5      =  0.34379449967581693
    tem_depth       =  1.0176807114423156
    velocity        =  -2171.7990692809817
    wave_intercept  =  5831.349090291662
    wave_slope      =  0.01602807203964219
ERROR - Evaluated LSF:
ERROR - [nan nan nan nan nan nan nan nan nan nan nan nan nan nan nan nan nan nan
 nan nan nan nan nan nan nan nan nan nan nan nan nan nan nan nan nan nan
 nan nan nan nan nan nan nan nan nan nan nan nan nan nan nan nan nan nan
 nan nan nan nan nan nan nan nan nan nan nan nan nan nan nan nan nan nan
 nan]
WARNING - Chunk 364:
WARNING - NaN values detected in your input data or the output of your objective/model function - fitting algorithms cannot handle this! Please read https://lmfit.github.io/lmfit-py/faq.html#i-get-errors-from-nan-in-my-fit-what-can-i-do for more information.
ERROR - Chunk 366: No Data! Returning LmfitResult with None.
ERROR - NaN value detected in oversampled model function.
ERROR - <ParameterSet (values: 17)>
    cont_intercept  =  15609.174720076076
    cont_slope      =  1.2174997548023843
    iod_depth       =  0.899367263328609
    lsf_left_1      =  6.69134749421689
    lsf_left_2      =  -19.302048509683896
    lsf_left_3      =  1.953520470676654
    lsf_left_4      =  -3.793888523199968
    lsf_left_5      =  0.1406563096563588
    lsf_right1      =  2.152558069282248
    lsf_right2      =  -11.709221527576403
    lsf_right3      =  3.64853956444024
    lsf_right4      =  -1.536316135181643
    lsf_right5      =  0.5242724511157554
    tem_depth       =  0.17934583361209155
    velocity        =  -16899.814221358243
    wave_intercept  =  5839.517052795538
    wave_slope      =  0.015392677723298937
ERROR - Evaluated LSF:
ERROR - [nan nan nan nan nan nan nan nan nan nan nan nan nan nan nan nan nan nan
 nan nan nan nan nan nan nan nan nan nan nan nan nan nan nan nan nan nan
 nan nan nan nan nan nan nan nan nan nan nan nan nan nan nan nan nan nan
 nan nan nan nan nan nan nan nan nan nan nan nan nan nan nan nan nan nan
 nan]
WARNING - Chunk 368:
WARNING - NaN values detected in your input data or the output of your objective/model function - fitting algorithms cannot handle this! Please read https://lmfit.github.io/lmfit-py/faq.html#i-get-errors-from-nan-in-my-fit-what-can-i-do for more information.
ERROR - NaN value detected in oversampled model function.
ERROR - <ParameterSet (values: 17)>
    cont_intercept  =  14726.256702462617
    cont_slope      =  -4.902832106577679
    iod_depth       =  0.8626137110184637
    lsf_left_1      =  2.888435119283259
    lsf_left_2      =  -15.87286014261956
    lsf_left_3      =  10.266324802657664
    lsf_left_4      =  -2.539424873621721
    lsf_left_5      =  0.181852717037858
    lsf_right1      =  8.63860370290066
    lsf_right2      =  -19.36507444167306
    lsf_right3      =  1.2795668774005997
    lsf_right4      =  -2.073084912244002
    lsf_right5      =  0.9774592467960752
    tem_depth       =  0.17134798401913742
    velocity        =  -11401.138064571109
    wave_intercept  =  5843.474584159342
    wave_slope      =  0.015070717984938415
ERROR - Evaluated LSF:
ERROR - [nan nan nan nan nan nan nan nan nan nan nan nan nan nan nan nan nan nan
 nan nan nan nan nan nan nan nan nan nan nan nan nan nan nan nan nan nan
 nan nan nan nan nan nan nan nan nan nan nan nan nan nan nan nan nan nan
 nan nan nan nan nan nan nan nan nan nan nan nan nan nan nan nan nan nan
 nan]
WARNING - Chunk 370:
WARNING - NaN values detected in your input data or the output of your objective/model function - fitting algorithms cannot handle this! Please read https://lmfit.github.io/lmfit-py/faq.html#i-get-errors-from-nan-in-my-fit-what-can-i-do for more information.
ERROR - NaN value detected in oversampled model function.
ERROR - <ParameterSet (values: 17)>
    cont_intercept  =  14864.668549051234
    cont_slope      =  -4.37562909680245
    iod_depth       =  0.8599747352893511
    lsf_left_1      =  6.8746821223687595
    lsf_left_2      =  -19.35636687112047
    lsf_left_3      =  10.292408550302316
    lsf_left_4      =  -3.349242978863561
    lsf_left_5      =  0.583697305128021
    lsf_right1      =  3.797822129495372
    lsf_right2      =  -12.72060060886545
    lsf_right3      =  7.715721689993817
    lsf_right4      =  -3.9662106609050953
    lsf_right5      =  1.177881419392517
    tem_depth       =  -0.17871298107845676
    velocity        =  -8648.883236108712
    wave_intercept  =  5887.415533637184
    wave_slope      =  0.016161381424819234
ERROR - Evaluated LSF:
ERROR - [nan nan nan nan nan nan nan nan nan nan nan nan nan nan nan nan nan nan
 nan nan nan nan nan nan nan nan nan nan nan nan nan nan nan nan nan nan
 nan nan nan nan nan nan nan nan nan nan nan nan nan nan nan nan nan nan
 nan nan nan nan nan nan nan nan nan nan nan nan nan nan nan nan nan nan
 nan]
WARNING - Chunk 389:
WARNING - NaN values detected in your input data or the output of your objective/model function - fitting algorithms cannot handle this! Please read https://lmfit.github.io/lmfit-py/faq.html#i-get-errors-from-nan-in-my-fit-what-can-i-do for more information.
ERROR - NaN value detected in oversampled model function.
ERROR - <ParameterSet (values: 17)>
    cont_intercept  =  8799.022897525445
    cont_slope      =  7.474636265335845
    iod_depth       =  0.8503007663412571
    lsf_left_1      =  4.1512676555632435
    lsf_left_2      =  -18.42149383299925
    lsf_left_3      =  5.3795152824543155
    lsf_left_4      =  -2.758610191680951
    lsf_left_5      =  0.48913652713841477
    lsf_right1      =  9.074804812767365
    lsf_right2      =  -19.20671214324099
    lsf_right3      =  3.083814144565746
    lsf_right4      =  -0.8778307872343141
    lsf_right5      =  0.5325452968118825
    tem_depth       =  1.0278330143395575
    velocity        =  -2221.2162014257033
    wave_intercept  =  5915.08180273377
    wave_slope      =  0.018620882278495694
ERROR - Evaluated LSF:
ERROR - [nan nan nan nan nan nan nan nan nan nan nan nan nan nan nan nan nan nan
 nan nan nan nan nan nan nan nan nan nan nan nan nan nan nan nan nan nan
 nan nan nan nan nan nan nan nan nan nan nan nan nan nan nan nan nan nan
 nan nan nan nan nan nan nan nan nan nan nan nan nan nan nan nan nan nan
 nan]
WARNING - Chunk 401:
WARNING - NaN values detected in your input data or the output of your objective/model function - fitting algorithms cannot handle this! Please read https://lmfit.github.io/lmfit-py/faq.html#i-get-errors-from-nan-in-my-fit-what-can-i-do for more information.
ERROR - NaN value detected in oversampled model function.
ERROR - <ParameterSet (values: 17)>
    cont_intercept  =  16873.87251653446
    cont_slope      =  -2.538700216527765
    iod_depth       =  0.7838360321436056
    lsf_left_1      =  8.80665143057944
    lsf_left_2      =  -18.234100006126774
    lsf_left_3      =  1.1436028344652927
    lsf_left_4      =  -3.9661096831335225
    lsf_left_5      =  0.34935259384688766
    lsf_right1      =  2.628935853749877
    lsf_right2      =  -12.620891322719459
    lsf_right3      =  9.265685803137961
    lsf_right4      =  -3.110420028225856
    lsf_right5      =  0.5812594181082089
    tem_depth       =  0.08169575912581055
    velocity        =  15011.428247681899
    wave_intercept  =  5940.2758119676455
    wave_slope      =  0.016626440244278836
ERROR - Evaluated LSF:
ERROR - [nan nan nan nan nan nan nan nan nan nan nan nan nan nan nan nan nan nan
 nan nan nan nan nan nan nan nan nan nan nan nan nan nan nan nan nan nan
 nan nan nan nan nan nan nan nan nan nan nan nan nan nan nan nan nan nan
 nan nan nan nan nan nan nan nan nan nan nan nan nan nan nan nan nan nan
 nan]
WARNING - Chunk 412:
WARNING - NaN values detected in your input data or the output of your objective/model function - fitting algorithms cannot handle this! Please read https://lmfit.github.io/lmfit-py/faq.html#i-get-errors-from-nan-in-my-fit-what-can-i-do for more information.
ERROR - NaN value detected in oversampled model function.
ERROR - <ParameterSet (values: 17)>
    cont_intercept  =  7872.812805883017
    cont_slope      =  7.840584868532484
    iod_depth       =  0.8331521099550108
    lsf_left_1      =  2.4332620656221864
    lsf_left_2      =  -18.04847242307532
    lsf_left_3      =  1.3064583330819644
    lsf_left_4      =  -2.666375079223025
    lsf_left_5      =  0.7480540437148202
    lsf_right1      =  2.2143469543382164
    lsf_right2      =  -17.024783559689784
    lsf_right3      =  4.583763982670625
    lsf_right4      =  -2.7224192958332405
    lsf_right5      =  1.0661047376994122
    tem_depth       =  -0.17755847045567114
    velocity        =  -13044.917769100397
    wave_intercept  =  5970.606977147359
    wave_slope      =  0.018983860918067384
ERROR - Evaluated LSF:
ERROR - [nan nan nan nan nan nan nan nan nan nan nan nan nan nan nan nan nan nan
 nan nan nan nan nan nan nan nan nan nan nan nan nan nan nan nan nan nan
 nan nan nan nan nan nan nan nan nan nan nan nan nan nan nan nan nan nan
 nan nan nan nan nan nan nan nan nan nan nan nan nan nan nan nan nan nan
 nan]
WARNING - Chunk 425:
WARNING - NaN values detected in your input data or the output of your objective/model function - fitting algorithms cannot handle this! Please read https://lmfit.github.io/lmfit-py/faq.html#i-get-errors-from-nan-in-my-fit-what-can-i-do for more information.
ERROR - NaN value detected in oversampled model function.
ERROR - <ParameterSet (values: 17)>
    cont_intercept  =  14659.184328555366
    cont_slope      =  5.989693393839358
    iod_depth       =  0.7898833484103641
    lsf_left_1      =  2.1186530720282697
    lsf_left_2      =  -18.245382272490055
    lsf_left_3      =  2.2156117107202187
    lsf_left_4      =  -2.4384844118435045
    lsf_left_5      =  0.9086660444467223
    lsf_right1      =  2.126925531268682
    lsf_right2      =  -17.358864130520896
    lsf_right3      =  8.600551584574875
    lsf_right4      =  -3.79672439159261
    lsf_right5      =  0.3284122855452833
    tem_depth       =  0.9713967650010309
    velocity        =  -2507.5671631576897
    wave_intercept  =  5987.292431928471
    wave_slope      =  0.017665804092371482
ERROR - Evaluated LSF:
ERROR - [nan nan nan nan nan nan nan nan nan nan nan nan nan nan nan nan nan nan
 nan nan nan nan nan nan nan nan nan nan nan nan nan nan nan nan nan nan
 nan nan nan nan nan nan nan nan nan nan nan nan nan nan nan nan nan nan
 nan nan nan nan nan nan nan nan nan nan nan nan nan nan nan nan nan nan
 nan]
WARNING - Chunk 432:
WARNING - NaN values detected in your input data or the output of your objective/model function - fitting algorithms cannot handle this! Please read https://lmfit.github.io/lmfit-py/faq.html#i-get-errors-from-nan-in-my-fit-what-can-i-do for more information.
ERROR - NaN value detected in oversampled model function.
ERROR - <ParameterSet (values: 17)>
    cont_intercept  =  15827.207472466895
    cont_slope      =  -5.146961429102923
    iod_depth       =  0.23626286585071815
    lsf_left_1      =  2.122267673993953
    lsf_left_2      =  -19.372831785669195
    lsf_left_3      =  1.1436089340253013
    lsf_left_4      =  -3.451958988042949
    lsf_left_5      =  0.1330448078116271
    lsf_right1      =  6.544496675870588
    lsf_right2      =  -12.0438326508141
    lsf_right3      =  7.902492872125748
    lsf_right4      =  -3.6006410282403194
    lsf_right5      =  0.2897507782739177
    tem_depth       =  0.6772388921474212
    velocity        =  383.31995755727394
    wave_intercept  =  5991.875790804172
    wave_slope      =  0.017199183558853158
ERROR - Evaluated LSF:
ERROR - [nan nan nan nan nan nan nan nan nan nan nan nan nan nan nan nan nan nan
 nan nan nan nan nan nan nan nan nan nan nan nan nan nan nan nan nan nan
 nan nan nan nan nan nan nan nan nan nan nan nan nan nan nan nan nan nan
 nan nan nan nan nan nan nan nan nan nan nan nan nan nan nan nan nan nan
 nan]
WARNING - Chunk 434:
WARNING - NaN values detected in your input data or the output of your objective/model function - fitting algorithms cannot handle this! Please read https://lmfit.github.io/lmfit-py/faq.html#i-get-errors-from-nan-in-my-fit-what-can-i-do for more information.
ERROR - NaN value detected in oversampled model function.
ERROR - <ParameterSet (values: 17)>
    cont_intercept  =  15432.024304767332
    cont_slope      =  -2.7905923348938333
    iod_depth       =  0.7158937462118027
    lsf_left_1      =  4.875056291166139
    lsf_left_2      =  -18.39021951395765
    lsf_left_3      =  1.1560029185880625
    lsf_left_4      =  -2.1012463843955613
    lsf_left_5      =  0.9851996046235028
    lsf_right1      =  8.323986371370033
    lsf_right2      =  -18.262364407968303
    lsf_right3      =  5.28681256110639
    lsf_right4      =  -0.7573646534158689
    lsf_right5      =  0.14978672927312367
    tem_depth       =  0.9867189860804007
    velocity        =  -2423.2522248974537
    wave_intercept  =  6009.186154723633
    wave_slope      =  0.01602609401568053
ERROR - Evaluated LSF:
ERROR - [nan nan nan nan nan nan nan nan nan nan nan nan nan nan nan nan nan nan
 nan nan nan nan nan nan nan nan nan nan nan nan nan nan nan nan nan nan
 nan nan nan nan nan nan nan nan nan nan nan nan nan nan nan nan nan nan
 nan nan nan nan nan nan nan nan nan nan nan nan nan nan nan nan nan nan
 nan]
WARNING - Chunk 442:
WARNING - NaN values detected in your input data or the output of your objective/model function - fitting algorithms cannot handle this! Please read https://lmfit.github.io/lmfit-py/faq.html#i-get-errors-from-nan-in-my-fit-what-can-i-do for more information.
ERROR - NaN value detected in oversampled model function.
ERROR - <ParameterSet (values: 17)>
    cont_intercept  =  14145.661445769334
    cont_slope      =  -5.240398288925422
    iod_depth       =  0.3151677443826185
    lsf_left_1      =  3.3746477539453923
    lsf_left_2      =  -18.373576770923368
    lsf_left_3      =  1.227452831512054
    lsf_left_4      =  -1.6723728730064025
    lsf_left_5      =  1.1310722099478514
    lsf_right1      =  4.129264770165435
    lsf_right2      =  -18.302272715166904
    lsf_right3      =  1.1544415917890851
    lsf_right4      =  -3.828035391736145
    lsf_right5      =  0.14961453362558627
    tem_depth       =  1.0380109917241251
    velocity        =  -776.4158324962058
    wave_intercept  =  6017.375972085857
    wave_slope      =  0.014783850643726146
ERROR - Evaluated LSF:
ERROR - [nan nan nan nan nan nan nan nan nan nan nan nan nan nan nan nan nan nan
 nan nan nan nan nan nan nan nan nan nan nan nan nan nan nan nan nan nan
 nan nan nan nan nan nan nan nan nan nan nan nan nan nan nan nan nan nan
 nan nan nan nan nan nan nan nan nan nan nan nan nan nan nan nan nan nan
 nan]
WARNING - Chunk 446:
WARNING - NaN values detected in your input data or the output of your objective/model function - fitting algorithms cannot handle this! Please read https://lmfit.github.io/lmfit-py/faq.html#i-get-errors-from-nan-in-my-fit-what-can-i-do for more information.
ERROR - NaN value detected in oversampled model function.
ERROR - <ParameterSet (values: 17)>
    cont_intercept  =  14821.606999748246
    cont_slope      =  5.03847535104662
    iod_depth       =  0.8779364959936533
    lsf_left_1      =  6.228713300570601
    lsf_left_2      =  -17.11810028839774
    lsf_left_3      =  6.151222245922699
    lsf_left_4      =  -2.868246692443276
    lsf_left_5      =  0.35849637420004127
    lsf_right1      =  2.906912494030077
    lsf_right2      =  -18.343832920758608
    lsf_right3      =  4.274037038695669
    lsf_right4      =  -3.477383025271687
    lsf_right5      =  0.7851454653026463
    tem_depth       =  0.5457446252312348
    velocity        =  -3432.2156872371834
    wave_intercept  =  6046.576041931189
    wave_slope      =  0.01790749712089994
ERROR - Evaluated LSF:
ERROR - [nan nan nan nan nan nan nan nan nan nan nan nan nan nan nan nan nan nan
 nan nan nan nan nan nan nan nan nan nan nan nan nan nan nan nan nan nan
 nan nan nan nan nan nan nan nan nan nan nan nan nan nan nan nan nan nan
 nan nan nan nan nan nan nan nan nan nan nan nan nan nan nan nan nan nan
 nan]
WARNING - Chunk 457:
WARNING - NaN values detected in your input data or the output of your objective/model function - fitting algorithms cannot handle this! Please read https://lmfit.github.io/lmfit-py/faq.html#i-get-errors-from-nan-in-my-fit-what-can-i-do for more information.
ERROR - NaN value detected in oversampled model function.
ERROR - <ParameterSet (values: 17)>
    cont_intercept  =  16818.883926690218
    cont_slope      =  -1.7425102884736074
    iod_depth       =  0.6280561241138407
    lsf_left_1      =  4.215014851030474
    lsf_left_2      =  -18.915934312399795
    lsf_left_3      =  3.731104176569666
    lsf_left_4      =  -3.8035249534926994
    lsf_left_5      =  1.1835999053987922
    lsf_right1      =  5.074771292003384
    lsf_right2      =  -19.24208903779247
    lsf_right3      =  7.771377284647502
    lsf_right4      =  -3.4874034971039056
    lsf_right5      =  0.5299891598011329
    tem_depth       =  1.0065693149003674
    velocity        =  -2238.138537559795
    wave_intercept  =  6066.576813356894
    wave_slope      =  0.016320424311046713
ERROR - Evaluated LSF:
ERROR - [nan nan nan nan nan nan nan nan nan nan nan nan nan nan nan nan nan nan
 nan nan nan nan nan nan nan nan nan nan nan nan nan nan nan nan nan nan
 nan nan nan nan nan nan nan nan nan nan nan nan nan nan nan nan nan nan
 nan nan nan nan nan nan nan nan nan nan nan nan nan nan nan nan nan nan
 nan]
WARNING - Chunk 466:
WARNING - NaN values detected in your input data or the output of your objective/model function - fitting algorithms cannot handle this! Please read https://lmfit.github.io/lmfit-py/faq.html#i-get-errors-from-nan-in-my-fit-what-can-i-do for more information.
ERROR - Chunk 470: No Data! Returning LmfitResult with None.
ERROR - NaN value detected in oversampled model function.
ERROR - <ParameterSet (values: 17)>
    cont_intercept  =  17097.52357184843
    cont_slope      =  1.2051197510551162
    iod_depth       =  0.88692346188903
    lsf_left_1      =  3.788239173568922
    lsf_left_2      =  -19.372619684374346
    lsf_left_3      =  3.879362373816507
    lsf_left_4      =  -3.894790000091247
    lsf_left_5      =  0.20257945235704758
    lsf_right1      =  2.453978830550599
    lsf_right2      =  -7.724982403266244
    lsf_right3      =  1.1473648014397932
    lsf_right4      =  -0.9830553170632896
    lsf_right5      =  0.28125633875497363
    tem_depth       =  0.9612809116262316
    velocity        =  -1893.1071394781106
    wave_intercept  =  6125.087791189344
    wave_slope      =  0.016677758517638776
ERROR - Evaluated LSF:
ERROR - [nan nan nan nan nan nan nan nan nan nan nan nan nan nan nan nan nan nan
 nan nan nan nan nan nan nan nan nan nan nan nan nan nan nan nan nan nan
 nan nan nan nan nan nan nan nan nan nan nan nan nan nan nan nan nan nan
 nan nan nan nan nan nan nan nan nan nan nan nan nan nan nan nan nan nan
 nan]
WARNING - Chunk 490:
WARNING - NaN values detected in your input data or the output of your objective/model function - fitting algorithms cannot handle this! Please read https://lmfit.github.io/lmfit-py/faq.html#i-get-errors-from-nan-in-my-fit-what-can-i-do for more information.
ERROR - NaN value detected in oversampled model function.
ERROR - <ParameterSet (values: 17)>
    cont_intercept  =  8419.24993690506
    cont_slope      =  7.718192105963978
    iod_depth       =  0.11426688464958423
    lsf_left_1      =  2.4110990678737805
    lsf_left_2      =  -18.95052691668923
    lsf_left_3      =  9.162612963188975
    lsf_left_4      =  -2.2758417470977124
    lsf_left_5      =  0.42027274782635343
    lsf_right1      =  8.404249950488383
    lsf_right2      =  -18.869526721969642
    lsf_right3      =  6.159280627955839
    lsf_right4      =  -1.6772688958520527
    lsf_right5      =  0.25480222134979486
    tem_depth       =  0.8769465277314786
    velocity        =  -1546.6300518343082
    wave_intercept  =  6151.549905550038
    wave_slope      =  0.01931317963600325
ERROR - Evaluated LSF:
ERROR - [nan nan nan nan nan nan nan nan nan nan nan nan nan nan nan nan nan nan
 nan nan nan nan nan nan nan nan nan nan nan nan nan nan nan nan nan nan
 nan nan nan nan nan nan nan nan nan nan nan nan nan nan nan nan nan nan
 nan nan nan nan nan nan nan nan nan nan nan nan nan nan nan nan nan nan
 nan]
WARNING - Chunk 500:
WARNING - NaN values detected in your input data or the output of your objective/model function - fitting algorithms cannot handle this! Please read https://lmfit.github.io/lmfit-py/faq.html#i-get-errors-from-nan-in-my-fit-what-can-i-do for more information.
ERROR - NaN value detected in oversampled model function.
ERROR - <ParameterSet (values: 17)>
    cont_intercept  =  14574.346388819074
    cont_slope      =  1.612280958334362
    iod_depth       =  0.7591008755970345
    lsf_left_1      =  2.728700662000265
    lsf_left_2      =  -16.199152102474887
    lsf_left_3      =  9.66887426504732
    lsf_left_4      =  -3.9382241727875265
    lsf_left_5      =  1.1055077232364092
    lsf_right1      =  8.179687160940222
    lsf_right2      =  -19.327117050393547
    lsf_right3      =  2.093397849839586
    lsf_right4      =  -3.7731081708866374
    lsf_right5      =  0.5986452651730467
    tem_depth       =  1.025511095958362
    velocity        =  -2375.371717904315
    wave_intercept  =  6171.090568065796
    wave_slope      =  0.018097214569230406
ERROR - Evaluated LSF:
ERROR - [nan nan nan nan nan nan nan nan nan nan nan nan nan nan nan nan nan nan
 nan nan nan nan nan nan nan nan nan nan nan nan nan nan nan nan nan nan
 nan nan nan nan nan nan nan nan nan nan nan nan nan nan nan nan nan nan
 nan nan nan nan nan nan nan nan nan nan nan nan nan nan nan nan nan nan
 nan]
WARNING - Chunk 508:
WARNING - NaN values detected in your input data or the output of your objective/model function - fitting algorithms cannot handle this! Please read https://lmfit.github.io/lmfit-py/faq.html#i-get-errors-from-nan-in-my-fit-what-can-i-do for more information.
ERROR - NaN value detected in oversampled model function.
ERROR - <ParameterSet (values: 17)>
    cont_intercept  =  16892.025690290797
    cont_slope      =  0.3502570719840875
    iod_depth       =  0.8271521960422391
    lsf_left_1      =  4.813037038441522
    lsf_left_2      =  -15.133433712270648
    lsf_left_3      =  2.635484265263259
    lsf_left_4      =  -0.5006843506292418
    lsf_left_5      =  0.1557591043315027
    lsf_right1      =  2.754364506889114
    lsf_right2      =  -16.605043457044417
    lsf_right3      =  1.3806439594255082
    lsf_right4      =  -2.809306674218937
    lsf_right5      =  0.9868709771513012
    tem_depth       =  1.0098615632371601
    velocity        =  -2392.7317843565297
    wave_intercept  =  6178.024343164762
    wave_slope      =  0.01758823344826971
ERROR - Evaluated LSF:
ERROR - [nan nan nan nan nan nan nan nan nan nan nan nan nan nan nan nan nan nan
 nan nan nan nan nan nan nan nan nan nan nan nan nan nan nan nan nan nan
 nan nan nan nan nan nan nan nan nan nan nan nan nan nan nan nan nan nan
 nan nan nan nan nan nan nan nan nan nan nan nan nan nan nan nan nan nan
 nan]
WARNING - Chunk 511:
WARNING - NaN values detected in your input data or the output of your objective/model function - fitting algorithms cannot handle this! Please read https://lmfit.github.io/lmfit-py/faq.html#i-get-errors-from-nan-in-my-fit-what-can-i-do for more information.
ERROR - NaN value detected in oversampled model function.
ERROR - <ParameterSet (values: 17)>
    cont_intercept  =  13530.072443511473
    cont_slope      =  -6.294780802819232
    iod_depth       =  0.7628736822419773
    lsf_left_1      =  3.595862305731436
    lsf_left_2      =  -17.574004948757732
    lsf_left_3      =  1.561871069077567
    lsf_left_4      =  -2.5818833528698812
    lsf_left_5      =  1.1796574715506805
    lsf_right1      =  10.446254708747537
    lsf_right2      =  -19.14466025941895
    lsf_right3      =  9.41094576766077
    lsf_right4      =  -3.718895343640718
    lsf_right5      =  1.0194073762671563
    tem_depth       =  1.0223904222382423
    velocity        =  -2222.2824821834215
    wave_intercept  =  6201.731527389206
    wave_slope      =  0.015667086188996548
ERROR - Evaluated LSF:
ERROR - [nan nan nan nan nan nan nan nan nan nan nan nan nan nan nan nan nan nan
 nan nan nan nan nan nan nan nan nan nan nan nan nan nan nan nan nan nan
 nan nan nan nan nan nan nan nan nan nan nan nan nan nan nan nan nan nan
 nan nan nan nan nan nan nan nan nan nan nan nan nan nan nan nan nan nan
 nan]
WARNING - Chunk 522:
WARNING - NaN values detected in your input data or the output of your objective/model function - fitting algorithms cannot handle this! Please read https://lmfit.github.io/lmfit-py/faq.html#i-get-errors-from-nan-in-my-fit-what-can-i-do for more information.
ERROR - NaN value detected in oversampled model function.
ERROR - <ParameterSet (values: 17)>
    cont_intercept  =  13060.671635066137
    cont_slope      =  -9.472366761978494
    iod_depth       =  1.145754223767983
    lsf_left_1      =  2.3344508773196786
    lsf_left_2      =  -17.731205530193794
    lsf_left_3      =  1.7110468300674235
    lsf_left_4      =  -0.45779308970357446
    lsf_left_5      =  0.38207524376592483
    lsf_right1      =  2.119191018848097
    lsf_right2      =  -8.864530723311022
    lsf_right3      =  1.150315859097772
    lsf_right4      =  -3.8228231929165797
    lsf_right5      =  1.1379471852299239
    tem_depth       =  -0.6703737312345269
    velocity        =  -6710.028321525357
    wave_intercept  =  6203.752904127019
    wave_slope      =  0.015752468458016308
ERROR - Evaluated LSF:
ERROR - [nan nan nan nan nan nan nan nan nan nan nan nan nan nan nan nan nan nan
 nan nan nan nan nan nan nan nan nan nan nan nan nan nan nan nan nan nan
 nan nan nan nan nan nan nan nan nan nan nan nan nan nan nan nan nan nan
 nan nan nan nan nan nan nan nan nan nan nan nan nan nan nan nan nan nan
 nan]
WARNING - Chunk 523:
WARNING - NaN values detected in your input data or the output of your objective/model function - fitting algorithms cannot handle this! Please read https://lmfit.github.io/lmfit-py/faq.html#i-get-errors-from-nan-in-my-fit-what-can-i-do for more information.
ERROR - NaN value detected in oversampled model function.
ERROR - <ParameterSet (values: 17)>
    cont_intercept  =  15173.02791517892
    cont_slope      =  2.2798855340481126
    iod_depth       =  0.4530721671962276
    lsf_left_1      =  12.350152299639896
    lsf_left_2      =  -18.37624606308686
    lsf_left_3      =  1.1524169282634111
    lsf_left_4      =  -1.5933839467425557
    lsf_left_5      =  0.13314237233335235
    lsf_right1      =  3.0036342937042235
    lsf_right2      =  -17.764455055590066
    lsf_right3      =  1.7032067243699147
    lsf_right4      =  -2.100031561519107
    lsf_right5      =  0.7758658925284414
    tem_depth       =  0.9369181145819163
    velocity        =  -2103.7981355722836
    wave_intercept  =  6234.081636660694
    wave_slope      =  0.018203594944759694
ERROR - Evaluated LSF:
ERROR - [nan nan nan nan nan nan nan nan nan nan nan nan nan nan nan nan nan nan
 nan nan nan nan nan nan nan nan nan nan nan nan nan nan nan nan nan nan
 nan nan nan nan nan nan nan nan nan nan nan nan nan nan nan nan nan nan
 nan nan nan nan nan nan nan nan nan nan nan nan nan nan nan nan nan nan
 nan]
WARNING - Chunk 533:
WARNING - NaN values detected in your input data or the output of your objective/model function - fitting algorithms cannot handle this! Please read https://lmfit.github.io/lmfit-py/faq.html#i-get-errors-from-nan-in-my-fit-what-can-i-do for more information.
ERROR - Chunk 537: No Data! Returning LmfitResult with None.
ERROR - NaN value detected in oversampled model function.
ERROR - <ParameterSet (values: 17)>
    cont_intercept  =  16362.296348058677
    cont_slope      =  -2.369199333621338
    iod_depth       =  0.7623400289492243
    lsf_left_1      =  5.944516996127737
    lsf_left_2      =  -15.42345395277075
    lsf_left_3      =  5.970573579129455
    lsf_left_4      =  -2.2712638619858248
    lsf_left_5      =  0.40372945579996594
    lsf_right1      =  3.2265687111708026
    lsf_right2      =  -11.632141034781256
    lsf_right3      =  1.8336292590370307
    lsf_right4      =  -3.9327184332307246
    lsf_right5      =  0.2821209514745551
    tem_depth       =  1.0095714079787352
    velocity        =  -2280.38856089908
    wave_intercept  =  6247.8672115426325
    wave_slope      =  0.017170105667171115
ERROR - Evaluated LSF:
ERROR - [nan nan nan nan nan nan nan nan nan nan nan nan nan nan nan nan nan nan
 nan nan nan nan nan nan nan nan nan nan nan nan nan nan nan nan nan nan
 nan nan nan nan nan nan nan nan nan nan nan nan nan nan nan nan nan nan
 nan nan nan nan nan nan nan nan nan nan nan nan nan nan nan nan nan nan
 nan]
WARNING - Chunk 539:
WARNING - NaN values detected in your input data or the output of your objective/model function - fitting algorithms cannot handle this! Please read https://lmfit.github.io/lmfit-py/faq.html#i-get-errors-from-nan-in-my-fit-what-can-i-do for more information.
ERROR - Chunk 544: No Data! Returning LmfitResult with None.
ERROR - NaN value detected in oversampled model function.
ERROR - <ParameterSet (values: 17)>
    cont_intercept  =  13553.27685691051
    cont_slope      =  -5.5126915591287
    iod_depth       =  1.231296287154399
    lsf_left_1      =  4.038112370099653
    lsf_left_2      =  -12.422181093796288
    lsf_left_3      =  5.079714774301612
    lsf_left_4      =  -2.148561597444513
    lsf_left_5      =  0.20981540354183031
    lsf_right1      =  7.349540792316801
    lsf_right2      =  -16.279757412476584
    lsf_right3      =  8.498345624929616
    lsf_right4      =  -3.9440650082777076
    lsf_right5      =  0.84944232173876
    tem_depth       =  -0.3298115932559857
    velocity        =  -12965.767739829336
    wave_intercept  =  6267.057050082362
    wave_slope      =  0.01576841606852766
ERROR - Evaluated LSF:
ERROR - [nan nan nan nan nan nan nan nan nan nan nan nan nan nan nan nan nan nan
 nan nan nan nan nan nan nan nan nan nan nan nan nan nan nan nan nan nan
 nan nan nan nan nan nan nan nan nan nan nan nan nan nan nan nan nan nan
 nan nan nan nan nan nan nan nan nan nan nan nan nan nan nan nan nan nan
 nan]
WARNING - Chunk 548:
WARNING - NaN values detected in your input data or the output of your objective/model function - fitting algorithms cannot handle this! Please read https://lmfit.github.io/lmfit-py/faq.html#i-get-errors-from-nan-in-my-fit-what-can-i-do for more information.
ERROR - NaN value detected in oversampled model function.
ERROR - <ParameterSet (values: 17)>
    cont_intercept  =  12521.821270112252
    cont_slope      =  -4.301466088348551
    iod_depth       =  1.5237333613666455
    lsf_left_1      =  2.1335449062874585
    lsf_left_2      =  -14.3839633667646
    lsf_left_3      =  1.3484222463211775
    lsf_left_4      =  -3.3176477691851307
    lsf_left_5      =  0.4184455094356349
    lsf_right1      =  8.30840712189232
    lsf_right2      =  -18.74571098975945
    lsf_right3      =  2.452331601177157
    lsf_right4      =  -3.2384356762192867
    lsf_right5      =  0.8689444855731797
    tem_depth       =  -0.026693318202992422
    velocity        =  -9478.595208010764
    wave_intercept  =  6269.077100078783
    wave_slope      =  0.015549409549750183
ERROR - Evaluated LSF:
ERROR - [nan nan nan nan nan nan nan nan nan nan nan nan nan nan nan nan nan nan
 nan nan nan nan nan nan nan nan nan nan nan nan nan nan nan nan nan nan
 nan nan nan nan nan nan nan nan nan nan nan nan nan nan nan nan nan nan
 nan nan nan nan nan nan nan nan nan nan nan nan nan nan nan nan nan nan
 nan]
WARNING - Chunk 549:
WARNING - NaN values detected in your input data or the output of your objective/model function - fitting algorithms cannot handle this! Please read https://lmfit.github.io/lmfit-py/faq.html#i-get-errors-from-nan-in-my-fit-what-can-i-do for more information.
ERROR - NaN value detected in oversampled model function.
ERROR - <ParameterSet (values: 17)>
    cont_intercept  =  15275.361945785548
    cont_slope      =  -2.3383423075460565
    iod_depth       =  0.6778487037665926
    lsf_left_1      =  8.057408301783141
    lsf_left_2      =  -14.787268161318526
    lsf_left_3      =  4.178160239547079
    lsf_left_4      =  -3.7094972413097733
    lsf_left_5      =  0.9214948628932781
    lsf_right1      =  5.49103892854772
    lsf_right2      =  -19.322913601575603
    lsf_right3      =  1.9378103364155757
    lsf_right4      =  -3.1739266626655773
    lsf_right5      =  1.0577511208616865
    tem_depth       =  1.0676210952864902
    velocity        =  -2025.2236881779727
    wave_intercept  =  6303.057786923963
    wave_slope      =  0.01869298574284616
ERROR - Evaluated LSF:
ERROR - [nan nan nan nan nan nan nan nan nan nan nan nan nan nan nan nan nan nan
 nan nan nan nan nan nan nan nan nan nan nan nan nan nan nan nan nan nan
 nan nan nan nan nan nan nan nan nan nan nan nan nan nan nan nan nan nan
 nan nan nan nan nan nan nan nan nan nan nan nan nan nan nan nan nan nan
 nan]
WARNING - Chunk 560:
WARNING - NaN values detected in your input data or the output of your objective/model function - fitting algorithms cannot handle this! Please read https://lmfit.github.io/lmfit-py/faq.html#i-get-errors-from-nan-in-my-fit-what-can-i-do for more information.
ERROR - NaN value detected in oversampled model function.
ERROR - <ParameterSet (values: 17)>
    cont_intercept  =  16331.283307751679
    cont_slope      =  0.07504337328531373
    iod_depth       =  0.6734802234427301
    lsf_left_1      =  2.1278401511485274
    lsf_left_2      =  -17.466668932215466
    lsf_left_3      =  3.405133925487879
    lsf_left_4      =  -3.7217900609289813
    lsf_left_5      =  0.48853514369726747
    lsf_right1      =  2.324235247618906
    lsf_right2      =  -9.906773069128059
    lsf_right3      =  1.292748597207792
    lsf_right4      =  -2.728634315735632
    lsf_right5      =  0.3971452160251025
    tem_depth       =  -0.2719108422418165
    velocity        =  -11989.723822347487
    wave_intercept  =  6321.09414719652
    wave_slope      =  0.016766372073102352
ERROR - Evaluated LSF:
ERROR - [nan nan nan nan nan nan nan nan nan nan nan nan nan nan nan nan nan nan
 nan nan nan nan nan nan nan nan nan nan nan nan nan nan nan nan nan nan
 nan nan nan nan nan nan nan nan nan nan nan nan nan nan nan nan nan nan
 nan nan nan nan nan nan nan nan nan nan nan nan nan nan nan nan nan nan
 nan]
WARNING - Chunk 568:
WARNING - NaN values detected in your input data or the output of your objective/model function - fitting algorithms cannot handle this! Please read https://lmfit.github.io/lmfit-py/faq.html#i-get-errors-from-nan-in-my-fit-what-can-i-do for more information.
ERROR - Chunk 569: No Data! Returning LmfitResult with None.
ERROR - Chunk 570: No Data! Returning LmfitResult with None.
ERROR - NaN value detected in oversampled model function.
ERROR - <ParameterSet (values: 17)>
    cont_intercept  =  14315.266125056683
    cont_slope      =  -4.456279439571939
    iod_depth       =  0.17064720060813449
    lsf_left_1      =  4.158432832642331
    lsf_left_2      =  -11.09732854800755
    lsf_left_3      =  7.567427542308924
    lsf_left_4      =  -3.4034462550950866
    lsf_left_5      =  1.0453391943197956
    lsf_right1      =  2.1263674091738793
    lsf_right2      =  -16.405542375425938
    lsf_right3      =  1.7622680781095634
    lsf_right4      =  -1.1291352188641093
    lsf_right5      =  0.5392126181945366
    tem_depth       =  0.9624234732610482
    velocity        =  -3252.309802217519
    wave_intercept  =  6327.497491918655
    wave_slope      =  0.01568061041675719
ERROR - Evaluated LSF:
ERROR - [nan nan nan nan nan nan nan nan nan nan nan nan nan nan nan nan nan nan
 nan nan nan nan nan nan nan nan nan nan nan nan nan nan nan nan nan nan
 nan nan nan nan nan nan nan nan nan nan nan nan nan nan nan nan nan nan
 nan nan nan nan nan nan nan nan nan nan nan nan nan nan nan nan nan nan
 nan]
WARNING - Chunk 571:
WARNING - NaN values detected in your input data or the output of your objective/model function - fitting algorithms cannot handle this! Please read https://lmfit.github.io/lmfit-py/faq.html#i-get-errors-from-nan-in-my-fit-what-can-i-do for more information.
ERROR - NaN value detected in oversampled model function.
ERROR - <ParameterSet (values: 17)>
    cont_intercept  =  12801.84156614057
    cont_slope      =  -6.561839006345989
    iod_depth       =  0.3907248752297677
    lsf_left_1      =  5.760620905026364
    lsf_left_2      =  -18.836900756481132
    lsf_left_3      =  1.1458996395078362
    lsf_left_4      =  -3.145038334513602
    lsf_left_5      =  1.083829861422252
    lsf_right1      =  3.1203317961985015
    lsf_right2      =  -10.152304605416203
    lsf_right3      =  2.724844263660067
    lsf_right4      =  -2.453274845628703
    lsf_right5      =  0.2596057163157402
    tem_depth       =  0.9400270699279112
    velocity        =  -849.4073341137259
    wave_intercept  =  6331.7457273587115
    wave_slope      =  0.015528438543774567
ERROR - Evaluated LSF:
ERROR - [nan nan nan nan nan nan nan nan nan nan nan nan nan nan nan nan nan nan
 nan nan nan nan nan nan nan nan nan nan nan nan nan nan nan nan nan nan
 nan nan nan nan nan nan nan nan nan nan nan nan nan nan nan nan nan nan
 nan nan nan nan nan nan nan nan nan nan nan nan nan nan nan nan nan nan
 nan]
WARNING - Chunk 573:
WARNING - NaN values detected in your input data or the output of your objective/model function - fitting algorithms cannot handle this! Please read https://lmfit.github.io/lmfit-py/faq.html#i-get-errors-from-nan-in-my-fit-what-can-i-do for more information.
INFO - 
INFO - Number of chunks with no uncertainties: 0
INFO - Number of chunks with outliers: 0
INFO - Number of chunks with nan fitted red. Chi2: 54
INFO - 
INFO - Creating analysis plots...
ERROR - NaN value detected in iodine function.
ERROR - Chunk could not be plotted
Traceback (most recent call last):
  File "/Users/jaklusmeyer/SONG/pyodine/pyodine/plot_lib.py", line 62, in plot_chunkmodel
    sp = fit_results[chunk_nr].fitted_spectrum
  File "/Users/jaklusmeyer/SONG/pyodine/pyodine/fitters/base.py", line 45, in fitted_spectrum
    return self.model.eval_spectrum(self.chunk, self.params, chunk_ind=self.chunk_ind)
  File "/Users/jaklusmeyer/SONG/pyodine/pyodine/models/base.py", line 79, in eval_spectrum
    flux = self.eval(chunk, params, chunk_ind=chunk_ind, **kwargs)
  File "/Users/jaklusmeyer/SONG/pyodine/pyodine/models/spectrum.py", line 138, in eval
    tck = splrep(tem.wave * doppler, flux_tem, s=0)
  File "/Users/jaklusmeyer/miniconda/envs/pyodine_env/lib/python3.9/site-packages/scipy/interpolate/_fitpack_py.py", line 295, in splrep
    res = _impl.splrep(x, y, w, xb, xe, k, task, s, t, full_output, per, quiet)
  File "/Users/jaklusmeyer/miniconda/envs/pyodine_env/lib/python3.9/site-packages/scipy/interpolate/_fitpack_impl.py", line 276, in splrep
    n, c, fp, ier = dfitpack.curfit(task, x, y, w, t, wrk, iwrk,
dfitpack.error: (xb<=x[0]) failed for 1st keyword xb: curfit:xb=nan
INFO - Velocity robust mean: -2353.69336339108
INFO - Velocity robust std: 538.329093677362
INFO - 
INFO - Velocity error robust mean: 199.38857743235863
INFO - Velocity error robust std: 170.76228807995506
INFO - 
INFO - Minimum error: 69.29593051524216 in chunk 18
INFO - Maximum error: 31636.320630732655 in chunk 456
INFO - 
INFO - Chunks with nan velocities: [  2  10  29  60  63  66 139 179 190 214 221 237 247 248 256 259 286 296
 302 328 357 364 366 368 370 389 401 412 425 432 434 442 446 457 466 470
 490 500 508 511 522 523 533 537 539 544 548 549 560 568 569 570 571 573]
INFO - Chunks with nan velocity errors: [  2  10  29  60  63  66 139 179 190 214 221 237 247 248 256 259 286 296
 302 328 357 364 366 368 370 389 401 412 425 432 434 442 446 457 466 470
 490 500 508 511 522 523 533 537 539 544 548 549 560 568 569 570 571 573]
INFO - Velocity error at percentile 80: 629.8009923987719
INFO - 
INFO - Time to model this observation: 130.58206820487976
