2026-03-10 10:35:22,574 - root - ERROR - Chunk 0: No Data! Returning LmfitResult with None.
2026-03-10 10:35:22,576 - root - ERROR - Chunk 1: No Data! Returning LmfitResult with None.
2026-03-10 10:35:22,577 - root - ERROR - Chunk 2: No Data! Returning LmfitResult with None.
2026-03-10 10:35:22,578 - root - ERROR - Chunk 3: No Data! Returning LmfitResult with None.
2026-03-10 10:35:22,579 - root - ERROR - Chunk 4: No Data! Returning LmfitResult with None.
2026-03-10 10:35:22,580 - root - ERROR - Chunk 5: No Data! Returning LmfitResult with None.
2026-03-10 10:35:22,581 - root - ERROR - Chunk 6: No Data! Returning LmfitResult with None.
2026-03-10 10:35:22,582 - root - ERROR - Chunk 7: No Data! Returning LmfitResult with None.
2026-03-10 10:35:22,583 - root - ERROR - Chunk 8: No Data! Returning LmfitResult with None.
2026-03-10 10:35:22,584 - root - ERROR - Chunk 9: No Data! Returning LmfitResult with None.
2026-03-10 10:35:22,585 - root - ERROR - Chunk 10: No Data! Returning LmfitResult with None.
2026-03-10 10:35:22,586 - root - ERROR - Chunk 11: No Data! Returning LmfitResult with None.
2026-03-10 10:35:22,587 - root - ERROR - Chunk 12: No Data! Returning LmfitResult with None.
2026-03-10 10:35:22,588 - root - ERROR - Chunk 13: No Data! Returning LmfitResult with None.
2026-03-10 10:35:22,589 - root - ERROR - Chunk 14: No Data! Returning LmfitResult with None.
2026-03-10 10:35:22,590 - root - ERROR - Chunk 15: No Data! Returning LmfitResult with None.
2026-03-10 10:35:22,591 - root - ERROR - Chunk 16: No Data! Returning LmfitResult with None.
2026-03-10 10:35:22,592 - root - ERROR - Chunk 17: No Data! Returning LmfitResult with None.
2026-03-10 10:35:22,593 - root - ERROR - Chunk 18: No Data! Returning LmfitResult with None.
2026-03-10 10:35:22,594 - root - ERROR - Chunk 19: No Data! Returning LmfitResult with None.
2026-03-10 10:35:22,595 - root - ERROR - Chunk 20: No Data! Returning LmfitResult with None.
2026-03-10 10:35:22,596 - root - ERROR - Chunk 21: No Data! Returning LmfitResult with None.
2026-03-10 10:35:22,596 - root - ERROR - Chunk 22: No Data! Returning LmfitResult with None.
2026-03-10 10:35:22,597 - root - ERROR - Chunk 23: No Data! Returning LmfitResult with None.
2026-03-10 10:35:22,598 - root - ERROR - Chunk 24: No Data! Returning LmfitResult with None.
2026-03-10 10:35:22,599 - root - ERROR - Chunk 25: No Data! Returning LmfitResult with None.
2026-03-10 10:35:22,600 - root - ERROR - Chunk 26: No Data! Returning LmfitResult with None.
2026-03-10 10:35:22,601 - root - ERROR - Chunk 27: No Data! Returning LmfitResult with None.
2026-03-10 10:35:22,602 - root - ERROR - Chunk 28: No Data! Returning LmfitResult with None.
2026-03-10 10:35:22,604 - root - ERROR - Chunk 29: No Data! Returning LmfitResult with None.
2026-03-10 10:35:22,605 - root - ERROR - Chunk 30: No Data! Returning LmfitResult with None.
2026-03-10 10:35:22,606 - root - ERROR - Chunk 31: No Data! Returning LmfitResult with None.
2026-03-10 10:35:22,607 - root - ERROR - Chunk 32: No Data! Returning LmfitResult with None.
2026-03-10 10:35:22,609 - root - ERROR - Chunk 33: No Data! Returning LmfitResult with None.
2026-03-10 10:35:22,610 - root - ERROR - Chunk 34: No Data! Returning LmfitResult with None.
2026-03-10 10:35:22,611 - root - ERROR - Chunk 35: No Data! Returning LmfitResult with None.
2026-03-10 10:35:22,612 - root - ERROR - Chunk 36: No Data! Returning LmfitResult with None.
2026-03-10 10:35:22,613 - root - ERROR - Chunk 37: No Data! Returning LmfitResult with None.
2026-03-10 10:35:22,614 - root - ERROR - Chunk 38: No Data! Returning LmfitResult with None.
2026-03-10 10:35:22,615 - root - ERROR - Chunk 39: No Data! Returning LmfitResult with None.
2026-03-10 10:35:22,615 - root - ERROR - Chunk 40: No Data! Returning LmfitResult with None.
2026-03-10 10:35:22,616 - root - ERROR - Chunk 41: No Data! Returning LmfitResult with None.
2026-03-10 10:35:22,662 - root - ERROR - Chunk 42: No Data! Returning LmfitResult with None.
2026-03-10 10:35:22,664 - root - ERROR - Chunk 43: No Data! Returning LmfitResult with None.
2026-03-10 10:35:22,665 - root - ERROR - Chunk 44: No Data! Returning LmfitResult with None.
2026-03-10 10:35:22,666 - root - ERROR - Chunk 45: No Data! Returning LmfitResult with None.
2026-03-10 10:35:22,668 - root - ERROR - Chunk 46: No Data! Returning LmfitResult with None.
2026-03-10 10:35:22,669 - root - ERROR - Chunk 47: No Data! Returning LmfitResult with None.
2026-03-10 10:35:22,683 - root - ERROR - Chunk 48: No Data! Returning LmfitResult with None.
2026-03-10 10:35:22,684 - root - ERROR - Chunk 49: No Data! Returning LmfitResult with None.
2026-03-10 10:35:22,685 - root - ERROR - Chunk 50: No Data! Returning LmfitResult with None.
2026-03-10 10:35:22,686 - root - ERROR - Chunk 51: No Data! Returning LmfitResult with None.
2026-03-10 10:35:22,687 - root - ERROR - Chunk 52: No Data! Returning LmfitResult with None.
2026-03-10 10:35:22,688 - root - ERROR - Chunk 53: No Data! Returning LmfitResult with None.
2026-03-10 10:35:22,689 - root - ERROR - Chunk 54: No Data! Returning LmfitResult with None.
2026-03-10 10:35:22,690 - root - ERROR - Chunk 55: No Data! Returning LmfitResult with None.
2026-03-10 10:35:22,691 - root - ERROR - Chunk 56: No Data! Returning LmfitResult with None.
2026-03-10 10:35:22,692 - root - ERROR - Chunk 57: No Data! Returning LmfitResult with None.
2026-03-10 10:35:22,693 - root - ERROR - Chunk 58: No Data! Returning LmfitResult with None.
2026-03-10 10:35:22,694 - root - ERROR - Chunk 59: No Data! Returning LmfitResult with None.
2026-03-10 10:35:22,694 - root - ERROR - Chunk 60: No Data! Returning LmfitResult with None.
2026-03-10 10:35:22,695 - root - ERROR - Chunk 61: No Data! Returning LmfitResult with None.
2026-03-10 10:35:22,696 - root - ERROR - Chunk 62: No Data! Returning LmfitResult with None.
2026-03-10 10:35:22,697 - root - ERROR - Chunk 63: No Data! Returning LmfitResult with None.
2026-03-10 10:35:22,698 - root - ERROR - Chunk 64: No Data! Returning LmfitResult with None.
2026-03-10 10:35:22,699 - root - ERROR - Chunk 65: No Data! Returning LmfitResult with None.
2026-03-10 10:35:22,700 - root - ERROR - Chunk 66: No Data! Returning LmfitResult with None.
2026-03-10 10:35:22,701 - root - ERROR - Chunk 67: No Data! Returning LmfitResult with None.
2026-03-10 10:35:22,702 - root - ERROR - Chunk 68: No Data! Returning LmfitResult with None.
2026-03-10 10:35:22,703 - root - ERROR - Chunk 69: No Data! Returning LmfitResult with None.
2026-03-10 10:35:22,704 - root - ERROR - Chunk 70: No Data! Returning LmfitResult with None.
2026-03-10 10:35:22,705 - root - ERROR - Chunk 71: No Data! Returning LmfitResult with None.
2026-03-10 10:35:22,706 - root - ERROR - Chunk 72: No Data! Returning LmfitResult with None.
2026-03-10 10:35:22,708 - root - ERROR - Chunk 73: No Data! Returning LmfitResult with None.
2026-03-10 10:35:22,709 - root - ERROR - Chunk 74: No Data! Returning LmfitResult with None.
2026-03-10 10:35:22,710 - root - ERROR - Chunk 75: No Data! Returning LmfitResult with None.
2026-03-10 10:35:22,711 - root - ERROR - Chunk 76: No Data! Returning LmfitResult with None.
2026-03-10 10:35:22,711 - root - ERROR - Chunk 77: No Data! Returning LmfitResult with None.
2026-03-10 10:35:22,712 - root - ERROR - Chunk 78: No Data! Returning LmfitResult with None.
2026-03-10 10:35:22,713 - root - ERROR - Chunk 79: No Data! Returning LmfitResult with None.
2026-03-10 10:35:22,714 - root - ERROR - Chunk 80: No Data! Returning LmfitResult with None.
2026-03-10 10:35:22,716 - root - ERROR - Chunk 81: No Data! Returning LmfitResult with None.
2026-03-10 10:35:22,717 - root - ERROR - Chunk 82: No Data! Returning LmfitResult with None.
2026-03-10 10:35:22,718 - root - ERROR - Chunk 83: No Data! Returning LmfitResult with None.
2026-03-10 10:35:22,719 - root - ERROR - Chunk 84: No Data! Returning LmfitResult with None.
2026-03-10 10:35:22,720 - root - ERROR - Chunk 85: No Data! Returning LmfitResult with None.
2026-03-10 10:35:22,721 - root - ERROR - Chunk 86: No Data! Returning LmfitResult with None.
2026-03-10 10:35:22,722 - root - ERROR - Chunk 87: No Data! Returning LmfitResult with None.
2026-03-10 10:35:22,760 - root - ERROR - Chunk 88: No Data! Returning LmfitResult with None.
2026-03-10 10:35:22,768 - root - ERROR - Chunk 89: No Data! Returning LmfitResult with None.
2026-03-10 10:35:22,770 - root - ERROR - Chunk 90: No Data! Returning LmfitResult with None.
2026-03-10 10:35:22,771 - root - ERROR - Chunk 91: No Data! Returning LmfitResult with None.
2026-03-10 10:35:22,772 - root - ERROR - Chunk 92: No Data! Returning LmfitResult with None.
2026-03-10 10:35:22,773 - root - ERROR - Chunk 93: No Data! Returning LmfitResult with None.
2026-03-10 10:35:22,774 - root - ERROR - Chunk 94: No Data! Returning LmfitResult with None.
2026-03-10 10:35:22,775 - root - ERROR - Chunk 95: No Data! Returning LmfitResult with None.
2026-03-10 10:35:22,788 - root - ERROR - Chunk 96: No Data! Returning LmfitResult with None.
2026-03-10 10:35:22,789 - root - ERROR - Chunk 97: No Data! Returning LmfitResult with None.
2026-03-10 10:35:22,790 - root - ERROR - Chunk 98: No Data! Returning LmfitResult with None.
2026-03-10 10:35:22,791 - root - ERROR - Chunk 99: No Data! Returning LmfitResult with None.
2026-03-10 10:35:22,792 - root - ERROR - Chunk 100: No Data! Returning LmfitResult with None.
2026-03-10 10:35:22,793 - root - ERROR - Chunk 101: No Data! Returning LmfitResult with None.
2026-03-10 10:35:22,794 - root - ERROR - Chunk 102: No Data! Returning LmfitResult with None.
2026-03-10 10:35:22,795 - root - ERROR - Chunk 103: No Data! Returning LmfitResult with None.
2026-03-10 10:35:22,796 - root - ERROR - Chunk 104: No Data! Returning LmfitResult with None.
2026-03-10 10:35:22,797 - root - ERROR - Chunk 105: No Data! Returning LmfitResult with None.
2026-03-10 10:35:22,798 - root - ERROR - Chunk 106: No Data! Returning LmfitResult with None.
2026-03-10 10:35:22,798 - root - ERROR - Chunk 107: No Data! Returning LmfitResult with None.
2026-03-10 10:35:22,800 - root - ERROR - Chunk 108: No Data! Returning LmfitResult with None.
2026-03-10 10:35:22,801 - root - ERROR - Chunk 109: No Data! Returning LmfitResult with None.
2026-03-10 10:35:22,802 - root - ERROR - Chunk 110: No Data! Returning LmfitResult with None.
2026-03-10 10:35:22,803 - root - ERROR - Chunk 111: No Data! Returning LmfitResult with None.
2026-03-10 10:35:22,803 - root - ERROR - Chunk 112: No Data! Returning LmfitResult with None.
2026-03-10 10:35:22,804 - root - ERROR - Chunk 113: No Data! Returning LmfitResult with None.
2026-03-10 10:35:22,805 - root - ERROR - Chunk 114: No Data! Returning LmfitResult with None.
2026-03-10 10:35:22,806 - root - ERROR - Chunk 115: No Data! Returning LmfitResult with None.
2026-03-10 10:35:22,807 - root - ERROR - Chunk 116: No Data! Returning LmfitResult with None.
2026-03-10 10:35:22,808 - root - ERROR - Chunk 117: No Data! Returning LmfitResult with None.
2026-03-10 10:35:22,809 - root - ERROR - Chunk 118: No Data! Returning LmfitResult with None.
2026-03-10 10:35:22,810 - root - ERROR - Chunk 119: No Data! Returning LmfitResult with None.
2026-03-10 10:35:22,811 - root - ERROR - Chunk 120: No Data! Returning LmfitResult with None.
2026-03-10 10:35:22,811 - root - ERROR - Chunk 121: No Data! Returning LmfitResult with None.
2026-03-10 10:35:22,812 - root - ERROR - Chunk 122: No Data! Returning LmfitResult with None.
2026-03-10 10:35:22,813 - root - ERROR - Chunk 123: No Data! Returning LmfitResult with None.
2026-03-10 10:35:22,814 - root - ERROR - Chunk 124: No Data! Returning LmfitResult with None.
2026-03-10 10:35:22,815 - root - ERROR - Chunk 125: No Data! Returning LmfitResult with None.
2026-03-10 10:35:22,816 - root - ERROR - Chunk 126: No Data! Returning LmfitResult with None.
2026-03-10 10:35:22,817 - root - ERROR - Chunk 127: No Data! Returning LmfitResult with None.
2026-03-10 10:35:22,818 - root - ERROR - Chunk 128: No Data! Returning LmfitResult with None.
2026-03-10 10:35:22,819 - root - ERROR - Chunk 129: No Data! Returning LmfitResult with None.
2026-03-10 10:35:22,819 - root - ERROR - Chunk 130: No Data! Returning LmfitResult with None.
2026-03-10 10:35:22,820 - root - ERROR - Chunk 131: No Data! Returning LmfitResult with None.
2026-03-10 10:35:22,821 - root - ERROR - Chunk 132: No Data! Returning LmfitResult with None.
2026-03-10 10:35:22,822 - root - ERROR - Chunk 133: No Data! Returning LmfitResult with None.
2026-03-10 10:35:22,823 - root - ERROR - Chunk 134: No Data! Returning LmfitResult with None.
2026-03-10 10:35:22,824 - root - ERROR - Chunk 135: No Data! Returning LmfitResult with None.
2026-03-10 10:35:22,824 - root - ERROR - Chunk 136: No Data! Returning LmfitResult with None.
2026-03-10 10:35:22,825 - root - ERROR - Chunk 137: No Data! Returning LmfitResult with None.
2026-03-10 10:35:22,826 - root - ERROR - Chunk 138: No Data! Returning LmfitResult with None.
2026-03-10 10:35:22,827 - root - ERROR - Chunk 139: No Data! Returning LmfitResult with None.
2026-03-10 10:35:22,828 - root - ERROR - Chunk 140: No Data! Returning LmfitResult with None.
2026-03-10 10:35:22,829 - root - ERROR - Chunk 141: No Data! Returning LmfitResult with None.
2026-03-10 10:35:22,830 - root - ERROR - Chunk 142: No Data! Returning LmfitResult with None.
2026-03-10 10:35:22,832 - root - ERROR - Chunk 143: No Data! Returning LmfitResult with None.
2026-03-10 10:35:22,833 - root - ERROR - Chunk 144: No Data! Returning LmfitResult with None.
2026-03-10 10:35:22,834 - root - ERROR - Chunk 145: No Data! Returning LmfitResult with None.
2026-03-10 10:35:22,835 - root - ERROR - Chunk 146: No Data! Returning LmfitResult with None.
2026-03-10 10:35:22,836 - root - ERROR - Chunk 147: No Data! Returning LmfitResult with None.
2026-03-10 10:35:22,849 - root - ERROR - Chunk 148: No Data! Returning LmfitResult with None.
2026-03-10 10:35:22,863 - root - ERROR - Chunk 149: No Data! Returning LmfitResult with None.
2026-03-10 10:35:22,864 - root - ERROR - Chunk 150: No Data! Returning LmfitResult with None.
2026-03-10 10:35:22,865 - root - ERROR - Chunk 151: No Data! Returning LmfitResult with None.
2026-03-10 10:35:22,866 - root - ERROR - Chunk 152: No Data! Returning LmfitResult with None.
2026-03-10 10:35:22,867 - root - ERROR - Chunk 153: No Data! Returning LmfitResult with None.
2026-03-10 10:35:22,868 - root - ERROR - Chunk 154: No Data! Returning LmfitResult with None.
2026-03-10 10:35:22,869 - root - ERROR - Chunk 155: No Data! Returning LmfitResult with None.
2026-03-10 10:35:22,870 - root - ERROR - Chunk 156: No Data! Returning LmfitResult with None.
2026-03-10 10:35:22,871 - root - ERROR - Chunk 157: No Data! Returning LmfitResult with None.
2026-03-10 10:35:22,872 - root - ERROR - Chunk 158: No Data! Returning LmfitResult with None.
2026-03-10 10:35:22,875 - root - ERROR - Chunk 159: No Data! Returning LmfitResult with None.
2026-03-10 10:35:22,876 - root - ERROR - Chunk 160: No Data! Returning LmfitResult with None.
2026-03-10 10:35:22,877 - root - ERROR - Chunk 161: No Data! Returning LmfitResult with None.
2026-03-10 10:35:22,878 - root - ERROR - Chunk 162: No Data! Returning LmfitResult with None.
2026-03-10 10:35:22,892 - root - ERROR - Chunk 163: No Data! Returning LmfitResult with None.
2026-03-10 10:35:22,979 - root - ERROR - Chunk 164: No Data! Returning LmfitResult with None.
2026-03-10 10:35:22,980 - root - ERROR - Chunk 165: No Data! Returning LmfitResult with None.
2026-03-10 10:35:22,981 - root - ERROR - Chunk 166: No Data! Returning LmfitResult with None.
2026-03-10 10:35:22,982 - root - ERROR - Chunk 167: No Data! Returning LmfitResult with None.
2026-03-10 10:35:22,983 - root - ERROR - Chunk 168: No Data! Returning LmfitResult with None.
2026-03-10 10:35:22,984 - root - ERROR - Chunk 169: No Data! Returning LmfitResult with None.
2026-03-10 10:35:22,985 - root - ERROR - Chunk 170: No Data! Returning LmfitResult with None.
2026-03-10 10:35:22,986 - root - ERROR - Chunk 171: No Data! Returning LmfitResult with None.
2026-03-10 10:35:22,986 - root - ERROR - Chunk 172: No Data! Returning LmfitResult with None.
2026-03-10 10:35:22,987 - root - ERROR - Chunk 173: No Data! Returning LmfitResult with None.
2026-03-10 10:35:22,988 - root - ERROR - Chunk 174: No Data! Returning LmfitResult with None.
2026-03-10 10:35:22,989 - root - ERROR - Chunk 175: No Data! Returning LmfitResult with None.
2026-03-10 10:35:22,990 - root - ERROR - Chunk 176: No Data! Returning LmfitResult with None.
2026-03-10 10:35:22,991 - root - ERROR - Chunk 177: No Data! Returning LmfitResult with None.
2026-03-10 10:35:22,992 - root - ERROR - Chunk 178: No Data! Returning LmfitResult with None.
2026-03-10 10:35:22,993 - root - ERROR - Chunk 179: No Data! Returning LmfitResult with None.
2026-03-10 10:35:22,994 - root - ERROR - Chunk 180: No Data! Returning LmfitResult with None.
2026-03-10 10:35:22,995 - root - ERROR - Chunk 181: No Data! Returning LmfitResult with None.
2026-03-10 10:35:22,996 - root - ERROR - Chunk 182: No Data! Returning LmfitResult with None.
2026-03-10 10:35:22,996 - root - ERROR - Chunk 183: No Data! Returning LmfitResult with None.
2026-03-10 10:35:22,997 - root - ERROR - Chunk 184: No Data! Returning LmfitResult with None.
2026-03-10 10:35:22,998 - root - ERROR - Chunk 185: No Data! Returning LmfitResult with None.
2026-03-10 10:35:22,999 - root - ERROR - Chunk 186: No Data! Returning LmfitResult with None.
2026-03-10 10:35:23,000 - root - ERROR - Chunk 187: No Data! Returning LmfitResult with None.
2026-03-10 10:35:23,001 - root - ERROR - Chunk 188: No Data! Returning LmfitResult with None.
2026-03-10 10:35:23,002 - root - ERROR - Chunk 189: No Data! Returning LmfitResult with None.
2026-03-10 10:35:23,003 - root - ERROR - Chunk 190: No Data! Returning LmfitResult with None.
2026-03-10 10:35:23,004 - root - ERROR - Chunk 191: No Data! Returning LmfitResult with None.
2026-03-10 10:35:23,004 - root - ERROR - Chunk 192: No Data! Returning LmfitResult with None.
2026-03-10 10:35:23,015 - root - ERROR - Chunk 193: No Data! Returning LmfitResult with None.
2026-03-10 10:35:23,042 - root - ERROR - Chunk 194: No Data! Returning LmfitResult with None.
2026-03-10 10:35:23,050 - root - ERROR - Chunk 195: No Data! Returning LmfitResult with None.
2026-03-10 10:35:23,059 - root - ERROR - Chunk 196: No Data! Returning LmfitResult with None.
2026-03-10 10:35:23,094 - root - ERROR - Chunk 197: No Data! Returning LmfitResult with None.
2026-03-10 10:35:23,095 - root - ERROR - Chunk 198: No Data! Returning LmfitResult with None.
2026-03-10 10:35:23,096 - root - ERROR - Chunk 199: No Data! Returning LmfitResult with None.
2026-03-10 10:35:23,097 - root - ERROR - Chunk 200: No Data! Returning LmfitResult with None.
2026-03-10 10:35:23,098 - root - ERROR - Chunk 201: No Data! Returning LmfitResult with None.
2026-03-10 10:35:23,099 - root - ERROR - Chunk 202: No Data! Returning LmfitResult with None.
2026-03-10 10:35:23,100 - root - ERROR - Chunk 203: No Data! Returning LmfitResult with None.
2026-03-10 10:35:23,101 - root - ERROR - Chunk 204: No Data! Returning LmfitResult with None.
2026-03-10 10:35:23,102 - root - ERROR - Chunk 205: No Data! Returning LmfitResult with None.
2026-03-10 10:35:23,102 - root - ERROR - Chunk 206: No Data! Returning LmfitResult with None.
2026-03-10 10:35:23,103 - root - ERROR - Chunk 207: No Data! Returning LmfitResult with None.
2026-03-10 10:35:23,104 - root - ERROR - Chunk 208: No Data! Returning LmfitResult with None.
2026-03-10 10:35:23,105 - root - ERROR - Chunk 209: No Data! Returning LmfitResult with None.
2026-03-10 10:35:23,106 - root - ERROR - Chunk 210: No Data! Returning LmfitResult with None.
2026-03-10 10:35:23,107 - root - ERROR - Chunk 211: No Data! Returning LmfitResult with None.
2026-03-10 10:35:23,118 - root - ERROR - Chunk 212: No Data! Returning LmfitResult with None.
2026-03-10 10:35:23,120 - root - ERROR - Chunk 213: No Data! Returning LmfitResult with None.
2026-03-10 10:35:23,123 - root - ERROR - Chunk 214: No Data! Returning LmfitResult with None.
2026-03-10 10:35:23,124 - root - ERROR - Chunk 215: No Data! Returning LmfitResult with None.
2026-03-10 10:35:23,125 - root - ERROR - Chunk 216: No Data! Returning LmfitResult with None.
2026-03-10 10:35:23,126 - root - ERROR - Chunk 217: No Data! Returning LmfitResult with None.
2026-03-10 10:35:23,127 - root - ERROR - Chunk 218: No Data! Returning LmfitResult with None.
2026-03-10 10:35:23,128 - root - ERROR - Chunk 219: No Data! Returning LmfitResult with None.
2026-03-10 10:35:23,129 - root - ERROR - Chunk 220: No Data! Returning LmfitResult with None.
2026-03-10 10:35:23,130 - root - ERROR - Chunk 221: No Data! Returning LmfitResult with None.
2026-03-10 10:35:23,131 - root - ERROR - Chunk 222: No Data! Returning LmfitResult with None.
2026-03-10 10:35:23,132 - root - ERROR - Chunk 223: No Data! Returning LmfitResult with None.
2026-03-10 10:35:23,134 - root - ERROR - Chunk 224: No Data! Returning LmfitResult with None.
2026-03-10 10:35:23,135 - root - ERROR - Chunk 225: No Data! Returning LmfitResult with None.
2026-03-10 10:35:23,136 - root - ERROR - Chunk 226: No Data! Returning LmfitResult with None.
2026-03-10 10:35:23,138 - root - ERROR - Chunk 227: No Data! Returning LmfitResult with None.
2026-03-10 10:35:23,139 - root - ERROR - Chunk 228: No Data! Returning LmfitResult with None.
2026-03-10 10:35:23,140 - root - ERROR - Chunk 229: No Data! Returning LmfitResult with None.
2026-03-10 10:35:23,141 - root - ERROR - Chunk 230: No Data! Returning LmfitResult with None.
2026-03-10 10:35:23,141 - root - ERROR - Chunk 231: No Data! Returning LmfitResult with None.
2026-03-10 10:35:23,142 - root - ERROR - Chunk 232: No Data! Returning LmfitResult with None.
2026-03-10 10:35:23,143 - root - ERROR - Chunk 233: No Data! Returning LmfitResult with None.
2026-03-10 10:35:23,144 - root - ERROR - Chunk 234: No Data! Returning LmfitResult with None.
2026-03-10 10:35:23,145 - root - ERROR - Chunk 235: No Data! Returning LmfitResult with None.
2026-03-10 10:35:23,146 - root - ERROR - Chunk 236: No Data! Returning LmfitResult with None.
2026-03-10 10:35:23,147 - root - ERROR - Chunk 237: No Data! Returning LmfitResult with None.
2026-03-10 10:35:23,148 - root - ERROR - Chunk 238: No Data! Returning LmfitResult with None.
2026-03-10 10:35:23,150 - root - ERROR - Chunk 239: No Data! Returning LmfitResult with None.
2026-03-10 10:35:23,151 - root - ERROR - Chunk 240: No Data! Returning LmfitResult with None.
2026-03-10 10:35:23,152 - root - ERROR - Chunk 241: No Data! Returning LmfitResult with None.
2026-03-10 10:35:23,153 - root - ERROR - Chunk 242: No Data! Returning LmfitResult with None.
2026-03-10 10:35:23,154 - root - ERROR - Chunk 243: No Data! Returning LmfitResult with None.
2026-03-10 10:35:23,155 - root - ERROR - Chunk 244: No Data! Returning LmfitResult with None.
2026-03-10 10:35:23,156 - root - ERROR - Chunk 245: No Data! Returning LmfitResult with None.
2026-03-10 10:35:23,157 - root - ERROR - Chunk 246: No Data! Returning LmfitResult with None.
2026-03-10 10:35:23,158 - root - ERROR - Chunk 247: No Data! Returning LmfitResult with None.
2026-03-10 10:35:23,159 - root - ERROR - Chunk 248: No Data! Returning LmfitResult with None.
2026-03-10 10:35:23,160 - root - ERROR - Chunk 249: No Data! Returning LmfitResult with None.
2026-03-10 10:35:23,161 - root - ERROR - Chunk 250: No Data! Returning LmfitResult with None.
2026-03-10 10:35:23,162 - root - ERROR - Chunk 251: No Data! Returning LmfitResult with None.
2026-03-10 10:35:23,163 - root - ERROR - Chunk 252: No Data! Returning LmfitResult with None.
2026-03-10 10:35:23,164 - root - ERROR - Chunk 253: No Data! Returning LmfitResult with None.
2026-03-10 10:35:23,169 - root - ERROR - Chunk 254: No Data! Returning LmfitResult with None.
2026-03-10 10:35:23,185 - root - ERROR - Chunk 255: No Data! Returning LmfitResult with None.
2026-03-10 10:35:23,189 - root - ERROR - Chunk 256: No Data! Returning LmfitResult with None.
2026-03-10 10:35:23,190 - root - ERROR - Chunk 257: No Data! Returning LmfitResult with None.
2026-03-10 10:35:23,191 - root - ERROR - Chunk 258: No Data! Returning LmfitResult with None.
2026-03-10 10:35:23,193 - root - ERROR - Chunk 259: No Data! Returning LmfitResult with None.
2026-03-10 10:35:23,194 - root - ERROR - Chunk 260: No Data! Returning LmfitResult with None.
2026-03-10 10:35:23,194 - root - ERROR - Chunk 261: No Data! Returning LmfitResult with None.
2026-03-10 10:35:23,195 - root - ERROR - Chunk 262: No Data! Returning LmfitResult with None.
2026-03-10 10:35:23,196 - root - ERROR - Chunk 263: No Data! Returning LmfitResult with None.
2026-03-10 10:35:23,197 - root - ERROR - Chunk 264: No Data! Returning LmfitResult with None.
2026-03-10 10:35:23,198 - root - ERROR - Chunk 265: No Data! Returning LmfitResult with None.
2026-03-10 10:35:23,199 - root - ERROR - Chunk 266: No Data! Returning LmfitResult with None.
2026-03-10 10:35:23,200 - root - ERROR - Chunk 267: No Data! Returning LmfitResult with None.
2026-03-10 10:35:23,201 - root - ERROR - Chunk 268: No Data! Returning LmfitResult with None.
2026-03-10 10:35:23,202 - root - ERROR - Chunk 269: No Data! Returning LmfitResult with None.
2026-03-10 10:35:23,205 - root - ERROR - Chunk 270: No Data! Returning LmfitResult with None.
2026-03-10 10:35:23,206 - root - ERROR - Chunk 271: No Data! Returning LmfitResult with None.
2026-03-10 10:35:23,207 - root - ERROR - Chunk 272: No Data! Returning LmfitResult with None.
2026-03-10 10:35:23,208 - root - ERROR - Chunk 273: No Data! Returning LmfitResult with None.
2026-03-10 10:35:23,209 - root - ERROR - Chunk 274: No Data! Returning LmfitResult with None.
2026-03-10 10:35:23,210 - root - ERROR - Chunk 275: No Data! Returning LmfitResult with None.
2026-03-10 10:35:23,210 - root - ERROR - Chunk 276: No Data! Returning LmfitResult with None.
2026-03-10 10:35:23,211 - root - ERROR - Chunk 277: No Data! Returning LmfitResult with None.
2026-03-10 10:35:23,212 - root - ERROR - Chunk 278: No Data! Returning LmfitResult with None.
2026-03-10 10:35:23,213 - root - ERROR - Chunk 279: No Data! Returning LmfitResult with None.
2026-03-10 10:35:23,214 - root - ERROR - Chunk 280: No Data! Returning LmfitResult with None.
2026-03-10 10:35:50,502 - root - ERROR - Polynomial fitting failed. Falling back to input values
Traceback (most recent call last):
  File "/Users/jaklusmeyer/SONG/pyodine/pyodine/lib/misc.py", line 529, in fit_polynomial
    pfit, stats = np.polynomial.Polynomial.fit(
  File "/Users/jaklusmeyer/miniconda/envs/pyodine_env/lib/python3.9/site-packages/numpy/polynomial/_polybase.py", line 1036, in fit
    xnew = pu.mapdomain(x, domain, window)
  File "/Users/jaklusmeyer/miniconda/envs/pyodine_env/lib/python3.9/site-packages/numpy/polynomial/polyutils.py", line 371, in mapdomain
    off, scl = mapparms(old, new)
  File "/Users/jaklusmeyer/miniconda/envs/pyodine_env/lib/python3.9/site-packages/numpy/polynomial/polyutils.py", line 303, in mapparms
    off = (old[1]*new[0] - old[0]*new[1])/oldlen
ZeroDivisionError: division by zero
2026-03-10 10:35:50,505 - root - ERROR - Polynomial fitting failed. Falling back to input values
Traceback (most recent call last):
  File "/Users/jaklusmeyer/SONG/pyodine/pyodine/lib/misc.py", line 529, in fit_polynomial
    pfit, stats = np.polynomial.Polynomial.fit(
  File "/Users/jaklusmeyer/miniconda/envs/pyodine_env/lib/python3.9/site-packages/numpy/polynomial/_polybase.py", line 1036, in fit
    xnew = pu.mapdomain(x, domain, window)
  File "/Users/jaklusmeyer/miniconda/envs/pyodine_env/lib/python3.9/site-packages/numpy/polynomial/polyutils.py", line 371, in mapdomain
    off, scl = mapparms(old, new)
  File "/Users/jaklusmeyer/miniconda/envs/pyodine_env/lib/python3.9/site-packages/numpy/polynomial/polyutils.py", line 303, in mapparms
    off = (old[1]*new[0] - old[0]*new[1])/oldlen
ZeroDivisionError: division by zero
2026-03-10 10:35:50,516 - root - ERROR - Polynomial fitting failed. Falling back to input values
Traceback (most recent call last):
  File "/Users/jaklusmeyer/SONG/pyodine/pyodine/lib/misc.py", line 529, in fit_polynomial
    pfit, stats = np.polynomial.Polynomial.fit(
  File "/Users/jaklusmeyer/miniconda/envs/pyodine_env/lib/python3.9/site-packages/numpy/polynomial/_polybase.py", line 1036, in fit
    xnew = pu.mapdomain(x, domain, window)
  File "/Users/jaklusmeyer/miniconda/envs/pyodine_env/lib/python3.9/site-packages/numpy/polynomial/polyutils.py", line 371, in mapdomain
    off, scl = mapparms(old, new)
  File "/Users/jaklusmeyer/miniconda/envs/pyodine_env/lib/python3.9/site-packages/numpy/polynomial/polyutils.py", line 303, in mapparms
    off = (old[1]*new[0] - old[0]*new[1])/oldlen
ZeroDivisionError: division by zero
2026-03-10 10:35:50,522 - root - ERROR - Polynomial fitting failed. Falling back to input values
Traceback (most recent call last):
  File "/Users/jaklusmeyer/SONG/pyodine/pyodine/lib/misc.py", line 529, in fit_polynomial
    pfit, stats = np.polynomial.Polynomial.fit(
  File "/Users/jaklusmeyer/miniconda/envs/pyodine_env/lib/python3.9/site-packages/numpy/polynomial/_polybase.py", line 1036, in fit
    xnew = pu.mapdomain(x, domain, window)
  File "/Users/jaklusmeyer/miniconda/envs/pyodine_env/lib/python3.9/site-packages/numpy/polynomial/polyutils.py", line 371, in mapdomain
    off, scl = mapparms(old, new)
  File "/Users/jaklusmeyer/miniconda/envs/pyodine_env/lib/python3.9/site-packages/numpy/polynomial/polyutils.py", line 303, in mapparms
    off = (old[1]*new[0] - old[0]*new[1])/oldlen
ZeroDivisionError: division by zero
2026-03-10 10:35:50,537 - root - ERROR - Polynomial fitting failed. Falling back to input values
Traceback (most recent call last):
  File "/Users/jaklusmeyer/SONG/pyodine/pyodine/lib/misc.py", line 529, in fit_polynomial
    pfit, stats = np.polynomial.Polynomial.fit(
  File "/Users/jaklusmeyer/miniconda/envs/pyodine_env/lib/python3.9/site-packages/numpy/polynomial/_polybase.py", line 1036, in fit
    xnew = pu.mapdomain(x, domain, window)
  File "/Users/jaklusmeyer/miniconda/envs/pyodine_env/lib/python3.9/site-packages/numpy/polynomial/polyutils.py", line 371, in mapdomain
    off, scl = mapparms(old, new)
  File "/Users/jaklusmeyer/miniconda/envs/pyodine_env/lib/python3.9/site-packages/numpy/polynomial/polyutils.py", line 303, in mapparms
    off = (old[1]*new[0] - old[0]*new[1])/oldlen
ZeroDivisionError: division by zero
2026-03-10 10:35:50,550 - root - ERROR - Polynomial fitting failed. Falling back to input values
Traceback (most recent call last):
  File "/Users/jaklusmeyer/SONG/pyodine/pyodine/lib/misc.py", line 529, in fit_polynomial
    pfit, stats = np.polynomial.Polynomial.fit(
  File "/Users/jaklusmeyer/miniconda/envs/pyodine_env/lib/python3.9/site-packages/numpy/polynomial/_polybase.py", line 1036, in fit
    xnew = pu.mapdomain(x, domain, window)
  File "/Users/jaklusmeyer/miniconda/envs/pyodine_env/lib/python3.9/site-packages/numpy/polynomial/polyutils.py", line 371, in mapdomain
    off, scl = mapparms(old, new)
  File "/Users/jaklusmeyer/miniconda/envs/pyodine_env/lib/python3.9/site-packages/numpy/polynomial/polyutils.py", line 303, in mapparms
    off = (old[1]*new[0] - old[0]*new[1])/oldlen
ZeroDivisionError: division by zero
2026-03-10 10:35:50,599 - root - ERROR - Polynomial fitting failed. Falling back to input values
Traceback (most recent call last):
  File "/Users/jaklusmeyer/SONG/pyodine/pyodine/lib/misc.py", line 529, in fit_polynomial
    pfit, stats = np.polynomial.Polynomial.fit(
  File "/Users/jaklusmeyer/miniconda/envs/pyodine_env/lib/python3.9/site-packages/numpy/polynomial/_polybase.py", line 1036, in fit
    xnew = pu.mapdomain(x, domain, window)
  File "/Users/jaklusmeyer/miniconda/envs/pyodine_env/lib/python3.9/site-packages/numpy/polynomial/polyutils.py", line 371, in mapdomain
    off, scl = mapparms(old, new)
  File "/Users/jaklusmeyer/miniconda/envs/pyodine_env/lib/python3.9/site-packages/numpy/polynomial/polyutils.py", line 303, in mapparms
    off = (old[1]*new[0] - old[0]*new[1])/oldlen
ZeroDivisionError: division by zero
2026-03-10 10:35:50,642 - root - ERROR - Polynomial fitting failed. Falling back to input values
Traceback (most recent call last):
  File "/Users/jaklusmeyer/SONG/pyodine/pyodine/lib/misc.py", line 529, in fit_polynomial
    pfit, stats = np.polynomial.Polynomial.fit(
  File "/Users/jaklusmeyer/miniconda/envs/pyodine_env/lib/python3.9/site-packages/numpy/polynomial/_polybase.py", line 1036, in fit
    xnew = pu.mapdomain(x, domain, window)
  File "/Users/jaklusmeyer/miniconda/envs/pyodine_env/lib/python3.9/site-packages/numpy/polynomial/polyutils.py", line 371, in mapdomain
    off, scl = mapparms(old, new)
  File "/Users/jaklusmeyer/miniconda/envs/pyodine_env/lib/python3.9/site-packages/numpy/polynomial/polyutils.py", line 303, in mapparms
    off = (old[1]*new[0] - old[0]*new[1])/oldlen
ZeroDivisionError: division by zero
2026-03-10 10:35:50,646 - root - ERROR - Polynomial fitting failed. Falling back to input values
Traceback (most recent call last):
  File "/Users/jaklusmeyer/SONG/pyodine/pyodine/lib/misc.py", line 529, in fit_polynomial
    pfit, stats = np.polynomial.Polynomial.fit(
  File "/Users/jaklusmeyer/miniconda/envs/pyodine_env/lib/python3.9/site-packages/numpy/polynomial/_polybase.py", line 1036, in fit
    xnew = pu.mapdomain(x, domain, window)
  File "/Users/jaklusmeyer/miniconda/envs/pyodine_env/lib/python3.9/site-packages/numpy/polynomial/polyutils.py", line 371, in mapdomain
    off, scl = mapparms(old, new)
  File "/Users/jaklusmeyer/miniconda/envs/pyodine_env/lib/python3.9/site-packages/numpy/polynomial/polyutils.py", line 303, in mapparms
    off = (old[1]*new[0] - old[0]*new[1])/oldlen
ZeroDivisionError: division by zero
2026-03-10 10:35:50,649 - root - ERROR - Polynomial fitting failed. Falling back to input values
Traceback (most recent call last):
  File "/Users/jaklusmeyer/SONG/pyodine/pyodine/lib/misc.py", line 529, in fit_polynomial
    pfit, stats = np.polynomial.Polynomial.fit(
  File "/Users/jaklusmeyer/miniconda/envs/pyodine_env/lib/python3.9/site-packages/numpy/polynomial/_polybase.py", line 1036, in fit
    xnew = pu.mapdomain(x, domain, window)
  File "/Users/jaklusmeyer/miniconda/envs/pyodine_env/lib/python3.9/site-packages/numpy/polynomial/polyutils.py", line 371, in mapdomain
    off, scl = mapparms(old, new)
  File "/Users/jaklusmeyer/miniconda/envs/pyodine_env/lib/python3.9/site-packages/numpy/polynomial/polyutils.py", line 303, in mapparms
    off = (old[1]*new[0] - old[0]*new[1])/oldlen
ZeroDivisionError: division by zero
2026-03-10 10:35:50,653 - root - ERROR - Polynomial fitting failed. Falling back to input values
Traceback (most recent call last):
  File "/Users/jaklusmeyer/SONG/pyodine/pyodine/lib/misc.py", line 529, in fit_polynomial
    pfit, stats = np.polynomial.Polynomial.fit(
  File "/Users/jaklusmeyer/miniconda/envs/pyodine_env/lib/python3.9/site-packages/numpy/polynomial/_polybase.py", line 1036, in fit
    xnew = pu.mapdomain(x, domain, window)
  File "/Users/jaklusmeyer/miniconda/envs/pyodine_env/lib/python3.9/site-packages/numpy/polynomial/polyutils.py", line 371, in mapdomain
    off, scl = mapparms(old, new)
  File "/Users/jaklusmeyer/miniconda/envs/pyodine_env/lib/python3.9/site-packages/numpy/polynomial/polyutils.py", line 303, in mapparms
    off = (old[1]*new[0] - old[0]*new[1])/oldlen
ZeroDivisionError: division by zero
2026-03-10 10:35:50,666 - root - ERROR - Polynomial fitting failed. Falling back to input values
Traceback (most recent call last):
  File "/Users/jaklusmeyer/SONG/pyodine/pyodine/lib/misc.py", line 529, in fit_polynomial
    pfit, stats = np.polynomial.Polynomial.fit(
  File "/Users/jaklusmeyer/miniconda/envs/pyodine_env/lib/python3.9/site-packages/numpy/polynomial/_polybase.py", line 1036, in fit
    xnew = pu.mapdomain(x, domain, window)
  File "/Users/jaklusmeyer/miniconda/envs/pyodine_env/lib/python3.9/site-packages/numpy/polynomial/polyutils.py", line 371, in mapdomain
    off, scl = mapparms(old, new)
  File "/Users/jaklusmeyer/miniconda/envs/pyodine_env/lib/python3.9/site-packages/numpy/polynomial/polyutils.py", line 303, in mapparms
    off = (old[1]*new[0] - old[0]*new[1])/oldlen
ZeroDivisionError: division by zero
2026-03-10 10:35:50,715 - root - ERROR - Polynomial fitting failed. Falling back to input values
Traceback (most recent call last):
  File "/Users/jaklusmeyer/SONG/pyodine/pyodine/lib/misc.py", line 529, in fit_polynomial
    pfit, stats = np.polynomial.Polynomial.fit(
  File "/Users/jaklusmeyer/miniconda/envs/pyodine_env/lib/python3.9/site-packages/numpy/polynomial/_polybase.py", line 1036, in fit
    xnew = pu.mapdomain(x, domain, window)
  File "/Users/jaklusmeyer/miniconda/envs/pyodine_env/lib/python3.9/site-packages/numpy/polynomial/polyutils.py", line 371, in mapdomain
    off, scl = mapparms(old, new)
  File "/Users/jaklusmeyer/miniconda/envs/pyodine_env/lib/python3.9/site-packages/numpy/polynomial/polyutils.py", line 303, in mapparms
    off = (old[1]*new[0] - old[0]*new[1])/oldlen
ZeroDivisionError: division by zero
2026-03-10 10:35:50,725 - root - ERROR - Polynomial fitting failed. Falling back to input values
Traceback (most recent call last):
  File "/Users/jaklusmeyer/SONG/pyodine/pyodine/lib/misc.py", line 529, in fit_polynomial
    pfit, stats = np.polynomial.Polynomial.fit(
  File "/Users/jaklusmeyer/miniconda/envs/pyodine_env/lib/python3.9/site-packages/numpy/polynomial/_polybase.py", line 1036, in fit
    xnew = pu.mapdomain(x, domain, window)
  File "/Users/jaklusmeyer/miniconda/envs/pyodine_env/lib/python3.9/site-packages/numpy/polynomial/polyutils.py", line 371, in mapdomain
    off, scl = mapparms(old, new)
  File "/Users/jaklusmeyer/miniconda/envs/pyodine_env/lib/python3.9/site-packages/numpy/polynomial/polyutils.py", line 303, in mapparms
    off = (old[1]*new[0] - old[0]*new[1])/oldlen
ZeroDivisionError: division by zero
2026-03-10 10:35:53,731 - root - ERROR - NaN value detected in iodine function.
2026-03-10 10:35:53,732 - root - ERROR - Chunk could not be plotted
Traceback (most recent call last):
  File "/Users/jaklusmeyer/SONG/pyodine/pyodine/plot_lib.py", line 62, in plot_chunkmodel
    sp = fit_results[chunk_nr].fitted_spectrum
  File "/Users/jaklusmeyer/SONG/pyodine/pyodine/fitters/base.py", line 45, in fitted_spectrum
    return self.model.eval_spectrum(self.chunk, self.params, chunk_ind=self.chunk_ind)
  File "/Users/jaklusmeyer/SONG/pyodine/pyodine/models/base.py", line 79, in eval_spectrum
    flux = self.eval(chunk, params, chunk_ind=chunk_ind, **kwargs)
  File "/Users/jaklusmeyer/SONG/pyodine/pyodine/models/spectrum.py", line 138, in eval
    tck = splrep(tem.wave * doppler, flux_tem, s=0)
  File "/Users/jaklusmeyer/miniconda/envs/pyodine_env/lib/python3.9/site-packages/scipy/interpolate/_fitpack_py.py", line 295, in splrep
    res = _impl.splrep(x, y, w, xb, xe, k, task, s, t, full_output, per, quiet)
  File "/Users/jaklusmeyer/miniconda/envs/pyodine_env/lib/python3.9/site-packages/scipy/interpolate/_fitpack_impl.py", line 276, in splrep
    n, c, fp, ier = dfitpack.curfit(task, x, y, w, t, wrk, iwrk,
dfitpack.error: (xb<=x[0]) failed for 1st keyword xb: curfit:xb=nan
2026-03-10 10:35:54,041 - root - ERROR - NaN value detected in iodine function.
2026-03-10 10:35:54,044 - root - ERROR - Chunk could not be plotted
Traceback (most recent call last):
  File "/Users/jaklusmeyer/SONG/pyodine/pyodine/plot_lib.py", line 62, in plot_chunkmodel
    sp = fit_results[chunk_nr].fitted_spectrum
  File "/Users/jaklusmeyer/SONG/pyodine/pyodine/fitters/base.py", line 45, in fitted_spectrum
    return self.model.eval_spectrum(self.chunk, self.params, chunk_ind=self.chunk_ind)
  File "/Users/jaklusmeyer/SONG/pyodine/pyodine/models/base.py", line 79, in eval_spectrum
    flux = self.eval(chunk, params, chunk_ind=chunk_ind, **kwargs)
  File "/Users/jaklusmeyer/SONG/pyodine/pyodine/models/spectrum.py", line 138, in eval
    tck = splrep(tem.wave * doppler, flux_tem, s=0)
  File "/Users/jaklusmeyer/miniconda/envs/pyodine_env/lib/python3.9/site-packages/scipy/interpolate/_fitpack_py.py", line 295, in splrep
    res = _impl.splrep(x, y, w, xb, xe, k, task, s, t, full_output, per, quiet)
  File "/Users/jaklusmeyer/miniconda/envs/pyodine_env/lib/python3.9/site-packages/scipy/interpolate/_fitpack_impl.py", line 276, in splrep
    n, c, fp, ier = dfitpack.curfit(task, x, y, w, t, wrk, iwrk,
dfitpack.error: (xb<=x[0]) failed for 1st keyword xb: curfit:xb=nan
2026-03-10 10:35:57,412 - root - ERROR - Chunk 0: No Data! Returning LmfitResult with None.
2026-03-10 10:35:57,413 - root - ERROR - Chunk 1: No Data! Returning LmfitResult with None.
2026-03-10 10:35:57,415 - root - ERROR - Chunk 2: No Data! Returning LmfitResult with None.
2026-03-10 10:35:57,416 - root - ERROR - Chunk 3: No Data! Returning LmfitResult with None.
2026-03-10 10:35:57,417 - root - ERROR - Chunk 4: No Data! Returning LmfitResult with None.
2026-03-10 10:35:57,418 - root - ERROR - Chunk 5: No Data! Returning LmfitResult with None.
2026-03-10 10:35:57,419 - root - ERROR - Chunk 6: No Data! Returning LmfitResult with None.
2026-03-10 10:35:57,420 - root - ERROR - Chunk 7: No Data! Returning LmfitResult with None.
2026-03-10 10:35:57,421 - root - ERROR - Chunk 8: No Data! Returning LmfitResult with None.
2026-03-10 10:35:57,421 - root - ERROR - Chunk 9: No Data! Returning LmfitResult with None.
2026-03-10 10:35:57,422 - root - ERROR - Chunk 10: No Data! Returning LmfitResult with None.
2026-03-10 10:35:57,423 - root - ERROR - Chunk 11: No Data! Returning LmfitResult with None.
2026-03-10 10:35:57,424 - root - ERROR - Chunk 12: No Data! Returning LmfitResult with None.
2026-03-10 10:35:57,425 - root - ERROR - Chunk 13: No Data! Returning LmfitResult with None.
2026-03-10 10:35:57,426 - root - ERROR - Chunk 14: No Data! Returning LmfitResult with None.
2026-03-10 10:35:57,427 - root - ERROR - Chunk 15: No Data! Returning LmfitResult with None.
2026-03-10 10:35:57,428 - root - ERROR - Chunk 16: No Data! Returning LmfitResult with None.
2026-03-10 10:35:57,429 - root - ERROR - Chunk 17: No Data! Returning LmfitResult with None.
2026-03-10 10:35:57,430 - root - ERROR - Chunk 18: No Data! Returning LmfitResult with None.
2026-03-10 10:35:57,431 - root - ERROR - Chunk 19: No Data! Returning LmfitResult with None.
2026-03-10 10:35:57,432 - root - ERROR - Chunk 20: No Data! Returning LmfitResult with None.
2026-03-10 10:35:57,433 - root - ERROR - Chunk 21: No Data! Returning LmfitResult with None.
2026-03-10 10:35:57,434 - root - ERROR - Chunk 22: No Data! Returning LmfitResult with None.
2026-03-10 10:35:57,435 - root - ERROR - Chunk 23: No Data! Returning LmfitResult with None.
2026-03-10 10:35:57,436 - root - ERROR - Chunk 24: No Data! Returning LmfitResult with None.
2026-03-10 10:35:57,437 - root - ERROR - Chunk 25: No Data! Returning LmfitResult with None.
2026-03-10 10:35:57,438 - root - ERROR - Chunk 26: No Data! Returning LmfitResult with None.
2026-03-10 10:35:57,438 - root - ERROR - Chunk 27: No Data! Returning LmfitResult with None.
2026-03-10 10:35:57,439 - root - ERROR - Chunk 28: No Data! Returning LmfitResult with None.
2026-03-10 10:35:57,440 - root - ERROR - Chunk 29: No Data! Returning LmfitResult with None.
2026-03-10 10:35:57,441 - root - ERROR - Chunk 30: No Data! Returning LmfitResult with None.
2026-03-10 10:35:57,442 - root - ERROR - Chunk 31: No Data! Returning LmfitResult with None.
2026-03-10 10:35:57,443 - root - ERROR - Chunk 32: No Data! Returning LmfitResult with None.
2026-03-10 10:35:57,444 - root - ERROR - Chunk 33: No Data! Returning LmfitResult with None.
2026-03-10 10:35:57,445 - root - ERROR - Chunk 34: No Data! Returning LmfitResult with None.
2026-03-10 10:35:57,446 - root - ERROR - Chunk 35: No Data! Returning LmfitResult with None.
2026-03-10 10:35:57,447 - root - ERROR - Chunk 36: No Data! Returning LmfitResult with None.
2026-03-10 10:35:57,448 - root - ERROR - Chunk 37: No Data! Returning LmfitResult with None.
2026-03-10 10:35:57,449 - root - ERROR - Chunk 38: No Data! Returning LmfitResult with None.
2026-03-10 10:35:57,450 - root - ERROR - Chunk 39: No Data! Returning LmfitResult with None.
2026-03-10 10:35:57,451 - root - ERROR - Chunk 40: No Data! Returning LmfitResult with None.
2026-03-10 10:35:57,452 - root - ERROR - Chunk 41: No Data! Returning LmfitResult with None.
2026-03-10 10:35:57,453 - root - ERROR - Chunk 42: No Data! Returning LmfitResult with None.
2026-03-10 10:35:57,454 - root - ERROR - Chunk 43: No Data! Returning LmfitResult with None.
2026-03-10 10:35:57,455 - root - ERROR - Chunk 44: No Data! Returning LmfitResult with None.
2026-03-10 10:35:57,456 - root - ERROR - Chunk 45: No Data! Returning LmfitResult with None.
2026-03-10 10:35:57,457 - root - ERROR - Chunk 46: No Data! Returning LmfitResult with None.
2026-03-10 10:35:57,458 - root - ERROR - Chunk 47: No Data! Returning LmfitResult with None.
2026-03-10 10:35:57,459 - root - ERROR - Chunk 48: No Data! Returning LmfitResult with None.
2026-03-10 10:35:57,460 - root - ERROR - Chunk 49: No Data! Returning LmfitResult with None.
2026-03-10 10:35:57,461 - root - ERROR - Chunk 50: No Data! Returning LmfitResult with None.
2026-03-10 10:35:57,461 - root - ERROR - Chunk 51: No Data! Returning LmfitResult with None.
2026-03-10 10:35:57,462 - root - ERROR - Chunk 52: No Data! Returning LmfitResult with None.
2026-03-10 10:35:57,463 - root - ERROR - Chunk 53: No Data! Returning LmfitResult with None.
2026-03-10 10:35:57,464 - root - ERROR - Chunk 54: No Data! Returning LmfitResult with None.
2026-03-10 10:35:57,465 - root - ERROR - Chunk 55: No Data! Returning LmfitResult with None.
2026-03-10 10:35:57,466 - root - ERROR - Chunk 56: No Data! Returning LmfitResult with None.
2026-03-10 10:35:57,467 - root - ERROR - Chunk 57: No Data! Returning LmfitResult with None.
2026-03-10 10:35:57,468 - root - ERROR - Chunk 58: No Data! Returning LmfitResult with None.
2026-03-10 10:35:57,469 - root - ERROR - Chunk 59: No Data! Returning LmfitResult with None.
2026-03-10 10:35:57,470 - root - ERROR - Chunk 60: No Data! Returning LmfitResult with None.
2026-03-10 10:35:57,471 - root - ERROR - Chunk 61: No Data! Returning LmfitResult with None.
2026-03-10 10:35:57,472 - root - ERROR - Chunk 62: No Data! Returning LmfitResult with None.
2026-03-10 10:35:57,473 - root - ERROR - Chunk 63: No Data! Returning LmfitResult with None.
2026-03-10 10:35:57,476 - root - ERROR - Chunk 64: No Data! Returning LmfitResult with None.
2026-03-10 10:35:57,476 - root - ERROR - Chunk 65: No Data! Returning LmfitResult with None.
2026-03-10 10:35:57,477 - root - ERROR - Chunk 66: No Data! Returning LmfitResult with None.
2026-03-10 10:35:57,478 - root - ERROR - Chunk 67: No Data! Returning LmfitResult with None.
2026-03-10 10:35:57,479 - root - ERROR - Chunk 68: No Data! Returning LmfitResult with None.
2026-03-10 10:35:57,480 - root - ERROR - Chunk 69: No Data! Returning LmfitResult with None.
2026-03-10 10:35:57,481 - root - ERROR - Chunk 70: No Data! Returning LmfitResult with None.
2026-03-10 10:35:57,482 - root - ERROR - Chunk 71: No Data! Returning LmfitResult with None.
2026-03-10 10:35:57,483 - root - ERROR - Chunk 72: No Data! Returning LmfitResult with None.
2026-03-10 10:35:57,484 - root - ERROR - Chunk 73: No Data! Returning LmfitResult with None.
2026-03-10 10:35:57,485 - root - ERROR - Chunk 74: No Data! Returning LmfitResult with None.
2026-03-10 10:35:57,486 - root - ERROR - Chunk 75: No Data! Returning LmfitResult with None.
2026-03-10 10:35:57,487 - root - ERROR - Chunk 76: No Data! Returning LmfitResult with None.
2026-03-10 10:35:57,488 - root - ERROR - Chunk 77: No Data! Returning LmfitResult with None.
2026-03-10 10:35:57,489 - root - ERROR - Chunk 78: No Data! Returning LmfitResult with None.
2026-03-10 10:35:57,490 - root - ERROR - Chunk 79: No Data! Returning LmfitResult with None.
2026-03-10 10:35:57,491 - root - ERROR - Chunk 80: No Data! Returning LmfitResult with None.
2026-03-10 10:35:57,492 - root - ERROR - Chunk 81: No Data! Returning LmfitResult with None.
2026-03-10 10:35:57,493 - root - ERROR - Chunk 82: No Data! Returning LmfitResult with None.
2026-03-10 10:35:57,494 - root - ERROR - Chunk 83: No Data! Returning LmfitResult with None.
2026-03-10 10:35:57,494 - root - ERROR - Chunk 84: No Data! Returning LmfitResult with None.
2026-03-10 10:35:57,495 - root - ERROR - Chunk 85: No Data! Returning LmfitResult with None.
2026-03-10 10:35:57,496 - root - ERROR - Chunk 86: No Data! Returning LmfitResult with None.
2026-03-10 10:35:57,497 - root - ERROR - Chunk 87: No Data! Returning LmfitResult with None.
2026-03-10 10:35:57,498 - root - ERROR - Chunk 88: No Data! Returning LmfitResult with None.
2026-03-10 10:35:57,499 - root - ERROR - Chunk 89: No Data! Returning LmfitResult with None.
2026-03-10 10:35:57,500 - root - ERROR - Chunk 90: No Data! Returning LmfitResult with None.
2026-03-10 10:35:57,501 - root - ERROR - Chunk 91: No Data! Returning LmfitResult with None.
2026-03-10 10:35:57,502 - root - ERROR - Chunk 92: No Data! Returning LmfitResult with None.
2026-03-10 10:35:57,503 - root - ERROR - Chunk 93: No Data! Returning LmfitResult with None.
2026-03-10 10:35:57,504 - root - ERROR - Chunk 94: No Data! Returning LmfitResult with None.
2026-03-10 10:35:57,505 - root - ERROR - Chunk 95: No Data! Returning LmfitResult with None.
2026-03-10 10:35:57,506 - root - ERROR - Chunk 96: No Data! Returning LmfitResult with None.
2026-03-10 10:35:57,507 - root - ERROR - Chunk 97: No Data! Returning LmfitResult with None.
2026-03-10 10:35:57,507 - root - ERROR - Chunk 98: No Data! Returning LmfitResult with None.
2026-03-10 10:35:57,508 - root - ERROR - Chunk 99: No Data! Returning LmfitResult with None.
2026-03-10 10:35:57,509 - root - ERROR - Chunk 100: No Data! Returning LmfitResult with None.
2026-03-10 10:35:57,510 - root - ERROR - Chunk 101: No Data! Returning LmfitResult with None.
2026-03-10 10:35:57,512 - root - ERROR - Chunk 102: No Data! Returning LmfitResult with None.
2026-03-10 10:35:57,513 - root - ERROR - Chunk 103: No Data! Returning LmfitResult with None.
2026-03-10 10:35:57,513 - root - ERROR - Chunk 104: No Data! Returning LmfitResult with None.
2026-03-10 10:35:57,514 - root - ERROR - Chunk 105: No Data! Returning LmfitResult with None.
2026-03-10 10:35:57,515 - root - ERROR - Chunk 106: No Data! Returning LmfitResult with None.
2026-03-10 10:35:57,516 - root - ERROR - Chunk 107: No Data! Returning LmfitResult with None.
2026-03-10 10:35:57,517 - root - ERROR - Chunk 108: No Data! Returning LmfitResult with None.
2026-03-10 10:35:57,518 - root - ERROR - Chunk 109: No Data! Returning LmfitResult with None.
2026-03-10 10:35:57,519 - root - ERROR - Chunk 110: No Data! Returning LmfitResult with None.
2026-03-10 10:35:57,520 - root - ERROR - Chunk 111: No Data! Returning LmfitResult with None.
2026-03-10 10:35:57,521 - root - ERROR - Chunk 112: No Data! Returning LmfitResult with None.
2026-03-10 10:35:57,522 - root - ERROR - Chunk 113: No Data! Returning LmfitResult with None.
2026-03-10 10:35:57,523 - root - ERROR - Chunk 114: No Data! Returning LmfitResult with None.
2026-03-10 10:35:57,524 - root - ERROR - Chunk 115: No Data! Returning LmfitResult with None.
2026-03-10 10:35:57,525 - root - ERROR - Chunk 116: No Data! Returning LmfitResult with None.
2026-03-10 10:35:57,526 - root - ERROR - Chunk 117: No Data! Returning LmfitResult with None.
2026-03-10 10:35:57,527 - root - ERROR - Chunk 118: No Data! Returning LmfitResult with None.
2026-03-10 10:35:57,528 - root - ERROR - Chunk 119: No Data! Returning LmfitResult with None.
2026-03-10 10:35:57,528 - root - ERROR - Chunk 120: No Data! Returning LmfitResult with None.
2026-03-10 10:35:57,529 - root - ERROR - Chunk 121: No Data! Returning LmfitResult with None.
2026-03-10 10:35:57,530 - root - ERROR - Chunk 122: No Data! Returning LmfitResult with None.
2026-03-10 10:35:57,531 - root - ERROR - Chunk 123: No Data! Returning LmfitResult with None.
2026-03-10 10:35:57,532 - root - ERROR - Chunk 124: No Data! Returning LmfitResult with None.
2026-03-10 10:35:57,533 - root - ERROR - Chunk 125: No Data! Returning LmfitResult with None.
2026-03-10 10:35:57,534 - root - ERROR - Chunk 126: No Data! Returning LmfitResult with None.
2026-03-10 10:35:57,537 - root - ERROR - Chunk 127: No Data! Returning LmfitResult with None.
2026-03-10 10:35:57,538 - root - ERROR - Chunk 128: No Data! Returning LmfitResult with None.
2026-03-10 10:35:57,539 - root - ERROR - Chunk 129: No Data! Returning LmfitResult with None.
2026-03-10 10:35:57,540 - root - ERROR - Chunk 130: No Data! Returning LmfitResult with None.
2026-03-10 10:35:57,541 - root - ERROR - Chunk 131: No Data! Returning LmfitResult with None.
2026-03-10 10:35:57,542 - root - ERROR - Chunk 132: No Data! Returning LmfitResult with None.
2026-03-10 10:35:57,543 - root - ERROR - Chunk 133: No Data! Returning LmfitResult with None.
2026-03-10 10:35:57,544 - root - ERROR - Chunk 134: No Data! Returning LmfitResult with None.
2026-03-10 10:35:57,545 - root - ERROR - Chunk 135: No Data! Returning LmfitResult with None.
2026-03-10 10:35:57,546 - root - ERROR - Chunk 136: No Data! Returning LmfitResult with None.
2026-03-10 10:35:57,547 - root - ERROR - Chunk 137: No Data! Returning LmfitResult with None.
2026-03-10 10:35:57,547 - root - ERROR - Chunk 138: No Data! Returning LmfitResult with None.
2026-03-10 10:35:57,548 - root - ERROR - Chunk 139: No Data! Returning LmfitResult with None.
2026-03-10 10:35:57,549 - root - ERROR - Chunk 140: No Data! Returning LmfitResult with None.
2026-03-10 10:35:57,550 - root - ERROR - Chunk 141: No Data! Returning LmfitResult with None.
2026-03-10 10:35:57,551 - root - ERROR - Chunk 142: No Data! Returning LmfitResult with None.
2026-03-10 10:35:57,552 - root - ERROR - Chunk 143: No Data! Returning LmfitResult with None.
2026-03-10 10:35:57,553 - root - ERROR - Chunk 144: No Data! Returning LmfitResult with None.
2026-03-10 10:35:57,554 - root - ERROR - Chunk 145: No Data! Returning LmfitResult with None.
2026-03-10 10:35:57,555 - root - ERROR - Chunk 146: No Data! Returning LmfitResult with None.
2026-03-10 10:35:57,556 - root - ERROR - Chunk 147: No Data! Returning LmfitResult with None.
2026-03-10 10:35:57,557 - root - ERROR - Chunk 148: No Data! Returning LmfitResult with None.
2026-03-10 10:35:57,558 - root - ERROR - Chunk 149: No Data! Returning LmfitResult with None.
2026-03-10 10:35:57,559 - root - ERROR - Chunk 150: No Data! Returning LmfitResult with None.
2026-03-10 10:35:57,560 - root - ERROR - Chunk 151: No Data! Returning LmfitResult with None.
2026-03-10 10:35:57,560 - root - ERROR - Chunk 152: No Data! Returning LmfitResult with None.
2026-03-10 10:35:57,561 - root - ERROR - Chunk 153: No Data! Returning LmfitResult with None.
2026-03-10 10:35:57,562 - root - ERROR - Chunk 154: No Data! Returning LmfitResult with None.
2026-03-10 10:35:57,563 - root - ERROR - Chunk 155: No Data! Returning LmfitResult with None.
2026-03-10 10:35:57,564 - root - ERROR - Chunk 156: No Data! Returning LmfitResult with None.
2026-03-10 10:35:57,565 - root - ERROR - Chunk 157: No Data! Returning LmfitResult with None.
2026-03-10 10:35:57,566 - root - ERROR - Chunk 158: No Data! Returning LmfitResult with None.
2026-03-10 10:35:57,567 - root - ERROR - Chunk 159: No Data! Returning LmfitResult with None.
2026-03-10 10:35:57,568 - root - ERROR - Chunk 160: No Data! Returning LmfitResult with None.
2026-03-10 10:35:57,569 - root - ERROR - Chunk 161: No Data! Returning LmfitResult with None.
2026-03-10 10:35:57,570 - root - ERROR - Chunk 162: No Data! Returning LmfitResult with None.
2026-03-10 10:35:57,571 - root - ERROR - Chunk 163: No Data! Returning LmfitResult with None.
2026-03-10 10:35:57,572 - root - ERROR - Chunk 164: No Data! Returning LmfitResult with None.
2026-03-10 10:35:57,573 - root - ERROR - Chunk 165: No Data! Returning LmfitResult with None.
2026-03-10 10:35:57,573 - root - ERROR - Chunk 166: No Data! Returning LmfitResult with None.
2026-03-10 10:35:57,574 - root - ERROR - Chunk 167: No Data! Returning LmfitResult with None.
2026-03-10 10:35:57,575 - root - ERROR - Chunk 168: No Data! Returning LmfitResult with None.
2026-03-10 10:35:57,576 - root - ERROR - Chunk 169: No Data! Returning LmfitResult with None.
2026-03-10 10:35:57,577 - root - ERROR - Chunk 170: No Data! Returning LmfitResult with None.
2026-03-10 10:35:57,578 - root - ERROR - Chunk 171: No Data! Returning LmfitResult with None.
2026-03-10 10:35:57,579 - root - ERROR - Chunk 172: No Data! Returning LmfitResult with None.
2026-03-10 10:35:57,580 - root - ERROR - Chunk 173: No Data! Returning LmfitResult with None.
2026-03-10 10:35:57,581 - root - ERROR - Chunk 174: No Data! Returning LmfitResult with None.
2026-03-10 10:35:57,582 - root - ERROR - Chunk 175: No Data! Returning LmfitResult with None.
2026-03-10 10:35:57,583 - root - ERROR - Chunk 176: No Data! Returning LmfitResult with None.
2026-03-10 10:35:57,584 - root - ERROR - Chunk 177: No Data! Returning LmfitResult with None.
2026-03-10 10:35:57,585 - root - ERROR - Chunk 178: No Data! Returning LmfitResult with None.
2026-03-10 10:35:57,586 - root - ERROR - Chunk 179: No Data! Returning LmfitResult with None.
2026-03-10 10:35:57,587 - root - ERROR - Chunk 180: No Data! Returning LmfitResult with None.
2026-03-10 10:35:57,587 - root - ERROR - Chunk 181: No Data! Returning LmfitResult with None.
2026-03-10 10:35:57,588 - root - ERROR - Chunk 182: No Data! Returning LmfitResult with None.
2026-03-10 10:35:57,589 - root - ERROR - Chunk 183: No Data! Returning LmfitResult with None.
2026-03-10 10:35:57,590 - root - ERROR - Chunk 184: No Data! Returning LmfitResult with None.
2026-03-10 10:35:57,591 - root - ERROR - Chunk 185: No Data! Returning LmfitResult with None.
2026-03-10 10:35:57,592 - root - ERROR - Chunk 186: No Data! Returning LmfitResult with None.
2026-03-10 10:35:57,593 - root - ERROR - Chunk 187: No Data! Returning LmfitResult with None.
2026-03-10 10:35:57,594 - root - ERROR - Chunk 188: No Data! Returning LmfitResult with None.
2026-03-10 10:35:57,595 - root - ERROR - Chunk 189: No Data! Returning LmfitResult with None.
2026-03-10 10:35:57,596 - root - ERROR - Chunk 190: No Data! Returning LmfitResult with None.
2026-03-10 10:35:57,598 - root - ERROR - Chunk 191: No Data! Returning LmfitResult with None.
2026-03-10 10:35:57,599 - root - ERROR - Chunk 192: No Data! Returning LmfitResult with None.
2026-03-10 10:35:57,600 - root - ERROR - Chunk 193: No Data! Returning LmfitResult with None.
2026-03-10 10:35:57,601 - root - ERROR - Chunk 194: No Data! Returning LmfitResult with None.
2026-03-10 10:35:57,602 - root - ERROR - Chunk 195: No Data! Returning LmfitResult with None.
2026-03-10 10:35:57,603 - root - ERROR - Chunk 196: No Data! Returning LmfitResult with None.
2026-03-10 10:35:57,604 - root - ERROR - Chunk 197: No Data! Returning LmfitResult with None.
2026-03-10 10:35:57,605 - root - ERROR - Chunk 198: No Data! Returning LmfitResult with None.
2026-03-10 10:35:57,606 - root - ERROR - Chunk 199: No Data! Returning LmfitResult with None.
2026-03-10 10:35:57,607 - root - ERROR - Chunk 200: No Data! Returning LmfitResult with None.
2026-03-10 10:35:57,607 - root - ERROR - Chunk 201: No Data! Returning LmfitResult with None.
2026-03-10 10:35:57,608 - root - ERROR - Chunk 202: No Data! Returning LmfitResult with None.
2026-03-10 10:35:57,609 - root - ERROR - Chunk 203: No Data! Returning LmfitResult with None.
2026-03-10 10:35:57,610 - root - ERROR - Chunk 204: No Data! Returning LmfitResult with None.
2026-03-10 10:35:57,611 - root - ERROR - Chunk 205: No Data! Returning LmfitResult with None.
2026-03-10 10:35:57,612 - root - ERROR - Chunk 206: No Data! Returning LmfitResult with None.
2026-03-10 10:35:57,613 - root - ERROR - Chunk 207: No Data! Returning LmfitResult with None.
2026-03-10 10:35:57,614 - root - ERROR - Chunk 208: No Data! Returning LmfitResult with None.
2026-03-10 10:35:57,615 - root - ERROR - Chunk 209: No Data! Returning LmfitResult with None.
2026-03-10 10:35:57,615 - root - ERROR - Chunk 210: No Data! Returning LmfitResult with None.
2026-03-10 10:35:57,616 - root - ERROR - Chunk 211: No Data! Returning LmfitResult with None.
2026-03-10 10:35:57,617 - root - ERROR - Chunk 212: No Data! Returning LmfitResult with None.
2026-03-10 10:35:57,618 - root - ERROR - Chunk 213: No Data! Returning LmfitResult with None.
2026-03-10 10:35:57,619 - root - ERROR - Chunk 214: No Data! Returning LmfitResult with None.
2026-03-10 10:35:57,620 - root - ERROR - Chunk 215: No Data! Returning LmfitResult with None.
2026-03-10 10:35:57,621 - root - ERROR - Chunk 216: No Data! Returning LmfitResult with None.
2026-03-10 10:35:57,622 - root - ERROR - Chunk 217: No Data! Returning LmfitResult with None.
2026-03-10 10:35:57,623 - root - ERROR - Chunk 218: No Data! Returning LmfitResult with None.
2026-03-10 10:35:57,624 - root - ERROR - Chunk 219: No Data! Returning LmfitResult with None.
2026-03-10 10:35:57,625 - root - ERROR - Chunk 220: No Data! Returning LmfitResult with None.
2026-03-10 10:35:57,626 - root - ERROR - Chunk 221: No Data! Returning LmfitResult with None.
2026-03-10 10:35:57,627 - root - ERROR - Chunk 222: No Data! Returning LmfitResult with None.
2026-03-10 10:35:57,627 - root - ERROR - Chunk 223: No Data! Returning LmfitResult with None.
2026-03-10 10:35:57,628 - root - ERROR - Chunk 224: No Data! Returning LmfitResult with None.
2026-03-10 10:35:57,629 - root - ERROR - Chunk 225: No Data! Returning LmfitResult with None.
2026-03-10 10:35:57,630 - root - ERROR - Chunk 226: No Data! Returning LmfitResult with None.
2026-03-10 10:35:57,631 - root - ERROR - Chunk 227: No Data! Returning LmfitResult with None.
2026-03-10 10:35:57,632 - root - ERROR - Chunk 228: No Data! Returning LmfitResult with None.
2026-03-10 10:35:57,633 - root - ERROR - Chunk 229: No Data! Returning LmfitResult with None.
2026-03-10 10:35:57,634 - root - ERROR - Chunk 230: No Data! Returning LmfitResult with None.
2026-03-10 10:35:57,635 - root - ERROR - Chunk 231: No Data! Returning LmfitResult with None.
2026-03-10 10:35:57,636 - root - ERROR - Chunk 232: No Data! Returning LmfitResult with None.
2026-03-10 10:35:57,637 - root - ERROR - Chunk 233: No Data! Returning LmfitResult with None.
2026-03-10 10:35:57,637 - root - ERROR - Chunk 234: No Data! Returning LmfitResult with None.
2026-03-10 10:35:57,638 - root - ERROR - Chunk 235: No Data! Returning LmfitResult with None.
2026-03-10 10:35:57,639 - root - ERROR - Chunk 236: No Data! Returning LmfitResult with None.
2026-03-10 10:35:57,640 - root - ERROR - Chunk 237: No Data! Returning LmfitResult with None.
2026-03-10 10:35:57,641 - root - ERROR - Chunk 238: No Data! Returning LmfitResult with None.
2026-03-10 10:35:57,642 - root - ERROR - Chunk 239: No Data! Returning LmfitResult with None.
2026-03-10 10:35:57,649 - root - ERROR - Chunk 240: No Data! Returning LmfitResult with None.
2026-03-10 10:35:57,650 - root - ERROR - Chunk 241: No Data! Returning LmfitResult with None.
2026-03-10 10:35:57,651 - root - ERROR - Chunk 242: No Data! Returning LmfitResult with None.
2026-03-10 10:35:57,652 - root - ERROR - Chunk 243: No Data! Returning LmfitResult with None.
2026-03-10 10:35:57,653 - root - ERROR - Chunk 244: No Data! Returning LmfitResult with None.
2026-03-10 10:35:57,654 - root - ERROR - Chunk 245: No Data! Returning LmfitResult with None.
2026-03-10 10:35:57,655 - root - ERROR - Chunk 246: No Data! Returning LmfitResult with None.
2026-03-10 10:35:57,655 - root - ERROR - Chunk 247: No Data! Returning LmfitResult with None.
2026-03-10 10:35:57,657 - root - ERROR - Chunk 248: No Data! Returning LmfitResult with None.
2026-03-10 10:35:57,658 - root - ERROR - Chunk 249: No Data! Returning LmfitResult with None.
2026-03-10 10:35:57,659 - root - ERROR - Chunk 250: No Data! Returning LmfitResult with None.
2026-03-10 10:35:57,660 - root - ERROR - Chunk 251: No Data! Returning LmfitResult with None.
2026-03-10 10:35:57,661 - root - ERROR - Chunk 252: No Data! Returning LmfitResult with None.
2026-03-10 10:35:57,662 - root - ERROR - Chunk 253: No Data! Returning LmfitResult with None.
2026-03-10 10:35:57,664 - root - ERROR - Chunk 254: No Data! Returning LmfitResult with None.
2026-03-10 10:35:57,665 - root - ERROR - Chunk 255: No Data! Returning LmfitResult with None.
2026-03-10 10:35:57,666 - root - ERROR - Chunk 256: No Data! Returning LmfitResult with None.
2026-03-10 10:35:57,667 - root - ERROR - Chunk 257: No Data! Returning LmfitResult with None.
2026-03-10 10:35:57,668 - root - ERROR - Chunk 258: No Data! Returning LmfitResult with None.
2026-03-10 10:35:57,669 - root - ERROR - Chunk 259: No Data! Returning LmfitResult with None.
2026-03-10 10:35:57,670 - root - ERROR - Chunk 260: No Data! Returning LmfitResult with None.
2026-03-10 10:35:57,671 - root - ERROR - Chunk 261: No Data! Returning LmfitResult with None.
2026-03-10 10:35:57,672 - root - ERROR - Chunk 262: No Data! Returning LmfitResult with None.
2026-03-10 10:35:57,673 - root - ERROR - Chunk 263: No Data! Returning LmfitResult with None.
2026-03-10 10:35:57,674 - root - ERROR - Chunk 264: No Data! Returning LmfitResult with None.
2026-03-10 10:35:57,675 - root - ERROR - Chunk 265: No Data! Returning LmfitResult with None.
2026-03-10 10:35:57,675 - root - ERROR - Chunk 266: No Data! Returning LmfitResult with None.
2026-03-10 10:35:57,676 - root - ERROR - Chunk 267: No Data! Returning LmfitResult with None.
2026-03-10 10:35:57,677 - root - ERROR - Chunk 268: No Data! Returning LmfitResult with None.
2026-03-10 10:35:57,678 - root - ERROR - Chunk 269: No Data! Returning LmfitResult with None.
2026-03-10 10:35:57,679 - root - ERROR - Chunk 270: No Data! Returning LmfitResult with None.
2026-03-10 10:35:57,680 - root - ERROR - Chunk 271: No Data! Returning LmfitResult with None.
2026-03-10 10:35:57,681 - root - ERROR - Chunk 272: No Data! Returning LmfitResult with None.
2026-03-10 10:35:57,682 - root - ERROR - Chunk 273: No Data! Returning LmfitResult with None.
2026-03-10 10:35:57,683 - root - ERROR - Chunk 274: No Data! Returning LmfitResult with None.
2026-03-10 10:35:57,684 - root - ERROR - Chunk 275: No Data! Returning LmfitResult with None.
2026-03-10 10:35:57,685 - root - ERROR - Chunk 276: No Data! Returning LmfitResult with None.
2026-03-10 10:35:57,686 - root - ERROR - Chunk 277: No Data! Returning LmfitResult with None.
2026-03-10 10:35:57,687 - root - ERROR - Chunk 278: No Data! Returning LmfitResult with None.
2026-03-10 10:35:57,688 - root - ERROR - Chunk 279: No Data! Returning LmfitResult with None.
2026-03-10 10:35:57,689 - root - ERROR - Chunk 280: No Data! Returning LmfitResult with None.
2026-03-10 10:35:57,976 - root - ERROR - NaN value detected in oversampled model function.
2026-03-10 10:35:57,994 - root - ERROR - <ParameterSet (values: 17)>
    cont_intercept  =  38886.46531416294
    cont_slope      =  -16.478627081480155
    iod_depth       =  1.622420246644284
    lsf_left_1      =  5.5363630293940815
    lsf_left_2      =  -15.245990775647266
    lsf_left_3      =  5.029159078444531
    lsf_left_4      =  -3.5008070214805214
    lsf_left_5      =  0.9435752509560524
    lsf_right1      =  5.318237015636646
    lsf_right2      =  -15.450672030976557
    lsf_right3      =  4.247230055341699
    lsf_right4      =  -2.3969711938488683
    lsf_right5      =  1.088855017632348
    tem_depth       =  1.0310777881758977
    velocity        =  -19608.3717529545
    wave_intercept  =  4988.684779454566
    wave_slope      =  0.012894446547987376
2026-03-10 10:35:58,007 - root - ERROR - Evaluated LSF:
2026-03-10 10:35:58,023 - root - ERROR - [nan nan nan nan nan nan nan nan nan nan nan nan nan nan nan nan nan nan
 nan nan nan nan nan nan nan nan nan nan nan nan nan nan nan nan nan nan
 nan nan nan nan nan nan nan nan nan nan nan nan nan nan nan nan nan nan
 nan nan nan nan nan nan nan nan nan nan nan nan nan nan nan nan nan nan
 nan]
2026-03-10 10:35:59,830 - root - ERROR - NaN value detected in oversampled model function.
2026-03-10 10:35:59,832 - root - ERROR - <ParameterSet (values: 17)>
    cont_intercept  =  11850.028737989132
    cont_slope      =  18.102466000689578
    iod_depth       =  0.10948891220288381
    lsf_left_1      =  2.3174317558560333
    lsf_left_2      =  -18.79799682966773
    lsf_left_3      =  10.630903362996628
    lsf_left_4      =  -3.630595413978283
    lsf_left_5      =  0.9519671919272864
    lsf_right1      =  11.927829628780177
    lsf_right2      =  -18.387807058259458
    lsf_right3      =  1.2618516563106945
    lsf_right4      =  -1.9659997120928647
    lsf_right5      =  0.659901646688331
    tem_depth       =  0.9582518581160283
    velocity        =  -10326.451796336985
    wave_intercept  =  4991.5795400776515
    wave_slope      =  0.01585378035954321
2026-03-10 10:35:59,833 - root - ERROR - Evaluated LSF:
2026-03-10 10:35:59,834 - root - ERROR - [nan nan nan nan nan nan nan nan nan nan nan nan nan nan nan nan nan nan
 nan nan nan nan nan nan nan nan nan nan nan nan nan nan nan nan nan nan
 nan nan nan nan nan nan nan nan nan nan nan nan nan nan nan nan nan nan
 nan nan nan nan nan nan nan nan nan nan nan nan nan nan nan nan nan nan
 nan]
2026-03-10 10:36:01,174 - root - ERROR - NaN value detected in oversampled model function.
2026-03-10 10:36:01,175 - root - ERROR - <ParameterSet (values: 17)>
    cont_intercept  =  32448.217676374912
    cont_slope      =  8.819164617299684
    iod_depth       =  0.9176359667107399
    lsf_left_1      =  8.269881482822257
    lsf_left_2      =  -14.381034156171033
    lsf_left_3      =  5.229268635811098
    lsf_left_4      =  -1.6783371992221774
    lsf_left_5      =  0.14966532542831368
    lsf_right1      =  4.61796718299794
    lsf_right2      =  -17.749980399085707
    lsf_right3      =  1.8899143988273601
    lsf_right4      =  -2.2188110102753447
    lsf_right5      =  1.3254916475373872
    tem_depth       =  0.985230379317319
    velocity        =  -20856.323825167754
    wave_intercept  =  5013.126924430329
    wave_slope      =  0.01426253832068892
2026-03-10 10:36:01,177 - root - ERROR - Evaluated LSF:
2026-03-10 10:36:01,178 - root - ERROR - [nan nan nan nan nan nan nan nan nan nan nan nan nan nan nan nan nan nan
 nan nan nan nan nan nan nan nan nan nan nan nan nan nan nan nan nan nan
 nan nan nan nan nan nan nan nan nan nan nan nan nan nan nan nan nan nan
 nan nan nan nan nan nan nan nan nan nan nan nan nan nan nan nan nan nan
 nan]
2026-03-10 10:36:02,624 - root - ERROR - NaN value detected in oversampled model function.
2026-03-10 10:36:02,625 - root - ERROR - <ParameterSet (values: 17)>
    cont_intercept  =  18148.953437276687
    cont_slope      =  -14.941827972003368
    iod_depth       =  1.008786084773272
    lsf_left_1      =  2.9269951766016447
    lsf_left_2      =  -12.622582560295685
    lsf_left_3      =  8.606707579069843
    lsf_left_4      =  -3.562913850039525
    lsf_left_5      =  0.29364931394425675
    lsf_right1      =  4.194784642142728
    lsf_right2      =  -10.397314771540591
    lsf_right3      =  5.6130034627253576
    lsf_right4      =  -3.574488297206918
    lsf_right5      =  1.0434195411181184
    tem_depth       =  0.9789513763813202
    velocity        =  -20659.7081719189
    wave_intercept  =  5044.262997985823
    wave_slope      =  0.011787866871325105
2026-03-10 10:36:02,626 - root - ERROR - Evaluated LSF:
2026-03-10 10:36:02,628 - root - ERROR - [nan nan nan nan nan nan nan nan nan nan nan nan nan nan nan nan nan nan
 nan nan nan nan nan nan nan nan nan nan nan nan nan nan nan nan nan nan
 nan nan nan nan nan nan nan nan nan nan nan nan nan nan nan nan nan nan
 nan nan nan nan nan nan nan nan nan nan nan nan nan nan nan nan nan nan
 nan]
2026-03-10 10:36:12,099 - root - ERROR - NaN value detected in oversampled model function.
2026-03-10 10:36:12,101 - root - ERROR - <ParameterSet (values: 17)>
    cont_intercept  =  41491.15917408934
    cont_slope      =  7.326728832885193
    iod_depth       =  1.0904282939259988
    lsf_left_1      =  6.892359226207218
    lsf_left_2      =  -14.16824546687504
    lsf_left_3      =  1.2674693611863306
    lsf_left_4      =  -2.258281444321259
    lsf_left_5      =  0.6037708072076717
    lsf_right1      =  3.3800816849510555
    lsf_right2      =  -10.904858457990146
    lsf_right3      =  1.4760760365686376
    lsf_right4      =  -3.7223898177071972
    lsf_right5      =  1.304354857138478
    tem_depth       =  1.005260065973016
    velocity        =  -21019.014406993938
    wave_intercept  =  5098.411390824397
    wave_slope      =  0.01435416952447965
2026-03-10 10:36:12,102 - root - ERROR - Evaluated LSF:
2026-03-10 10:36:12,103 - root - ERROR - [nan nan nan nan nan nan nan nan nan nan nan nan nan nan nan nan nan nan
 nan nan nan nan nan nan nan nan nan nan nan nan nan nan nan nan nan nan
 nan nan nan nan nan nan nan nan nan nan nan nan nan nan nan nan nan nan
 nan nan nan nan nan nan nan nan nan nan nan nan nan nan nan nan nan nan
 nan]
2026-03-10 10:36:20,451 - root - ERROR - NaN value detected in oversampled model function.
2026-03-10 10:36:20,453 - root - ERROR - <ParameterSet (values: 17)>
    cont_intercept  =  19421.21390595624
    cont_slope      =  9.328457375492585
    iod_depth       =  1.0254275307338179
    lsf_left_1      =  5.955807692027898
    lsf_left_2      =  -17.745738206239004
    lsf_left_3      =  1.4417095638923478
    lsf_left_4      =  -3.3539990027060256
    lsf_left_5      =  1.1011015173054552
    lsf_right1      =  2.340777095120959
    lsf_right2      =  -18.331619070493936
    lsf_right3      =  8.092804139469832
    lsf_right4      =  -3.296734398949418
    lsf_right5      =  0.59434505986583
    tem_depth       =  0.9940478120881528
    velocity        =  -21028.704970874653
    wave_intercept  =  5168.385607820116
    wave_slope      =  0.015873759130793818
2026-03-10 10:36:20,454 - root - ERROR - Evaluated LSF:
2026-03-10 10:36:20,455 - root - ERROR - [nan nan nan nan nan nan nan nan nan nan nan nan nan nan nan nan nan nan
 nan nan nan nan nan nan nan nan nan nan nan nan nan nan nan nan nan nan
 nan nan nan nan nan nan nan nan nan nan nan nan nan nan nan nan nan nan
 nan nan nan nan nan nan nan nan nan nan nan nan nan nan nan nan nan nan
 nan]
2026-03-10 10:36:22,945 - root - ERROR - NaN value detected in oversampled model function.
2026-03-10 10:36:22,946 - root - ERROR - <ParameterSet (values: 17)>
    cont_intercept  =  48729.260934778846
    cont_slope      =  -28.174649868682625
    iod_depth       =  1.0662162306920477
    lsf_left_1      =  3.70004027756724
    lsf_left_2      =  -18.768236238817913
    lsf_left_3      =  4.115747995717152
    lsf_left_4      =  -3.490190449585283
    lsf_left_5      =  0.34944421834086814
    lsf_right1      =  2.353161975998222
    lsf_right2      =  -6.857006977259623
    lsf_right3      =  1.460091676287926
    lsf_right4      =  -2.5109365170617552
    lsf_right5      =  0.2545084651385862
    tem_depth       =  0.9960570252963412
    velocity        =  -20543.817161542393
    wave_intercept  =  5201.525398144561
    wave_slope      =  0.013320899800362484
2026-03-10 10:36:22,947 - root - ERROR - Evaluated LSF:
2026-03-10 10:36:22,948 - root - ERROR - [nan nan nan nan nan nan nan nan nan nan nan nan nan nan nan nan nan nan
 nan nan nan nan nan nan nan nan nan nan nan nan nan nan nan nan nan nan
 nan nan nan nan nan nan nan nan nan nan nan nan nan nan nan nan nan nan
 nan nan nan nan nan nan nan nan nan nan nan nan nan nan nan nan nan nan
 nan]
2026-03-10 10:36:36,624 - root - ERROR - NaN value detected in oversampled model function.
2026-03-10 10:36:36,626 - root - ERROR - <ParameterSet (values: 17)>
    cont_intercept  =  76673.39265265319
    cont_slope      =  15.053798570359243
    iod_depth       =  1.1419697168262595
    lsf_left_1      =  2.3171274314383155
    lsf_left_2      =  -18.616426662588836
    lsf_left_3      =  9.865862010229518
    lsf_left_4      =  -3.925829127631217
    lsf_left_5      =  0.3884950115558129
    lsf_right1      =  9.808838556057184
    lsf_right2      =  -15.84852001276127
    lsf_right3      =  1.6641637620568923
    lsf_right4      =  -3.7377780151605107
    lsf_right5      =  1.2959456316376565
    tem_depth       =  1.0656422969293218
    velocity        =  -20461.72922034358
    wave_intercept  =  5320.082046357843
    wave_slope      =  0.01497142645887658
2026-03-10 10:36:36,627 - root - ERROR - Evaluated LSF:
2026-03-10 10:36:36,628 - root - ERROR - [nan nan nan nan nan nan nan nan nan nan nan nan nan nan nan nan nan nan
 nan nan nan nan nan nan nan nan nan nan nan nan nan nan nan nan nan nan
 nan nan nan nan nan nan nan nan nan nan nan nan nan nan nan nan nan nan
 nan nan nan nan nan nan nan nan nan nan nan nan nan nan nan nan nan nan
 nan]
2026-03-10 10:37:20,987 - root - ERROR - NaN value detected in oversampled model function.
2026-03-10 10:37:20,988 - root - ERROR - <ParameterSet (values: 17)>
    cont_intercept  =  98482.41030305691
    cont_slope      =  11.550910328101562
    iod_depth       =  0.951294339608974
    lsf_left_1      =  2.8464566284920565
    lsf_left_2      =  -18.3853913557142
    lsf_left_3      =  1.7713165911110458
    lsf_left_4      =  -2.879050143159019
    lsf_left_5      =  0.9192617681870725
    lsf_right1      =  5.913443892454032
    lsf_right2      =  -12.873623028672437
    lsf_right3      =  6.350626993027762
    lsf_right4      =  -3.834744146873722
    lsf_right5      =  0.1794939272865796
    tem_depth       =  0.9875556734812945
    velocity        =  -23794.822732187513
    wave_intercept  =  5818.731312435325
    wave_slope      =  0.016976150044101395
2026-03-10 10:37:20,989 - root - ERROR - Evaluated LSF:
2026-03-10 10:37:20,990 - root - ERROR - [nan nan nan nan nan nan nan nan nan nan nan nan nan nan nan nan nan nan
 nan nan nan nan nan nan nan nan nan nan nan nan nan nan nan nan nan nan
 nan nan nan nan nan nan nan nan nan nan nan nan nan nan nan nan nan nan
 nan nan nan nan nan nan nan nan nan nan nan nan nan nan nan nan nan nan
 nan]
2026-03-10 10:37:35,425 - root - ERROR - NaN value detected in oversampled model function.
2026-03-10 10:37:35,426 - root - ERROR - <ParameterSet (values: 17)>
    cont_intercept  =  61602.50116109216
    cont_slope      =  85.41011023250861
    iod_depth       =  0.419009365631029
    lsf_left_1      =  5.339863551386024
    lsf_left_2      =  -16.74515652027383
    lsf_left_3      =  3.0208917027316406
    lsf_left_4      =  -3.750143598834309
    lsf_left_5      =  1.3229222111116603
    lsf_right1      =  9.81880917163393
    lsf_right2      =  -18.544794834065613
    lsf_right3      =  1.2613669333534394
    lsf_right4      =  -3.7535825082005783
    lsf_right5      =  0.15385426997458543
    tem_depth       =  0.9330201162390902
    velocity        =  -20958.805396334083
    wave_intercept  =  6029.293852316401
    wave_slope      =  0.019089753571390537
2026-03-10 10:37:35,427 - root - ERROR - Evaluated LSF:
2026-03-10 10:37:35,428 - root - ERROR - [nan nan nan nan nan nan nan nan nan nan nan nan nan nan nan nan nan nan
 nan nan nan nan nan nan nan nan nan nan nan nan nan nan nan nan nan nan
 nan nan nan nan nan nan nan nan nan nan nan nan nan nan nan nan nan nan
 nan nan nan nan nan nan nan nan nan nan nan nan nan nan nan nan nan nan
 nan]
2026-03-10 10:37:38,939 - root - ERROR - NaN value detected in oversampled model function.
2026-03-10 10:37:38,940 - root - ERROR - <ParameterSet (values: 17)>
    cont_intercept  =  29662.120735649045
    cont_slope      =  -28.668345472966184
    iod_depth       =  0.9222563768026594
    lsf_left_1      =  2.758403173097224
    lsf_left_2      =  -16.2644495193016
    lsf_left_3      =  5.435686071521616
    lsf_left_4      =  -3.530839634764414
    lsf_left_5      =  0.32005849459308733
    lsf_right1      =  6.740782476497423
    lsf_right2      =  -18.45863996661074
    lsf_right3      =  2.0812612602035228
    lsf_right4      =  -1.9453435965070027
    lsf_right5      =  0.34099261633959976
    tem_depth       =  0.9921723039053763
    velocity        =  -20684.856815486226
    wave_intercept  =  6102.881872473298
    wave_slope      =  0.013397181200098283
2026-03-10 10:37:38,941 - root - ERROR - Evaluated LSF:
2026-03-10 10:37:38,942 - root - ERROR - [nan nan nan nan nan nan nan nan nan nan nan nan nan nan nan nan nan nan
 nan nan nan nan nan nan nan nan nan nan nan nan nan nan nan nan nan nan
 nan nan nan nan nan nan nan nan nan nan nan nan nan nan nan nan nan nan
 nan nan nan nan nan nan nan nan nan nan nan nan nan nan nan nan nan nan
 nan]
2026-03-10 10:37:42,667 - root - ERROR - NaN value detected in oversampled model function.
2026-03-10 10:37:42,669 - root - ERROR - <ParameterSet (values: 17)>
    cont_intercept  =  59197.66114019663
    cont_slope      =  69.92324326060975
    iod_depth       =  0.05818340354212645
    lsf_left_1      =  3.6911085874682605
    lsf_left_2      =  -18.77222703086401
    lsf_left_3      =  4.978073083974211
    lsf_left_4      =  -3.796449821494636
    lsf_left_5      =  0.15393315810185645
    lsf_right1      =  2.318579009259904
    lsf_right2      =  -4.471778255603798
    lsf_right3      =  1.4579810099664416
    lsf_right4      =  -3.4574762683528446
    lsf_right5      =  0.562735711907193
    tem_depth       =  0.9104367502071247
    velocity        =  -25055.455015100073
    wave_intercept  =  6151.028032216305
    wave_slope      =  0.01751050862052731
2026-03-10 10:37:42,670 - root - ERROR - Evaluated LSF:
2026-03-10 10:37:42,671 - root - ERROR - [nan nan nan nan nan nan nan nan nan nan nan nan nan nan nan nan nan nan
 nan nan nan nan nan nan nan nan nan nan nan nan nan nan nan nan nan nan
 nan nan nan nan nan nan nan nan nan nan nan nan nan nan nan nan nan nan
 nan nan nan nan nan nan nan nan nan nan nan nan nan nan nan nan nan nan
 nan]
2026-03-10 10:37:45,766 - root - ERROR - NaN value detected in oversampled model function.
2026-03-10 10:37:45,767 - root - ERROR - <ParameterSet (values: 17)>
    cont_intercept  =  56547.46615268102
    cont_slope      =  56.0221924406293
    iod_depth       =  0.1418405298939565
    lsf_left_1      =  11.061769840205287
    lsf_left_2      =  -18.743213973128313
    lsf_left_3      =  5.155750262129018
    lsf_left_4      =  -1.8866326798104027
    lsf_left_5      =  0.6893643407051675
    lsf_right1      =  2.4082580026892706
    lsf_right2      =  -13.71769101626914
    lsf_right3      =  5.005514477728734
    lsf_right4      =  -3.6969730369992373
    lsf_right5      =  1.0612648694091904
    tem_depth       =  0.9542117163041678
    velocity        =  -19148.849334511975
    wave_intercept  =  6213.899669260024
    wave_slope      =  0.019865480117269713
2026-03-10 10:37:45,768 - root - ERROR - Evaluated LSF:
2026-03-10 10:37:45,769 - root - ERROR - [nan nan nan nan nan nan nan nan nan nan nan nan nan nan nan nan nan nan
 nan nan nan nan nan nan nan nan nan nan nan nan nan nan nan nan nan nan
 nan nan nan nan nan nan nan nan nan nan nan nan nan nan nan nan nan nan
 nan nan nan nan nan nan nan nan nan nan nan nan nan nan nan nan nan nan
 nan]
2026-03-10 10:37:48,845 - root - ERROR - Polynomial fitting failed. Falling back to input values
Traceback (most recent call last):
  File "/Users/jaklusmeyer/SONG/pyodine/pyodine/lib/misc.py", line 529, in fit_polynomial
    pfit, stats = np.polynomial.Polynomial.fit(
  File "/Users/jaklusmeyer/miniconda/envs/pyodine_env/lib/python3.9/site-packages/numpy/polynomial/_polybase.py", line 1036, in fit
    xnew = pu.mapdomain(x, domain, window)
  File "/Users/jaklusmeyer/miniconda/envs/pyodine_env/lib/python3.9/site-packages/numpy/polynomial/polyutils.py", line 371, in mapdomain
    off, scl = mapparms(old, new)
  File "/Users/jaklusmeyer/miniconda/envs/pyodine_env/lib/python3.9/site-packages/numpy/polynomial/polyutils.py", line 303, in mapparms
    off = (old[1]*new[0] - old[0]*new[1])/oldlen
ZeroDivisionError: division by zero
2026-03-10 10:37:48,847 - root - ERROR - Polynomial fitting failed. Falling back to input values
Traceback (most recent call last):
  File "/Users/jaklusmeyer/SONG/pyodine/pyodine/lib/misc.py", line 529, in fit_polynomial
    pfit, stats = np.polynomial.Polynomial.fit(
  File "/Users/jaklusmeyer/miniconda/envs/pyodine_env/lib/python3.9/site-packages/numpy/polynomial/_polybase.py", line 1036, in fit
    xnew = pu.mapdomain(x, domain, window)
  File "/Users/jaklusmeyer/miniconda/envs/pyodine_env/lib/python3.9/site-packages/numpy/polynomial/polyutils.py", line 371, in mapdomain
    off, scl = mapparms(old, new)
  File "/Users/jaklusmeyer/miniconda/envs/pyodine_env/lib/python3.9/site-packages/numpy/polynomial/polyutils.py", line 303, in mapparms
    off = (old[1]*new[0] - old[0]*new[1])/oldlen
ZeroDivisionError: division by zero
2026-03-10 10:37:48,848 - root - ERROR - Polynomial fitting failed. Falling back to input values
Traceback (most recent call last):
  File "/Users/jaklusmeyer/SONG/pyodine/pyodine/lib/misc.py", line 529, in fit_polynomial
    pfit, stats = np.polynomial.Polynomial.fit(
  File "/Users/jaklusmeyer/miniconda/envs/pyodine_env/lib/python3.9/site-packages/numpy/polynomial/_polybase.py", line 1036, in fit
    xnew = pu.mapdomain(x, domain, window)
  File "/Users/jaklusmeyer/miniconda/envs/pyodine_env/lib/python3.9/site-packages/numpy/polynomial/polyutils.py", line 371, in mapdomain
    off, scl = mapparms(old, new)
  File "/Users/jaklusmeyer/miniconda/envs/pyodine_env/lib/python3.9/site-packages/numpy/polynomial/polyutils.py", line 303, in mapparms
    off = (old[1]*new[0] - old[0]*new[1])/oldlen
ZeroDivisionError: division by zero
2026-03-10 10:37:48,849 - root - ERROR - Polynomial fitting failed. Falling back to input values
Traceback (most recent call last):
  File "/Users/jaklusmeyer/SONG/pyodine/pyodine/lib/misc.py", line 529, in fit_polynomial
    pfit, stats = np.polynomial.Polynomial.fit(
  File "/Users/jaklusmeyer/miniconda/envs/pyodine_env/lib/python3.9/site-packages/numpy/polynomial/_polybase.py", line 1036, in fit
    xnew = pu.mapdomain(x, domain, window)
  File "/Users/jaklusmeyer/miniconda/envs/pyodine_env/lib/python3.9/site-packages/numpy/polynomial/polyutils.py", line 371, in mapdomain
    off, scl = mapparms(old, new)
  File "/Users/jaklusmeyer/miniconda/envs/pyodine_env/lib/python3.9/site-packages/numpy/polynomial/polyutils.py", line 303, in mapparms
    off = (old[1]*new[0] - old[0]*new[1])/oldlen
ZeroDivisionError: division by zero
2026-03-10 10:37:48,851 - root - ERROR - Polynomial fitting failed. Falling back to input values
Traceback (most recent call last):
  File "/Users/jaklusmeyer/SONG/pyodine/pyodine/lib/misc.py", line 529, in fit_polynomial
    pfit, stats = np.polynomial.Polynomial.fit(
  File "/Users/jaklusmeyer/miniconda/envs/pyodine_env/lib/python3.9/site-packages/numpy/polynomial/_polybase.py", line 1036, in fit
    xnew = pu.mapdomain(x, domain, window)
  File "/Users/jaklusmeyer/miniconda/envs/pyodine_env/lib/python3.9/site-packages/numpy/polynomial/polyutils.py", line 371, in mapdomain
    off, scl = mapparms(old, new)
  File "/Users/jaklusmeyer/miniconda/envs/pyodine_env/lib/python3.9/site-packages/numpy/polynomial/polyutils.py", line 303, in mapparms
    off = (old[1]*new[0] - old[0]*new[1])/oldlen
ZeroDivisionError: division by zero
2026-03-10 10:37:48,852 - root - ERROR - Polynomial fitting failed. Falling back to input values
Traceback (most recent call last):
  File "/Users/jaklusmeyer/SONG/pyodine/pyodine/lib/misc.py", line 529, in fit_polynomial
    pfit, stats = np.polynomial.Polynomial.fit(
  File "/Users/jaklusmeyer/miniconda/envs/pyodine_env/lib/python3.9/site-packages/numpy/polynomial/_polybase.py", line 1036, in fit
    xnew = pu.mapdomain(x, domain, window)
  File "/Users/jaklusmeyer/miniconda/envs/pyodine_env/lib/python3.9/site-packages/numpy/polynomial/polyutils.py", line 371, in mapdomain
    off, scl = mapparms(old, new)
  File "/Users/jaklusmeyer/miniconda/envs/pyodine_env/lib/python3.9/site-packages/numpy/polynomial/polyutils.py", line 303, in mapparms
    off = (old[1]*new[0] - old[0]*new[1])/oldlen
ZeroDivisionError: division by zero
2026-03-10 10:37:48,853 - root - ERROR - Polynomial fitting failed. Falling back to input values
Traceback (most recent call last):
  File "/Users/jaklusmeyer/SONG/pyodine/pyodine/lib/misc.py", line 529, in fit_polynomial
    pfit, stats = np.polynomial.Polynomial.fit(
  File "/Users/jaklusmeyer/miniconda/envs/pyodine_env/lib/python3.9/site-packages/numpy/polynomial/_polybase.py", line 1036, in fit
    xnew = pu.mapdomain(x, domain, window)
  File "/Users/jaklusmeyer/miniconda/envs/pyodine_env/lib/python3.9/site-packages/numpy/polynomial/polyutils.py", line 371, in mapdomain
    off, scl = mapparms(old, new)
  File "/Users/jaklusmeyer/miniconda/envs/pyodine_env/lib/python3.9/site-packages/numpy/polynomial/polyutils.py", line 303, in mapparms
    off = (old[1]*new[0] - old[0]*new[1])/oldlen
ZeroDivisionError: division by zero
2026-03-10 10:37:48,863 - root - ERROR - Polynomial fitting failed. Falling back to input values
Traceback (most recent call last):
  File "/Users/jaklusmeyer/SONG/pyodine/pyodine/lib/misc.py", line 529, in fit_polynomial
    pfit, stats = np.polynomial.Polynomial.fit(
  File "/Users/jaklusmeyer/miniconda/envs/pyodine_env/lib/python3.9/site-packages/numpy/polynomial/_polybase.py", line 1036, in fit
    xnew = pu.mapdomain(x, domain, window)
  File "/Users/jaklusmeyer/miniconda/envs/pyodine_env/lib/python3.9/site-packages/numpy/polynomial/polyutils.py", line 371, in mapdomain
    off, scl = mapparms(old, new)
  File "/Users/jaklusmeyer/miniconda/envs/pyodine_env/lib/python3.9/site-packages/numpy/polynomial/polyutils.py", line 303, in mapparms
    off = (old[1]*new[0] - old[0]*new[1])/oldlen
ZeroDivisionError: division by zero
2026-03-10 10:37:48,865 - root - ERROR - Polynomial fitting failed. Falling back to input values
Traceback (most recent call last):
  File "/Users/jaklusmeyer/SONG/pyodine/pyodine/lib/misc.py", line 529, in fit_polynomial
    pfit, stats = np.polynomial.Polynomial.fit(
  File "/Users/jaklusmeyer/miniconda/envs/pyodine_env/lib/python3.9/site-packages/numpy/polynomial/_polybase.py", line 1036, in fit
    xnew = pu.mapdomain(x, domain, window)
  File "/Users/jaklusmeyer/miniconda/envs/pyodine_env/lib/python3.9/site-packages/numpy/polynomial/polyutils.py", line 371, in mapdomain
    off, scl = mapparms(old, new)
  File "/Users/jaklusmeyer/miniconda/envs/pyodine_env/lib/python3.9/site-packages/numpy/polynomial/polyutils.py", line 303, in mapparms
    off = (old[1]*new[0] - old[0]*new[1])/oldlen
ZeroDivisionError: division by zero
2026-03-10 10:37:48,866 - root - ERROR - Polynomial fitting failed. Falling back to input values
Traceback (most recent call last):
  File "/Users/jaklusmeyer/SONG/pyodine/pyodine/lib/misc.py", line 529, in fit_polynomial
    pfit, stats = np.polynomial.Polynomial.fit(
  File "/Users/jaklusmeyer/miniconda/envs/pyodine_env/lib/python3.9/site-packages/numpy/polynomial/_polybase.py", line 1036, in fit
    xnew = pu.mapdomain(x, domain, window)
  File "/Users/jaklusmeyer/miniconda/envs/pyodine_env/lib/python3.9/site-packages/numpy/polynomial/polyutils.py", line 371, in mapdomain
    off, scl = mapparms(old, new)
  File "/Users/jaklusmeyer/miniconda/envs/pyodine_env/lib/python3.9/site-packages/numpy/polynomial/polyutils.py", line 303, in mapparms
    off = (old[1]*new[0] - old[0]*new[1])/oldlen
ZeroDivisionError: division by zero
2026-03-10 10:37:48,867 - root - ERROR - Polynomial fitting failed. Falling back to input values
Traceback (most recent call last):
  File "/Users/jaklusmeyer/SONG/pyodine/pyodine/lib/misc.py", line 529, in fit_polynomial
    pfit, stats = np.polynomial.Polynomial.fit(
  File "/Users/jaklusmeyer/miniconda/envs/pyodine_env/lib/python3.9/site-packages/numpy/polynomial/_polybase.py", line 1036, in fit
    xnew = pu.mapdomain(x, domain, window)
  File "/Users/jaklusmeyer/miniconda/envs/pyodine_env/lib/python3.9/site-packages/numpy/polynomial/polyutils.py", line 371, in mapdomain
    off, scl = mapparms(old, new)
  File "/Users/jaklusmeyer/miniconda/envs/pyodine_env/lib/python3.9/site-packages/numpy/polynomial/polyutils.py", line 303, in mapparms
    off = (old[1]*new[0] - old[0]*new[1])/oldlen
ZeroDivisionError: division by zero
2026-03-10 10:37:48,868 - root - ERROR - Polynomial fitting failed. Falling back to input values
Traceback (most recent call last):
  File "/Users/jaklusmeyer/SONG/pyodine/pyodine/lib/misc.py", line 529, in fit_polynomial
    pfit, stats = np.polynomial.Polynomial.fit(
  File "/Users/jaklusmeyer/miniconda/envs/pyodine_env/lib/python3.9/site-packages/numpy/polynomial/_polybase.py", line 1036, in fit
    xnew = pu.mapdomain(x, domain, window)
  File "/Users/jaklusmeyer/miniconda/envs/pyodine_env/lib/python3.9/site-packages/numpy/polynomial/polyutils.py", line 371, in mapdomain
    off, scl = mapparms(old, new)
  File "/Users/jaklusmeyer/miniconda/envs/pyodine_env/lib/python3.9/site-packages/numpy/polynomial/polyutils.py", line 303, in mapparms
    off = (old[1]*new[0] - old[0]*new[1])/oldlen
ZeroDivisionError: division by zero
2026-03-10 10:37:48,870 - root - ERROR - Polynomial fitting failed. Falling back to input values
Traceback (most recent call last):
  File "/Users/jaklusmeyer/SONG/pyodine/pyodine/lib/misc.py", line 529, in fit_polynomial
    pfit, stats = np.polynomial.Polynomial.fit(
  File "/Users/jaklusmeyer/miniconda/envs/pyodine_env/lib/python3.9/site-packages/numpy/polynomial/_polybase.py", line 1036, in fit
    xnew = pu.mapdomain(x, domain, window)
  File "/Users/jaklusmeyer/miniconda/envs/pyodine_env/lib/python3.9/site-packages/numpy/polynomial/polyutils.py", line 371, in mapdomain
    off, scl = mapparms(old, new)
  File "/Users/jaklusmeyer/miniconda/envs/pyodine_env/lib/python3.9/site-packages/numpy/polynomial/polyutils.py", line 303, in mapparms
    off = (old[1]*new[0] - old[0]*new[1])/oldlen
ZeroDivisionError: division by zero
2026-03-10 10:37:48,871 - root - ERROR - Polynomial fitting failed. Falling back to input values
Traceback (most recent call last):
  File "/Users/jaklusmeyer/SONG/pyodine/pyodine/lib/misc.py", line 529, in fit_polynomial
    pfit, stats = np.polynomial.Polynomial.fit(
  File "/Users/jaklusmeyer/miniconda/envs/pyodine_env/lib/python3.9/site-packages/numpy/polynomial/_polybase.py", line 1036, in fit
    xnew = pu.mapdomain(x, domain, window)
  File "/Users/jaklusmeyer/miniconda/envs/pyodine_env/lib/python3.9/site-packages/numpy/polynomial/polyutils.py", line 371, in mapdomain
    off, scl = mapparms(old, new)
  File "/Users/jaklusmeyer/miniconda/envs/pyodine_env/lib/python3.9/site-packages/numpy/polynomial/polyutils.py", line 303, in mapparms
    off = (old[1]*new[0] - old[0]*new[1])/oldlen
ZeroDivisionError: division by zero
2026-03-10 10:37:51,872 - root - ERROR - NaN value detected in iodine function.
2026-03-10 10:37:51,873 - root - ERROR - Chunk could not be plotted
Traceback (most recent call last):
  File "/Users/jaklusmeyer/SONG/pyodine/pyodine/plot_lib.py", line 62, in plot_chunkmodel
    sp = fit_results[chunk_nr].fitted_spectrum
  File "/Users/jaklusmeyer/SONG/pyodine/pyodine/fitters/base.py", line 45, in fitted_spectrum
    return self.model.eval_spectrum(self.chunk, self.params, chunk_ind=self.chunk_ind)
  File "/Users/jaklusmeyer/SONG/pyodine/pyodine/models/base.py", line 79, in eval_spectrum
    flux = self.eval(chunk, params, chunk_ind=chunk_ind, **kwargs)
  File "/Users/jaklusmeyer/SONG/pyodine/pyodine/models/spectrum.py", line 138, in eval
    tck = splrep(tem.wave * doppler, flux_tem, s=0)
  File "/Users/jaklusmeyer/miniconda/envs/pyodine_env/lib/python3.9/site-packages/scipy/interpolate/_fitpack_py.py", line 295, in splrep
    res = _impl.splrep(x, y, w, xb, xe, k, task, s, t, full_output, per, quiet)
  File "/Users/jaklusmeyer/miniconda/envs/pyodine_env/lib/python3.9/site-packages/scipy/interpolate/_fitpack_impl.py", line 276, in splrep
    n, c, fp, ier = dfitpack.curfit(task, x, y, w, t, wrk, iwrk,
dfitpack.error: (xb<=x[0]) failed for 1st keyword xb: curfit:xb=nan
2026-03-10 10:37:52,135 - root - ERROR - NaN value detected in iodine function.
2026-03-10 10:37:52,138 - root - ERROR - Chunk could not be plotted
Traceback (most recent call last):
  File "/Users/jaklusmeyer/SONG/pyodine/pyodine/plot_lib.py", line 62, in plot_chunkmodel
    sp = fit_results[chunk_nr].fitted_spectrum
  File "/Users/jaklusmeyer/SONG/pyodine/pyodine/fitters/base.py", line 45, in fitted_spectrum
    return self.model.eval_spectrum(self.chunk, self.params, chunk_ind=self.chunk_ind)
  File "/Users/jaklusmeyer/SONG/pyodine/pyodine/models/base.py", line 79, in eval_spectrum
    flux = self.eval(chunk, params, chunk_ind=chunk_ind, **kwargs)
  File "/Users/jaklusmeyer/SONG/pyodine/pyodine/models/spectrum.py", line 138, in eval
    tck = splrep(tem.wave * doppler, flux_tem, s=0)
  File "/Users/jaklusmeyer/miniconda/envs/pyodine_env/lib/python3.9/site-packages/scipy/interpolate/_fitpack_py.py", line 295, in splrep
    res = _impl.splrep(x, y, w, xb, xe, k, task, s, t, full_output, per, quiet)
  File "/Users/jaklusmeyer/miniconda/envs/pyodine_env/lib/python3.9/site-packages/scipy/interpolate/_fitpack_impl.py", line 276, in splrep
    n, c, fp, ier = dfitpack.curfit(task, x, y, w, t, wrk, iwrk,
dfitpack.error: (xb<=x[0]) failed for 1st keyword xb: curfit:xb=nan
