2026-03-26 12:49:53,662 - root - ERROR - NaN value detected in oversampled model function.
2026-03-26 12:49:53,664 - root - ERROR - <ParameterSet (values: 17)>
    cont_intercept  =  11539.862417608103
    cont_slope      =  -0.8060130808181669
    iod_depth       =  0.19980410472115956
    lsf_left_1      =  2.3963054240186756
    lsf_left_2      =  -10.255051645550253
    lsf_left_3      =  9.22297454262932
    lsf_left_4      =  -3.3117183664206546
    lsf_left_5      =  0.13337961197080409
    lsf_right1      =  7.9523762635164905
    lsf_right2      =  -16.419796157595783
    lsf_right3      =  3.3353866326405175
    lsf_right4      =  -0.5306786703802508
    lsf_right5      =  0.1326267031390152
    tem_depth       =  0.5549854835298178
    velocity        =  -2105.2964543600083
    wave_intercept  =  5154.324934865337
    wave_slope      =  0.013456228510358728
2026-03-26 12:49:53,665 - root - ERROR - Evaluated LSF:
2026-03-26 12:49:53,666 - root - ERROR - [nan nan nan nan nan nan nan nan nan nan nan nan nan nan nan nan nan nan
 nan nan nan nan nan nan nan nan nan nan nan nan nan nan nan nan nan nan
 nan nan nan nan nan nan nan nan nan nan nan nan nan nan nan nan nan nan
 nan nan nan nan nan nan nan nan nan nan nan nan nan nan nan nan nan nan
 nan]
2026-03-26 12:49:55,087 - root - ERROR - Chunk 29: No Data! Returning LmfitResult with None.
2026-03-26 12:49:55,355 - root - ERROR - Chunk 32: No Data! Returning LmfitResult with None.
2026-03-26 12:49:55,750 - root - ERROR - NaN value detected in oversampled model function.
2026-03-26 12:49:55,752 - root - ERROR - <ParameterSet (values: 17)>
    cont_intercept  =  10026.206278560678
    cont_slope      =  5.0066236926005425
    iod_depth       =  0.44804084684125317
    lsf_left_1      =  9.000615536085348
    lsf_left_2      =  -15.721678339565798
    lsf_left_3      =  6.674243500617109
    lsf_left_4      =  -3.8534855793942775
    lsf_left_5      =  1.1192232017207022
    lsf_right1      =  4.199976102620495
    lsf_right2      =  -17.249353219995825
    lsf_right3      =  1.1691525510015783
    lsf_right4      =  -2.423353435383924
    lsf_right5      =  0.37696713204761934
    tem_depth       =  0.7323012558456904
    velocity        =  -1781.7448860091445
    wave_intercept  =  5179.441546390335
    wave_slope      =  0.014946299190296872
2026-03-26 12:49:55,753 - root - ERROR - Evaluated LSF:
2026-03-26 12:49:55,754 - root - ERROR - [nan nan nan nan nan nan nan nan nan nan nan nan nan nan nan nan nan nan
 nan nan nan nan nan nan nan nan nan nan nan nan nan nan nan nan nan nan
 nan nan nan nan nan nan nan nan nan nan nan nan nan nan nan nan nan nan
 nan nan nan nan nan nan nan nan nan nan nan nan nan nan nan nan nan nan
 nan]
2026-03-26 12:49:56,312 - root - ERROR - NaN value detected in oversampled model function.
2026-03-26 12:49:56,313 - root - ERROR - <ParameterSet (values: 17)>
    cont_intercept  =  11064.369496729327
    cont_slope      =  0.21770365676960132
    iod_depth       =  0.45960569657613914
    lsf_left_1      =  2.994122450207372
    lsf_left_2      =  -12.3511479060829
    lsf_left_3      =  1.135109087036117
    lsf_left_4      =  -2.1278481782983585
    lsf_left_5      =  0.5301535479224193
    lsf_right1      =  2.1009032670099512
    lsf_right2      =  -7.911999234928093
    lsf_right3      =  5.791449276349194
    lsf_right4      =  -3.1612874673586933
    lsf_right5      =  0.19244836168012286
    tem_depth       =  0.6466730517398942
    velocity        =  -741.4571069380205
    wave_intercept  =  5187.0909930766775
    wave_slope      =  0.014403163043964686
2026-03-26 12:49:56,314 - root - ERROR - Evaluated LSF:
2026-03-26 12:49:56,315 - root - ERROR - [nan nan nan nan nan nan nan nan nan nan nan nan nan nan nan nan nan nan
 nan nan nan nan nan nan nan nan nan nan nan nan nan nan nan nan nan nan
 nan nan nan nan nan nan nan nan nan nan nan nan nan nan nan nan nan nan
 nan nan nan nan nan nan nan nan nan nan nan nan nan nan nan nan nan nan
 nan]
2026-03-26 12:49:56,465 - root - ERROR - NaN value detected in oversampled model function.
2026-03-26 12:49:56,466 - root - ERROR - <ParameterSet (values: 17)>
    cont_intercept  =  12114.54225643014
    cont_slope      =  1.2242033652814739
    iod_depth       =  0.5351553584145599
    lsf_left_1      =  2.7191467937344216
    lsf_left_2      =  -6.281079815388228
    lsf_left_3      =  2.4597528692069304
    lsf_left_4      =  -2.4897908428587603
    lsf_left_5      =  0.2967099087264379
    lsf_right1      =  3.8530133893392904
    lsf_right2      =  -17.73597672548257
    lsf_right3      =  3.7312606768858183
    lsf_right4      =  -0.44312215816302025
    lsf_right5      =  0.22777917237206527
    tem_depth       =  0.11914284904763295
    velocity        =  -14140.216306304414
    wave_intercept  =  5190.801533708233
    wave_slope      =  0.014141594629970038
2026-03-26 12:49:56,467 - root - ERROR - Evaluated LSF:
2026-03-26 12:49:56,468 - root - ERROR - [nan nan nan nan nan nan nan nan nan nan nan nan nan nan nan nan nan nan
 nan nan nan nan nan nan nan nan nan nan nan nan nan nan nan nan nan nan
 nan nan nan nan nan nan nan nan nan nan nan nan nan nan nan nan nan nan
 nan nan nan nan nan nan nan nan nan nan nan nan nan nan nan nan nan nan
 nan]
2026-03-26 12:49:56,758 - root - ERROR - NaN value detected in oversampled model function.
2026-03-26 12:49:56,759 - root - ERROR - <ParameterSet (values: 17)>
    cont_intercept  =  11810.323272370732
    cont_slope      =  11.681575014227144
    iod_depth       =  0.5942115719434806
    lsf_left_1      =  2.784910921810896
    lsf_left_2      =  -18.152095433439285
    lsf_left_3      =  1.4935412934849515
    lsf_left_4      =  -3.191063158611666
    lsf_left_5      =  0.25638428261040774
    lsf_right1      =  2.219058670774889
    lsf_right2      =  -10.944724092342964
    lsf_right3      =  3.8975429827024044
    lsf_right4      =  -2.9129263581318154
    lsf_right5      =  1.1102544372848808
    tem_depth       =  0.15262015298713777
    velocity        =  -7027.128092209862
    wave_intercept  =  5194.441725776628
    wave_slope      =  0.013987460690443147
2026-03-26 12:49:56,761 - root - ERROR - Evaluated LSF:
2026-03-26 12:49:56,762 - root - ERROR - [nan nan nan nan nan nan nan nan nan nan nan nan nan nan nan nan nan nan
 nan nan nan nan nan nan nan nan nan nan nan nan nan nan nan nan nan nan
 nan nan nan nan nan nan nan nan nan nan nan nan nan nan nan nan nan nan
 nan nan nan nan nan nan nan nan nan nan nan nan nan nan nan nan nan nan
 nan]
2026-03-26 12:49:57,238 - root - ERROR - Chunk 47: No Data! Returning LmfitResult with None.
2026-03-26 12:49:57,270 - root - ERROR - NaN value detected in oversampled model function.
2026-03-26 12:49:57,272 - root - ERROR - <ParameterSet (values: 17)>
    cont_intercept  =  11749.809496955279
    cont_slope      =  -0.5112264254764725
    iod_depth       =  0.3082992275842547
    lsf_left_1      =  2.687353482291217
    lsf_left_2      =  -17.64379424205796
    lsf_left_3      =  5.024709806627364
    lsf_left_4      =  -3.574868387860952
    lsf_left_5      =  0.29780399165920207
    lsf_right1      =  2.620445276354543
    lsf_right2      =  -12.6636230890838
    lsf_right3      =  1.356080956507416
    lsf_right4      =  -3.9111106568456515
    lsf_right5      =  1.1922793986966462
    tem_depth       =  0.4223702772903014
    velocity        =  -413.47306033285577
    wave_intercept  =  5204.917819203207
    wave_slope      =  0.013041396106637935
2026-03-26 12:49:57,273 - root - ERROR - Evaluated LSF:
2026-03-26 12:49:57,274 - root - ERROR - [nan nan nan nan nan nan nan nan nan nan nan nan nan nan nan nan nan nan
 nan nan nan nan nan nan nan nan nan nan nan nan nan nan nan nan nan nan
 nan nan nan nan nan nan nan nan nan nan nan nan nan nan nan nan nan nan
 nan nan nan nan nan nan nan nan nan nan nan nan nan nan nan nan nan nan
 nan]
2026-03-26 12:49:57,954 - root - ERROR - NaN value detected in oversampled model function.
2026-03-26 12:49:57,955 - root - ERROR - <ParameterSet (values: 17)>
    cont_intercept  =  7195.827177810301
    cont_slope      =  1.3016401787855107
    iod_depth       =  0.17178387797851374
    lsf_left_1      =  3.433280911476964
    lsf_left_2      =  -13.269852274566865
    lsf_left_3      =  7.715189525999335
    lsf_left_4      =  -2.707095262046189
    lsf_left_5      =  0.733376440626242
    lsf_right1      =  2.466264597937783
    lsf_right2      =  -10.012314085181812
    lsf_right3      =  3.618024174620874
    lsf_right4      =  -1.0249426879759045
    lsf_right5      =  0.24705645571918067
    tem_depth       =  0.32194018967232024
    velocity        =  -3522.7582055458415
    wave_intercept  =  5209.343078154717
    wave_slope      =  0.016559716796724164
2026-03-26 12:49:57,957 - root - ERROR - Evaluated LSF:
2026-03-26 12:49:57,958 - root - ERROR - [nan nan nan nan nan nan nan nan nan nan nan nan nan nan nan nan nan nan
 nan nan nan nan nan nan nan nan nan nan nan nan nan nan nan nan nan nan
 nan nan nan nan nan nan nan nan nan nan nan nan nan nan nan nan nan nan
 nan nan nan nan nan nan nan nan nan nan nan nan nan nan nan nan nan nan
 nan]
2026-03-26 12:49:58,423 - root - ERROR - NaN value detected in oversampled model function.
2026-03-26 12:49:58,425 - root - ERROR - <ParameterSet (values: 17)>
    cont_intercept  =  8785.128867869065
    cont_slope      =  5.135502617742378
    iod_depth       =  0.138983676271944
    lsf_left_1      =  2.0653731832215207
    lsf_left_2      =  -17.771118658375617
    lsf_left_3      =  1.1441229232757675
    lsf_left_4      =  -3.4003232146909337
    lsf_left_5      =  0.29810289645910093
    lsf_right1      =  8.237872802958567
    lsf_right2      =  -13.058179110068814
    lsf_right3      =  2.2157244903520645
    lsf_right4      =  -1.937004527561205
    lsf_right5      =  0.19133515006588764
    tem_depth       =  0.506538659609542
    velocity        =  -1392.6986138829882
    wave_intercept  =  5215.661126803365
    wave_slope      =  0.015624487121662953
2026-03-26 12:49:58,427 - root - ERROR - Evaluated LSF:
2026-03-26 12:49:58,428 - root - ERROR - [nan nan nan nan nan nan nan nan nan nan nan nan nan nan nan nan nan nan
 nan nan nan nan nan nan nan nan nan nan nan nan nan nan nan nan nan nan
 nan nan nan nan nan nan nan nan nan nan nan nan nan nan nan nan nan nan
 nan nan nan nan nan nan nan nan nan nan nan nan nan nan nan nan nan nan
 nan]
2026-03-26 12:49:59,285 - root - ERROR - NaN value detected in oversampled model function.
2026-03-26 12:49:59,286 - root - ERROR - <ParameterSet (values: 17)>
    cont_intercept  =  10111.07309855017
    cont_slope      =  4.3920247731502355
    iod_depth       =  0.09924089705532707
    lsf_left_1      =  3.9638954405120943
    lsf_left_2      =  -13.212141537902118
    lsf_left_3      =  5.0360267704598165
    lsf_left_4      =  -2.2919773346218335
    lsf_left_5      =  0.6659789077485092
    lsf_right1      =  4.210071366839799
    lsf_right2      =  -12.421690512792638
    lsf_right3      =  5.628860308165179
    lsf_right4      =  -2.076956447310092
    lsf_right5      =  0.6183692388724435
    tem_depth       =  0.47941295161656783
    velocity        =  -1057.976684277006
    wave_intercept  =  5227.607941310532
    wave_slope      =  0.014647538761264737
2026-03-26 12:49:59,288 - root - ERROR - Evaluated LSF:
2026-03-26 12:49:59,289 - root - ERROR - [nan nan nan nan nan nan nan nan nan nan nan nan nan nan nan nan nan nan
 nan nan nan nan nan nan nan nan nan nan nan nan nan nan nan nan nan nan
 nan nan nan nan nan nan nan nan nan nan nan nan nan nan nan nan nan nan
 nan nan nan nan nan nan nan nan nan nan nan nan nan nan nan nan nan nan
 nan]
2026-03-26 12:50:00,729 - root - ERROR - NaN value detected in oversampled model function.
2026-03-26 12:50:00,730 - root - ERROR - <ParameterSet (values: 17)>
    cont_intercept  =  12704.406537236659
    cont_slope      =  0.646748263755937
    iod_depth       =  0.4110569078555024
    lsf_left_1      =  3.3235349445462647
    lsf_left_2      =  -8.406013268158732
    lsf_left_3      =  4.653243821515866
    lsf_left_4      =  -3.5280581591223816
    lsf_left_5      =  0.34277878252795324
    lsf_right1      =  4.7369933367836
    lsf_right2      =  -18.087744775380504
    lsf_right3      =  1.1553880699857975
    lsf_right4      =  -2.9294961920704994
    lsf_right5      =  0.42473655520940096
    tem_depth       =  0.5176382895860706
    velocity        =  -933.7935708370353
    wave_intercept  =  5242.42625017138
    wave_slope      =  0.013697931912228253
2026-03-26 12:50:00,731 - root - ERROR - Evaluated LSF:
2026-03-26 12:50:00,732 - root - ERROR - [nan nan nan nan nan nan nan nan nan nan nan nan nan nan nan nan nan nan
 nan nan nan nan nan nan nan nan nan nan nan nan nan nan nan nan nan nan
 nan nan nan nan nan nan nan nan nan nan nan nan nan nan nan nan nan nan
 nan nan nan nan nan nan nan nan nan nan nan nan nan nan nan nan nan nan
 nan]
2026-03-26 12:50:03,484 - root - ERROR - Chunk 87: No Data! Returning LmfitResult with None.
2026-03-26 12:50:04,552 - root - ERROR - NaN value detected in oversampled model function.
2026-03-26 12:50:04,556 - root - ERROR - <ParameterSet (values: 17)>
    cont_intercept  =  13693.87629045809
    cont_slope      =  0.2100801143098311
    iod_depth       =  0.4051142183106357
    lsf_left_1      =  9.77262211851985
    lsf_left_2      =  -19.307475601900844
    lsf_left_3      =  1.824687870294257
    lsf_left_4      =  -2.499006332673382
    lsf_left_5      =  1.1659747639726041
    lsf_right1      =  2.98878112145369
    lsf_right2      =  -16.972214309854536
    lsf_right3      =  9.21910395224214
    lsf_right4      =  -3.874734491788913
    lsf_right5      =  1.01036901269543
    tem_depth       =  0.52906035127462
    velocity        =  -1279.9664231395243
    wave_intercept  =  5285.813425005384
    wave_slope      =  0.014034642322859942
2026-03-26 12:50:04,558 - root - ERROR - Evaluated LSF:
2026-03-26 12:50:04,559 - root - ERROR - [nan nan nan nan nan nan nan nan nan nan nan nan nan nan nan nan nan nan
 nan nan nan nan nan nan nan nan nan nan nan nan nan nan nan nan nan nan
 nan nan nan nan nan nan nan nan nan nan nan nan nan nan nan nan nan nan
 nan nan nan nan nan nan nan nan nan nan nan nan nan nan nan nan nan nan
 nan]
2026-03-26 12:50:07,236 - root - ERROR - NaN value detected in oversampled model function.
2026-03-26 12:50:07,238 - root - ERROR - <ParameterSet (values: 17)>
    cont_intercept  =  13504.013339167755
    cont_slope      =  4.050323142595928
    iod_depth       =  0.5240800033358405
    lsf_left_1      =  2.0654779584752827
    lsf_left_2      =  -16.34163789244217
    lsf_left_3      =  2.402676947513825
    lsf_left_4      =  -3.9514970743119013
    lsf_left_5      =  0.25095302202590497
    lsf_right1      =  5.101500671367123
    lsf_right2      =  -14.507198070117653
    lsf_right3      =  8.521376044987523
    lsf_right4      =  -3.841073040015829
    lsf_right5      =  0.8264456306821142
    tem_depth       =  -0.19424594574786197
    velocity        =  -6826.181470411217
    wave_intercept  =  5320.461402701445
    wave_slope      =  0.01493371086388864
2026-03-26 12:50:07,239 - root - ERROR - Evaluated LSF:
2026-03-26 12:50:07,240 - root - ERROR - [nan nan nan nan nan nan nan nan nan nan nan nan nan nan nan nan nan nan
 nan nan nan nan nan nan nan nan nan nan nan nan nan nan nan nan nan nan
 nan nan nan nan nan nan nan nan nan nan nan nan nan nan nan nan nan nan
 nan nan nan nan nan nan nan nan nan nan nan nan nan nan nan nan nan nan
 nan]
2026-03-26 12:50:08,563 - root - ERROR - NaN value detected in oversampled model function.
2026-03-26 12:50:08,565 - root - ERROR - <ParameterSet (values: 17)>
    cont_intercept  =  13946.961454426864
    cont_slope      =  -0.16800248872746296
    iod_depth       =  0.45488277136691024
    lsf_left_1      =  5.302474348933247
    lsf_left_2      =  -19.391137296278785
    lsf_left_3      =  2.7931329433229406
    lsf_left_4      =  -2.6224211762886123
    lsf_left_5      =  1.0845637398303145
    lsf_right1      =  2.123403952399025
    lsf_right2      =  -7.803824543787664
    lsf_right3      =  6.974572555083098
    lsf_right4      =  -3.953043839395934
    lsf_right5      =  0.8886336957395498
    tem_depth       =  0.48883326090835594
    velocity        =  -840.3535390239967
    wave_intercept  =  5335.39246638781
    wave_slope      =  0.013754055073975086
2026-03-26 12:50:08,566 - root - ERROR - Evaluated LSF:
2026-03-26 12:50:08,567 - root - ERROR - [nan nan nan nan nan nan nan nan nan nan nan nan nan nan nan nan nan nan
 nan nan nan nan nan nan nan nan nan nan nan nan nan nan nan nan nan nan
 nan nan nan nan nan nan nan nan nan nan nan nan nan nan nan nan nan nan
 nan nan nan nan nan nan nan nan nan nan nan nan nan nan nan nan nan nan
 nan]
2026-03-26 12:50:09,543 - root - ERROR - NaN value detected in oversampled model function.
2026-03-26 12:50:09,544 - root - ERROR - <ParameterSet (values: 17)>
    cont_intercept  =  7997.049840328062
    cont_slope      =  5.433195443808789
    iod_depth       =  0.24124650996131458
    lsf_left_1      =  8.803507485830758
    lsf_left_2      =  -16.413685044074583
    lsf_left_3      =  1.1358476562934434
    lsf_left_4      =  -3.5807443613420604
    lsf_left_5      =  0.33693430310855726
    lsf_right1      =  2.567159579854396
    lsf_right2      =  -14.652607991888374
    lsf_right3      =  4.256628965428803
    lsf_right4      =  -3.934897075972033
    lsf_right5      =  1.1512111623472148
    tem_depth       =  0.3300183441609857
    velocity        =  -1086.6303010502052
    wave_intercept  =  5342.126192850862
    wave_slope      =  0.01689140896831894
2026-03-26 12:50:09,545 - root - ERROR - Evaluated LSF:
2026-03-26 12:50:09,546 - root - ERROR - [nan nan nan nan nan nan nan nan nan nan nan nan nan nan nan nan nan nan
 nan nan nan nan nan nan nan nan nan nan nan nan nan nan nan nan nan nan
 nan nan nan nan nan nan nan nan nan nan nan nan nan nan nan nan nan nan
 nan nan nan nan nan nan nan nan nan nan nan nan nan nan nan nan nan nan
 nan]
2026-03-26 12:50:10,024 - root - ERROR - NaN value detected in oversampled model function.
2026-03-26 12:50:10,026 - root - ERROR - <ParameterSet (values: 17)>
    cont_intercept  =  10375.00721683958
    cont_slope      =  6.752690104498871
    iod_depth       =  0.3501113651552778
    lsf_left_1      =  5.165075258949495
    lsf_left_2      =  -19.17640042907538
    lsf_left_3      =  1.4616151371339505
    lsf_left_4      =  -3.818350625056937
    lsf_left_5      =  0.13264694541165012
    lsf_right1      =  2.365092990115054
    lsf_right2      =  -15.36887926152858
    lsf_right3      =  3.5751712974716305
    lsf_right4      =  -1.4149527885682587
    lsf_right5      =  0.7222943685372534
    tem_depth       =  0.7087156178060912
    velocity        =  -1853.4314555964727
    wave_intercept  =  5352.916199409271
    wave_slope      =  0.015997487828866
2026-03-26 12:50:10,027 - root - ERROR - Evaluated LSF:
2026-03-26 12:50:10,028 - root - ERROR - [nan nan nan nan nan nan nan nan nan nan nan nan nan nan nan nan nan nan
 nan nan nan nan nan nan nan nan nan nan nan nan nan nan nan nan nan nan
 nan nan nan nan nan nan nan nan nan nan nan nan nan nan nan nan nan nan
 nan nan nan nan nan nan nan nan nan nan nan nan nan nan nan nan nan nan
 nan]
2026-03-26 12:50:10,839 - root - ERROR - NaN value detected in oversampled model function.
2026-03-26 12:50:10,840 - root - ERROR - <ParameterSet (values: 17)>
    cont_intercept  =  13276.833589858563
    cont_slope      =  3.5315855413888646
    iod_depth       =  0.4562976248189613
    lsf_left_1      =  8.226113540310745
    lsf_left_2      =  -19.133902095018033
    lsf_left_3      =  8.913835103387374
    lsf_left_4      =  -3.896628502012643
    lsf_left_5      =  0.13453127207674595
    lsf_right1      =  2.108221587829578
    lsf_right2      =  -9.359354879975205
    lsf_right3      =  7.708835409594963
    lsf_right4      =  -3.900331277923365
    lsf_right5      =  0.7203970875336373
    tem_depth       =  0.5203852938681823
    velocity        =  -916.6258007098352
    wave_intercept  =  5365.165139066878
    wave_slope      =  0.015300698780785332
2026-03-26 12:50:10,842 - root - ERROR - Evaluated LSF:
2026-03-26 12:50:10,843 - root - ERROR - [nan nan nan nan nan nan nan nan nan nan nan nan nan nan nan nan nan nan
 nan nan nan nan nan nan nan nan nan nan nan nan nan nan nan nan nan nan
 nan nan nan nan nan nan nan nan nan nan nan nan nan nan nan nan nan nan
 nan nan nan nan nan nan nan nan nan nan nan nan nan nan nan nan nan nan
 nan]
2026-03-26 12:50:11,328 - root - ERROR - NaN value detected in oversampled model function.
2026-03-26 12:50:11,330 - root - ERROR - <ParameterSet (values: 17)>
    cont_intercept  =  14304.256495978409
    cont_slope      =  0.1582881153838001
    iod_depth       =  0.506897188864678
    lsf_left_1      =  2.4674046976682567
    lsf_left_2      =  -10.52990939672397
    lsf_left_3      =  8.889127967122805
    lsf_left_4      =  -3.472484218156061
    lsf_left_5      =  0.4321176855252702
    lsf_right1      =  2.111915016529145
    lsf_right2      =  -15.786608732261717
    lsf_right3      =  3.426457696818042
    lsf_right4      =  -3.94923674485778
    lsf_right5      =  0.466611024450968
    tem_depth       =  0.6192050873276835
    velocity        =  -951.6933178330119
    wave_intercept  =  5374.817636215537
    wave_slope      =  0.014543903526621285
2026-03-26 12:50:11,331 - root - ERROR - Evaluated LSF:
2026-03-26 12:50:11,332 - root - ERROR - [nan nan nan nan nan nan nan nan nan nan nan nan nan nan nan nan nan nan
 nan nan nan nan nan nan nan nan nan nan nan nan nan nan nan nan nan nan
 nan nan nan nan nan nan nan nan nan nan nan nan nan nan nan nan nan nan
 nan nan nan nan nan nan nan nan nan nan nan nan nan nan nan nan nan nan
 nan]
2026-03-26 12:50:14,113 - root - ERROR - NaN value detected in oversampled model function.
2026-03-26 12:50:14,114 - root - ERROR - <ParameterSet (values: 17)>
    cont_intercept  =  9654.11810624068
    cont_slope      =  1.8857095040792786
    iod_depth       =  0.19010077154430366
    lsf_left_1      =  4.884526666695031
    lsf_left_2      =  -16.94731723839732
    lsf_left_3      =  3.404882230122639
    lsf_left_4      =  -0.44129587874091536
    lsf_left_5      =  0.13404744011028816
    lsf_right1      =  5.93707668420837
    lsf_right2      =  -12.60860620786259
    lsf_right3      =  3.294448624375563
    lsf_right4      =  -2.517967194665635
    lsf_right5      =  0.776683705595547
    tem_depth       =  0.41599683262910253
    velocity        =  -2139.366116173125
    wave_intercept  =  5398.142480013692
    wave_slope      =  0.016376588488633916
2026-03-26 12:50:14,116 - root - ERROR - Evaluated LSF:
2026-03-26 12:50:14,117 - root - ERROR - [nan nan nan nan nan nan nan nan nan nan nan nan nan nan nan nan nan nan
 nan nan nan nan nan nan nan nan nan nan nan nan nan nan nan nan nan nan
 nan nan nan nan nan nan nan nan nan nan nan nan nan nan nan nan nan nan
 nan nan nan nan nan nan nan nan nan nan nan nan nan nan nan nan nan nan
 nan]
2026-03-26 12:50:14,374 - root - ERROR - NaN value detected in oversampled model function.
2026-03-26 12:50:14,376 - root - ERROR - <ParameterSet (values: 17)>
    cont_intercept  =  11184.776164121316
    cont_slope      =  1.896505148075059
    iod_depth       =  0.4395562264827652
    lsf_left_1      =  7.936807377585678
    lsf_left_2      =  -19.390714277287586
    lsf_left_3      =  3.9963775583656895
    lsf_left_4      =  -2.632094320288001
    lsf_left_5      =  0.8329965073699935
    lsf_right1      =  3.03829133048594
    lsf_right2      =  -12.89064819713148
    lsf_right3      =  6.566063677645328
    lsf_right4      =  -1.7608368748613925
    lsf_right5      =  0.14016128747937429
    tem_depth       =  0.7797015301369794
    velocity        =  -1864.8048326636592
    wave_intercept  =  5402.402965260167
    wave_slope      =  0.016197115084444134
2026-03-26 12:50:14,377 - root - ERROR - Evaluated LSF:
2026-03-26 12:50:14,378 - root - ERROR - [nan nan nan nan nan nan nan nan nan nan nan nan nan nan nan nan nan nan
 nan nan nan nan nan nan nan nan nan nan nan nan nan nan nan nan nan nan
 nan nan nan nan nan nan nan nan nan nan nan nan nan nan nan nan nan nan
 nan nan nan nan nan nan nan nan nan nan nan nan nan nan nan nan nan nan
 nan]
2026-03-26 12:50:15,159 - root - ERROR - NaN value detected in oversampled model function.
2026-03-26 12:50:15,161 - root - ERROR - <ParameterSet (values: 17)>
    cont_intercept  =  13086.995496865133
    cont_slope      =  0.8795083932288706
    iod_depth       =  0.5313719608351636
    lsf_left_1      =  2.4072936496364825
    lsf_left_2      =  -12.015050385467692
    lsf_left_3      =  6.589941683496526
    lsf_left_4      =  -3.5297701121099756
    lsf_left_5      =  0.8444623141517754
    lsf_right1      =  3.8818640022488156
    lsf_right2      =  -16.82793737863259
    lsf_right3      =  1.2860174727125386
    lsf_right4      =  -3.2809205347858166
    lsf_right5      =  1.032887360756161
    tem_depth       =  0.48793167486019207
    velocity        =  -592.9988120507882
    wave_intercept  =  5414.640519398324
    wave_slope      =  0.015215262105093271
2026-03-26 12:50:15,162 - root - ERROR - Evaluated LSF:
2026-03-26 12:50:15,163 - root - ERROR - [nan nan nan nan nan nan nan nan nan nan nan nan nan nan nan nan nan nan
 nan nan nan nan nan nan nan nan nan nan nan nan nan nan nan nan nan nan
 nan nan nan nan nan nan nan nan nan nan nan nan nan nan nan nan nan nan
 nan nan nan nan nan nan nan nan nan nan nan nan nan nan nan nan nan nan
 nan]
2026-03-26 12:50:15,179 - root - ERROR - NaN value detected in oversampled model function.
2026-03-26 12:50:15,181 - root - ERROR - <ParameterSet (values: 17)>
    cont_intercept  =  13404.115802637669
    cont_slope      =  3.183470194014436
    iod_depth       =  0.49293682807077727
    lsf_left_1      =  2.6942417210771716
    lsf_left_2      =  -12.705054482359824
    lsf_left_3      =  4.424622878488941
    lsf_left_4      =  -2.808096396414443
    lsf_left_5      =  1.042658120555528
    lsf_right1      =  5.492037158261557
    lsf_right2      =  -18.758130468524786
    lsf_right3      =  5.083358427452987
    lsf_right4      =  -3.606451314466438
    lsf_right5      =  0.4183921351791979
    tem_depth       =  0.5752068364455666
    velocity        =  -1914.882944146668
    wave_intercept  =  5416.594162305679
    wave_slope      =  0.015093930842422425
2026-03-26 12:50:15,182 - root - ERROR - Evaluated LSF:
2026-03-26 12:50:15,183 - root - ERROR - [nan nan nan nan nan nan nan nan nan nan nan nan nan nan nan nan nan nan
 nan nan nan nan nan nan nan nan nan nan nan nan nan nan nan nan nan nan
 nan nan nan nan nan nan nan nan nan nan nan nan nan nan nan nan nan nan
 nan nan nan nan nan nan nan nan nan nan nan nan nan nan nan nan nan nan
 nan]
2026-03-26 12:50:15,677 - root - ERROR - NaN value detected in oversampled model function.
2026-03-26 12:50:15,678 - root - ERROR - <ParameterSet (values: 17)>
    cont_intercept  =  15264.269124663522
    cont_slope      =  6.878967568174401
    iod_depth       =  0.5721224430927466
    lsf_left_1      =  8.751311324775346
    lsf_left_2      =  -16.061491260069527
    lsf_left_3      =  3.0062099770188877
    lsf_left_4      =  -1.0199109047083446
    lsf_left_5      =  0.2168708982080548
    lsf_right1      =  3.7331837942308623
    lsf_right2      =  -18.265212320578932
    lsf_right3      =  9.68280109146676
    lsf_right4      =  -3.867005634668064
    lsf_right5      =  0.1660585466095687
    tem_depth       =  -0.2814590841153334
    velocity        =  -20579.053387340064
    wave_intercept  =  5426.146700621106
    wave_slope      =  0.01415407712192143
2026-03-26 12:50:15,679 - root - ERROR - Evaluated LSF:
2026-03-26 12:50:15,680 - root - ERROR - [nan nan nan nan nan nan nan nan nan nan nan nan nan nan nan nan nan nan
 nan nan nan nan nan nan nan nan nan nan nan nan nan nan nan nan nan nan
 nan nan nan nan nan nan nan nan nan nan nan nan nan nan nan nan nan nan
 nan nan nan nan nan nan nan nan nan nan nan nan nan nan nan nan nan nan
 nan]
2026-03-26 12:50:19,731 - root - ERROR - NaN value detected in oversampled model function.
2026-03-26 12:50:19,732 - root - ERROR - <ParameterSet (values: 17)>
    cont_intercept  =  14123.170345862813
    cont_slope      =  10.51702966254337
    iod_depth       =  0.10983471014091498
    lsf_left_1      =  2.0653732611845985
    lsf_left_2      =  -16.775716621460123
    lsf_left_3      =  4.019956538926079
    lsf_left_4      =  -2.5729923553719543
    lsf_left_5      =  0.6354854774364459
    lsf_right1      =  6.062120625763325
    lsf_right2      =  -10.87418389286044
    lsf_right3      =  6.162602856355548
    lsf_right4      =  -2.0664606460022323
    lsf_right5      =  0.534395925058782
    tem_depth       =  0.6548639052176278
    velocity        =  -2486.200612737224
    wave_intercept  =  5476.451049462878
    wave_slope      =  0.01400394198131759
2026-03-26 12:50:19,733 - root - ERROR - Evaluated LSF:
2026-03-26 12:50:19,734 - root - ERROR - [nan nan nan nan nan nan nan nan nan nan nan nan nan nan nan nan nan nan
 nan nan nan nan nan nan nan nan nan nan nan nan nan nan nan nan nan nan
 nan nan nan nan nan nan nan nan nan nan nan nan nan nan nan nan nan nan
 nan nan nan nan nan nan nan nan nan nan nan nan nan nan nan nan nan nan
 nan]
2026-03-26 12:50:19,752 - root - ERROR - NaN value detected in oversampled model function.
2026-03-26 12:50:19,754 - root - ERROR - <ParameterSet (values: 17)>
    cont_intercept  =  14121.258168265282
    cont_slope      =  -1.1107325193438067
    iod_depth       =  0.43134616990207486
    lsf_left_1      =  2.079946588358812
    lsf_left_2      =  -15.931478341691228
    lsf_left_3      =  2.4234144130827326
    lsf_left_4      =  -2.9896316339888407
    lsf_left_5      =  0.3605766749394554
    lsf_right1      =  3.495452004146154
    lsf_right2      =  -13.883594831490125
    lsf_right3      =  5.716883388975206
    lsf_right4      =  -1.914092972354482
    lsf_right5      =  0.1702828117453256
    tem_depth       =  0.49869132258007304
    velocity        =  -653.8415569749272
    wave_intercept  =  5478.303269989093
    wave_slope      =  0.014133972299315982
2026-03-26 12:50:19,755 - root - ERROR - Evaluated LSF:
2026-03-26 12:50:19,756 - root - ERROR - [nan nan nan nan nan nan nan nan nan nan nan nan nan nan nan nan nan nan
 nan nan nan nan nan nan nan nan nan nan nan nan nan nan nan nan nan nan
 nan nan nan nan nan nan nan nan nan nan nan nan nan nan nan nan nan nan
 nan nan nan nan nan nan nan nan nan nan nan nan nan nan nan nan nan nan
 nan]
2026-03-26 12:50:21,364 - root - ERROR - NaN value detected in oversampled model function.
2026-03-26 12:50:21,365 - root - ERROR - <ParameterSet (values: 17)>
    cont_intercept  =  10773.727783370692
    cont_slope      =  6.7484808362768165
    iod_depth       =  0.15056054064760432
    lsf_left_1      =  5.852244432042942
    lsf_left_2      =  -16.030224451061954
    lsf_left_3      =  7.9291431982293625
    lsf_left_4      =  -1.6650086177480308
    lsf_left_5      =  0.18600722838849829
    lsf_right1      =  8.288168569072361
    lsf_right2      =  -19.147264610813952
    lsf_right3      =  1.1395200098689944
    lsf_right4      =  -1.9122753982184806
    lsf_right5      =  0.17024114396119255
    tem_depth       =  0.7476721776280808
    velocity        =  -2623.5597492514544
    wave_intercept  =  5493.224306939578
    wave_slope      =  0.0168396056059049
2026-03-26 12:50:21,367 - root - ERROR - Evaluated LSF:
2026-03-26 12:50:21,368 - root - ERROR - [nan nan nan nan nan nan nan nan nan nan nan nan nan nan nan nan nan nan
 nan nan nan nan nan nan nan nan nan nan nan nan nan nan nan nan nan nan
 nan nan nan nan nan nan nan nan nan nan nan nan nan nan nan nan nan nan
 nan nan nan nan nan nan nan nan nan nan nan nan nan nan nan nan nan nan
 nan]
2026-03-26 12:50:24,644 - root - ERROR - NaN value detected in oversampled model function.
2026-03-26 12:50:24,647 - root - ERROR - <ParameterSet (values: 17)>
    cont_intercept  =  14254.649160733756
    cont_slope      =  -4.634895844979774
    iod_depth       =  0.12885873572640474
    lsf_left_1      =  2.1068139864019115
    lsf_left_2      =  -14.660454576956448
    lsf_left_3      =  5.186843516663122
    lsf_left_4      =  -2.1100927168712373
    lsf_left_5      =  0.6020650911062242
    lsf_right1      =  6.51683401561852
    lsf_right2      =  -11.529867888776106
    lsf_right3      =  5.943845619331133
    lsf_right4      =  -2.1349511676027495
    lsf_right5      =  0.5659914665558139
    tem_depth       =  0.5322788914861836
    velocity        =  -2477.1876578868773
    wave_intercept  =  5529.496147622154
    wave_slope      =  0.014474259578363916
2026-03-26 12:50:24,648 - root - ERROR - Evaluated LSF:
2026-03-26 12:50:24,649 - root - ERROR - [nan nan nan nan nan nan nan nan nan nan nan nan nan nan nan nan nan nan
 nan nan nan nan nan nan nan nan nan nan nan nan nan nan nan nan nan nan
 nan nan nan nan nan nan nan nan nan nan nan nan nan nan nan nan nan nan
 nan nan nan nan nan nan nan nan nan nan nan nan nan nan nan nan nan nan
 nan]
2026-03-26 12:50:26,858 - root - ERROR - NaN value detected in oversampled model function.
2026-03-26 12:50:26,859 - root - ERROR - <ParameterSet (values: 17)>
    cont_intercept  =  14401.523507873495
    cont_slope      =  2.712071452685943
    iod_depth       =  0.5064661734883207
    lsf_left_1      =  3.1631142609014993
    lsf_left_2      =  -17.916596575657657
    lsf_left_3      =  1.9342273669657888
    lsf_left_4      =  -2.4445070471411654
    lsf_left_5      =  1.1892119274688184
    lsf_right1      =  3.112592189158085
    lsf_right2      =  -5.803938021345166
    lsf_right3      =  1.1847888906124309
    lsf_right4      =  -2.3781935193000425
    lsf_right5      =  0.625701514082935
    tem_depth       =  0.6299729762107962
    velocity        =  -697.4062269701773
    wave_intercept  =  5556.122747557262
    wave_slope      =  0.01608199875800531
2026-03-26 12:50:26,861 - root - ERROR - Evaluated LSF:
2026-03-26 12:50:26,862 - root - ERROR - [nan nan nan nan nan nan nan nan nan nan nan nan nan nan nan nan nan nan
 nan nan nan nan nan nan nan nan nan nan nan nan nan nan nan nan nan nan
 nan nan nan nan nan nan nan nan nan nan nan nan nan nan nan nan nan nan
 nan nan nan nan nan nan nan nan nan nan nan nan nan nan nan nan nan nan
 nan]
2026-03-26 12:50:32,297 - root - ERROR - NaN value detected in oversampled model function.
2026-03-26 12:50:32,299 - root - ERROR - <ParameterSet (values: 17)>
    cont_intercept  =  16497.471550123046
    cont_slope      =  4.671073839762035
    iod_depth       =  0.5147875502353018
    lsf_left_1      =  2.0675210252273595
    lsf_left_2      =  -18.372512867817367
    lsf_left_3      =  6.322881131970368
    lsf_left_4      =  -3.694993404624059
    lsf_left_5      =  0.3630128421807587
    lsf_right1      =  4.70681955614606
    lsf_right2      =  -15.0269533739455
    lsf_right3      =  7.197745951027999
    lsf_right4      =  -3.950609607506099
    lsf_right5      =  0.2051561715229855
    tem_depth       =  0.2179050251364622
    velocity        =  14472.134362517896
    wave_intercept  =  5611.266494233642
    wave_slope      =  0.015884286519226316
2026-03-26 12:50:32,300 - root - ERROR - Evaluated LSF:
2026-03-26 12:50:32,301 - root - ERROR - [nan nan nan nan nan nan nan nan nan nan nan nan nan nan nan nan nan nan
 nan nan nan nan nan nan nan nan nan nan nan nan nan nan nan nan nan nan
 nan nan nan nan nan nan nan nan nan nan nan nan nan nan nan nan nan nan
 nan nan nan nan nan nan nan nan nan nan nan nan nan nan nan nan nan nan
 nan]
2026-03-26 12:50:33,490 - root - ERROR - NaN value detected in oversampled model function.
2026-03-26 12:50:33,492 - root - ERROR - <ParameterSet (values: 17)>
    cont_intercept  =  15307.805575683027
    cont_slope      =  2.0206359165710244
    iod_depth       =  0.37809749346036103
    lsf_left_1      =  4.669136495332411
    lsf_left_2      =  -17.546975675372757
    lsf_left_3      =  1.4397505975351228
    lsf_left_4      =  -2.47790697568122
    lsf_left_5      =  1.1899503532647975
    lsf_right1      =  5.548722870035071
    lsf_right2      =  -19.270273198320776
    lsf_right3      =  9.884876753060805
    lsf_right4      =  -3.278189929911419
    lsf_right5      =  0.3244939947733526
    tem_depth       =  -0.23693214292174947
    velocity        =  -7873.570584700716
    wave_intercept  =  5629.095321083587
    wave_slope      =  0.01437972659715637
2026-03-26 12:50:33,493 - root - ERROR - Evaluated LSF:
2026-03-26 12:50:33,494 - root - ERROR - [nan nan nan nan nan nan nan nan nan nan nan nan nan nan nan nan nan nan
 nan nan nan nan nan nan nan nan nan nan nan nan nan nan nan nan nan nan
 nan nan nan nan nan nan nan nan nan nan nan nan nan nan nan nan nan nan
 nan nan nan nan nan nan nan nan nan nan nan nan nan nan nan nan nan nan
 nan]
2026-03-26 12:50:35,848 - root - ERROR - Chunk 286: No Data! Returning LmfitResult with None.
2026-03-26 12:50:37,927 - root - ERROR - NaN value detected in oversampled model function.
2026-03-26 12:50:37,929 - root - ERROR - <ParameterSet (values: 17)>
    cont_intercept  =  14677.901858472087
    cont_slope      =  -2.914651705900763
    iod_depth       =  0.09508564692222378
    lsf_left_1      =  5.8316535611952425
    lsf_left_2      =  -11.224973318287224
    lsf_left_3      =  6.066164586830928
    lsf_left_4      =  -2.249560096082531
    lsf_left_5      =  0.2585235314274207
    lsf_right1      =  3.015889501801592
    lsf_right2      =  -14.707673150466881
    lsf_right3      =  4.963030288580203
    lsf_right4      =  -2.318964779795923
    lsf_right5      =  0.6686266572573856
    tem_depth       =  0.7058887758911853
    velocity        =  -1969.008860111163
    wave_intercept  =  5684.968615588576
    wave_slope      =  0.014487985152104891
2026-03-26 12:50:37,930 - root - ERROR - Evaluated LSF:
2026-03-26 12:50:37,931 - root - ERROR - [nan nan nan nan nan nan nan nan nan nan nan nan nan nan nan nan nan nan
 nan nan nan nan nan nan nan nan nan nan nan nan nan nan nan nan nan nan
 nan nan nan nan nan nan nan nan nan nan nan nan nan nan nan nan nan nan
 nan nan nan nan nan nan nan nan nan nan nan nan nan nan nan nan nan nan
 nan]
2026-03-26 12:50:38,391 - root - ERROR - NaN value detected in oversampled model function.
2026-03-26 12:50:38,392 - root - ERROR - <ParameterSet (values: 17)>
    cont_intercept  =  10928.956415638968
    cont_slope      =  5.250526783573618
    iod_depth       =  0.28692658628755585
    lsf_left_1      =  4.690653235926879
    lsf_left_2      =  -18.36884876629566
    lsf_left_3      =  2.185097618936152
    lsf_left_4      =  -3.934493086081093
    lsf_left_5      =  0.2017884501712448
    lsf_right1      =  7.788138854543675
    lsf_right2      =  -19.326825664738244
    lsf_right3      =  8.69368567688284
    lsf_right4      =  -3.748653491629084
    lsf_right5      =  0.13327623228684268
    tem_depth       =  0.3859481581132099
    velocity        =  -813.8147790722614
    wave_intercept  =  5691.627349616374
    wave_slope      =  0.018174642458764097
2026-03-26 12:50:38,393 - root - ERROR - Evaluated LSF:
2026-03-26 12:50:38,394 - root - ERROR - [nan nan nan nan nan nan nan nan nan nan nan nan nan nan nan nan nan nan
 nan nan nan nan nan nan nan nan nan nan nan nan nan nan nan nan nan nan
 nan nan nan nan nan nan nan nan nan nan nan nan nan nan nan nan nan nan
 nan nan nan nan nan nan nan nan nan nan nan nan nan nan nan nan nan nan
 nan]
2026-03-26 12:50:38,565 - root - ERROR - NaN value detected in oversampled model function.
2026-03-26 12:50:38,567 - root - ERROR - <ParameterSet (values: 17)>
    cont_intercept  =  12036.178116968367
    cont_slope      =  2.982599465117315
    iod_depth       =  0.09768988238152582
    lsf_left_1      =  4.00358967339535
    lsf_left_2      =  -19.401680432942133
    lsf_left_3      =  1.1351703378246687
    lsf_left_4      =  -3.954950065425685
    lsf_left_5      =  0.1326267233320014
    lsf_right1      =  3.788991567540346
    lsf_right2      =  -14.262699316089776
    lsf_right3      =  3.3196502677793496
    lsf_right4      =  -3.6041823036659273
    lsf_right5      =  0.19564857909586114
    tem_depth       =  0.7535908634088488
    velocity        =  -2583.3197208439965
    wave_intercept  =  5696.292705123125
    wave_slope      =  0.017827805279987362
2026-03-26 12:50:38,568 - root - ERROR - Evaluated LSF:
2026-03-26 12:50:38,569 - root - ERROR - [nan nan nan nan nan nan nan nan nan nan nan nan nan nan nan nan nan nan
 nan nan nan nan nan nan nan nan nan nan nan nan nan nan nan nan nan nan
 nan nan nan nan nan nan nan nan nan nan nan nan nan nan nan nan nan nan
 nan nan nan nan nan nan nan nan nan nan nan nan nan nan nan nan nan nan
 nan]
2026-03-26 12:50:38,704 - root - ERROR - NaN value detected in oversampled model function.
2026-03-26 12:50:38,705 - root - ERROR - <ParameterSet (values: 17)>
    cont_intercept  =  12644.988565007085
    cont_slope      =  6.987150916447509
    iod_depth       =  0.22367452972390636
    lsf_left_1      =  2.1375249976626325
    lsf_left_2      =  -15.809680989980887
    lsf_left_3      =  7.530872763327145
    lsf_left_4      =  -3.953776200485615
    lsf_left_5      =  1.1575310352095962
    lsf_right1      =  2.3365551168823773
    lsf_right2      =  -19.176296210621786
    lsf_right3      =  7.305298977755261
    lsf_right4      =  -1.1102206311233607
    lsf_right5      =  0.1367681432632661
    tem_depth       =  0.6680959037986224
    velocity        =  -2425.83276672895
    wave_intercept  =  5698.593140370483
    wave_slope      =  0.017577044787853775
2026-03-26 12:50:38,707 - root - ERROR - Evaluated LSF:
2026-03-26 12:50:38,708 - root - ERROR - [nan nan nan nan nan nan nan nan nan nan nan nan nan nan nan nan nan nan
 nan nan nan nan nan nan nan nan nan nan nan nan nan nan nan nan nan nan
 nan nan nan nan nan nan nan nan nan nan nan nan nan nan nan nan nan nan
 nan nan nan nan nan nan nan nan nan nan nan nan nan nan nan nan nan nan
 nan]
2026-03-26 12:50:38,993 - root - ERROR - NaN value detected in oversampled model function.
2026-03-26 12:50:38,994 - root - ERROR - <ParameterSet (values: 17)>
    cont_intercept  =  14271.030665194621
    cont_slope      =  8.128958031538719
    iod_depth       =  0.10317826136819158
    lsf_left_1      =  2.2995521436258137
    lsf_left_2      =  -17.121569418178694
    lsf_left_3      =  3.11732178479396
    lsf_left_4      =  -2.532265501482508
    lsf_left_5      =  0.5736676640646627
    lsf_right1      =  6.451299385937014
    lsf_right2      =  -12.60460050402542
    lsf_right3      =  4.879022741516987
    lsf_right4      =  -2.3682065299469204
    lsf_right5      =  0.6305083979166219
    tem_depth       =  0.903774853296503
    velocity        =  -2134.4781195707515
    wave_intercept  =  5705.347198945973
    wave_slope      =  0.016750332985602426
2026-03-26 12:50:38,995 - root - ERROR - Evaluated LSF:
2026-03-26 12:50:38,996 - root - ERROR - [nan nan nan nan nan nan nan nan nan nan nan nan nan nan nan nan nan nan
 nan nan nan nan nan nan nan nan nan nan nan nan nan nan nan nan nan nan
 nan nan nan nan nan nan nan nan nan nan nan nan nan nan nan nan nan nan
 nan nan nan nan nan nan nan nan nan nan nan nan nan nan nan nan nan nan
 nan]
2026-03-26 12:50:39,507 - root - ERROR - NaN value detected in oversampled model function.
2026-03-26 12:50:39,508 - root - ERROR - <ParameterSet (values: 17)>
    cont_intercept  =  15185.043053780424
    cont_slope      =  2.6536366452802227
    iod_depth       =  0.23987169984456863
    lsf_left_1      =  2.06538382946736
    lsf_left_2      =  -19.4023520221913
    lsf_left_3      =  3.2929392977890264
    lsf_left_4      =  -1.3435316309626781
    lsf_left_5      =  0.23276516511507114
    lsf_right1      =  4.654797286704426
    lsf_right2      =  -14.110932060734648
    lsf_right3      =  10.215307810266687
    lsf_right4      =  -3.9494974317542093
    lsf_right5      =  0.13263635707981827
    tem_depth       =  0.5827606948433018
    velocity        =  -2400.9616922869122
    wave_intercept  =  5711.894241762806
    wave_slope      =  0.016351755395797092
2026-03-26 12:50:39,510 - root - ERROR - Evaluated LSF:
2026-03-26 12:50:39,510 - root - ERROR - [nan nan nan nan nan nan nan nan nan nan nan nan nan nan nan nan nan nan
 nan nan nan nan nan nan nan nan nan nan nan nan nan nan nan nan nan nan
 nan nan nan nan nan nan nan nan nan nan nan nan nan nan nan nan nan nan
 nan nan nan nan nan nan nan nan nan nan nan nan nan nan nan nan nan nan
 nan]
2026-03-26 12:50:41,715 - root - ERROR - NaN value detected in oversampled model function.
2026-03-26 12:50:41,716 - root - ERROR - <ParameterSet (values: 17)>
    cont_intercept  =  15635.07469707983
    cont_slope      =  -3.4273850904705743
    iod_depth       =  0.4227533156438612
    lsf_left_1      =  9.183620136943702
    lsf_left_2      =  -19.32790265828428
    lsf_left_3      =  1.2872811022901083
    lsf_left_4      =  -3.714771789468934
    lsf_left_5      =  1.0419100285083323
    lsf_right1      =  2.573947236100677
    lsf_right2      =  -19.300793140754788
    lsf_right3      =  2.5883961189615254
    lsf_right4      =  -3.907472401119195
    lsf_right5      =  0.8934980906540427
    tem_depth       =  0.5587703686622081
    velocity        =  -1014.1351398871849
    wave_intercept  =  5739.964195485657
    wave_slope      =  0.0143631733679966
2026-03-26 12:50:41,718 - root - ERROR - Evaluated LSF:
2026-03-26 12:50:41,719 - root - ERROR - [nan nan nan nan nan nan nan nan nan nan nan nan nan nan nan nan nan nan
 nan nan nan nan nan nan nan nan nan nan nan nan nan nan nan nan nan nan
 nan nan nan nan nan nan nan nan nan nan nan nan nan nan nan nan nan nan
 nan nan nan nan nan nan nan nan nan nan nan nan nan nan nan nan nan nan
 nan]
2026-03-26 12:50:42,816 - root - ERROR - NaN value detected in oversampled model function.
2026-03-26 12:50:42,817 - root - ERROR - <ParameterSet (values: 17)>
    cont_intercept  =  12879.31025945211
    cont_slope      =  8.448792588829132
    iod_depth       =  0.14561637185645349
    lsf_left_1      =  2.1789807773707985
    lsf_left_2      =  -16.178597563377302
    lsf_left_3      =  4.13659404491878
    lsf_left_4      =  -2.463421600890793
    lsf_left_5      =  0.573109673103378
    lsf_right1      =  6.643043614338067
    lsf_right2      =  -11.471986537812063
    lsf_right3      =  5.97357371494805
    lsf_right4      =  -2.1064567617970305
    lsf_right5      =  0.49258365086785055
    tem_depth       =  0.6423166375231605
    velocity        =  -2129.010808582357
    wave_intercept  =  5752.352224560902
    wave_slope      =  0.01772256886759271
2026-03-26 12:50:42,819 - root - ERROR - Evaluated LSF:
2026-03-26 12:50:42,820 - root - ERROR - [nan nan nan nan nan nan nan nan nan nan nan nan nan nan nan nan nan nan
 nan nan nan nan nan nan nan nan nan nan nan nan nan nan nan nan nan nan
 nan nan nan nan nan nan nan nan nan nan nan nan nan nan nan nan nan nan
 nan nan nan nan nan nan nan nan nan nan nan nan nan nan nan nan nan nan
 nan]
2026-03-26 12:50:44,960 - root - ERROR - NaN value detected in oversampled model function.
2026-03-26 12:50:44,962 - root - ERROR - <ParameterSet (values: 17)>
    cont_intercept  =  17366.223304410967
    cont_slope      =  -6.9876735052934364
    iod_depth       =  0.14959750626706889
    lsf_left_1      =  5.187237691774948
    lsf_left_2      =  -13.114871581190894
    lsf_left_3      =  4.8663616709289474
    lsf_left_4      =  -2.338426900863419
    lsf_left_5      =  0.5852057261356454
    lsf_right1      =  5.3158491134803505
    lsf_right2      =  -13.248843079440222
    lsf_right3      =  5.478585219350164
    lsf_right4      =  -2.107905746952532
    lsf_right5      =  0.6974736076983882
    tem_depth       =  1.0122883150304733
    velocity        =  -2245.342400464826
    wave_intercept  =  5778.426847877689
    wave_slope      =  0.015745351283144082
2026-03-26 12:50:44,963 - root - ERROR - Evaluated LSF:
2026-03-26 12:50:44,965 - root - ERROR - [nan nan nan nan nan nan nan nan nan nan nan nan nan nan nan nan nan nan
 nan nan nan nan nan nan nan nan nan nan nan nan nan nan nan nan nan nan
 nan nan nan nan nan nan nan nan nan nan nan nan nan nan nan nan nan nan
 nan nan nan nan nan nan nan nan nan nan nan nan nan nan nan nan nan nan
 nan]
2026-03-26 12:50:45,305 - root - ERROR - Chunk 343: No Data! Returning LmfitResult with None.
2026-03-26 12:50:46,880 - root - ERROR - NaN value detected in oversampled model function.
2026-03-26 12:50:46,882 - root - ERROR - <ParameterSet (values: 17)>
    cont_intercept  =  13443.37023785852
    cont_slope      =  6.011482235371052
    iod_depth       =  0.3858327585598982
    lsf_left_1      =  8.339617330236537
    lsf_left_2      =  -17.72353200181267
    lsf_left_3      =  1.9562476947201257
    lsf_left_4      =  -3.9403649927203075
    lsf_left_5      =  0.20047812234868556
    lsf_right1      =  3.2678396973088484
    lsf_right2      =  -15.103220993458363
    lsf_right3      =  8.83882149903806
    lsf_right4      =  -2.716271770181824
    lsf_right5      =  0.21336364842648742
    tem_depth       =  -0.15652163857567647
    velocity        =  -9335.39387883365
    wave_intercept  =  5804.823282123294
    wave_slope      =  0.017635722828650044
2026-03-26 12:50:46,884 - root - ERROR - Evaluated LSF:
2026-03-26 12:50:46,885 - root - ERROR - [nan nan nan nan nan nan nan nan nan nan nan nan nan nan nan nan nan nan
 nan nan nan nan nan nan nan nan nan nan nan nan nan nan nan nan nan nan
 nan nan nan nan nan nan nan nan nan nan nan nan nan nan nan nan nan nan
 nan nan nan nan nan nan nan nan nan nan nan nan nan nan nan nan nan nan
 nan]
2026-03-26 12:50:48,210 - root - ERROR - NaN value detected in oversampled model function.
2026-03-26 12:50:48,211 - root - ERROR - <ParameterSet (values: 17)>
    cont_intercept  =  18651.074244496256
    cont_slope      =  1.3033006153642686
    iod_depth       =  0.5213935292821927
    lsf_left_1      =  2.3232255058169113
    lsf_left_2      =  -12.412608617302293
    lsf_left_3      =  5.045749391510453
    lsf_left_4      =  -3.3139850149652235
    lsf_left_5      =  1.193637944459947
    lsf_right1      =  3.0279709989617527
    lsf_right2      =  -8.075019501593703
    lsf_right3      =  1.329836445706965
    lsf_right4      =  -2.4705243568603357
    lsf_right5      =  1.0716223391620452
    tem_depth       =  0.5295182436290293
    velocity        =  -1344.141235297508
    wave_intercept  =  5827.171306992681
    wave_slope      =  0.01632329757920745
2026-03-26 12:50:48,212 - root - ERROR - Evaluated LSF:
2026-03-26 12:50:48,213 - root - ERROR - [nan nan nan nan nan nan nan nan nan nan nan nan nan nan nan nan nan nan
 nan nan nan nan nan nan nan nan nan nan nan nan nan nan nan nan nan nan
 nan nan nan nan nan nan nan nan nan nan nan nan nan nan nan nan nan nan
 nan nan nan nan nan nan nan nan nan nan nan nan nan nan nan nan nan nan
 nan]
2026-03-26 12:50:48,970 - root - ERROR - NaN value detected in oversampled model function.
2026-03-26 12:50:48,976 - root - ERROR - <ParameterSet (values: 17)>
    cont_intercept  =  18894.53696918867
    cont_slope      =  1.7792727045456072
    iod_depth       =  0.4078002372416618
    lsf_left_1      =  2.694934289798993
    lsf_left_2      =  -19.074737069299754
    lsf_left_3      =  1.7496945017122152
    lsf_left_4      =  -3.183777740309858
    lsf_left_5      =  0.8914584074815801
    lsf_right1      =  9.561235512300225
    lsf_right2      =  -15.812391534331324
    lsf_right3      =  2.5115118402070404
    lsf_right4      =  -3.884325670146926
    lsf_right5      =  0.7833911651957204
    tem_depth       =  0.12386546502990958
    velocity        =  -17576.08860950171
    wave_intercept  =  5835.51338959552
    wave_slope      =  0.015679549453717988
2026-03-26 12:50:48,977 - root - ERROR - Evaluated LSF:
2026-03-26 12:50:48,978 - root - ERROR - [nan nan nan nan nan nan nan nan nan nan nan nan nan nan nan nan nan nan
 nan nan nan nan nan nan nan nan nan nan nan nan nan nan nan nan nan nan
 nan nan nan nan nan nan nan nan nan nan nan nan nan nan nan nan nan nan
 nan nan nan nan nan nan nan nan nan nan nan nan nan nan nan nan nan nan
 nan]
2026-03-26 12:50:54,809 - root - ERROR - NaN value detected in oversampled model function.
2026-03-26 12:50:54,811 - root - ERROR - <ParameterSet (values: 17)>
    cont_intercept  =  15794.909721518243
    cont_slope      =  -8.326776101660359
    iod_depth       =  0.35878162593439034
    lsf_left_1      =  6.164463007277547
    lsf_left_2      =  -19.30512431313943
    lsf_left_3      =  1.164129798920246
    lsf_left_4      =  -3.7699810181899998
    lsf_left_5      =  1.1601706420493212
    lsf_right1      =  7.831620246055352
    lsf_right2      =  -18.339782583526226
    lsf_right3      =  5.906354666533769
    lsf_right4      =  -3.4895730188487475
    lsf_right5      =  1.0554102566818209
    tem_depth       =  -0.13870092451974111
    velocity        =  -11002.033440132089
    wave_intercept  =  5907.442238549321
    wave_slope      =  0.01465398852121347
2026-03-26 12:50:54,812 - root - ERROR - Evaluated LSF:
2026-03-26 12:50:54,813 - root - ERROR - [nan nan nan nan nan nan nan nan nan nan nan nan nan nan nan nan nan nan
 nan nan nan nan nan nan nan nan nan nan nan nan nan nan nan nan nan nan
 nan nan nan nan nan nan nan nan nan nan nan nan nan nan nan nan nan nan
 nan nan nan nan nan nan nan nan nan nan nan nan nan nan nan nan nan nan
 nan]
2026-03-26 12:50:56,517 - root - ERROR - NaN value detected in oversampled model function.
2026-03-26 12:50:56,519 - root - ERROR - <ParameterSet (values: 17)>
    cont_intercept  =  18811.897228730613
    cont_slope      =  2.3820854890507506
    iod_depth       =  0.3664566940962939
    lsf_left_1      =  2.4339101914341703
    lsf_left_2      =  -18.716595024598973
    lsf_left_3      =  5.733505370488589
    lsf_left_4      =  -1.8857397103569151
    lsf_left_5      =  0.49714341457581157
    lsf_right1      =  9.055371068995175
    lsf_right2      =  -19.193144381641982
    lsf_right3      =  1.5034833625250639
    lsf_right4      =  -0.7925536581954704
    lsf_right5      =  0.3262781701899797
    tem_depth       =  0.7192251836864585
    velocity        =  -1452.3761353679097
    wave_intercept  =  5935.929248682284
    wave_slope      =  0.016898502312522864
2026-03-26 12:50:56,520 - root - ERROR - Evaluated LSF:
2026-03-26 12:50:56,521 - root - ERROR - [nan nan nan nan nan nan nan nan nan nan nan nan nan nan nan nan nan nan
 nan nan nan nan nan nan nan nan nan nan nan nan nan nan nan nan nan nan
 nan nan nan nan nan nan nan nan nan nan nan nan nan nan nan nan nan nan
 nan nan nan nan nan nan nan nan nan nan nan nan nan nan nan nan nan nan
 nan]
2026-03-26 12:50:56,923 - root - ERROR - NaN value detected in oversampled model function.
2026-03-26 12:50:56,924 - root - ERROR - <ParameterSet (values: 17)>
    cont_intercept  =  19665.324466259877
    cont_slope      =  1.0479504025635458
    iod_depth       =  0.36090235685294697
    lsf_left_1      =  4.619981818037495
    lsf_left_2      =  -15.882351640287226
    lsf_left_3      =  2.901712773974877
    lsf_left_4      =  -3.766079508469124
    lsf_left_5      =  0.5661686507479857
    lsf_right1      =  2.076340150298352
    lsf_right2      =  -19.233963598748762
    lsf_right3      =  4.125715589137988
    lsf_right4      =  -1.0908712130036031
    lsf_right5      =  0.16026497809069282
    tem_depth       =  0.7076921671375923
    velocity        =  -2845.567601179532
    wave_intercept  =  5942.464922851418
    wave_slope      =  0.016558887055042562
2026-03-26 12:50:56,926 - root - ERROR - Evaluated LSF:
2026-03-26 12:50:56,927 - root - ERROR - [nan nan nan nan nan nan nan nan nan nan nan nan nan nan nan nan nan nan
 nan nan nan nan nan nan nan nan nan nan nan nan nan nan nan nan nan nan
 nan nan nan nan nan nan nan nan nan nan nan nan nan nan nan nan nan nan
 nan nan nan nan nan nan nan nan nan nan nan nan nan nan nan nan nan nan
 nan]
2026-03-26 12:50:56,944 - root - ERROR - NaN value detected in oversampled model function.
2026-03-26 12:50:56,946 - root - ERROR - <ParameterSet (values: 17)>
    cont_intercept  =  19755.61292882957
    cont_slope      =  -10.13797954165068
    iod_depth       =  0.7925129333752683
    lsf_left_1      =  4.384902841996004
    lsf_left_2      =  -19.394274757553312
    lsf_left_3      =  9.806875707042542
    lsf_left_4      =  -3.248700849747683
    lsf_left_5      =  0.15437004276458616
    lsf_right1      =  5.260778649475689
    lsf_right2      =  -17.976984290725188
    lsf_right3      =  4.5165543959773276
    lsf_right4      =  -2.974923454815691
    lsf_right5      =  0.8523405220323242
    tem_depth       =  0.10680713946482412
    velocity        =  -4624.463152668174
    wave_intercept  =  5944.534404964201
    wave_slope      =  0.016136191602312284
2026-03-26 12:50:56,947 - root - ERROR - Evaluated LSF:
2026-03-26 12:50:56,948 - root - ERROR - [nan nan nan nan nan nan nan nan nan nan nan nan nan nan nan nan nan nan
 nan nan nan nan nan nan nan nan nan nan nan nan nan nan nan nan nan nan
 nan nan nan nan nan nan nan nan nan nan nan nan nan nan nan nan nan nan
 nan nan nan nan nan nan nan nan nan nan nan nan nan nan nan nan nan nan
 nan]
2026-03-26 12:51:00,216 - root - ERROR - NaN value detected in oversampled model function.
2026-03-26 12:51:00,218 - root - ERROR - <ParameterSet (values: 17)>
    cont_intercept  =  17004.659902714684
    cont_slope      =  4.257377686185934
    iod_depth       =  0.37524035415896634
    lsf_left_1      =  2.2633396987766403
    lsf_left_2      =  -18.85576832025141
    lsf_left_3      =  9.625908352647357
    lsf_left_4      =  -3.1582243239367855
    lsf_left_5      =  0.7698287707831938
    lsf_right1      =  3.3443113809216323
    lsf_right2      =  -19.153035018901832
    lsf_right3      =  1.91951249242316
    lsf_right4      =  -1.363347209009063
    lsf_right5      =  0.46523189792075964
    tem_depth       =  0.5338246620878513
    velocity        =  -816.3568322347924
    wave_intercept  =  5985.0173309581905
    wave_slope      =  0.017819416344854087
2026-03-26 12:51:00,219 - root - ERROR - Evaluated LSF:
2026-03-26 12:51:00,220 - root - ERROR - [nan nan nan nan nan nan nan nan nan nan nan nan nan nan nan nan nan nan
 nan nan nan nan nan nan nan nan nan nan nan nan nan nan nan nan nan nan
 nan nan nan nan nan nan nan nan nan nan nan nan nan nan nan nan nan nan
 nan nan nan nan nan nan nan nan nan nan nan nan nan nan nan nan nan nan
 nan]
2026-03-26 12:51:01,233 - root - ERROR - NaN value detected in oversampled model function.
2026-03-26 12:51:01,235 - root - ERROR - <ParameterSet (values: 17)>
    cont_intercept  =  19478.62418353934
    cont_slope      =  3.2187909772848933
    iod_depth       =  0.4104876272251609
    lsf_left_1      =  4.350503621725739
    lsf_left_2      =  -12.656003875247565
    lsf_left_3      =  8.82387245548431
    lsf_left_4      =  -3.8232310269737946
    lsf_left_5      =  0.2970476103651746
    lsf_right1      =  2.2549476142026226
    lsf_right2      =  -16.455034351868
    lsf_right3      =  6.624991617436761
    lsf_right4      =  -2.7055025204870136
    lsf_right5      =  0.13938426288350525
    tem_depth       =  -0.15795144469027053
    velocity        =  -9043.388249140993
    wave_intercept  =  6000.726840138717
    wave_slope      =  0.016656563087777552
2026-03-26 12:51:01,236 - root - ERROR - Evaluated LSF:
2026-03-26 12:51:01,238 - root - ERROR - [nan nan nan nan nan nan nan nan nan nan nan nan nan nan nan nan nan nan
 nan nan nan nan nan nan nan nan nan nan nan nan nan nan nan nan nan nan
 nan nan nan nan nan nan nan nan nan nan nan nan nan nan nan nan nan nan
 nan nan nan nan nan nan nan nan nan nan nan nan nan nan nan nan nan nan
 nan]
2026-03-26 12:51:02,797 - root - ERROR - Chunk 444: No Data! Returning LmfitResult with None.
2026-03-26 12:51:03,427 - root - ERROR - NaN value detected in oversampled model function.
2026-03-26 12:51:03,429 - root - ERROR - <ParameterSet (values: 17)>
    cont_intercept  =  15756.256697343035
    cont_slope      =  -13.046385657580535
    iod_depth       =  0.03045040255211437
    lsf_left_1      =  2.097939879787894
    lsf_left_2      =  -18.49686099521243
    lsf_left_3      =  4.032870390066199
    lsf_left_4      =  -2.5277024881470025
    lsf_left_5      =  0.4985714725658738
    lsf_right1      =  4.218502803138062
    lsf_right2      =  -13.146850937230909
    lsf_right3      =  4.138365490363071
    lsf_right4      =  -3.352790024607785
    lsf_right5      =  0.17045615822299415
    tem_depth       =  0.6505799368825355
    velocity        =  -2651.6730747220595
    wave_intercept  =  6021.320961856044
    wave_slope      =  0.015172105629696222
2026-03-26 12:51:03,431 - root - ERROR - Evaluated LSF:
2026-03-26 12:51:03,432 - root - ERROR - [nan nan nan nan nan nan nan nan nan nan nan nan nan nan nan nan nan nan
 nan nan nan nan nan nan nan nan nan nan nan nan nan nan nan nan nan nan
 nan nan nan nan nan nan nan nan nan nan nan nan nan nan nan nan nan nan
 nan nan nan nan nan nan nan nan nan nan nan nan nan nan nan nan nan nan
 nan]
2026-03-26 12:51:04,272 - root - ERROR - NaN value detected in oversampled model function.
2026-03-26 12:51:04,273 - root - ERROR - <ParameterSet (values: 17)>
    cont_intercept  =  14499.814147617226
    cont_slope      =  4.044660064538293
    iod_depth       =  0.42105392045663986
    lsf_left_1      =  4.296829590473194
    lsf_left_2      =  -15.942361926391204
    lsf_left_3      =  1.8129289606923713
    lsf_left_4      =  -1.7943738449913718
    lsf_left_5      =  0.23966293981675624
    lsf_right1      =  2.106084494435865
    lsf_right2      =  -19.173016459110503
    lsf_right3      =  1.3536366840978615
    lsf_right4      =  -3.181734707756431
    lsf_right5      =  0.13506380039270457
    tem_depth       =  0.10253957361134858
    velocity        =  -21285.513436674886
    wave_intercept  =  6034.679327843174
    wave_slope      =  0.01882169603317967
2026-03-26 12:51:04,275 - root - ERROR - Evaluated LSF:
2026-03-26 12:51:04,277 - root - ERROR - [nan nan nan nan nan nan nan nan nan nan nan nan nan nan nan nan nan nan
 nan nan nan nan nan nan nan nan nan nan nan nan nan nan nan nan nan nan
 nan nan nan nan nan nan nan nan nan nan nan nan nan nan nan nan nan nan
 nan nan nan nan nan nan nan nan nan nan nan nan nan nan nan nan nan nan
 nan]
2026-03-26 12:51:08,710 - root - ERROR - NaN value detected in oversampled model function.
2026-03-26 12:51:08,711 - root - ERROR - <ParameterSet (values: 17)>
    cont_intercept  =  14645.008391650472
    cont_slope      =  6.622623376864254
    iod_depth       =  0.30724207014804994
    lsf_left_1      =  2.0788685055834826
    lsf_left_2      =  -18.669761117289234
    lsf_left_3      =  2.5331260857637132
    lsf_left_4      =  -0.6697007172247598
    lsf_left_5      =  0.5362736875266745
    lsf_right1      =  2.205714870629703
    lsf_right2      =  -6.47749825712588
    lsf_right3      =  1.3084884678575275
    lsf_right4      =  -3.9547834745120283
    lsf_right5      =  0.24148945975568675
    tem_depth       =  0.48015083644401874
    velocity        =  -1662.7473809375133
    wave_intercept  =  6092.565587066362
    wave_slope      =  0.019326001263144613
2026-03-26 12:51:08,712 - root - ERROR - Evaluated LSF:
2026-03-26 12:51:08,713 - root - ERROR - [nan nan nan nan nan nan nan nan nan nan nan nan nan nan nan nan nan nan
 nan nan nan nan nan nan nan nan nan nan nan nan nan nan nan nan nan nan
 nan nan nan nan nan nan nan nan nan nan nan nan nan nan nan nan nan nan
 nan nan nan nan nan nan nan nan nan nan nan nan nan nan nan nan nan nan
 nan]
2026-03-26 12:51:09,220 - root - ERROR - NaN value detected in oversampled model function.
2026-03-26 12:51:09,221 - root - ERROR - <ParameterSet (values: 17)>
    cont_intercept  =  17597.18893277158
    cont_slope      =  4.709111727869185
    iod_depth       =  0.1979205354074016
    lsf_left_1      =  4.871154795560832
    lsf_left_2      =  -13.762894231841063
    lsf_left_3      =  8.1862522031665
    lsf_left_4      =  -3.944199934504758
    lsf_left_5      =  0.9291857529563685
    lsf_right1      =  4.098706615759752
    lsf_right2      =  -19.397275354464337
    lsf_right3      =  6.478048638703792
    lsf_right4      =  -3.9189329065050154
    lsf_right5      =  0.8234194793956894
    tem_depth       =  0.5095689009317398
    velocity        =  -684.0886635732999
    wave_intercept  =  6104.732091355749
    wave_slope      =  0.018158926631243414
2026-03-26 12:51:09,222 - root - ERROR - Evaluated LSF:
2026-03-26 12:51:09,223 - root - ERROR - [nan nan nan nan nan nan nan nan nan nan nan nan nan nan nan nan nan nan
 nan nan nan nan nan nan nan nan nan nan nan nan nan nan nan nan nan nan
 nan nan nan nan nan nan nan nan nan nan nan nan nan nan nan nan nan nan
 nan nan nan nan nan nan nan nan nan nan nan nan nan nan nan nan nan nan
 nan]
2026-03-26 12:51:12,686 - root - ERROR - NaN value detected in oversampled model function.
2026-03-26 12:51:12,687 - root - ERROR - <ParameterSet (values: 17)>
    cont_intercept  =  14112.467045027615
    cont_slope      =  4.515954539918105
    iod_depth       =  -0.054424176110108545
    lsf_left_1      =  6.152036291959713
    lsf_left_2      =  -19.401636882479558
    lsf_left_3      =  7.9114757402261375
    lsf_left_4      =  -3.9549514771236733
    lsf_left_5      =  0.13414946928467053
    lsf_right1      =  2.06537396822241
    lsf_right2      =  -19.39147975257008
    lsf_right3      =  10.11664808752165
    lsf_right4      =  -3.812893388273904
    lsf_right5      =  0.8995832542187047
    tem_depth       =  0.6322357536246029
    velocity        =  -5967.736953133626
    wave_intercept  =  6151.480377630814
    wave_slope      =  0.020110942522004998
2026-03-26 12:51:12,688 - root - ERROR - Evaluated LSF:
2026-03-26 12:51:12,689 - root - ERROR - [nan nan nan nan nan nan nan nan nan nan nan nan nan nan nan nan nan nan
 nan nan nan nan nan nan nan nan nan nan nan nan nan nan nan nan nan nan
 nan nan nan nan nan nan nan nan nan nan nan nan nan nan nan nan nan nan
 nan nan nan nan nan nan nan nan nan nan nan nan nan nan nan nan nan nan
 nan]
2026-03-26 12:51:12,871 - root - ERROR - NaN value detected in oversampled model function.
2026-03-26 12:51:12,876 - root - ERROR - <ParameterSet (values: 17)>
    cont_intercept  =  14825.21986909817
    cont_slope      =  10.658497712903252
    iod_depth       =  0.07124582625197486
    lsf_left_1      =  2.065373248237042
    lsf_left_2      =  -17.70037101997169
    lsf_left_3      =  1.442980034338789
    lsf_left_4      =  -3.954712615219201
    lsf_left_5      =  0.13315509332421493
    lsf_right1      =  13.132605532221968
    lsf_right2      =  -19.401758009775417
    lsf_right3      =  1.6781125982000122
    lsf_right4      =  -3.9549532000944416
    lsf_right5      =  0.13262741962741595
    tem_depth       =  0.8438043793346582
    velocity        =  -2215.1962202982713
    wave_intercept  =  6154.08974530203
    wave_slope      =  0.018965392302328035
2026-03-26 12:51:12,878 - root - ERROR - Evaluated LSF:
2026-03-26 12:51:12,880 - root - ERROR - [nan nan nan nan nan nan nan nan nan nan nan nan nan nan nan nan nan nan
 nan nan nan nan nan nan nan nan nan nan nan nan nan nan nan nan nan nan
 nan nan nan nan nan nan nan nan nan nan nan nan nan nan nan nan nan nan
 nan nan nan nan nan nan nan nan nan nan nan nan nan nan nan nan nan nan
 nan]
2026-03-26 12:51:13,645 - root - ERROR - NaN value detected in oversampled model function.
2026-03-26 12:51:13,646 - root - ERROR - <ParameterSet (values: 17)>
    cont_intercept  =  18496.684538955873
    cont_slope      =  4.6407423208606815
    iod_depth       =  0.3637181734239001
    lsf_left_1      =  2.9392233601114564
    lsf_left_2      =  -12.007798148852128
    lsf_left_3      =  3.5960530472344563
    lsf_left_4      =  -3.7696024033230593
    lsf_left_5      =  0.13266595649100876
    lsf_right1      =  6.909640168058122
    lsf_right2      =  -13.014199278289176
    lsf_right3      =  1.4185812614324662
    lsf_right4      =  -2.3079019520621347
    lsf_right5      =  0.3360721414521973
    tem_depth       =  0.5753670355120233
    velocity        =  -935.8566364242647
    wave_intercept  =  6168.7597452976515
    wave_slope      =  0.018291802184393965
2026-03-26 12:51:13,647 - root - ERROR - Evaluated LSF:
2026-03-26 12:51:13,649 - root - ERROR - [nan nan nan nan nan nan nan nan nan nan nan nan nan nan nan nan nan nan
 nan nan nan nan nan nan nan nan nan nan nan nan nan nan nan nan nan nan
 nan nan nan nan nan nan nan nan nan nan nan nan nan nan nan nan nan nan
 nan nan nan nan nan nan nan nan nan nan nan nan nan nan nan nan nan nan
 nan]
2026-03-26 12:51:13,952 - root - ERROR - NaN value detected in oversampled model function.
2026-03-26 12:51:13,953 - root - ERROR - <ParameterSet (values: 17)>
    cont_intercept  =  20255.381385974197
    cont_slope      =  1.3324894896153583
    iod_depth       =  0.37326216366233667
    lsf_left_1      =  3.825786200918083
    lsf_left_2      =  -12.536100421363862
    lsf_left_3      =  5.403406760904171
    lsf_left_4      =  -2.3586971354513038
    lsf_left_5      =  0.365233735875255
    lsf_right1      =  2.083480998727952
    lsf_right2      =  -14.989104901435653
    lsf_right3      =  5.718617662257788
    lsf_right4      =  -1.5829146990952698
    lsf_right5      =  0.3235977586065616
    tem_depth       =  0.6037457529707551
    velocity        =  -4562.840443426711
    wave_intercept  =  6175.748082257481
    wave_slope      =  0.017397481958886803
2026-03-26 12:51:13,955 - root - ERROR - Evaluated LSF:
2026-03-26 12:51:13,956 - root - ERROR - [nan nan nan nan nan nan nan nan nan nan nan nan nan nan nan nan nan nan
 nan nan nan nan nan nan nan nan nan nan nan nan nan nan nan nan nan nan
 nan nan nan nan nan nan nan nan nan nan nan nan nan nan nan nan nan nan
 nan nan nan nan nan nan nan nan nan nan nan nan nan nan nan nan nan nan
 nan]
2026-03-26 12:51:14,522 - root - ERROR - NaN value detected in oversampled model function.
2026-03-26 12:51:14,524 - root - ERROR - <ParameterSet (values: 17)>
    cont_intercept  =  21113.506438103177
    cont_slope      =  -0.9527906058145139
    iod_depth       =  0.4266054909369192
    lsf_left_1      =  2.1666735361859883
    lsf_left_2      =  -13.724050139461717
    lsf_left_3      =  7.100652196545112
    lsf_left_4      =  -3.3414826966916107
    lsf_left_5      =  0.18254248832954278
    lsf_right1      =  5.424169736705679
    lsf_right2      =  -17.875021742162104
    lsf_right3      =  6.45059805471654
    lsf_right4      =  -3.7241784017378294
    lsf_right5      =  1.0717769974725728
    tem_depth       =  0.7374006784720643
    velocity        =  -758.0106015909604
    wave_intercept  =  6184.802519734028
    wave_slope      =  0.01713990921726102
2026-03-26 12:51:14,525 - root - ERROR - Evaluated LSF:
2026-03-26 12:51:14,527 - root - ERROR - [nan nan nan nan nan nan nan nan nan nan nan nan nan nan nan nan nan nan
 nan nan nan nan nan nan nan nan nan nan nan nan nan nan nan nan nan nan
 nan nan nan nan nan nan nan nan nan nan nan nan nan nan nan nan nan nan
 nan nan nan nan nan nan nan nan nan nan nan nan nan nan nan nan nan nan
 nan]
2026-03-26 12:51:15,395 - root - ERROR - Chunk 519: No Data! Returning LmfitResult with None.
2026-03-26 12:51:16,966 - root - ERROR - NaN value detected in oversampled model function.
2026-03-26 12:51:16,967 - root - ERROR - <ParameterSet (values: 17)>
    cont_intercept  =  15195.681445721522
    cont_slope      =  5.562440834701044
    iod_depth       =  0.3005563629847474
    lsf_left_1      =  2.1159522714490024
    lsf_left_2      =  -8.200398259166839
    lsf_left_3      =  1.247542161915452
    lsf_left_4      =  -2.304565671704095
    lsf_left_5      =  1.191428434661432
    lsf_right1      =  2.765953129192114
    lsf_right2      =  -8.464951849465162
    lsf_right3      =  3.617598204738278
    lsf_right4      =  -2.098026513075265
    lsf_right5      =  0.616547430183443
    tem_depth       =  0.43429877108148385
    velocity        =  -1675.6276210495128
    wave_intercept  =  6216.873264157535
    wave_slope      =  0.019441399656112916
2026-03-26 12:51:16,969 - root - ERROR - Evaluated LSF:
2026-03-26 12:51:16,970 - root - ERROR - [nan nan nan nan nan nan nan nan nan nan nan nan nan nan nan nan nan nan
 nan nan nan nan nan nan nan nan nan nan nan nan nan nan nan nan nan nan
 nan nan nan nan nan nan nan nan nan nan nan nan nan nan nan nan nan nan
 nan nan nan nan nan nan nan nan nan nan nan nan nan nan nan nan nan nan
 nan]
2026-03-26 12:51:17,253 - root - ERROR - Chunk 529: No Data! Returning LmfitResult with None.
2026-03-26 12:51:17,267 - root - ERROR - NaN value detected in oversampled model function.
2026-03-26 12:51:17,269 - root - ERROR - <ParameterSet (values: 17)>
    cont_intercept  =  18000.60060442661
    cont_slope      =  6.666691956123755
    iod_depth       =  1.2256981131698024
    lsf_left_1      =  4.566344574526605
    lsf_left_2      =  -14.925919570821979
    lsf_left_3      =  8.144277582656157
    lsf_left_4      =  -3.954910541767966
    lsf_left_5      =  0.6157390140464096
    lsf_right1      =  2.2705142316579554
    lsf_right2      =  -14.103419188961695
    lsf_right3      =  5.625803761317206
    lsf_right4      =  -3.1080887856902786
    lsf_right5      =  1.0386535985794298
    tem_depth       =  0.6909373564042613
    velocity        =  -4850.941347301366
    wave_intercept  =  6226.836525012535
    wave_slope      =  0.01928708653691195
2026-03-26 12:51:17,270 - root - ERROR - Evaluated LSF:
2026-03-26 12:51:17,271 - root - ERROR - [nan nan nan nan nan nan nan nan nan nan nan nan nan nan nan nan nan nan
 nan nan nan nan nan nan nan nan nan nan nan nan nan nan nan nan nan nan
 nan nan nan nan nan nan nan nan nan nan nan nan nan nan nan nan nan nan
 nan nan nan nan nan nan nan nan nan nan nan nan nan nan nan nan nan nan
 nan]
2026-03-26 12:51:17,604 - root - ERROR - NaN value detected in oversampled model function.
2026-03-26 12:51:17,605 - root - ERROR - <ParameterSet (values: 17)>
    cont_intercept  =  19288.48020767006
    cont_slope      =  1.4659266031887142
    iod_depth       =  0.05289470833636423
    lsf_left_1      =  8.052715718137199
    lsf_left_2      =  -18.734096839346922
    lsf_left_3      =  5.383603480026119
    lsf_left_4      =  -3.397734359242696
    lsf_left_5      =  0.8117209664542555
    lsf_right1      =  4.7911525746627515
    lsf_right2      =  -18.109665460260427
    lsf_right3      =  1.1428932576110147
    lsf_right4      =  -2.2392238245483176
    lsf_right5      =  0.2657637422132613
    tem_depth       =  0.5195303984717349
    velocity        =  -1755.8429907260638
    wave_intercept  =  6234.096819913372
    wave_slope      =  0.018498788572963387
2026-03-26 12:51:17,606 - root - ERROR - Evaluated LSF:
2026-03-26 12:51:17,607 - root - ERROR - [nan nan nan nan nan nan nan nan nan nan nan nan nan nan nan nan nan nan
 nan nan nan nan nan nan nan nan nan nan nan nan nan nan nan nan nan nan
 nan nan nan nan nan nan nan nan nan nan nan nan nan nan nan nan nan nan
 nan nan nan nan nan nan nan nan nan nan nan nan nan nan nan nan nan nan
 nan]
2026-03-26 12:51:18,080 - root - ERROR - NaN value detected in oversampled model function.
2026-03-26 12:51:18,081 - root - ERROR - <ParameterSet (values: 17)>
    cont_intercept  =  20443.78841827686
    cont_slope      =  -3.50563239013085
    iod_depth       =  0.11466725910415743
    lsf_left_1      =  5.055665862171421
    lsf_left_2      =  -11.821283730584558
    lsf_left_3      =  8.500911150338165
    lsf_left_4      =  -3.0528012302349485
    lsf_left_5      =  0.371592912261548
    lsf_right1      =  2.3711626713890146
    lsf_right2      =  -15.585602546321867
    lsf_right3      =  1.3638726921243924
    lsf_right4      =  -3.8703509433698895
    lsf_right5      =  0.6291262357967695
    tem_depth       =  0.6433595575423442
    velocity        =  -2302.8186795094107
    wave_intercept  =  6243.338787588112
    wave_slope      =  0.017609836193348046
2026-03-26 12:51:18,082 - root - ERROR - Evaluated LSF:
2026-03-26 12:51:18,083 - root - ERROR - [nan nan nan nan nan nan nan nan nan nan nan nan nan nan nan nan nan nan
 nan nan nan nan nan nan nan nan nan nan nan nan nan nan nan nan nan nan
 nan nan nan nan nan nan nan nan nan nan nan nan nan nan nan nan nan nan
 nan nan nan nan nan nan nan nan nan nan nan nan nan nan nan nan nan nan
 nan]
2026-03-26 12:51:19,480 - root - ERROR - NaN value detected in oversampled model function.
2026-03-26 12:51:19,482 - root - ERROR - <ParameterSet (values: 17)>
    cont_intercept  =  18977.6911505174
    cont_slope      =  -1.7356311399958604
    iod_depth       =  0.2156063072460576
    lsf_left_1      =  3.633255184656682
    lsf_left_2      =  -15.09879363908722
    lsf_left_3      =  4.6395388434545195
    lsf_left_4      =  -2.5226225267591227
    lsf_left_5      =  0.458212510830595
    lsf_right1      =  4.1194774621993595
    lsf_right2      =  -15.384687871016645
    lsf_right3      =  4.649077106606819
    lsf_right4      =  -2.497089881884764
    lsf_right5      =  0.4650412876634411
    tem_depth       =  0.5620058740526678
    velocity        =  -1074.756870475442
    wave_intercept  =  6258.794241413767
    wave_slope      =  0.015804960139265682
2026-03-26 12:51:19,483 - root - ERROR - Evaluated LSF:
2026-03-26 12:51:19,484 - root - ERROR - [nan nan nan nan nan nan nan nan nan nan nan nan nan nan nan nan nan nan
 nan nan nan nan nan nan nan nan nan nan nan nan nan nan nan nan nan nan
 nan nan nan nan nan nan nan nan nan nan nan nan nan nan nan nan nan nan
 nan nan nan nan nan nan nan nan nan nan nan nan nan nan nan nan nan nan
 nan]
2026-03-26 12:51:20,644 - root - ERROR - Chunk 549: No Data! Returning LmfitResult with None.
2026-03-26 12:51:20,960 - root - ERROR - NaN value detected in oversampled model function.
2026-03-26 12:51:20,962 - root - ERROR - <ParameterSet (values: 17)>
    cont_intercept  =  16281.218750658712
    cont_slope      =  7.786611042957244
    iod_depth       =  -0.26574260194662114
    lsf_left_1      =  2.621794479071494
    lsf_left_2      =  -19.256298481200943
    lsf_left_3      =  9.192307403045715
    lsf_left_4      =  -3.9545693541472895
    lsf_left_5      =  0.5195035973855376
    lsf_right1      =  7.6977042877629716
    lsf_right2      =  -19.340617477052017
    lsf_right3      =  1.3369504404725987
    lsf_right4      =  -3.2243252362895927
    lsf_right5      =  0.7783740138374393
    tem_depth       =  -0.05251609866619286
    velocity        =  -16090.84481396488
    wave_intercept  =  6283.5423081694125
    wave_slope      =  0.020605070947892816
2026-03-26 12:51:20,963 - root - ERROR - Evaluated LSF:
2026-03-26 12:51:20,964 - root - ERROR - [nan nan nan nan nan nan nan nan nan nan nan nan nan nan nan nan nan nan
 nan nan nan nan nan nan nan nan nan nan nan nan nan nan nan nan nan nan
 nan nan nan nan nan nan nan nan nan nan nan nan nan nan nan nan nan nan
 nan nan nan nan nan nan nan nan nan nan nan nan nan nan nan nan nan nan
 nan]
2026-03-26 12:51:21,830 - root - ERROR - Chunk 557: No Data! Returning LmfitResult with None.
2026-03-26 12:51:22,182 - root - ERROR - NaN value detected in oversampled model function.
2026-03-26 12:51:22,184 - root - ERROR - <ParameterSet (values: 17)>
    cont_intercept  =  19659.35577764853
    cont_slope      =  0.0741984900449969
    iod_depth       =  0.4469954570745308
    lsf_left_1      =  7.902475969227942
    lsf_left_2      =  -18.609761396006625
    lsf_left_3      =  1.4927175717671466
    lsf_left_4      =  -3.954688667649462
    lsf_left_5      =  1.193601422614997
    lsf_right1      =  4.041229267942864
    lsf_right2      =  -12.802127679088468
    lsf_right3      =  9.478181955525127
    lsf_right4      =  -3.1425788594574837
    lsf_right5      =  0.19697323311716808
    tem_depth       =  0.5779834086362712
    velocity        =  -823.6253945213136
    wave_intercept  =  6303.083185691604
    wave_slope      =  0.018758024594693633
2026-03-26 12:51:22,185 - root - ERROR - Evaluated LSF:
2026-03-26 12:51:22,187 - root - ERROR - [nan nan nan nan nan nan nan nan nan nan nan nan nan nan nan nan nan nan
 nan nan nan nan nan nan nan nan nan nan nan nan nan nan nan nan nan nan
 nan nan nan nan nan nan nan nan nan nan nan nan nan nan nan nan nan nan
 nan nan nan nan nan nan nan nan nan nan nan nan nan nan nan nan nan nan
 nan]
2026-03-26 12:51:22,431 - root - ERROR - NaN value detected in oversampled model function.
2026-03-26 12:51:22,434 - root - ERROR - <ParameterSet (values: 17)>
    cont_intercept  =  21015.24090685763
    cont_slope      =  8.224420864712343
    iod_depth       =  0.6463922074240606
    lsf_left_1      =  2.8878666237382045
    lsf_left_2      =  -4.552612744838132
    lsf_left_3      =  1.3359165113490776
    lsf_left_4      =  -3.95491780301535
    lsf_left_5      =  0.1326692274741849
    lsf_right1      =  2.0653740721983476
    lsf_right2      =  -19.268567164284818
    lsf_right3      =  5.032946271392868
    lsf_right4      =  -3.711419655825599
    lsf_right5      =  1.1933543185372952
    tem_depth       =  -0.1213425339642187
    velocity        =  -10447.076281184674
    wave_intercept  =  6307.789788070154
    wave_slope      =  0.015854442520757524
2026-03-26 12:51:22,435 - root - ERROR - Evaluated LSF:
2026-03-26 12:51:22,436 - root - ERROR - [nan nan nan nan nan nan nan nan nan nan nan nan nan nan nan nan nan nan
 nan nan nan nan nan nan nan nan nan nan nan nan nan nan nan nan nan nan
 nan nan nan nan nan nan nan nan nan nan nan nan nan nan nan nan nan nan
 nan nan nan nan nan nan nan nan nan nan nan nan nan nan nan nan nan nan
 nan]
2026-03-26 12:51:23,057 - root - ERROR - NaN value detected in oversampled model function.
2026-03-26 12:51:23,059 - root - ERROR - <ParameterSet (values: 17)>
    cont_intercept  =  19471.55095002298
    cont_slope      =  -2.100699614091318
    iod_depth       =  0.2605379654699625
    lsf_left_1      =  2.8153424658239317
    lsf_left_2      =  -12.980654211139468
    lsf_left_3      =  2.122975896643909
    lsf_left_4      =  -3.9505736538976914
    lsf_left_5      =  0.23688726550341888
    lsf_right1      =  2.5471107289971413
    lsf_right2      =  -12.616804398600674
    lsf_right3      =  1.9629111318576906
    lsf_right4      =  -3.8610034417669246
    lsf_right5      =  0.8977165938403517
    tem_depth       =  0.5639565401042547
    velocity        =  -1007.5694441342723
    wave_intercept  =  6318.969620747721
    wave_slope      =  0.016764621881446708
2026-03-26 12:51:23,060 - root - ERROR - Evaluated LSF:
2026-03-26 12:51:23,061 - root - ERROR - [nan nan nan nan nan nan nan nan nan nan nan nan nan nan nan nan nan nan
 nan nan nan nan nan nan nan nan nan nan nan nan nan nan nan nan nan nan
 nan nan nan nan nan nan nan nan nan nan nan nan nan nan nan nan nan nan
 nan nan nan nan nan nan nan nan nan nan nan nan nan nan nan nan nan nan
 nan]
2026-03-26 12:51:23,680 - root - ERROR - NaN value detected in oversampled model function.
2026-03-26 12:51:23,682 - root - ERROR - <ParameterSet (values: 17)>
    cont_intercept  =  18696.24716494226
    cont_slope      =  -5.3581737996021666
    iod_depth       =  0.6919678865965921
    lsf_left_1      =  10.949725841808595
    lsf_left_2      =  -19.095443590411048
    lsf_left_3      =  1.6313430122881334
    lsf_left_4      =  -0.450353967651834
    lsf_left_5      =  0.29773979387767036
    lsf_right1      =  2.306203673933558
    lsf_right2      =  -19.088878291178283
    lsf_right3      =  1.8978033970303056
    lsf_right4      =  -0.7892034711710818
    lsf_right5      =  0.2188916260713653
    tem_depth       =  -0.41025971053722954
    velocity        =  -8952.03261696555
    wave_intercept  =  6325.424316230295
    wave_slope      =  0.01663440166713408
2026-03-26 12:51:23,683 - root - ERROR - Evaluated LSF:
2026-03-26 12:51:23,684 - root - ERROR - [nan nan nan nan nan nan nan nan nan nan nan nan nan nan nan nan nan nan
 nan nan nan nan nan nan nan nan nan nan nan nan nan nan nan nan nan nan
 nan nan nan nan nan nan nan nan nan nan nan nan nan nan nan nan nan nan
 nan nan nan nan nan nan nan nan nan nan nan nan nan nan nan nan nan nan
 nan]
2026-03-26 12:51:24,482 - root - ERROR - NaN value detected in oversampled model function.
2026-03-26 12:51:24,484 - root - ERROR - <ParameterSet (values: 17)>
    cont_intercept  =  16602.6240674758
    cont_slope      =  -9.668194767910396
    iod_depth       =  0.13010911795437125
    lsf_left_1      =  12.589435242520013
    lsf_left_2      =  -19.39241683760183
    lsf_left_3      =  1.1359280883582905
    lsf_left_4      =  -3.455728368396647
    lsf_left_5      =  0.6662301322756343
    lsf_right1      =  5.30145102637424
    lsf_right2      =  -19.363266373983905
    lsf_right3      =  1.141354037168233
    lsf_right4      =  -3.9519616337534402
    lsf_right5      =  0.16604548798624946
    tem_depth       =  0.843053341773082
    velocity        =  -2684.3268963778473
    wave_intercept  =  6331.6754587993755
    wave_slope      =  0.016222643906815368
2026-03-26 12:51:24,486 - root - ERROR - Evaluated LSF:
2026-03-26 12:51:24,486 - root - ERROR - [nan nan nan nan nan nan nan nan nan nan nan nan nan nan nan nan nan nan
 nan nan nan nan nan nan nan nan nan nan nan nan nan nan nan nan nan nan
 nan nan nan nan nan nan nan nan nan nan nan nan nan nan nan nan nan nan
 nan nan nan nan nan nan nan nan nan nan nan nan nan nan nan nan nan nan
 nan]
2026-03-26 12:51:29,255 - root - ERROR - NaN value detected in iodine function.
2026-03-26 12:51:29,257 - root - ERROR - Chunk could not be plotted
Traceback (most recent call last):
  File "/Users/jaklusmeyer/SONG/pyodine/pyodine/plot_lib.py", line 62, in plot_chunkmodel
    sp = fit_results[chunk_nr].fitted_spectrum
  File "/Users/jaklusmeyer/SONG/pyodine/pyodine/fitters/base.py", line 45, in fitted_spectrum
    return self.model.eval_spectrum(self.chunk, self.params, chunk_ind=self.chunk_ind)
  File "/Users/jaklusmeyer/SONG/pyodine/pyodine/models/base.py", line 79, in eval_spectrum
    flux = self.eval(chunk, params, chunk_ind=chunk_ind, **kwargs)
  File "/Users/jaklusmeyer/SONG/pyodine/pyodine/models/spectrum.py", line 138, in eval
    tck = splrep(tem.wave * doppler, flux_tem, s=0)
  File "/Users/jaklusmeyer/miniconda/envs/pyodine_env/lib/python3.9/site-packages/scipy/interpolate/_fitpack_py.py", line 295, in splrep
    res = _impl.splrep(x, y, w, xb, xe, k, task, s, t, full_output, per, quiet)
  File "/Users/jaklusmeyer/miniconda/envs/pyodine_env/lib/python3.9/site-packages/scipy/interpolate/_fitpack_impl.py", line 276, in splrep
    n, c, fp, ier = dfitpack.curfit(task, x, y, w, t, wrk, iwrk,
dfitpack.error: (xb<=x[0]) failed for 1st keyword xb: curfit:xb=nan
2026-03-26 12:51:31,064 - root - ERROR - NaN value detected in iodine function.
2026-03-26 12:51:31,067 - root - ERROR - Chunk could not be plotted
Traceback (most recent call last):
  File "/Users/jaklusmeyer/SONG/pyodine/pyodine/plot_lib.py", line 62, in plot_chunkmodel
    sp = fit_results[chunk_nr].fitted_spectrum
  File "/Users/jaklusmeyer/SONG/pyodine/pyodine/fitters/base.py", line 45, in fitted_spectrum
    return self.model.eval_spectrum(self.chunk, self.params, chunk_ind=self.chunk_ind)
  File "/Users/jaklusmeyer/SONG/pyodine/pyodine/models/base.py", line 79, in eval_spectrum
    flux = self.eval(chunk, params, chunk_ind=chunk_ind, **kwargs)
  File "/Users/jaklusmeyer/SONG/pyodine/pyodine/models/spectrum.py", line 138, in eval
    tck = splrep(tem.wave * doppler, flux_tem, s=0)
  File "/Users/jaklusmeyer/miniconda/envs/pyodine_env/lib/python3.9/site-packages/scipy/interpolate/_fitpack_py.py", line 295, in splrep
    res = _impl.splrep(x, y, w, xb, xe, k, task, s, t, full_output, per, quiet)
  File "/Users/jaklusmeyer/miniconda/envs/pyodine_env/lib/python3.9/site-packages/scipy/interpolate/_fitpack_impl.py", line 276, in splrep
    n, c, fp, ier = dfitpack.curfit(task, x, y, w, t, wrk, iwrk,
dfitpack.error: (xb<=x[0]) failed for 1st keyword xb: curfit:xb=nan
