INFO - 
INFO - Branch: master
INFO - Hash: c2a71ac
INFO - ---------------------------
INFO - Working on: /Users/jaklusmeyer/SONG/reduce/UT260321/sciencestar/HD185144_ec_260325.0296.fits
INFO - 
INFO - Median flux of the observation: 6441
INFO - Loading template from file: /Users/jaklusmeyer/SONG/reduce/0007_sigdra_temp_results_v1/obs_temp_highsnr_test.h5
INFO - 
INFO - Order correction: 0
INFO - 
INFO - Measured velocity rel. to reference spectrum: 29.128 km/s
INFO - Template velocity: 38.044 km/s
INFO - Velocity guess: -8.917 km/s (relative to template)

INFO - (Barycentric velocity of observation: -1.995 km/s)
INFO - (Barycentric velocity of template: -4.628 km/s)

INFO - 
INFO - Barycentric redshift between template and observation: 
INFO - v = -2633.283782794728, z = -8.783689224078906e-06

INFO - Startpixel (order 26, chunk 29): -65
INFO - -> Correcting to 0.
INFO - Startpixel (order 27, chunk 63): -65
INFO - -> Correcting to 0.
INFO - Startpixel (order 32, chunk 190): -65
INFO - -> Correcting to 0.
INFO - Startpixel (order 33, chunk 214): -65
INFO - -> Correcting to 0.
INFO - Startpixel (order 36, chunk 296): -65
INFO - -> Correcting to 0.
INFO - Startpixel (order 39, chunk 357): -65
INFO - -> Correcting to 0.
INFO - Startpixel (order 39, chunk 366): -65
INFO - -> Correcting to 0.
INFO - Startpixel (order 43, chunk 470): -65
INFO - -> Correcting to 0.
INFO - Startpixel (order 46, chunk 537): -65
INFO - -> Correcting to 0.
INFO - Startpixel (order 46, chunk 544): -65
INFO - -> Correcting to 0.
INFO - Startpixel (order 47, chunk 569): -65
INFO - -> Correcting to 0.
INFO - Startpixel (order 47, chunk 570): -65
INFO - -> Correcting to 0.
INFO - 
INFO - Total number of chunks: 575
INFO - Nr. chunks in order 0: 25
INFO - First and last covered pixel of chunks in order 0: 12, 3261
INFO - Orders: 25 - 47 (23 in total)
INFO - 
INFO - ----------------------
INFO - RUN 0
INFO - ----------------------
INFO - 
INFO - Constraining parameters for RUN 0
WARNING - Chunk 29:
WARNING - (xb<=x[0]) failed for 1st keyword xb: curfit:xb=nan
WARNING - Chunk 63:
WARNING - (xb<=x[0]) failed for 1st keyword xb: curfit:xb=nan
WARNING - Chunk 190:
WARNING - (xb<=x[0]) failed for 1st keyword xb: curfit:xb=nan
WARNING - Chunk 214:
WARNING - (xb<=x[0]) failed for 1st keyword xb: curfit:xb=nan
WARNING - Chunk 296:
WARNING - (xb<=x[0]) failed for 1st keyword xb: curfit:xb=nan
WARNING - Chunk 357:
WARNING - (xb<=x[0]) failed for 1st keyword xb: curfit:xb=nan
WARNING - Chunk 366:
WARNING - (xb<=x[0]) failed for 1st keyword xb: curfit:xb=nan
WARNING - Chunk 470:
WARNING - (xb<=x[0]) failed for 1st keyword xb: curfit:xb=nan
WARNING - Chunk 537:
WARNING - (xb<=x[0]) failed for 1st keyword xb: curfit:xb=nan
WARNING - Chunk 544:
WARNING - (xb<=x[0]) failed for 1st keyword xb: curfit:xb=nan
WARNING - Chunk 569:
WARNING - (xb<=x[0]) failed for 1st keyword xb: curfit:xb=nan
WARNING - Chunk 570:
WARNING - (xb<=x[0]) failed for 1st keyword xb: curfit:xb=nan
INFO - 
INFO - Number of chunks with no uncertainties: 0
INFO - Number of chunks with outliers: 0
INFO - Number of chunks with nan fitted red. Chi2: 12
INFO - 
INFO - Creating analysis plots...
INFO - 
INFO - ----------------------
INFO - RUN 1
INFO - ----------------------
INFO - 
INFO - Constraining parameters for RUN 1
INFO - 
INFO - Fitted LSF parameters:
INFO - <ParameterSet (values: 10)>
    left_1  =  10.737229500692276
    left_2  =  -10.733369833024879
    left_3  =  5.7508208918404415
    left_4  =  -2.2055348424116095
    left_5  =  0.6661238815114723
    right1  =  10.737232611646485
    right2  =  -10.733371150499732
    right3  =  5.7508216610071745
    right4  =  -2.2055349864569003
    right5  =  0.6661239095259587
ERROR - NaN value detected in oversampled model function.
ERROR - <ParameterSet (values: 17)>
    cont_intercept  =  3443.4256243855016
    cont_slope      =  4.370164770693763
    iod_depth       =  0.6487509328645195
    lsf_left_1      =  3.1196795537919146
    lsf_left_2      =  -16.3092704484415
    lsf_left_3      =  9.872601299561456
    lsf_left_4      =  -3.942964854559393
    lsf_left_5      =  0.3067570447623115
    lsf_right1      =  10.456313230874448
    lsf_right2      =  -19.156055532814495
    lsf_right3      =  1.2211488498301473
    lsf_right4      =  -3.6536444179273184
    lsf_right5      =  0.3103828368010875
    tem_depth       =  0.8091107366794679
    velocity        =  -2735.813271667292
    wave_intercept  =  5160.972417951147
    wave_slope      =  0.01651862384170586
ERROR - Evaluated LSF:
ERROR - [nan nan nan nan nan nan nan nan nan nan nan nan nan nan nan nan nan nan
 nan nan nan nan nan nan nan nan nan nan nan nan nan nan nan nan nan nan
 nan nan nan nan nan nan nan nan nan nan nan nan nan nan nan nan nan nan
 nan nan nan nan nan nan nan nan nan nan nan nan nan nan nan nan nan nan
 nan]
WARNING - Chunk 25:
WARNING - NaN values detected in your input data or the output of your objective/model function - fitting algorithms cannot handle this! Please read https://lmfit.github.io/lmfit-py/faq.html#i-get-errors-from-nan-in-my-fit-what-can-i-do for more information.
ERROR - NaN value detected in oversampled model function.
ERROR - <ParameterSet (values: 17)>
    cont_intercept  =  3476.7486392717665
    cont_slope      =  3.185416699554338
    iod_depth       =  0.5783059100225182
    lsf_left_1      =  7.860678793585512
    lsf_left_2      =  -16.931637640972678
    lsf_left_3      =  10.138449744408076
    lsf_left_4      =  -3.781024041805936
    lsf_left_5      =  0.5290550252185398
    lsf_right1      =  3.965923034449972
    lsf_right2      =  -13.528417218021271
    lsf_right3      =  2.85112655052526
    lsf_right4      =  -3.955884689301083
    lsf_right5      =  0.1774660869128336
    tem_depth       =  0.8630931860143918
    velocity        =  -2682.1057353915076
    wave_intercept  =  5167.316336207401
    wave_slope      =  0.015967620162694374
ERROR - Evaluated LSF:
ERROR - [nan nan nan nan nan nan nan nan nan nan nan nan nan nan nan nan nan nan
 nan nan nan nan nan nan nan nan nan nan nan nan nan nan nan nan nan nan
 nan nan nan nan nan nan nan nan nan nan nan nan nan nan nan nan nan nan
 nan nan nan nan nan nan nan nan nan nan nan nan nan nan nan nan nan nan
 nan]
WARNING - Chunk 28:
WARNING - NaN values detected in your input data or the output of your objective/model function - fitting algorithms cannot handle this! Please read https://lmfit.github.io/lmfit-py/faq.html#i-get-errors-from-nan-in-my-fit-what-can-i-do for more information.
ERROR - Chunk 29: No Data! Returning LmfitResult with None.
ERROR - NaN value detected in oversampled model function.
ERROR - <ParameterSet (values: 17)>
    cont_intercept  =  8288.01508846657
    cont_slope      =  -4.019520309043466
    iod_depth       =  0.7991014618703985
    lsf_left_1      =  3.630878341654789
    lsf_left_2      =  -19.290632621937668
    lsf_left_3      =  8.446693364924073
    lsf_left_4      =  -3.6409287027210255
    lsf_left_5      =  0.21989220486243483
    lsf_right1      =  3.894689787111467
    lsf_right2      =  -19.260838770113867
    lsf_right3      =  4.2414260365031256
    lsf_right4      =  -2.1265157180889416
    lsf_right5      =  0.34849416566646896
    tem_depth       =  -0.2737192841428804
    velocity        =  -12320.512944038068
    wave_intercept  =  5197.965870215054
    wave_slope      =  0.01356403557634793
ERROR - Evaluated LSF:
ERROR - [nan nan nan nan nan nan nan nan nan nan nan nan nan nan nan nan nan nan
 nan nan nan nan nan nan nan nan nan nan nan nan nan nan nan nan nan nan
 nan nan nan nan nan nan nan nan nan nan nan nan nan nan nan nan nan nan
 nan nan nan nan nan nan nan nan nan nan nan nan nan nan nan nan nan nan
 nan]
WARNING - Chunk 44:
WARNING - NaN values detected in your input data or the output of your objective/model function - fitting algorithms cannot handle this! Please read https://lmfit.github.io/lmfit-py/faq.html#i-get-errors-from-nan-in-my-fit-what-can-i-do for more information.
ERROR - NaN value detected in oversampled model function.
ERROR - <ParameterSet (values: 17)>
    cont_intercept  =  5751.311351842327
    cont_slope      =  6.4809464391842875
    iod_depth       =  0.7996564719619935
    lsf_left_1      =  7.645469447241304
    lsf_left_2      =  -19.18954066675862
    lsf_left_3      =  1.195730786399615
    lsf_left_4      =  -3.9637212724816764
    lsf_left_5      =  0.3645245432006123
    lsf_right1      =  5.0327241944408065
    lsf_right2      =  -12.020866839112196
    lsf_right3      =  6.925990992071268
    lsf_right4      =  -3.101898730436603
    lsf_right5      =  0.2182872242455342
    tem_depth       =  -0.43426333624499225
    velocity        =  -12750.184936706699
    wave_intercept  =  5213.573100814423
    wave_slope      =  0.015987960512447084
ERROR - Evaluated LSF:
ERROR - [nan nan nan nan nan nan nan nan nan nan nan nan nan nan nan nan nan nan
 nan nan nan nan nan nan nan nan nan nan nan nan nan nan nan nan nan nan
 nan nan nan nan nan nan nan nan nan nan nan nan nan nan nan nan nan nan
 nan nan nan nan nan nan nan nan nan nan nan nan nan nan nan nan nan nan
 nan]
WARNING - Chunk 54:
WARNING - NaN values detected in your input data or the output of your objective/model function - fitting algorithms cannot handle this! Please read https://lmfit.github.io/lmfit-py/faq.html#i-get-errors-from-nan-in-my-fit-what-can-i-do for more information.
ERROR - NaN value detected in oversampled model function.
ERROR - <ParameterSet (values: 17)>
    cont_intercept  =  8582.251238520514
    cont_slope      =  2.248809204954954
    iod_depth       =  0.8174290022912555
    lsf_left_1      =  6.184765060251591
    lsf_left_2      =  -14.944944382304815
    lsf_left_3      =  2.0606768141240046
    lsf_left_4      =  -1.79170856735269
    lsf_left_5      =  0.13448677302910997
    lsf_right1      =  2.1487893353096945
    lsf_right2      =  -16.894543298816025
    lsf_right3      =  3.7922094784023357
    lsf_right4      =  -3.065536954743509
    lsf_right5      =  1.1611222856418244
    tem_depth       =  0.9176772654246047
    velocity        =  -3045.747053906057
    wave_intercept  =  5229.481516921738
    wave_slope      =  0.014688513170525967
ERROR - Evaluated LSF:
ERROR - [nan nan nan nan nan nan nan nan nan nan nan nan nan nan nan nan nan nan
 nan nan nan nan nan nan nan nan nan nan nan nan nan nan nan nan nan nan
 nan nan nan nan nan nan nan nan nan nan nan nan nan nan nan nan nan nan
 nan nan nan nan nan nan nan nan nan nan nan nan nan nan nan nan nan nan
 nan]
WARNING - Chunk 62:
WARNING - NaN values detected in your input data or the output of your objective/model function - fitting algorithms cannot handle this! Please read https://lmfit.github.io/lmfit-py/faq.html#i-get-errors-from-nan-in-my-fit-what-can-i-do for more information.
ERROR - Chunk 63: No Data! Returning LmfitResult with None.
ERROR - NaN value detected in oversampled model function.
ERROR - <ParameterSet (values: 17)>
    cont_intercept  =  10116.238774459183
    cont_slope      =  -13.863393773805248
    iod_depth       =  0.7590435834614061
    lsf_left_1      =  2.1479587305003527
    lsf_left_2      =  -7.412007707910773
    lsf_left_3      =  1.3016691213550537
    lsf_left_4      =  -3.80355736064322
    lsf_left_5      =  0.8532121194321499
    lsf_right1      =  2.1717325538033947
    lsf_right2      =  -10.961880591813387
    lsf_right3      =  2.5473687261063978
    lsf_right4      =  -0.48214640777053264
    lsf_right5      =  0.14660216505052948
    tem_depth       =  -0.16866883705910313
    velocity        =  -27987.72179802093
    wave_intercept  =  5280.174421327991
    wave_slope      =  0.014191905805056868
ERROR - Evaluated LSF:
ERROR - [nan nan nan nan nan nan nan nan nan nan nan nan nan nan nan nan nan nan
 nan nan nan nan nan nan nan nan nan nan nan nan nan nan nan nan nan nan
 nan nan nan nan nan nan nan nan nan nan nan nan nan nan nan nan nan nan
 nan nan nan nan nan nan nan nan nan nan nan nan nan nan nan nan nan nan
 nan]
WARNING - Chunk 90:
WARNING - NaN values detected in your input data or the output of your objective/model function - fitting algorithms cannot handle this! Please read https://lmfit.github.io/lmfit-py/faq.html#i-get-errors-from-nan-in-my-fit-what-can-i-do for more information.
ERROR - NaN value detected in oversampled model function.
ERROR - <ParameterSet (values: 17)>
    cont_intercept  =  7219.598685247641
    cont_slope      =  -2.7837905393875446
    iod_depth       =  0.7473085547315608
    lsf_left_1      =  2.9232617867275605
    lsf_left_2      =  -18.164179412399008
    lsf_left_3      =  1.6508857823063625
    lsf_left_4      =  -3.1159923069110724
    lsf_left_5      =  0.8776404280760636
    lsf_right1      =  4.707246004905969
    lsf_right2      =  -17.62706737227509
    lsf_right3      =  2.9741441259395707
    lsf_right4      =  -1.4490423871058273
    lsf_right5      =  0.13440280665989435
    tem_depth       =  0.9621622795213446
    velocity        =  -2708.0228301990187
    wave_intercept  =  5340.654732132352
    wave_slope      =  0.01337395482834285
ERROR - Evaluated LSF:
ERROR - [nan nan nan nan nan nan nan nan nan nan nan nan nan nan nan nan nan nan
 nan nan nan nan nan nan nan nan nan nan nan nan nan nan nan nan nan nan
 nan nan nan nan nan nan nan nan nan nan nan nan nan nan nan nan nan nan
 nan nan nan nan nan nan nan nan nan nan nan nan nan nan nan nan nan nan
 nan]
WARNING - Chunk 123:
WARNING - NaN values detected in your input data or the output of your objective/model function - fitting algorithms cannot handle this! Please read https://lmfit.github.io/lmfit-py/faq.html#i-get-errors-from-nan-in-my-fit-what-can-i-do for more information.
ERROR - NaN value detected in oversampled model function.
ERROR - <ParameterSet (values: 17)>
    cont_intercept  =  10288.842861149718
    cont_slope      =  2.1582110393512366
    iod_depth       =  0.8329163871254329
    lsf_left_1      =  2.147588749679439
    lsf_left_2      =  -8.19722402651176
    lsf_left_3      =  1.4182588749497087
    lsf_left_4      =  -3.8455999438722688
    lsf_left_5      =  0.13521689194547612
    lsf_right1      =  2.269283207738502
    lsf_right2      =  -9.399669972146652
    lsf_right3      =  2.68565350811547
    lsf_right4      =  -2.362243210889684
    lsf_right5      =  0.737862602225161
    tem_depth       =  0.9776188577428996
    velocity        =  -2881.489178063731
    wave_intercept  =  5363.131959411611
    wave_slope      =  0.015398534663667855
ERROR - Evaluated LSF:
ERROR - [nan nan nan nan nan nan nan nan nan nan nan nan nan nan nan nan nan nan
 nan nan nan nan nan nan nan nan nan nan nan nan nan nan nan nan nan nan
 nan nan nan nan nan nan nan nan nan nan nan nan nan nan nan nan nan nan
 nan nan nan nan nan nan nan nan nan nan nan nan nan nan nan nan nan nan
 nan]
WARNING - Chunk 135:
WARNING - NaN values detected in your input data or the output of your objective/model function - fitting algorithms cannot handle this! Please read https://lmfit.github.io/lmfit-py/faq.html#i-get-errors-from-nan-in-my-fit-what-can-i-do for more information.
ERROR - NaN value detected in oversampled model function.
ERROR - <ParameterSet (values: 17)>
    cont_intercept  =  9413.505120096828
    cont_slope      =  5.241908196621929
    iod_depth       =  1.0246437610620382
    lsf_left_1      =  5.459558726901043
    lsf_left_2      =  -18.399810392040845
    lsf_left_3      =  4.214215985587014
    lsf_left_4      =  -0.4429314507069937
    lsf_left_5      =  0.16758265293567884
    lsf_right1      =  2.22798295490684
    lsf_right2      =  -17.848421550937104
    lsf_right3      =  1.5554561301483543
    lsf_right4      =  -0.49002353941403465
    lsf_right5      =  0.5577256786724318
    tem_depth       =  0.7143051310072814
    velocity        =  -4767.16399469557
    wave_intercept  =  5452.6894615864185
    wave_slope      =  0.016172793857464042
ERROR - Evaluated LSF:
ERROR - [nan nan nan nan nan nan nan nan nan nan nan nan nan nan nan nan nan nan
 nan nan nan nan nan nan nan nan nan nan nan nan nan nan nan nan nan nan
 nan nan nan nan nan nan nan nan nan nan nan nan nan nan nan nan nan nan
 nan nan nan nan nan nan nan nan nan nan nan nan nan nan nan nan nan nan
 nan]
WARNING - Chunk 182:
WARNING - NaN values detected in your input data or the output of your objective/model function - fitting algorithms cannot handle this! Please read https://lmfit.github.io/lmfit-py/faq.html#i-get-errors-from-nan-in-my-fit-what-can-i-do for more information.
ERROR - Chunk 190: No Data! Returning LmfitResult with None.
ERROR - NaN value detected in oversampled model function.
ERROR - <ParameterSet (values: 17)>
    cont_intercept  =  8446.23594679192
    cont_slope      =  -3.221415544682638
    iod_depth       =  0.7755476657931537
    lsf_left_1      =  6.76610149683885
    lsf_left_2      =  -15.261858479244356
    lsf_left_3      =  2.4113663795301266
    lsf_left_4      =  -2.78396017512663
    lsf_left_5      =  1.0198638108838671
    lsf_right1      =  2.940727542507162
    lsf_right2      =  -15.483018116094541
    lsf_right3      =  5.082015161569255
    lsf_right4      =  -3.96710926696671
    lsf_right5      =  0.49258641086434357
    tem_depth       =  0.18257608680497783
    velocity        =  -13928.175990691248
    wave_intercept  =  5485.472318732009
    wave_slope      =  0.013553212616935404
ERROR - Evaluated LSF:
ERROR - [nan nan nan nan nan nan nan nan nan nan nan nan nan nan nan nan nan nan
 nan nan nan nan nan nan nan nan nan nan nan nan nan nan nan nan nan nan
 nan nan nan nan nan nan nan nan nan nan nan nan nan nan nan nan nan nan
 nan nan nan nan nan nan nan nan nan nan nan nan nan nan nan nan nan nan
 nan]
WARNING - Chunk 199:
WARNING - NaN values detected in your input data or the output of your objective/model function - fitting algorithms cannot handle this! Please read https://lmfit.github.io/lmfit-py/faq.html#i-get-errors-from-nan-in-my-fit-what-can-i-do for more information.
ERROR - Chunk 214: No Data! Returning LmfitResult with None.
ERROR - NaN value detected in oversampled model function.
ERROR - <ParameterSet (values: 17)>
    cont_intercept  =  12146.02110687044
    cont_slope      =  2.6852296254297645
    iod_depth       =  0.9051161872033882
    lsf_left_1      =  2.400331145371055
    lsf_left_2      =  -18.632141527134927
    lsf_left_3      =  1.3726277292324371
    lsf_left_4      =  -3.969335134237553
    lsf_left_5      =  1.1747163547489217
    lsf_right1      =  2.2775170496769794
    lsf_right2      =  -9.664883011030614
    lsf_right3      =  8.48126048657454
    lsf_right4      =  -3.9351765447807763
    lsf_right5      =  1.099020420529737
    tem_depth       =  0.8406614419365295
    velocity        =  -3626.0637862476624
    wave_intercept  =  5607.049814173906
    wave_slope      =  0.016275966008582304
ERROR - Evaluated LSF:
ERROR - [nan nan nan nan nan nan nan nan nan nan nan nan nan nan nan nan nan nan
 nan nan nan nan nan nan nan nan nan nan nan nan nan nan nan nan nan nan
 nan nan nan nan nan nan nan nan nan nan nan nan nan nan nan nan nan nan
 nan nan nan nan nan nan nan nan nan nan nan nan nan nan nan nan nan nan
 nan]
WARNING - Chunk 259:
WARNING - NaN values detected in your input data or the output of your objective/model function - fitting algorithms cannot handle this! Please read https://lmfit.github.io/lmfit-py/faq.html#i-get-errors-from-nan-in-my-fit-what-can-i-do for more information.
ERROR - NaN value detected in oversampled model function.
ERROR - <ParameterSet (values: 17)>
    cont_intercept  =  10319.015753051517
    cont_slope      =  4.937813627566991
    iod_depth       =  0.8954137979263029
    lsf_left_1      =  9.277251008285097
    lsf_left_2      =  -15.390383390457028
    lsf_left_3      =  2.575790946217837
    lsf_left_4      =  -1.0188260234958118
    lsf_left_5      =  0.136219936248054
    lsf_right1      =  3.0639740083080227
    lsf_right2      =  -13.729302655393436
    lsf_right3      =  3.2340512453316452
    lsf_right4      =  -3.845260855168656
    lsf_right5      =  0.2855169449395306
    tem_depth       =  1.024254048396044
    velocity        =  -3017.6237737014635
    wave_intercept  =  5652.472031711575
    wave_slope      =  0.016908837123139012
ERROR - Evaluated LSF:
ERROR - [nan nan nan nan nan nan nan nan nan nan nan nan nan nan nan nan nan nan
 nan nan nan nan nan nan nan nan nan nan nan nan nan nan nan nan nan nan
 nan nan nan nan nan nan nan nan nan nan nan nan nan nan nan nan nan nan
 nan nan nan nan nan nan nan nan nan nan nan nan nan nan nan nan nan nan
 nan]
WARNING - Chunk 281:
WARNING - NaN values detected in your input data or the output of your objective/model function - fitting algorithms cannot handle this! Please read https://lmfit.github.io/lmfit-py/faq.html#i-get-errors-from-nan-in-my-fit-what-can-i-do for more information.
ERROR - NaN value detected in oversampled model function.
ERROR - <ParameterSet (values: 17)>
    cont_intercept  =  10483.108011559765
    cont_slope      =  2.016767537819256
    iod_depth       =  0.8188609701644615
    lsf_left_1      =  4.229235309818513
    lsf_left_2      =  -19.146950415879825
    lsf_left_3      =  3.9853828162846106
    lsf_left_4      =  -3.9695409055512347
    lsf_left_5      =  0.4902567370432025
    lsf_right1      =  2.149160470592774
    lsf_right2      =  -10.464515597805695
    lsf_right3      =  4.172767974601792
    lsf_right4      =  -3.7999300533617353
    lsf_right5      =  0.9568448668732018
    tem_depth       =  0.950762614912514
    velocity        =  -2826.975484097279
    wave_intercept  =  5658.964756002057
    wave_slope      =  0.016413956635574246
ERROR - Evaluated LSF:
ERROR - [nan nan nan nan nan nan nan nan nan nan nan nan nan nan nan nan nan nan
 nan nan nan nan nan nan nan nan nan nan nan nan nan nan nan nan nan nan
 nan nan nan nan nan nan nan nan nan nan nan nan nan nan nan nan nan nan
 nan nan nan nan nan nan nan nan nan nan nan nan nan nan nan nan nan nan
 nan]
WARNING - Chunk 284:
WARNING - NaN values detected in your input data or the output of your objective/model function - fitting algorithms cannot handle this! Please read https://lmfit.github.io/lmfit-py/faq.html#i-get-errors-from-nan-in-my-fit-what-can-i-do for more information.
ERROR - Chunk 296: No Data! Returning LmfitResult with None.
ERROR - NaN value detected in oversampled model function.
ERROR - <ParameterSet (values: 17)>
    cont_intercept  =  6823.53312347319
    cont_slope      =  6.884214416246684
    iod_depth       =  0.7857130346269067
    lsf_left_1      =  11.212398241062951
    lsf_left_2      =  -19.26239388425986
    lsf_left_3      =  2.798203133697724
    lsf_left_4      =  -2.803339164515232
    lsf_left_5      =  0.9578154661428196
    lsf_right1      =  2.172756556807549
    lsf_right2      =  -19.266937293898494
    lsf_right3      =  5.939787001784822
    lsf_right4      =  -3.648675699432952
    lsf_right5      =  1.190918149801125
    tem_depth       =  1.0143596571779874
    velocity        =  -2610.2187584898807
    wave_intercept  =  5693.9215660774935
    wave_slope      =  0.017970274172974372
ERROR - Evaluated LSF:
ERROR - [nan nan nan nan nan nan nan nan nan nan nan nan nan nan nan nan nan nan
 nan nan nan nan nan nan nan nan nan nan nan nan nan nan nan nan nan nan
 nan nan nan nan nan nan nan nan nan nan nan nan nan nan nan nan nan nan
 nan nan nan nan nan nan nan nan nan nan nan nan nan nan nan nan nan nan
 nan]
WARNING - Chunk 301:
WARNING - NaN values detected in your input data or the output of your objective/model function - fitting algorithms cannot handle this! Please read https://lmfit.github.io/lmfit-py/faq.html#i-get-errors-from-nan-in-my-fit-what-can-i-do for more information.
ERROR - NaN value detected in oversampled model function.
ERROR - <ParameterSet (values: 17)>
    cont_intercept  =  9873.613451056091
    cont_slope      =  4.41284486763251
    iod_depth       =  0.7352496742524395
    lsf_left_1      =  2.1624292619174748
    lsf_left_2      =  -19.25936323920885
    lsf_left_3      =  5.818974947488887
    lsf_left_4      =  -2.9355678233828195
    lsf_left_5      =  1.1316958478638608
    lsf_right1      =  2.569809159482805
    lsf_right2      =  -11.017680356386537
    lsf_right3      =  1.4431814534746858
    lsf_right4      =  -3.969811808605548
    lsf_right5      =  0.24751802605311501
    tem_depth       =  1.0401414593896514
    velocity        =  -2727.709293495077
    wave_intercept  =  5703.095455076078
    wave_slope      =  0.017185693485741775
ERROR - Evaluated LSF:
ERROR - [nan nan nan nan nan nan nan nan nan nan nan nan nan nan nan nan nan nan
 nan nan nan nan nan nan nan nan nan nan nan nan nan nan nan nan nan nan
 nan nan nan nan nan nan nan nan nan nan nan nan nan nan nan nan nan nan
 nan nan nan nan nan nan nan nan nan nan nan nan nan nan nan nan nan nan
 nan]
WARNING - Chunk 305:
WARNING - NaN values detected in your input data or the output of your objective/model function - fitting algorithms cannot handle this! Please read https://lmfit.github.io/lmfit-py/faq.html#i-get-errors-from-nan-in-my-fit-what-can-i-do for more information.
ERROR - NaN value detected in oversampled model function.
ERROR - <ParameterSet (values: 17)>
    cont_intercept  =  13758.656561890382
    cont_slope      =  6.105509607986798
    iod_depth       =  0.7116687279117067
    lsf_left_1      =  6.42322691406203
    lsf_left_2      =  -19.228989970361596
    lsf_left_3      =  1.8060316227229904
    lsf_left_4      =  -3.7907254631747813
    lsf_left_5      =  1.0855717204218704
    lsf_right1      =  6.339022025864897
    lsf_right2      =  -14.377107144592966
    lsf_right3      =  6.47935160615703
    lsf_right4      =  -3.5167510848581776
    lsf_right5      =  0.33743230473395847
    tem_depth       =  -0.3006195306941004
    velocity        =  -9551.076639396584
    wave_intercept  =  5722.345182627951
    wave_slope      =  0.015735743384563808
ERROR - Evaluated LSF:
ERROR - [nan nan nan nan nan nan nan nan nan nan nan nan nan nan nan nan nan nan
 nan nan nan nan nan nan nan nan nan nan nan nan nan nan nan nan nan nan
 nan nan nan nan nan nan nan nan nan nan nan nan nan nan nan nan nan nan
 nan nan nan nan nan nan nan nan nan nan nan nan nan nan nan nan nan nan
 nan]
WARNING - Chunk 314:
WARNING - NaN values detected in your input data or the output of your objective/model function - fitting algorithms cannot handle this! Please read https://lmfit.github.io/lmfit-py/faq.html#i-get-errors-from-nan-in-my-fit-what-can-i-do for more information.
ERROR - NaN value detected in oversampled model function.
ERROR - <ParameterSet (values: 17)>
    cont_intercept  =  11819.316895121092
    cont_slope      =  -3.904787858300223
    iod_depth       =  0.8097308182552907
    lsf_left_1      =  6.772669007540273
    lsf_left_2      =  -13.447278504663679
    lsf_left_3      =  4.670805116833502
    lsf_left_4      =  -3.577307053319452
    lsf_left_5      =  0.3623659718547808
    lsf_right1      =  2.3214037094620803
    lsf_right2      =  -14.509069000986017
    lsf_right3      =  8.822922588426358
    lsf_right4      =  -3.1610468380465306
    lsf_right5      =  0.5853128379474659
    tem_depth       =  1.0351518967627509
    velocity        =  -2519.1112016811476
    wave_intercept  =  5738.058571341169
    wave_slope      =  0.014461859974420885
ERROR - Evaluated LSF:
ERROR - [nan nan nan nan nan nan nan nan nan nan nan nan nan nan nan nan nan nan
 nan nan nan nan nan nan nan nan nan nan nan nan nan nan nan nan nan nan
 nan nan nan nan nan nan nan nan nan nan nan nan nan nan nan nan nan nan
 nan nan nan nan nan nan nan nan nan nan nan nan nan nan nan nan nan nan
 nan]
WARNING - Chunk 322:
WARNING - NaN values detected in your input data or the output of your objective/model function - fitting algorithms cannot handle this! Please read https://lmfit.github.io/lmfit-py/faq.html#i-get-errors-from-nan-in-my-fit-what-can-i-do for more information.
ERROR - Chunk 357: No Data! Returning LmfitResult with None.
ERROR - Chunk 366: No Data! Returning LmfitResult with None.
ERROR - NaN value detected in oversampled model function.
ERROR - <ParameterSet (values: 17)>
    cont_intercept  =  13896.141419437849
    cont_slope      =  -1.1840199186761675
    iod_depth       =  0.9213789042421272
    lsf_left_1      =  2.778174288249577
    lsf_left_2      =  -18.79346546816448
    lsf_left_3      =  1.4257776125554027
    lsf_left_4      =  -1.6639459952861713
    lsf_left_5      =  0.22168171366085676
    lsf_right1      =  2.8390373790649783
    lsf_right2      =  -17.776215691191027
    lsf_right3      =  9.379389036671064
    lsf_right4      =  -3.9591922682178935
    lsf_right5      =  1.1922222466528019
    tem_depth       =  1.1807829262201797
    velocity        =  -1117.3641027221936
    wave_intercept  =  5883.155637470354
    wave_slope      =  0.01651771455982891
ERROR - Evaluated LSF:
ERROR - [nan nan nan nan nan nan nan nan nan nan nan nan nan nan nan nan nan nan
 nan nan nan nan nan nan nan nan nan nan nan nan nan nan nan nan nan nan
 nan nan nan nan nan nan nan nan nan nan nan nan nan nan nan nan nan nan
 nan nan nan nan nan nan nan nan nan nan nan nan nan nan nan nan nan nan
 nan]
WARNING - Chunk 387:
WARNING - NaN values detected in your input data or the output of your objective/model function - fitting algorithms cannot handle this! Please read https://lmfit.github.io/lmfit-py/faq.html#i-get-errors-from-nan-in-my-fit-what-can-i-do for more information.
ERROR - NaN value detected in oversampled model function.
ERROR - <ParameterSet (values: 17)>
    cont_intercept  =  13939.476625951494
    cont_slope      =  -3.3621277896202786
    iod_depth       =  0.7833592737888713
    lsf_left_1      =  3.301166732222095
    lsf_left_2      =  -12.659386449888409
    lsf_left_3      =  3.2785312128064645
    lsf_left_4      =  -3.9697687028448323
    lsf_left_5      =  0.1347356069890849
    lsf_right1      =  4.634356806387576
    lsf_right2      =  -15.886020832194175
    lsf_right3      =  10.31479133886919
    lsf_right4      =  -3.6272344161406425
    lsf_right5      =  0.8399583355416036
    tem_depth       =  -0.5670386067368407
    velocity        =  -11331.501975574072
    wave_intercept  =  5887.412560236982
    wave_slope      =  0.016195718167461355
ERROR - Evaluated LSF:
ERROR - [nan nan nan nan nan nan nan nan nan nan nan nan nan nan nan nan nan nan
 nan nan nan nan nan nan nan nan nan nan nan nan nan nan nan nan nan nan
 nan nan nan nan nan nan nan nan nan nan nan nan nan nan nan nan nan nan
 nan nan nan nan nan nan nan nan nan nan nan nan nan nan nan nan nan nan
 nan]
WARNING - Chunk 389:
WARNING - NaN values detected in your input data or the output of your objective/model function - fitting algorithms cannot handle this! Please read https://lmfit.github.io/lmfit-py/faq.html#i-get-errors-from-nan-in-my-fit-what-can-i-do for more information.
ERROR - NaN value detected in oversampled model function.
ERROR - <ParameterSet (values: 17)>
    cont_intercept  =  10704.471332639518
    cont_slope      =  -2.064588504537891
    iod_depth       =  0.9333438134348221
    lsf_left_1      =  6.036912578265315
    lsf_left_2      =  -19.018981419455756
    lsf_left_3      =  1.172868337320083
    lsf_left_4      =  -2.405114824882437
    lsf_left_5      =  0.15394476036540114
    lsf_right1      =  4.060440953612775
    lsf_right2      =  -18.879403708966247
    lsf_right3      =  2.9446638572286385
    lsf_right4      =  -0.7326118908950665
    lsf_right5      =  0.25955057088190614
    tem_depth       =  0.9472997063187288
    velocity        =  -2363.7773158993896
    wave_intercept  =  5891.571958525408
    wave_slope      =  0.015838980956859917
ERROR - Evaluated LSF:
ERROR - [nan nan nan nan nan nan nan nan nan nan nan nan nan nan nan nan nan nan
 nan nan nan nan nan nan nan nan nan nan nan nan nan nan nan nan nan nan
 nan nan nan nan nan nan nan nan nan nan nan nan nan nan nan nan nan nan
 nan nan nan nan nan nan nan nan nan nan nan nan nan nan nan nan nan nan
 nan]
WARNING - Chunk 391:
WARNING - NaN values detected in your input data or the output of your objective/model function - fitting algorithms cannot handle this! Please read https://lmfit.github.io/lmfit-py/faq.html#i-get-errors-from-nan-in-my-fit-what-can-i-do for more information.
ERROR - NaN value detected in oversampled model function.
ERROR - <ParameterSet (values: 17)>
    cont_intercept  =  7685.590670262602
    cont_slope      =  8.864064211139151
    iod_depth       =  0.9256207778231315
    lsf_left_1      =  3.042947063990275
    lsf_left_2      =  -17.80986131681962
    lsf_left_3      =  1.5506928859189248
    lsf_left_4      =  -1.2435634299094493
    lsf_left_5      =  0.6675218566361513
    lsf_right1      =  2.5237519654843927
    lsf_right2      =  -14.856631835048777
    lsf_right3      =  1.9365678779734705
    lsf_right4      =  -0.5685910638040323
    lsf_right5      =  0.16188939147374756
    tem_depth       =  1.266758308774143
    velocity        =  -908.2018719580275
    wave_intercept  =  5912.632146195004
    wave_slope      =  0.01887285916592175
ERROR - Evaluated LSF:
ERROR - [nan nan nan nan nan nan nan nan nan nan nan nan nan nan nan nan nan nan
 nan nan nan nan nan nan nan nan nan nan nan nan nan nan nan nan nan nan
 nan nan nan nan nan nan nan nan nan nan nan nan nan nan nan nan nan nan
 nan nan nan nan nan nan nan nan nan nan nan nan nan nan nan nan nan nan
 nan]
WARNING - Chunk 400:
WARNING - NaN values detected in your input data or the output of your objective/model function - fitting algorithms cannot handle this! Please read https://lmfit.github.io/lmfit-py/faq.html#i-get-errors-from-nan-in-my-fit-what-can-i-do for more information.
ERROR - NaN value detected in oversampled model function.
ERROR - <ParameterSet (values: 17)>
    cont_intercept  =  8343.09512131418
    cont_slope      =  6.2299693638846625
    iod_depth       =  0.8429229819331132
    lsf_left_1      =  2.1540064275980253
    lsf_left_2      =  -19.022358098229986
    lsf_left_3      =  1.1840591868891701
    lsf_left_4      =  -3.118803043101784
    lsf_left_5      =  0.22195149295471922
    lsf_right1      =  2.2181104072416757
    lsf_right2      =  -13.949490015524448
    lsf_right3      =  3.1383826224693943
    lsf_right4      =  -3.1622002740594173
    lsf_right5      =  0.2815120233387021
    tem_depth       =  1.0144432691651792
    velocity        =  -2911.2759370459585
    wave_intercept  =  5915.067964342639
    wave_slope      =  0.01869408737927157
ERROR - Evaluated LSF:
ERROR - [nan nan nan nan nan nan nan nan nan nan nan nan nan nan nan nan nan nan
 nan nan nan nan nan nan nan nan nan nan nan nan nan nan nan nan nan nan
 nan nan nan nan nan nan nan nan nan nan nan nan nan nan nan nan nan nan
 nan nan nan nan nan nan nan nan nan nan nan nan nan nan nan nan nan nan
 nan]
WARNING - Chunk 401:
WARNING - NaN values detected in your input data or the output of your objective/model function - fitting algorithms cannot handle this! Please read https://lmfit.github.io/lmfit-py/faq.html#i-get-errors-from-nan-in-my-fit-what-can-i-do for more information.
ERROR - NaN value detected in oversampled model function.
ERROR - <ParameterSet (values: 17)>
    cont_intercept  =  11102.23966600189
    cont_slope      =  14.289794149899244
    iod_depth       =  0.9864970981845177
    lsf_left_1      =  3.4489881498750234
    lsf_left_2      =  -17.862516587701602
    lsf_left_3      =  9.721840802609758
    lsf_left_4      =  -3.3024494870284338
    lsf_left_5      =  0.2444612954533851
    lsf_right1      =  3.1161213320272916
    lsf_right2      =  -6.670683520615766
    lsf_right3      =  3.708473715862086
    lsf_right4      =  -3.7641917741177067
    lsf_right5      =  0.7127647662214135
    tem_depth       =  -0.8531957687943429
    velocity        =  -14703.548782631742
    wave_intercept  =  5924.574371643509
    wave_slope      =  0.0178560994093053
ERROR - Evaluated LSF:
ERROR - [nan nan nan nan nan nan nan nan nan nan nan nan nan nan nan nan nan nan
 nan nan nan nan nan nan nan nan nan nan nan nan nan nan nan nan nan nan
 nan nan nan nan nan nan nan nan nan nan nan nan nan nan nan nan nan nan
 nan nan nan nan nan nan nan nan nan nan nan nan nan nan nan nan nan nan
 nan]
WARNING - Chunk 405:
WARNING - NaN values detected in your input data or the output of your objective/model function - fitting algorithms cannot handle this! Please read https://lmfit.github.io/lmfit-py/faq.html#i-get-errors-from-nan-in-my-fit-what-can-i-do for more information.
ERROR - NaN value detected in oversampled model function.
ERROR - <ParameterSet (values: 17)>
    cont_intercept  =  13168.13784586253
    cont_slope      =  2.183632979905081
    iod_depth       =  0.8771401679772286
    lsf_left_1      =  7.821699515576322
    lsf_left_2      =  -17.42522148575877
    lsf_left_3      =  1.7474766842720992
    lsf_left_4      =  -2.664477903527644
    lsf_left_5      =  0.6309142261557885
    lsf_right1      =  4.88377242065739
    lsf_right2      =  -12.330424377999833
    lsf_right3      =  6.15704565233358
    lsf_right4      =  -3.6291399215259195
    lsf_right5      =  0.1834367001364564
    tem_depth       =  1.0764734226780583
    velocity        =  -2941.806633420524
    wave_intercept  =  5931.4282420840755
    wave_slope      =  0.017388290432927167
ERROR - Evaluated LSF:
ERROR - [nan nan nan nan nan nan nan nan nan nan nan nan nan nan nan nan nan nan
 nan nan nan nan nan nan nan nan nan nan nan nan nan nan nan nan nan nan
 nan nan nan nan nan nan nan nan nan nan nan nan nan nan nan nan nan nan
 nan nan nan nan nan nan nan nan nan nan nan nan nan nan nan nan nan nan
 nan]
WARNING - Chunk 408:
WARNING - NaN values detected in your input data or the output of your objective/model function - fitting algorithms cannot handle this! Please read https://lmfit.github.io/lmfit-py/faq.html#i-get-errors-from-nan-in-my-fit-what-can-i-do for more information.
ERROR - NaN value detected in oversampled model function.
ERROR - <ParameterSet (values: 17)>
    cont_intercept  =  14681.748638096029
    cont_slope      =  3.133531843240959
    iod_depth       =  0.7424604026639973
    lsf_left_1      =  5.64785157688532
    lsf_left_2      =  -19.318798836534114
    lsf_left_3      =  7.810165614849633
    lsf_left_4      =  -3.969957010205056
    lsf_left_5      =  0.13331280513284322
    lsf_right1      =  6.355273579721177
    lsf_right2      =  -16.23863703169844
    lsf_right3      =  1.1784103065036609
    lsf_right4      =  -3.3052823324016134
    lsf_right5      =  0.8293979571473785
    tem_depth       =  1.065221921383531
    velocity        =  -1757.299634399659
    wave_intercept  =  5935.910801039294
    wave_slope      =  0.017084371376284067
ERROR - Evaluated LSF:
ERROR - [nan nan nan nan nan nan nan nan nan nan nan nan nan nan nan nan nan nan
 nan nan nan nan nan nan nan nan nan nan nan nan nan nan nan nan nan nan
 nan nan nan nan nan nan nan nan nan nan nan nan nan nan nan nan nan nan
 nan nan nan nan nan nan nan nan nan nan nan nan nan nan nan nan nan nan
 nan]
WARNING - Chunk 410:
WARNING - NaN values detected in your input data or the output of your objective/model function - fitting algorithms cannot handle this! Please read https://lmfit.github.io/lmfit-py/faq.html#i-get-errors-from-nan-in-my-fit-what-can-i-do for more information.
ERROR - Chunk 470: No Data! Returning LmfitResult with None.
ERROR - NaN value detected in oversampled model function.
ERROR - <ParameterSet (values: 17)>
    cont_intercept  =  9081.566210598849
    cont_slope      =  7.677448549561887
    iod_depth       =  0.6201118311465647
    lsf_left_1      =  2.1664587522130887
    lsf_left_2      =  -14.45279584686557
    lsf_left_3      =  5.592645517945227
    lsf_left_4      =  -2.891061191307765
    lsf_left_5      =  1.1558136568971442
    lsf_right1      =  11.604580423184048
    lsf_right2      =  -19.25923017923383
    lsf_right3      =  1.280521065276505
    lsf_right4      =  -3.082891789439531
    lsf_right5      =  0.14359456674260987
    tem_depth       =  1.0262823371150716
    velocity        =  -2681.4440784467038
    wave_intercept  =  6092.5110273996315
    wave_slope      =  0.019083647757625947
ERROR - Evaluated LSF:
ERROR - [nan nan nan nan nan nan nan nan nan nan nan nan nan nan nan nan nan nan
 nan nan nan nan nan nan nan nan nan nan nan nan nan nan nan nan nan nan
 nan nan nan nan nan nan nan nan nan nan nan nan nan nan nan nan nan nan
 nan nan nan nan nan nan nan nan nan nan nan nan nan nan nan nan nan nan
 nan]
WARNING - Chunk 476:
WARNING - NaN values detected in your input data or the output of your objective/model function - fitting algorithms cannot handle this! Please read https://lmfit.github.io/lmfit-py/faq.html#i-get-errors-from-nan-in-my-fit-what-can-i-do for more information.
ERROR - NaN value detected in oversampled model function.
ERROR - <ParameterSet (values: 17)>
    cont_intercept  =  14572.157461667091
    cont_slope      =  6.1161152694261895
    iod_depth       =  1.0860523381683858
    lsf_left_1      =  3.9687481447398456
    lsf_left_2      =  -7.64396798303388
    lsf_left_3      =  1.3774281715116914
    lsf_left_4      =  -3.7153289008082218
    lsf_left_5      =  1.1751750014048972
    lsf_right1      =  4.392872256415727
    lsf_right2      =  -13.856293642089124
    lsf_right3      =  3.199093254500996
    lsf_right4      =  -2.805300979641329
    lsf_right5      =  0.31370405713642235
    tem_depth       =  0.45563211337374704
    velocity        =  -8233.373049596685
    wave_intercept  =  6107.03681711156
    wave_slope      =  0.0179597916262868
ERROR - Evaluated LSF:
ERROR - [nan nan nan nan nan nan nan nan nan nan nan nan nan nan nan nan nan nan
 nan nan nan nan nan nan nan nan nan nan nan nan nan nan nan nan nan nan
 nan nan nan nan nan nan nan nan nan nan nan nan nan nan nan nan nan nan
 nan nan nan nan nan nan nan nan nan nan nan nan nan nan nan nan nan nan
 nan]
WARNING - Chunk 482:
WARNING - NaN values detected in your input data or the output of your objective/model function - fitting algorithms cannot handle this! Please read https://lmfit.github.io/lmfit-py/faq.html#i-get-errors-from-nan-in-my-fit-what-can-i-do for more information.
ERROR - NaN value detected in oversampled model function.
ERROR - <ParameterSet (values: 17)>
    cont_intercept  =  15447.19588370403
    cont_slope      =  3.8925072176286175
    iod_depth       =  0.7025289848618643
    lsf_left_1      =  2.5368216616276342
    lsf_left_2      =  -19.15835647946171
    lsf_left_3      =  2.126173114119193
    lsf_left_4      =  -3.417920196450959
    lsf_left_5      =  1.0150986913430118
    lsf_right1      =  4.253867562710714
    lsf_right2      =  -14.332838383733275
    lsf_right3      =  4.950973825098628
    lsf_right4      =  -2.9148000394815794
    lsf_right5      =  0.8481341642092042
    tem_depth       =  0.4068279524972984
    velocity        =  -10877.98853461467
    wave_intercept  =  6113.99489299475
    wave_slope      =  0.017511417232427513
ERROR - Evaluated LSF:
ERROR - [nan nan nan nan nan nan nan nan nan nan nan nan nan nan nan nan nan nan
 nan nan nan nan nan nan nan nan nan nan nan nan nan nan nan nan nan nan
 nan nan nan nan nan nan nan nan nan nan nan nan nan nan nan nan nan nan
 nan nan nan nan nan nan nan nan nan nan nan nan nan nan nan nan nan nan
 nan]
WARNING - Chunk 485:
WARNING - NaN values detected in your input data or the output of your objective/model function - fitting algorithms cannot handle this! Please read https://lmfit.github.io/lmfit-py/faq.html#i-get-errors-from-nan-in-my-fit-what-can-i-do for more information.
ERROR - NaN value detected in oversampled model function.
ERROR - <ParameterSet (values: 17)>
    cont_intercept  =  15866.002257268903
    cont_slope      =  -0.34174714510252746
    iod_depth       =  0.6721958208502812
    lsf_left_1      =  2.798363643148853
    lsf_left_2      =  -19.2580208121259
    lsf_left_3      =  2.3788068863303353
    lsf_left_4      =  -3.848375900537847
    lsf_left_5      =  1.115328146624865
    lsf_right1      =  4.622563310599405
    lsf_right2      =  -16.41698813391975
    lsf_right3      =  7.36147880261639
    lsf_right4      =  -3.1863541963781996
    lsf_right5      =  0.3316763131905097
    tem_depth       =  1.0610353909061465
    velocity        =  -2857.216333267135
    wave_intercept  =  6120.7072980164785
    wave_slope      =  0.017023148156941392
ERROR - Evaluated LSF:
ERROR - [nan nan nan nan nan nan nan nan nan nan nan nan nan nan nan nan nan nan
 nan nan nan nan nan nan nan nan nan nan nan nan nan nan nan nan nan nan
 nan nan nan nan nan nan nan nan nan nan nan nan nan nan nan nan nan nan
 nan nan nan nan nan nan nan nan nan nan nan nan nan nan nan nan nan nan
 nan]
WARNING - Chunk 488:
WARNING - NaN values detected in your input data or the output of your objective/model function - fitting algorithms cannot handle this! Please read https://lmfit.github.io/lmfit-py/faq.html#i-get-errors-from-nan-in-my-fit-what-can-i-do for more information.
ERROR - NaN value detected in oversampled model function.
ERROR - <ParameterSet (values: 17)>
    cont_intercept  =  14573.019048402517
    cont_slope      =  -2.026758524678435
    iod_depth       =  0.6137062044787389
    lsf_left_1      =  2.930134563774265
    lsf_left_2      =  -19.302687163701982
    lsf_left_3      =  1.9847606796621653
    lsf_left_4      =  -3.3175467337459845
    lsf_left_5      =  1.1505863292684468
    lsf_right1      =  7.237507971763356
    lsf_right2      =  -15.287112967770257
    lsf_right3      =  1.1726390523673758
    lsf_right4      =  -1.2471055276198437
    lsf_right5      =  0.3114254249030845
    tem_depth       =  1.0024715589188489
    velocity        =  -2845.5969118699986
    wave_intercept  =  6191.276314220322
    wave_slope      =  0.016490551241119172
ERROR - Evaluated LSF:
ERROR - [nan nan nan nan nan nan nan nan nan nan nan nan nan nan nan nan nan nan
 nan nan nan nan nan nan nan nan nan nan nan nan nan nan nan nan nan nan
 nan nan nan nan nan nan nan nan nan nan nan nan nan nan nan nan nan nan
 nan nan nan nan nan nan nan nan nan nan nan nan nan nan nan nan nan nan
 nan]
WARNING - Chunk 517:
WARNING - NaN values detected in your input data or the output of your objective/model function - fitting algorithms cannot handle this! Please read https://lmfit.github.io/lmfit-py/faq.html#i-get-errors-from-nan-in-my-fit-what-can-i-do for more information.
ERROR - NaN value detected in oversampled model function.
ERROR - <ParameterSet (values: 17)>
    cont_intercept  =  13015.925526932604
    cont_slope      =  3.6376354475693695
    iod_depth       =  0.3931693972510231
    lsf_left_1      =  2.656978660136918
    lsf_left_2      =  -18.591309853899993
    lsf_left_3      =  10.1482109389817
    lsf_left_4      =  -3.032234397930195
    lsf_left_5      =  0.6511697553100422
    lsf_right1      =  4.698159205184883
    lsf_right2      =  -18.755847048606405
    lsf_right3      =  2.601823451490894
    lsf_right4      =  -3.8520501041627138
    lsf_right5      =  0.43998034140593995
    tem_depth       =  -0.04753740558518764
    velocity        =  -1060.4468592335304
    wave_intercept  =  6227.016677375479
    wave_slope      =  0.02109370663224787
ERROR - Evaluated LSF:
ERROR - [nan nan nan nan nan nan nan nan nan nan nan nan nan nan nan nan nan nan
 nan nan nan nan nan nan nan nan nan nan nan nan nan nan nan nan nan nan
 nan nan nan nan nan nan nan nan nan nan nan nan nan nan nan nan nan nan
 nan nan nan nan nan nan nan nan nan nan nan nan nan nan nan nan nan nan
 nan]
WARNING - Chunk 530:
WARNING - NaN values detected in your input data or the output of your objective/model function - fitting algorithms cannot handle this! Please read https://lmfit.github.io/lmfit-py/faq.html#i-get-errors-from-nan-in-my-fit-what-can-i-do for more information.
ERROR - NaN value detected in oversampled model function.
ERROR - <ParameterSet (values: 17)>
    cont_intercept  =  15291.721930481577
    cont_slope      =  3.459269033337003
    iod_depth       =  0.8755963129915064
    lsf_left_1      =  7.285720116526418
    lsf_left_2      =  -17.1988945585678
    lsf_left_3      =  9.973716665930802
    lsf_left_4      =  -3.9670490854689353
    lsf_left_5      =  1.059656008125804
    lsf_right1      =  5.662179360384986
    lsf_right2      =  -17.35950666425512
    lsf_right3      =  1.1514380774245718
    lsf_right4      =  -3.378108609808417
    lsf_right5      =  0.15732470229172862
    tem_depth       =  0.4969902866466369
    velocity        =  -1068.9799491511055
    wave_intercept  =  6236.409835238042
    wave_slope      =  0.01797233997613254
ERROR - Evaluated LSF:
ERROR - [nan nan nan nan nan nan nan nan nan nan nan nan nan nan nan nan nan nan
 nan nan nan nan nan nan nan nan nan nan nan nan nan nan nan nan nan nan
 nan nan nan nan nan nan nan nan nan nan nan nan nan nan nan nan nan nan
 nan nan nan nan nan nan nan nan nan nan nan nan nan nan nan nan nan nan
 nan]
WARNING - Chunk 534:
WARNING - NaN values detected in your input data or the output of your objective/model function - fitting algorithms cannot handle this! Please read https://lmfit.github.io/lmfit-py/faq.html#i-get-errors-from-nan-in-my-fit-what-can-i-do for more information.
ERROR - NaN value detected in oversampled model function.
ERROR - <ParameterSet (values: 17)>
    cont_intercept  =  15568.341952092867
    cont_slope      =  2.5116018881729776
    iod_depth       =  0.5992075752633913
    lsf_left_1      =  3.4440892606372526
    lsf_left_2      =  -18.061105733164343
    lsf_left_3      =  5.10140303335605
    lsf_left_4      =  -3.334673463911316
    lsf_left_5      =  1.1481314936251759
    lsf_right1      =  4.364624964303147
    lsf_right2      =  -19.18013375988628
    lsf_right3      =  1.5539172785228272
    lsf_right4      =  -3.5683698681965055
    lsf_right5      =  1.116441416664586
    tem_depth       =  0.9535653791796525
    velocity        =  -2138.0329028282636
    wave_intercept  =  6238.75597195498
    wave_slope      =  0.017893049654554037
ERROR - Evaluated LSF:
ERROR - [nan nan nan nan nan nan nan nan nan nan nan nan nan nan nan nan nan nan
 nan nan nan nan nan nan nan nan nan nan nan nan nan nan nan nan nan nan
 nan nan nan nan nan nan nan nan nan nan nan nan nan nan nan nan nan nan
 nan nan nan nan nan nan nan nan nan nan nan nan nan nan nan nan nan nan
 nan]
WARNING - Chunk 535:
WARNING - NaN values detected in your input data or the output of your objective/model function - fitting algorithms cannot handle this! Please read https://lmfit.github.io/lmfit-py/faq.html#i-get-errors-from-nan-in-my-fit-what-can-i-do for more information.
ERROR - NaN value detected in oversampled model function.
ERROR - <ParameterSet (values: 17)>
    cont_intercept  =  15786.709605487695
    cont_slope      =  1.6566925001488497
    iod_depth       =  0.8011419326637186
    lsf_left_1      =  3.266977010475842
    lsf_left_2      =  -19.280184330064294
    lsf_left_3      =  4.619458091949298
    lsf_left_4      =  -2.5160212922145613
    lsf_left_5      =  0.5471891136987415
    lsf_right1      =  2.9079384492711893
    lsf_right2      =  -19.295105526111048
    lsf_right3      =  10.035334744986484
    lsf_right4      =  -3.945132635595752
    lsf_right5      =  0.538423624558704
    tem_depth       =  1.0334412852702985
    velocity        =  -3051.1518761629736
    wave_intercept  =  6241.05146059547
    wave_slope      =  0.017647148749239238
ERROR - Evaluated LSF:
ERROR - [nan nan nan nan nan nan nan nan nan nan nan nan nan nan nan nan nan nan
 nan nan nan nan nan nan nan nan nan nan nan nan nan nan nan nan nan nan
 nan nan nan nan nan nan nan nan nan nan nan nan nan nan nan nan nan nan
 nan nan nan nan nan nan nan nan nan nan nan nan nan nan nan nan nan nan
 nan]
WARNING - Chunk 536:
WARNING - NaN values detected in your input data or the output of your objective/model function - fitting algorithms cannot handle this! Please read https://lmfit.github.io/lmfit-py/faq.html#i-get-errors-from-nan-in-my-fit-what-can-i-do for more information.
ERROR - Chunk 537: No Data! Returning LmfitResult with None.
ERROR - NaN value detected in oversampled model function.
ERROR - <ParameterSet (values: 17)>
    cont_intercept  =  15381.605407909756
    cont_slope      =  0.030178052156890733
    iod_depth       =  0.8626846573125626
    lsf_left_1      =  3.5293227918595393
    lsf_left_2      =  -19.290538470802808
    lsf_left_3      =  10.254146207258698
    lsf_left_4      =  -3.775592014861183
    lsf_left_5      =  0.24364788774989826
    lsf_right1      =  5.017296639513716
    lsf_right2      =  -19.306083605484076
    lsf_right3      =  1.9648796374839979
    lsf_right4      =  -3.966943735919795
    lsf_right5      =  0.7736610618977646
    tem_depth       =  1.0090028838816962
    velocity        =  -2212.4710536498615
    wave_intercept  =  6252.284702839626
    wave_slope      =  0.016901566085942253
ERROR - Evaluated LSF:
ERROR - [nan nan nan nan nan nan nan nan nan nan nan nan nan nan nan nan nan nan
 nan nan nan nan nan nan nan nan nan nan nan nan nan nan nan nan nan nan
 nan nan nan nan nan nan nan nan nan nan nan nan nan nan nan nan nan nan
 nan nan nan nan nan nan nan nan nan nan nan nan nan nan nan nan nan nan
 nan]
WARNING - Chunk 541:
WARNING - NaN values detected in your input data or the output of your objective/model function - fitting algorithms cannot handle this! Please read https://lmfit.github.io/lmfit-py/faq.html#i-get-errors-from-nan-in-my-fit-what-can-i-do for more information.
ERROR - Chunk 544: No Data! Returning LmfitResult with None.
ERROR - NaN value detected in oversampled model function.
ERROR - <ParameterSet (values: 17)>
    cont_intercept  =  13987.888152597596
    cont_slope      =  -4.664925341778926
    iod_depth       =  0.989236287215299
    lsf_left_1      =  2.1474824015292038
    lsf_left_2      =  -8.023398562777531
    lsf_left_3      =  7.111908992335253
    lsf_left_4      =  -3.3045563504210778
    lsf_left_5      =  0.14524590481782285
    lsf_right1      =  3.5203347757255923
    lsf_right2      =  -19.281796390325795
    lsf_right3      =  10.331461064240933
    lsf_right4      =  -3.9664366718373447
    lsf_right5      =  0.9696385436198476
    tem_depth       =  0.6435222077054319
    velocity        =  -8739.285858774952
    wave_intercept  =  6262.950437165701
    wave_slope      =  0.016727781255454433
ERROR - Evaluated LSF:
ERROR - [nan nan nan nan nan nan nan nan nan nan nan nan nan nan nan nan nan nan
 nan nan nan nan nan nan nan nan nan nan nan nan nan nan nan nan nan nan
 nan nan nan nan nan nan nan nan nan nan nan nan nan nan nan nan nan nan
 nan nan nan nan nan nan nan nan nan nan nan nan nan nan nan nan nan nan
 nan]
WARNING - Chunk 546:
WARNING - NaN values detected in your input data or the output of your objective/model function - fitting algorithms cannot handle this! Please read https://lmfit.github.io/lmfit-py/faq.html#i-get-errors-from-nan-in-my-fit-what-can-i-do for more information.
ERROR - NaN value detected in oversampled model function.
ERROR - <ParameterSet (values: 17)>
    cont_intercept  =  11819.028129507056
    cont_slope      =  -3.5843747478792145
    iod_depth       =  1.7942633733995195
    lsf_left_1      =  8.251322863262619
    lsf_left_2      =  -15.988902496873136
    lsf_left_3      =  1.2758607885274273
    lsf_left_4      =  -2.524919943208845
    lsf_left_5      =  1.0949371674895603
    lsf_right1      =  2.244908248143987
    lsf_right2      =  -17.555576888923316
    lsf_right3      =  2.2759617315361833
    lsf_right4      =  -2.547061732950329
    lsf_right5      =  1.199019086733916
    tem_depth       =  -0.01666104539618922
    velocity        =  -9019.5539131751
    wave_intercept  =  6269.077270837007
    wave_slope      =  0.015613516532863822
ERROR - Evaluated LSF:
ERROR - [nan nan nan nan nan nan nan nan nan nan nan nan nan nan nan nan nan nan
 nan nan nan nan nan nan nan nan nan nan nan nan nan nan nan nan nan nan
 nan nan nan nan nan nan nan nan nan nan nan nan nan nan nan nan nan nan
 nan nan nan nan nan nan nan nan nan nan nan nan nan nan nan nan nan nan
 nan]
WARNING - Chunk 549:
WARNING - NaN values detected in your input data or the output of your objective/model function - fitting algorithms cannot handle this! Please read https://lmfit.github.io/lmfit-py/faq.html#i-get-errors-from-nan-in-my-fit-what-can-i-do for more information.
ERROR - NaN value detected in oversampled model function.
ERROR - <ParameterSet (values: 17)>
    cont_intercept  =  14834.51122822185
    cont_slope      =  0.680820392419301
    iod_depth       =  1.144563760946938
    lsf_left_1      =  7.836963254645601
    lsf_left_2      =  -19.29498655625135
    lsf_left_3      =  9.239344738717312
    lsf_left_4      =  -3.721149350570456
    lsf_left_5      =  0.9202045867911003
    lsf_right1      =  3.8931571034869408
    lsf_right2      =  -10.157627988308107
    lsf_right3      =  1.2404883054558384
    lsf_right4      =  -2.4464586193696096
    lsf_right5      =  0.1781614049354828
    tem_depth       =  0.9958911553757113
    velocity        =  -3444.7890588668474
    wave_intercept  =  6300.693289117413
    wave_slope      =  0.018144567373833503
ERROR - Evaluated LSF:
ERROR - [nan nan nan nan nan nan nan nan nan nan nan nan nan nan nan nan nan nan
 nan nan nan nan nan nan nan nan nan nan nan nan nan nan nan nan nan nan
 nan nan nan nan nan nan nan nan nan nan nan nan nan nan nan nan nan nan
 nan nan nan nan nan nan nan nan nan nan nan nan nan nan nan nan nan nan
 nan]
WARNING - Chunk 559:
WARNING - NaN values detected in your input data or the output of your objective/model function - fitting algorithms cannot handle this! Please read https://lmfit.github.io/lmfit-py/faq.html#i-get-errors-from-nan-in-my-fit-what-can-i-do for more information.
ERROR - NaN value detected in oversampled model function.
ERROR - <ParameterSet (values: 17)>
    cont_intercept  =  15181.03371103461
    cont_slope      =  -2.1039623468037854
    iod_depth       =  0.8046039235593279
    lsf_left_1      =  6.21039324105929
    lsf_left_2      =  -17.359341848497547
    lsf_left_3      =  1.7212144868081913
    lsf_left_4      =  -3.7826606409220056
    lsf_left_5      =  0.9142086593997406
    lsf_right1      =  4.9904930753518135
    lsf_right2      =  -19.307649944923607
    lsf_right3      =  7.666013773540951
    lsf_right4      =  -3.4960938451886845
    lsf_right5      =  0.15623806261846962
    tem_depth       =  0.7759497230123127
    velocity        =  -2659.9438571420583
    wave_intercept  =  6321.10711598749
    wave_slope      =  0.016578674951834696
ERROR - Evaluated LSF:
ERROR - [nan nan nan nan nan nan nan nan nan nan nan nan nan nan nan nan nan nan
 nan nan nan nan nan nan nan nan nan nan nan nan nan nan nan nan nan nan
 nan nan nan nan nan nan nan nan nan nan nan nan nan nan nan nan nan nan
 nan nan nan nan nan nan nan nan nan nan nan nan nan nan nan nan nan nan
 nan]
WARNING - Chunk 568:
WARNING - NaN values detected in your input data or the output of your objective/model function - fitting algorithms cannot handle this! Please read https://lmfit.github.io/lmfit-py/faq.html#i-get-errors-from-nan-in-my-fit-what-can-i-do for more information.
ERROR - Chunk 569: No Data! Returning LmfitResult with None.
ERROR - Chunk 570: No Data! Returning LmfitResult with None.
ERROR - NaN value detected in oversampled model function.
ERROR - <ParameterSet (values: 17)>
    cont_intercept  =  12101.855023209931
    cont_slope      =  -5.8317382865116585
    iod_depth       =  0.48571907268030673
    lsf_left_1      =  3.9163595345361415
    lsf_left_2      =  -18.958745201761726
    lsf_left_3      =  5.524161700299506
    lsf_left_4      =  -1.1608546932014905
    lsf_left_5      =  0.24093340982867528
    lsf_right1      =  2.6513972660655165
    lsf_right2      =  -10.331410130154524
    lsf_right3      =  6.594502447090395
    lsf_right4      =  -3.9221640899718766
    lsf_right5      =  0.13404467787972263
    tem_depth       =  0.9859796543772207
    velocity        =  330.3655695862645
    wave_intercept  =  6331.692860431684
    wave_slope      =  0.01524895717871397
ERROR - Evaluated LSF:
ERROR - [nan nan nan nan nan nan nan nan nan nan nan nan nan nan nan nan nan nan
 nan nan nan nan nan nan nan nan nan nan nan nan nan nan nan nan nan nan
 nan nan nan nan nan nan nan nan nan nan nan nan nan nan nan nan nan nan
 nan nan nan nan nan nan nan nan nan nan nan nan nan nan nan nan nan nan
 nan]
WARNING - Chunk 573:
WARNING - NaN values detected in your input data or the output of your objective/model function - fitting algorithms cannot handle this! Please read https://lmfit.github.io/lmfit-py/faq.html#i-get-errors-from-nan-in-my-fit-what-can-i-do for more information.
INFO - 
INFO - Number of chunks with no uncertainties: 2
INFO - Number of chunks with outliers: 0
INFO - Number of chunks with nan fitted red. Chi2: 52
INFO - 
INFO - Creating analysis plots...
ERROR - NaN value detected in iodine function.
ERROR - Chunk could not be plotted
Traceback (most recent call last):
  File "/Users/jaklusmeyer/SONG/pyodine/pyodine/plot_lib.py", line 62, in plot_chunkmodel
    sp = fit_results[chunk_nr].fitted_spectrum
  File "/Users/jaklusmeyer/SONG/pyodine/pyodine/fitters/base.py", line 45, in fitted_spectrum
    return self.model.eval_spectrum(self.chunk, self.params, chunk_ind=self.chunk_ind)
  File "/Users/jaklusmeyer/SONG/pyodine/pyodine/models/base.py", line 79, in eval_spectrum
    flux = self.eval(chunk, params, chunk_ind=chunk_ind, **kwargs)
  File "/Users/jaklusmeyer/SONG/pyodine/pyodine/models/spectrum.py", line 138, in eval
    tck = splrep(tem.wave * doppler, flux_tem, s=0)
  File "/Users/jaklusmeyer/miniconda/envs/pyodine_env/lib/python3.9/site-packages/scipy/interpolate/_fitpack_py.py", line 295, in splrep
    res = _impl.splrep(x, y, w, xb, xe, k, task, s, t, full_output, per, quiet)
  File "/Users/jaklusmeyer/miniconda/envs/pyodine_env/lib/python3.9/site-packages/scipy/interpolate/_fitpack_impl.py", line 276, in splrep
    n, c, fp, ier = dfitpack.curfit(task, x, y, w, t, wrk, iwrk,
dfitpack.error: (xb<=x[0]) failed for 1st keyword xb: curfit:xb=nan
INFO - Velocity robust mean: -2779.5083578777185
INFO - Velocity robust std: 627.2993811172075
INFO - 
INFO - Velocity error robust mean: 206.52272321392712
INFO - Velocity error robust std: 194.19916764298284
INFO - 
INFO - Minimum error: 55.61722976680072 in chunk 286
INFO - Maximum error: 19789.438510726883 in chunk 468
INFO - 
INFO - Chunks with nan velocities: [ 25  28  29  44  54  62  63  90 123 135 182 190 199 214 259 281 284 296
 301 305 314 322 357 366 387 389 391 400 401 405 408 410 470 476 482 485
 488 517 530 534 535 536 537 541 544 546 549 559 568 569 570 573]
INFO - Chunks with nan velocity errors: [ 25  28  29  44  54  62  63  90 123 135 157 182 190 199 214 259 281 284
 296 301 305 314 322 357 366 387 389 391 400 401 405 408 410 470 476 482
 485 488 517 530 534 535 536 537 541 544 546 549 559 561 568 569 570 573]
INFO - Velocity error at percentile 80: 723.5994366412255
INFO - 
INFO - Time to model this observation: 135.7890191078186
