INFO - 
INFO - Branch: master
INFO - Hash: c2a71ac
INFO - ---------------------------
INFO - Working on: /Users/jaklusmeyer/SONG/reduce/UT260321/sciencestar/HD185144_ec_260325.0301.fits
INFO - 
INFO - Median flux of the observation: 6631
INFO - Loading template from file: /Users/jaklusmeyer/SONG/reduce/0007_sigdra_temp_results_v4/obs_temp_highsnr_test.h5
INFO - 
INFO - Order correction: 0
INFO - 
INFO - Measured velocity rel. to reference spectrum: 29.195 km/s
INFO - Template velocity: 38.044 km/s
INFO - Velocity guess: -8.850 km/s (relative to template)

INFO - (Barycentric velocity of observation: -2.010 km/s)
INFO - (Barycentric velocity of template: -4.628 km/s)

INFO - 
INFO - Barycentric redshift between template and observation: 
INFO - v = -2618.460259639479, z = -8.73424327318961e-06

INFO - Startpixel (order 26, chunk 29): -65
INFO - -> Correcting to 0.
INFO - Startpixel (order 26, chunk 32): -65
INFO - -> Correcting to 0.
INFO - Startpixel (order 26, chunk 47): -65
INFO - -> Correcting to 0.
INFO - Startpixel (order 28, chunk 87): -65
INFO - -> Correcting to 0.
INFO - Startpixel (order 36, chunk 286): -65
INFO - -> Correcting to 0.
INFO - Startpixel (order 38, chunk 343): -65
INFO - -> Correcting to 0.
INFO - Startpixel (order 42, chunk 444): -65
INFO - -> Correcting to 0.
INFO - Startpixel (order 45, chunk 519): -65
INFO - -> Correcting to 0.
INFO - Startpixel (order 46, chunk 529): -65
INFO - -> Correcting to 0.
INFO - Startpixel (order 46, chunk 549): -65
INFO - -> Correcting to 0.
INFO - Startpixel (order 47, chunk 557): -65
INFO - -> Correcting to 0.
INFO - 
INFO - Total number of chunks: 575
INFO - Nr. chunks in order 0: 25
INFO - First and last covered pixel of chunks in order 0: 12, 3261
INFO - Orders: 25 - 47 (23 in total)
INFO - 
INFO - ----------------------
INFO - RUN 0
INFO - ----------------------
INFO - 
INFO - Constraining parameters for RUN 0
WARNING - Chunk 29:
WARNING - (xb<=x[0]) failed for 1st keyword xb: curfit:xb=nan
WARNING - Chunk 32:
WARNING - (xb<=x[0]) failed for 1st keyword xb: curfit:xb=nan
WARNING - Chunk 47:
WARNING - (xb<=x[0]) failed for 1st keyword xb: curfit:xb=nan
WARNING - Chunk 87:
WARNING - (xb<=x[0]) failed for 1st keyword xb: curfit:xb=nan
WARNING - Chunk 286:
WARNING - (xb<=x[0]) failed for 1st keyword xb: curfit:xb=nan
WARNING - Chunk 343:
WARNING - (xb<=x[0]) failed for 1st keyword xb: curfit:xb=nan
WARNING - Chunk 444:
WARNING - (xb<=x[0]) failed for 1st keyword xb: curfit:xb=nan
WARNING - Chunk 519:
WARNING - (xb<=x[0]) failed for 1st keyword xb: curfit:xb=nan
WARNING - Chunk 529:
WARNING - (xb<=x[0]) failed for 1st keyword xb: curfit:xb=nan
WARNING - Chunk 549:
WARNING - (xb<=x[0]) failed for 1st keyword xb: curfit:xb=nan
WARNING - Chunk 557:
WARNING - (xb<=x[0]) failed for 1st keyword xb: curfit:xb=nan
INFO - 
INFO - Number of chunks with no uncertainties: 0
INFO - Number of chunks with outliers: 0
INFO - Number of chunks with nan fitted red. Chi2: 11
INFO - 
INFO - Creating analysis plots...
INFO - 
INFO - ----------------------
INFO - RUN 1
INFO - ----------------------
INFO - 
INFO - Constraining parameters for RUN 1
INFO - 
INFO - Fitted LSF parameters:
INFO - <ParameterSet (values: 10)>
    left_1  =  10.663588482824412
    left_2  =  -10.749854871216256
    left_3  =  5.7334171125664195
    left_4  =  -2.2046969100836176
    left_5  =  0.6655934448148725
    right1  =  10.663588221588508
    right2  =  -10.749850660808015
    right3  =  5.733412948675571
    right4  =  -2.2046940159867545
    right5  =  0.6655922951865486
ERROR - NaN value detected in oversampled model function.
ERROR - <ParameterSet (values: 17)>
    cont_intercept  =  6456.2020647616
    cont_slope      =  2.848827383509115
    iod_depth       =  0.8207729165427147
    lsf_left_1      =  2.1355577812575914
    lsf_left_2      =  -14.22889836527644
    lsf_left_3      =  1.6074612349862418
    lsf_left_4      =  -1.9065026909887308
    lsf_left_5      =  1.1548004324316419
    lsf_right1      =  2.7164624656642555
    lsf_right2      =  -14.728414151243257
    lsf_right3      =  1.3883980045695794
    lsf_right4      =  -3.9650794442778086
    lsf_right5      =  0.20242024806550282
    tem_depth       =  0.9797691738013729
    velocity        =  -2369.185764040987
    wave_intercept  =  5131.975234980338
    wave_slope      =  0.015247091840300386
ERROR - Evaluated LSF:
ERROR - [nan nan nan nan nan nan nan nan nan nan nan nan nan nan nan nan nan nan
 nan nan nan nan nan nan nan nan nan nan nan nan nan nan nan nan nan nan
 nan nan nan nan nan nan nan nan nan nan nan nan nan nan nan nan nan nan
 nan nan nan nan nan nan nan nan nan nan nan nan nan nan nan nan nan nan
 nan]
WARNING - Chunk 7:
WARNING - NaN values detected in your input data or the output of your objective/model function - fitting algorithms cannot handle this! Please read https://lmfit.github.io/lmfit-py/faq.html#i-get-errors-from-nan-in-my-fit-what-can-i-do for more information.
ERROR - NaN value detected in oversampled model function.
ERROR - <ParameterSet (values: 17)>
    cont_intercept  =  7499.6533440873245
    cont_slope      =  -1.940881314199859
    iod_depth       =  0.3453095584701894
    lsf_left_1      =  2.640539234716499
    lsf_left_2      =  -17.898607190977934
    lsf_left_3      =  9.872881502245974
    lsf_left_4      =  -2.487671529665895
    lsf_left_5      =  0.1461124018304172
    lsf_right1      =  7.352433442062959
    lsf_right2      =  -19.233471828543852
    lsf_right3      =  1.6390685615650722
    lsf_right4      =  -3.552438464937124
    lsf_right5      =  0.5378360625431104
    tem_depth       =  -0.2929015011860291
    velocity        =  -29011.72009554563
    wave_intercept  =  5156.0420884750165
    wave_slope      =  0.013254932622919489
ERROR - Evaluated LSF:
ERROR - [nan nan nan nan nan nan nan nan nan nan nan nan nan nan nan nan nan nan
 nan nan nan nan nan nan nan nan nan nan nan nan nan nan nan nan nan nan
 nan nan nan nan nan nan nan nan nan nan nan nan nan nan nan nan nan nan
 nan nan nan nan nan nan nan nan nan nan nan nan nan nan nan nan nan nan
 nan]
WARNING - Chunk 20:
WARNING - NaN values detected in your input data or the output of your objective/model function - fitting algorithms cannot handle this! Please read https://lmfit.github.io/lmfit-py/faq.html#i-get-errors-from-nan-in-my-fit-what-can-i-do for more information.
ERROR - Chunk 29: No Data! Returning LmfitResult with None.
ERROR - Chunk 32: No Data! Returning LmfitResult with None.
ERROR - Chunk 47: No Data! Returning LmfitResult with None.
ERROR - NaN value detected in oversampled model function.
ERROR - <ParameterSet (values: 17)>
    cont_intercept  =  7615.391104641885
    cont_slope      =  7.043698984153801
    iod_depth       =  1.2749239954874194
    lsf_left_1      =  2.3762986116637244
    lsf_left_2      =  -18.08205941924956
    lsf_left_3      =  1.999191717574448
    lsf_left_4      =  -2.8470250965512216
    lsf_left_5      =  0.9799124563985281
    lsf_right1      =  2.589432626489047
    lsf_right2      =  -17.813549161578614
    lsf_right3      =  1.9771078269903253
    lsf_right4      =  -0.6614334282292171
    lsf_right5      =  0.5630621306692882
    tem_depth       =  -0.37593711243968403
    velocity        =  -16959.996859638464
    wave_intercept  =  5225.596317244874
    wave_slope      =  0.014103959082329453
ERROR - Evaluated LSF:
ERROR - [nan nan nan nan nan nan nan nan nan nan nan nan nan nan nan nan nan nan
 nan nan nan nan nan nan nan nan nan nan nan nan nan nan nan nan nan nan
 nan nan nan nan nan nan nan nan nan nan nan nan nan nan nan nan nan nan
 nan nan nan nan nan nan nan nan nan nan nan nan nan nan nan nan nan nan
 nan]
WARNING - Chunk 60:
WARNING - NaN values detected in your input data or the output of your objective/model function - fitting algorithms cannot handle this! Please read https://lmfit.github.io/lmfit-py/faq.html#i-get-errors-from-nan-in-my-fit-what-can-i-do for more information.
ERROR - NaN value detected in oversampled model function.
ERROR - <ParameterSet (values: 17)>
    cont_intercept  =  9882.157230490993
    cont_slope      =  -8.088661753123997
    iod_depth       =  0.7290792172924383
    lsf_left_1      =  7.243067667841683
    lsf_left_2      =  -18.446457614437595
    lsf_left_3      =  8.692082361881223
    lsf_left_4      =  -3.2296242236310717
    lsf_left_5      =  0.34160376173562834
    lsf_right1      =  4.989960736848827
    lsf_right2      =  -11.815921178437454
    lsf_right3      =  4.952275622226026
    lsf_right4      =  -3.961066676236108
    lsf_right5      =  0.8752449048575651
    tem_depth       =  -0.2182894505367454
    velocity        =  -33727.281927674936
    wave_intercept  =  5238.799110754382
    wave_slope      =  0.013976079821445312
ERROR - Evaluated LSF:
ERROR - [nan nan nan nan nan nan nan nan nan nan nan nan nan nan nan nan nan nan
 nan nan nan nan nan nan nan nan nan nan nan nan nan nan nan nan nan nan
 nan nan nan nan nan nan nan nan nan nan nan nan nan nan nan nan nan nan
 nan nan nan nan nan nan nan nan nan nan nan nan nan nan nan nan nan nan
 nan]
WARNING - Chunk 67:
WARNING - NaN values detected in your input data or the output of your objective/model function - fitting algorithms cannot handle this! Please read https://lmfit.github.io/lmfit-py/faq.html#i-get-errors-from-nan-in-my-fit-what-can-i-do for more information.
ERROR - NaN value detected in oversampled model function.
ERROR - <ParameterSet (values: 17)>
    cont_intercept  =  7080.628939550289
    cont_slope      =  -3.731030750363473
    iod_depth       =  0.69573200627571
    lsf_left_1      =  3.49333855453903
    lsf_left_2      =  -12.198979457641226
    lsf_left_3      =  1.7675253859871405
    lsf_left_4      =  -3.6679334600355324
    lsf_left_5      =  0.31115423854256
    lsf_right1      =  5.931163972463622
    lsf_right2      =  -15.483228116594557
    lsf_right3      =  5.378554765741198
    lsf_right4      =  -2.6020882813781405
    lsf_right5      =  0.6482413594903875
    tem_depth       =  0.9924038476078387
    velocity        =  -2827.42675801886
    wave_intercept  =  5251.064629869865
    wave_slope      =  0.01297988945521182
ERROR - Evaluated LSF:
ERROR - [nan nan nan nan nan nan nan nan nan nan nan nan nan nan nan nan nan nan
 nan nan nan nan nan nan nan nan nan nan nan nan nan nan nan nan nan nan
 nan nan nan nan nan nan nan nan nan nan nan nan nan nan nan nan nan nan
 nan nan nan nan nan nan nan nan nan nan nan nan nan nan nan nan nan nan
 nan]
WARNING - Chunk 74:
WARNING - NaN values detected in your input data or the output of your objective/model function - fitting algorithms cannot handle this! Please read https://lmfit.github.io/lmfit-py/faq.html#i-get-errors-from-nan-in-my-fit-what-can-i-do for more information.
ERROR - NaN value detected in oversampled model function.
ERROR - <ParameterSet (values: 17)>
    cont_intercept  =  7061.757761847442
    cont_slope      =  3.85701509660072
    iod_depth       =  0.8376567100367275
    lsf_left_1      =  2.5707677242218403
    lsf_left_2      =  -19.342300654732735
    lsf_left_3      =  10.278160250354901
    lsf_left_4      =  -3.8213701891681895
    lsf_left_5      =  1.1921508146641244
    lsf_right1      =  8.952080059917083
    lsf_right2      =  -18.55084352855951
    lsf_right3      =  2.6724477910127735
    lsf_right4      =  -0.5786902451402405
    lsf_right5      =  0.24422030856402213
    tem_depth       =  0.9023615550135632
    velocity        =  -3087.7502219221865
    wave_intercept  =  5260.590426677347
    wave_slope      =  0.01593338802467979
ERROR - Evaluated LSF:
ERROR - [nan nan nan nan nan nan nan nan nan nan nan nan nan nan nan nan nan nan
 nan nan nan nan nan nan nan nan nan nan nan nan nan nan nan nan nan nan
 nan nan nan nan nan nan nan nan nan nan nan nan nan nan nan nan nan nan
 nan nan nan nan nan nan nan nan nan nan nan nan nan nan nan nan nan nan
 nan]
WARNING - Chunk 80:
WARNING - NaN values detected in your input data or the output of your objective/model function - fitting algorithms cannot handle this! Please read https://lmfit.github.io/lmfit-py/faq.html#i-get-errors-from-nan-in-my-fit-what-can-i-do for more information.
ERROR - NaN value detected in oversampled model function.
ERROR - <ParameterSet (values: 17)>
    cont_intercept  =  7045.511534980442
    cont_slope      =  2.5560604565746865
    iod_depth       =  0.819708525874386
    lsf_left_1      =  2.5633795359469578
    lsf_left_2      =  -12.399662571555163
    lsf_left_3      =  4.409921935875115
    lsf_left_4      =  -3.760425099433508
    lsf_left_5      =  0.3958161809922652
    lsf_right1      =  3.0633163053988253
    lsf_right2      =  -19.336300350336046
    lsf_right3      =  1.4940939826851436
    lsf_right4      =  -2.4145755509858606
    lsf_right5      =  0.6074264274604004
    tem_depth       =  0.921816806354222
    velocity        =  -2737.639019151189
    wave_intercept  =  5264.678035062055
    wave_slope      =  0.01563940841385448
ERROR - Evaluated LSF:
ERROR - [nan nan nan nan nan nan nan nan nan nan nan nan nan nan nan nan nan nan
 nan nan nan nan nan nan nan nan nan nan nan nan nan nan nan nan nan nan
 nan nan nan nan nan nan nan nan nan nan nan nan nan nan nan nan nan nan
 nan nan nan nan nan nan nan nan nan nan nan nan nan nan nan nan nan nan
 nan]
WARNING - Chunk 82:
WARNING - NaN values detected in your input data or the output of your objective/model function - fitting algorithms cannot handle this! Please read https://lmfit.github.io/lmfit-py/faq.html#i-get-errors-from-nan-in-my-fit-what-can-i-do for more information.
ERROR - Chunk 87: No Data! Returning LmfitResult with None.
ERROR - NaN value detected in oversampled model function.
ERROR - <ParameterSet (values: 17)>
    cont_intercept  =  9719.840875020984
    cont_slope      =  2.554099837584531
    iod_depth       =  0.8928622949303286
    lsf_left_1      =  2.134763445593016
    lsf_left_2      =  -12.040543981983337
    lsf_left_3      =  7.258997418303158
    lsf_left_4      =  -3.488421470727869
    lsf_left_5      =  0.14578090337722796
    lsf_right1      =  2.4023674772568206
    lsf_right2      =  -18.776880153331852
    lsf_right3      =  5.342887424532133
    lsf_right4      =  -3.9041116258164488
    lsf_right5      =  0.21785512150026295
    tem_depth       =  1.034928878293427
    velocity        =  -3058.300100803304
    wave_intercept  =  5314.505834605682
    wave_slope      =  0.015428313920549762
ERROR - Evaluated LSF:
ERROR - [nan nan nan nan nan nan nan nan nan nan nan nan nan nan nan nan nan nan
 nan nan nan nan nan nan nan nan nan nan nan nan nan nan nan nan nan nan
 nan nan nan nan nan nan nan nan nan nan nan nan nan nan nan nan nan nan
 nan nan nan nan nan nan nan nan nan nan nan nan nan nan nan nan nan nan
 nan]
WARNING - Chunk 109:
WARNING - NaN values detected in your input data or the output of your objective/model function - fitting algorithms cannot handle this! Please read https://lmfit.github.io/lmfit-py/faq.html#i-get-errors-from-nan-in-my-fit-what-can-i-do for more information.
ERROR - NaN value detected in oversampled model function.
ERROR - <ParameterSet (values: 17)>
    cont_intercept  =  10672.476974109544
    cont_slope      =  -2.2605954372879067
    iod_depth       =  0.914838287126761
    lsf_left_1      =  4.155675180138344
    lsf_left_2      =  -14.885344869170261
    lsf_left_3      =  1.1914838528452174
    lsf_left_4      =  -2.565704762445637
    lsf_left_5      =  0.2556257218588517
    lsf_right1      =  5.385381455973285
    lsf_right2      =  -17.940019161661773
    lsf_right3      =  7.794407783362248
    lsf_right4      =  -3.765794492035381
    lsf_right5      =  0.4921504107980152
    tem_depth       =  1.002015281320321
    velocity        =  -2194.7090489439775
    wave_intercept  =  5382.1700904302415
    wave_slope      =  0.01386380290409798
ERROR - Evaluated LSF:
ERROR - [nan nan nan nan nan nan nan nan nan nan nan nan nan nan nan nan nan nan
 nan nan nan nan nan nan nan nan nan nan nan nan nan nan nan nan nan nan
 nan nan nan nan nan nan nan nan nan nan nan nan nan nan nan nan nan nan
 nan nan nan nan nan nan nan nan nan nan nan nan nan nan nan nan nan nan
 nan]
WARNING - Chunk 145:
WARNING - NaN values detected in your input data or the output of your objective/model function - fitting algorithms cannot handle this! Please read https://lmfit.github.io/lmfit-py/faq.html#i-get-errors-from-nan-in-my-fit-what-can-i-do for more information.
ERROR - NaN value detected in oversampled model function.
ERROR - <ParameterSet (values: 17)>
    cont_intercept  =  8666.910426183202
    cont_slope      =  4.27123261818681
    iod_depth       =  0.8795429630404188
    lsf_left_1      =  2.138802885530475
    lsf_left_2      =  -4.301260103020212
    lsf_left_3      =  1.2115865104765258
    lsf_left_4      =  -2.571882498784297
    lsf_left_5      =  0.38476674155398083
    lsf_right1      =  3.641657632602662
    lsf_right2      =  -17.866393602361057
    lsf_right3      =  1.3951803307013217
    lsf_right4      =  -2.8905769788609943
    lsf_right5      =  1.104498991495749
    tem_depth       =  0.9000079249431319
    velocity        =  -2493.847351827948
    wave_intercept  =  5404.469736425374
    wave_slope      =  0.016045556028383295
ERROR - Evaluated LSF:
ERROR - [nan nan nan nan nan nan nan nan nan nan nan nan nan nan nan nan nan nan
 nan nan nan nan nan nan nan nan nan nan nan nan nan nan nan nan nan nan
 nan nan nan nan nan nan nan nan nan nan nan nan nan nan nan nan nan nan
 nan nan nan nan nan nan nan nan nan nan nan nan nan nan nan nan nan nan
 nan]
WARNING - Chunk 157:
WARNING - NaN values detected in your input data or the output of your objective/model function - fitting algorithms cannot handle this! Please read https://lmfit.github.io/lmfit-py/faq.html#i-get-errors-from-nan-in-my-fit-what-can-i-do for more information.
ERROR - NaN value detected in oversampled model function.
ERROR - <ParameterSet (values: 17)>
    cont_intercept  =  11986.33839815539
    cont_slope      =  6.707182076452464
    iod_depth       =  0.4907105694459979
    lsf_left_1      =  2.204778946693346
    lsf_left_2      =  -19.215705419913327
    lsf_left_3      =  8.299153747620618
    lsf_left_4      =  -3.5434222974531653
    lsf_left_5      =  1.1043076758672123
    lsf_right1      =  5.09951702325672
    lsf_right2      =  -18.593581899797496
    lsf_right3      =  1.1560267928107555
    lsf_right4      =  -2.8803060472360986
    lsf_right5      =  1.1945317792492114
    tem_depth       =  -0.24572897442157196
    velocity        =  -9163.141986714048
    wave_intercept  =  5464.962281967949
    wave_slope      =  0.015222932038025062
ERROR - Evaluated LSF:
ERROR - [nan nan nan nan nan nan nan nan nan nan nan nan nan nan nan nan nan nan
 nan nan nan nan nan nan nan nan nan nan nan nan nan nan nan nan nan nan
 nan nan nan nan nan nan nan nan nan nan nan nan nan nan nan nan nan nan
 nan nan nan nan nan nan nan nan nan nan nan nan nan nan nan nan nan nan
 nan]
WARNING - Chunk 188:
WARNING - NaN values detected in your input data or the output of your objective/model function - fitting algorithms cannot handle this! Please read https://lmfit.github.io/lmfit-py/faq.html#i-get-errors-from-nan-in-my-fit-what-can-i-do for more information.
ERROR - NaN value detected in oversampled model function.
ERROR - <ParameterSet (values: 17)>
    cont_intercept  =  10469.14136925643
    cont_slope      =  -5.2611310009993355
    iod_depth       =  0.9321981740136072
    lsf_left_1      =  3.012461058807393
    lsf_left_2      =  -19.29876327134457
    lsf_left_3      =  1.3982966808112947
    lsf_left_4      =  -1.350098702414753
    lsf_left_5      =  0.2620663919899652
    lsf_right1      =  2.543872582612803
    lsf_right2      =  -16.241081656635508
    lsf_right3      =  1.1531812997202893
    lsf_right4      =  -3.0977701513636293
    lsf_right5      =  0.13346971004241104
    tem_depth       =  -0.06749578422050981
    velocity        =  -16736.048278939907
    wave_intercept  =  5654.671819505618
    wave_slope      =  0.016766483966847164
ERROR - Evaluated LSF:
ERROR - [nan nan nan nan nan nan nan nan nan nan nan nan nan nan nan nan nan nan
 nan nan nan nan nan nan nan nan nan nan nan nan nan nan nan nan nan nan
 nan nan nan nan nan nan nan nan nan nan nan nan nan nan nan nan nan nan
 nan nan nan nan nan nan nan nan nan nan nan nan nan nan nan nan nan nan
 nan]
WARNING - Chunk 282:
WARNING - NaN values detected in your input data or the output of your objective/model function - fitting algorithms cannot handle this! Please read https://lmfit.github.io/lmfit-py/faq.html#i-get-errors-from-nan-in-my-fit-what-can-i-do for more information.
ERROR - NaN value detected in oversampled model function.
ERROR - <ParameterSet (values: 17)>
    cont_intercept  =  10832.763887165236
    cont_slope      =  1.8377657927598812
    iod_depth       =  0.7992663978307308
    lsf_left_1      =  5.14743385084913
    lsf_left_2      =  -15.555576692861662
    lsf_left_3      =  1.2446563771315753
    lsf_left_4      =  -3.423869770663018
    lsf_left_5      =  0.4090014407637768
    lsf_right1      =  5.119186633168083
    lsf_right2      =  -16.6681268724289
    lsf_right3      =  3.3278434038603413
    lsf_right4      =  -2.948509377027495
    lsf_right5      =  0.7786614183953389
    tem_depth       =  0.9732486753974663
    velocity        =  -2699.082757463297
    wave_intercept  =  5658.967179388432
    wave_slope      =  0.01641245216707747
ERROR - Evaluated LSF:
ERROR - [nan nan nan nan nan nan nan nan nan nan nan nan nan nan nan nan nan nan
 nan nan nan nan nan nan nan nan nan nan nan nan nan nan nan nan nan nan
 nan nan nan nan nan nan nan nan nan nan nan nan nan nan nan nan nan nan
 nan nan nan nan nan nan nan nan nan nan nan nan nan nan nan nan nan nan
 nan]
WARNING - Chunk 284:
WARNING - NaN values detected in your input data or the output of your objective/model function - fitting algorithms cannot handle this! Please read https://lmfit.github.io/lmfit-py/faq.html#i-get-errors-from-nan-in-my-fit-what-can-i-do for more information.
ERROR - Chunk 286: No Data! Returning LmfitResult with None.
ERROR - NaN value detected in oversampled model function.
ERROR - <ParameterSet (values: 17)>
    cont_intercept  =  13772.827473360263
    cont_slope      =  -3.8111949998737606
    iod_depth       =  0.8950876003178454
    lsf_left_1      =  2.1329079076930997
    lsf_left_2      =  -18.408749898252992
    lsf_left_3      =  1.3832142448337543
    lsf_left_4      =  -2.981264177880514
    lsf_left_5      =  0.2738114173313769
    lsf_right1      =  4.174745688101893
    lsf_right2      =  -18.18513979491591
    lsf_right3      =  3.0939678571423626
    lsf_right4      =  -3.2699675672762476
    lsf_right5      =  0.7854540043218602
    tem_depth       =  0.951327700859885
    velocity        =  -2651.9338702620807
    wave_intercept  =  5675.347849956186
    wave_slope      =  0.015133880569084109
ERROR - Evaluated LSF:
ERROR - [nan nan nan nan nan nan nan nan nan nan nan nan nan nan nan nan nan nan
 nan nan nan nan nan nan nan nan nan nan nan nan nan nan nan nan nan nan
 nan nan nan nan nan nan nan nan nan nan nan nan nan nan nan nan nan nan
 nan nan nan nan nan nan nan nan nan nan nan nan nan nan nan nan nan nan
 nan]
WARNING - Chunk 292:
WARNING - NaN values detected in your input data or the output of your objective/model function - fitting algorithms cannot handle this! Please read https://lmfit.github.io/lmfit-py/faq.html#i-get-errors-from-nan-in-my-fit-what-can-i-do for more information.
ERROR - NaN value detected in oversampled model function.
ERROR - <ParameterSet (values: 17)>
    cont_intercept  =  10530.587831581977
    cont_slope      =  -3.649868059580228
    iod_depth       =  0.7933964198299099
    lsf_left_1      =  7.162637040456385
    lsf_left_2      =  -19.227556599309043
    lsf_left_3      =  1.2869472628835918
    lsf_left_4      =  -1.6364138452919468
    lsf_left_5      =  1.0072037777551626
    lsf_right1      =  3.2348739464660863
    lsf_right2      =  -11.265341078695727
    lsf_right3      =  2.0483286322098513
    lsf_right4      =  -3.1794260231405747
    lsf_right5      =  0.5058292490539797
    tem_depth       =  1.025515888748518
    velocity        =  -2234.271676125905
    wave_intercept  =  5741.789934369935
    wave_slope      =  0.014253255954897114
ERROR - Evaluated LSF:
ERROR - [nan nan nan nan nan nan nan nan nan nan nan nan nan nan nan nan nan nan
 nan nan nan nan nan nan nan nan nan nan nan nan nan nan nan nan nan nan
 nan nan nan nan nan nan nan nan nan nan nan nan nan nan nan nan nan nan
 nan nan nan nan nan nan nan nan nan nan nan nan nan nan nan nan nan nan
 nan]
WARNING - Chunk 324:
WARNING - NaN values detected in your input data or the output of your objective/model function - fitting algorithms cannot handle this! Please read https://lmfit.github.io/lmfit-py/faq.html#i-get-errors-from-nan-in-my-fit-what-can-i-do for more information.
ERROR - Chunk 343: No Data! Returning LmfitResult with None.
ERROR - NaN value detected in oversampled model function.
ERROR - <ParameterSet (values: 17)>
    cont_intercept  =  11594.906452895619
    cont_slope      =  -4.722286347919325
    iod_depth       =  0.8244337777508519
    lsf_left_1      =  2.1522183006260565
    lsf_left_2      =  -16.789610099018887
    lsf_left_3      =  1.218951314833498
    lsf_left_4      =  -1.8514865799466036
    lsf_left_5      =  1.0295583940484332
    lsf_right1      =  11.229374598801181
    lsf_right2      =  -19.145417723735694
    lsf_right3      =  4.1266916479132085
    lsf_right4      =  -1.2696046798901643
    lsf_right5      =  0.4223627135612562
    tem_depth       =  1.0509929528412747
    velocity        =  -2718.0531835815486
    wave_intercept  =  5792.187834015564
    wave_slope      =  0.01462407035248058
ERROR - Evaluated LSF:
ERROR - [nan nan nan nan nan nan nan nan nan nan nan nan nan nan nan nan nan nan
 nan nan nan nan nan nan nan nan nan nan nan nan nan nan nan nan nan nan
 nan nan nan nan nan nan nan nan nan nan nan nan nan nan nan nan nan nan
 nan nan nan nan nan nan nan nan nan nan nan nan nan nan nan nan nan nan
 nan]
WARNING - Chunk 347:
WARNING - NaN values detected in your input data or the output of your objective/model function - fitting algorithms cannot handle this! Please read https://lmfit.github.io/lmfit-py/faq.html#i-get-errors-from-nan-in-my-fit-what-can-i-do for more information.
ERROR - NaN value detected in oversampled model function.
ERROR - <ParameterSet (values: 17)>
    cont_intercept  =  14497.342146937284
    cont_slope      =  -4.303983354114913
    iod_depth       =  0.8249261377783212
    lsf_left_1      =  3.2365219195961004
    lsf_left_2      =  -17.895130394128703
    lsf_left_3      =  2.728411666693738
    lsf_left_4      =  -3.2082204435166437
    lsf_left_5      =  0.8282422295848003
    lsf_right1      =  3.3407394384004245
    lsf_right2      =  -19.296881545953614
    lsf_right3      =  3.4240753941338404
    lsf_right4      =  -3.4404569062146955
    lsf_right5      =  0.6422483369067165
    tem_depth       =  -0.453689151872791
    velocity        =  -8900.114764059665
    wave_intercept  =  5887.409909333903
    wave_slope      =  0.016186664688658953
ERROR - Evaluated LSF:
ERROR - [nan nan nan nan nan nan nan nan nan nan nan nan nan nan nan nan nan nan
 nan nan nan nan nan nan nan nan nan nan nan nan nan nan nan nan nan nan
 nan nan nan nan nan nan nan nan nan nan nan nan nan nan nan nan nan nan
 nan nan nan nan nan nan nan nan nan nan nan nan nan nan nan nan nan nan
 nan]
WARNING - Chunk 389:
WARNING - NaN values detected in your input data or the output of your objective/model function - fitting algorithms cannot handle this! Please read https://lmfit.github.io/lmfit-py/faq.html#i-get-errors-from-nan-in-my-fit-what-can-i-do for more information.
ERROR - NaN value detected in oversampled model function.
ERROR - <ParameterSet (values: 17)>
    cont_intercept  =  12450.1743263814
    cont_slope      =  -3.6217433520166753
    iod_depth       =  0.8497125730820616
    lsf_left_1      =  2.137331927509463
    lsf_left_2      =  -7.377714697047743
    lsf_left_3      =  4.717377695513771
    lsf_left_4      =  -2.633264767287256
    lsf_left_5      =  0.1533456607675905
    lsf_right1      =  2.214462753412612
    lsf_right2      =  -17.309658300922177
    lsf_right3      =  8.36598609603617
    lsf_right4      =  -3.855635763921478
    lsf_right5      =  0.23580275197979061
    tem_depth       =  1.076185088628102
    velocity        =  -2694.7599662469343
    wave_intercept  =  5905.49543394523
    wave_slope      =  0.014820806283484228
ERROR - Evaluated LSF:
ERROR - [nan nan nan nan nan nan nan nan nan nan nan nan nan nan nan nan nan nan
 nan nan nan nan nan nan nan nan nan nan nan nan nan nan nan nan nan nan
 nan nan nan nan nan nan nan nan nan nan nan nan nan nan nan nan nan nan
 nan nan nan nan nan nan nan nan nan nan nan nan nan nan nan nan nan nan
 nan]
WARNING - Chunk 398:
WARNING - NaN values detected in your input data or the output of your objective/model function - fitting algorithms cannot handle this! Please read https://lmfit.github.io/lmfit-py/faq.html#i-get-errors-from-nan-in-my-fit-what-can-i-do for more information.
ERROR - NaN value detected in oversampled model function.
ERROR - <ParameterSet (values: 17)>
    cont_intercept  =  15299.063677784905
    cont_slope      =  -3.869656629564754
    iod_depth       =  0.747276662841827
    lsf_left_1      =  10.245811276817012
    lsf_left_2      =  -18.556589628000825
    lsf_left_3      =  1.9515545773932303
    lsf_left_4      =  -1.2541157001909191
    lsf_left_5      =  0.7559030890883505
    lsf_right1      =  3.3104140540400815
    lsf_right2      =  -18.15476691338057
    lsf_right3      =  6.712203977543548
    lsf_right4      =  -2.627112144958083
    lsf_right5      =  0.1335830100134646
    tem_depth       =  -0.6339789486068632
    velocity        =  -19059.41650168175
    wave_intercept  =  5996.310142008817
    wave_slope      =  0.01692031963906637
ERROR - Evaluated LSF:
ERROR - [nan nan nan nan nan nan nan nan nan nan nan nan nan nan nan nan nan nan
 nan nan nan nan nan nan nan nan nan nan nan nan nan nan nan nan nan nan
 nan nan nan nan nan nan nan nan nan nan nan nan nan nan nan nan nan nan
 nan nan nan nan nan nan nan nan nan nan nan nan nan nan nan nan nan nan
 nan]
WARNING - Chunk 436:
WARNING - NaN values detected in your input data or the output of your objective/model function - fitting algorithms cannot handle this! Please read https://lmfit.github.io/lmfit-py/faq.html#i-get-errors-from-nan-in-my-fit-what-can-i-do for more information.
ERROR - Chunk 444: No Data! Returning LmfitResult with None.
ERROR - NaN value detected in oversampled model function.
ERROR - <ParameterSet (values: 17)>
    cont_intercept  =  8371.90342210209
    cont_slope      =  9.145477796833344
    iod_depth       =  0.7264202635307557
    lsf_left_1      =  2.3997684003731017
    lsf_left_2      =  -15.273472490426336
    lsf_left_3      =  1.1479790440173998
    lsf_left_4      =  -3.934224805882553
    lsf_left_5      =  0.3180013339501787
    lsf_right1      =  2.5489654943122053
    lsf_right2      =  -16.765150877260393
    lsf_right3      =  1.2022653066596598
    lsf_right4      =  -3.76349140170751
    lsf_right5      =  0.5648031640020232
    tem_depth       =  0.6289923155381186
    velocity        =  3467.1189948422725
    wave_intercept  =  6029.722227271633
    wave_slope      =  0.0192953565983445
ERROR - Evaluated LSF:
ERROR - [nan nan nan nan nan nan nan nan nan nan nan nan nan nan nan nan nan nan
 nan nan nan nan nan nan nan nan nan nan nan nan nan nan nan nan nan nan
 nan nan nan nan nan nan nan nan nan nan nan nan nan nan nan nan nan nan
 nan nan nan nan nan nan nan nan nan nan nan nan nan nan nan nan nan nan
 nan]
WARNING - Chunk 450:
WARNING - NaN values detected in your input data or the output of your objective/model function - fitting algorithms cannot handle this! Please read https://lmfit.github.io/lmfit-py/faq.html#i-get-errors-from-nan-in-my-fit-what-can-i-do for more information.
ERROR - NaN value detected in oversampled model function.
ERROR - <ParameterSet (values: 17)>
    cont_intercept  =  15230.481599514578
    cont_slope      =  6.098461234201293
    iod_depth       =  0.9728904301856568
    lsf_left_1      =  4.256864826987643
    lsf_left_2      =  -14.806139217373513
    lsf_left_3      =  4.755019113704226
    lsf_left_4      =  -2.2438932216939493
    lsf_left_5      =  0.9569947331262117
    lsf_right1      =  4.651582409657866
    lsf_right2      =  -18.904306248726193
    lsf_right3      =  3.124144520202161
    lsf_right4      =  -2.8981389641089907
    lsf_right5      =  0.4713171163426579
    tem_depth       =  0.7147871075329333
    velocity        =  -4877.580960845262
    wave_intercept  =  6107.029573743951
    wave_slope      =  0.017901180087789376
ERROR - Evaluated LSF:
ERROR - [nan nan nan nan nan nan nan nan nan nan nan nan nan nan nan nan nan nan
 nan nan nan nan nan nan nan nan nan nan nan nan nan nan nan nan nan nan
 nan nan nan nan nan nan nan nan nan nan nan nan nan nan nan nan nan nan
 nan nan nan nan nan nan nan nan nan nan nan nan nan nan nan nan nan nan
 nan]
WARNING - Chunk 482:
WARNING - NaN values detected in your input data or the output of your objective/model function - fitting algorithms cannot handle this! Please read https://lmfit.github.io/lmfit-py/faq.html#i-get-errors-from-nan-in-my-fit-what-can-i-do for more information.
ERROR - NaN value detected in oversampled model function.
ERROR - <ParameterSet (values: 17)>
    cont_intercept  =  9414.549920280308
    cont_slope      =  8.14288115255005
    iod_depth       =  1.6281715475171479
    lsf_left_1      =  2.1533574845452
    lsf_left_2      =  -17.972819617846845
    lsf_left_3      =  2.1410883224223016
    lsf_left_4      =  -3.9345778804941265
    lsf_left_5      =  0.3013778843248195
    lsf_right1      =  3.1095095441096596
    lsf_right2      =  -12.744264117798393
    lsf_right3      =  8.544337010845972
    lsf_right4      =  -2.613215443878675
    lsf_right5      =  0.3731229429022861
    tem_depth       =  1.200777369890176
    velocity        =  -4381.368096298533
    wave_intercept  =  6154.07454200287
    wave_slope      =  0.018796006822200485
ERROR - Evaluated LSF:
ERROR - [nan nan nan nan nan nan nan nan nan nan nan nan nan nan nan nan nan nan
 nan nan nan nan nan nan nan nan nan nan nan nan nan nan nan nan nan nan
 nan nan nan nan nan nan nan nan nan nan nan nan nan nan nan nan nan nan
 nan nan nan nan nan nan nan nan nan nan nan nan nan nan nan nan nan nan
 nan]
WARNING - Chunk 501:
WARNING - NaN values detected in your input data or the output of your objective/model function - fitting algorithms cannot handle this! Please read https://lmfit.github.io/lmfit-py/faq.html#i-get-errors-from-nan-in-my-fit-what-can-i-do for more information.
ERROR - NaN value detected in oversampled model function.
ERROR - <ParameterSet (values: 17)>
    cont_intercept  =  17560.24120387189
    cont_slope      =  -0.515087260699417
    iod_depth       =  0.7742586686045141
    lsf_left_1      =  2.141636913856367
    lsf_left_2      =  -18.976173873843543
    lsf_left_3      =  2.041910408337706
    lsf_left_4      =  -2.477490716135174
    lsf_left_5      =  0.21333868864202093
    lsf_right1      =  4.81627640815773
    lsf_right2      =  -7.5960310182818045
    lsf_right3      =  1.933188471300562
    lsf_right4      =  -1.3845464610402636
    lsf_right5      =  0.2973893037545318
    tem_depth       =  1.0096298578311391
    velocity        =  -2684.6332192660034
    wave_intercept  =  6184.753646449454
    wave_slope      =  0.017156216957641312
ERROR - Evaluated LSF:
ERROR - [nan nan nan nan nan nan nan nan nan nan nan nan nan nan nan nan nan nan
 nan nan nan nan nan nan nan nan nan nan nan nan nan nan nan nan nan nan
 nan nan nan nan nan nan nan nan nan nan nan nan nan nan nan nan nan nan
 nan nan nan nan nan nan nan nan nan nan nan nan nan nan nan nan nan nan
 nan]
WARNING - Chunk 514:
WARNING - NaN values detected in your input data or the output of your objective/model function - fitting algorithms cannot handle this! Please read https://lmfit.github.io/lmfit-py/faq.html#i-get-errors-from-nan-in-my-fit-what-can-i-do for more information.
ERROR - Chunk 519: No Data! Returning LmfitResult with None.
ERROR - Chunk 529: No Data! Returning LmfitResult with None.
ERROR - NaN value detected in oversampled model function.
ERROR - <ParameterSet (values: 17)>
    cont_intercept  =  15983.504795055973
    cont_slope      =  3.9241848719104753
    iod_depth       =  0.7868583902717453
    lsf_left_1      =  4.094681879539403
    lsf_left_2      =  -11.524970207505234
    lsf_left_3      =  5.126004927496064
    lsf_left_4      =  -3.8308472171700365
    lsf_left_5      =  0.1479801451299973
    lsf_right1      =  4.2323379706912725
    lsf_right2      =  -16.998726342237408
    lsf_right3      =  5.96272563306986
    lsf_right4      =  -1.3202521901601476
    lsf_right5      =  0.18524418981396232
    tem_depth       =  0.29840741135056503
    velocity        =  -10148.543065480828
    wave_intercept  =  6236.4164100799435
    wave_slope      =  0.018000194334090978
ERROR - Evaluated LSF:
ERROR - [nan nan nan nan nan nan nan nan nan nan nan nan nan nan nan nan nan nan
 nan nan nan nan nan nan nan nan nan nan nan nan nan nan nan nan nan nan
 nan nan nan nan nan nan nan nan nan nan nan nan nan nan nan nan nan nan
 nan nan nan nan nan nan nan nan nan nan nan nan nan nan nan nan nan nan
 nan]
WARNING - Chunk 534:
WARNING - NaN values detected in your input data or the output of your objective/model function - fitting algorithms cannot handle this! Please read https://lmfit.github.io/lmfit-py/faq.html#i-get-errors-from-nan-in-my-fit-what-can-i-do for more information.
ERROR - NaN value detected in oversampled model function.
ERROR - <ParameterSet (values: 17)>
    cont_intercept  =  17036.784269225176
    cont_slope      =  -0.020806180682828496
    iod_depth       =  0.9562577777968133
    lsf_left_1      =  7.185951445389871
    lsf_left_2      =  -18.730848214729907
    lsf_left_3      =  4.517646722533862
    lsf_left_4      =  -3.9435089295954118
    lsf_left_5      =  1.1389807501618225
    lsf_right1      =  2.77350481501826
    lsf_right2      =  -12.955431131221783
    lsf_right3      =  3.631370465600261
    lsf_right4      =  -3.966847145108719
    lsf_right5      =  0.5843986202591254
    tem_depth       =  1.0506353743852572
    velocity        =  -3563.5106306283387
    wave_intercept  =  6250.078266696509
    wave_slope      =  0.017148339655581407
ERROR - Evaluated LSF:
ERROR - [nan nan nan nan nan nan nan nan nan nan nan nan nan nan nan nan nan nan
 nan nan nan nan nan nan nan nan nan nan nan nan nan nan nan nan nan nan
 nan nan nan nan nan nan nan nan nan nan nan nan nan nan nan nan nan nan
 nan nan nan nan nan nan nan nan nan nan nan nan nan nan nan nan nan nan
 nan]
WARNING - Chunk 540:
WARNING - NaN values detected in your input data or the output of your objective/model function - fitting algorithms cannot handle this! Please read https://lmfit.github.io/lmfit-py/faq.html#i-get-errors-from-nan-in-my-fit-what-can-i-do for more information.
ERROR - NaN value detected in oversampled model function.
ERROR - <ParameterSet (values: 17)>
    cont_intercept  =  16032.097772085026
    cont_slope      =  0.984827022519188
    iod_depth       =  0.6323109750703236
    lsf_left_1      =  2.140251261283422
    lsf_left_2      =  -8.758346990409924
    lsf_left_3      =  1.900930835363296
    lsf_left_4      =  -1.3438640265163007
    lsf_left_5      =  0.6975829384261634
    lsf_right1      =  3.0431527284761506
    lsf_right2      =  -19.03269760059654
    lsf_right3      =  2.405023305710789
    lsf_right4      =  -0.530778202377634
    lsf_right5      =  0.2920374500221892
    tem_depth       =  1.008936705720808
    velocity        =  -2567.6540675642636
    wave_intercept  =  6252.287814955114
    wave_slope      =  0.016746440082336504
ERROR - Evaluated LSF:
ERROR - [nan nan nan nan nan nan nan nan nan nan nan nan nan nan nan nan nan nan
 nan nan nan nan nan nan nan nan nan nan nan nan nan nan nan nan nan nan
 nan nan nan nan nan nan nan nan nan nan nan nan nan nan nan nan nan nan
 nan nan nan nan nan nan nan nan nan nan nan nan nan nan nan nan nan nan
 nan]
WARNING - Chunk 541:
WARNING - NaN values detected in your input data or the output of your objective/model function - fitting algorithms cannot handle this! Please read https://lmfit.github.io/lmfit-py/faq.html#i-get-errors-from-nan-in-my-fit-what-can-i-do for more information.
ERROR - NaN value detected in oversampled model function.
ERROR - <ParameterSet (values: 17)>
    cont_intercept  =  14893.759151141725
    cont_slope      =  -4.083257665832482
    iod_depth       =  0.08891682703939563
    lsf_left_1      =  2.176007805104892
    lsf_left_2      =  -16.7945799892345
    lsf_left_3      =  5.50653992649716
    lsf_left_4      =  -2.056940061287337
    lsf_left_5      =  0.37304094669214405
    lsf_right1      =  8.857060471776325
    lsf_right2      =  -18.93644801987837
    lsf_right3      =  10.202206443299168
    lsf_right4      =  -3.946721814466215
    lsf_right5      =  0.6825199254226927
    tem_depth       =  0.9460508885184211
    velocity        =  -3025.1262187509597
    wave_intercept  =  6258.730541926807
    wave_slope      =  0.016646560180392466
ERROR - Evaluated LSF:
ERROR - [nan nan nan nan nan nan nan nan nan nan nan nan nan nan nan nan nan nan
 nan nan nan nan nan nan nan nan nan nan nan nan nan nan nan nan nan nan
 nan nan nan nan nan nan nan nan nan nan nan nan nan nan nan nan nan nan
 nan nan nan nan nan nan nan nan nan nan nan nan nan nan nan nan nan nan
 nan]
WARNING - Chunk 544:
WARNING - NaN values detected in your input data or the output of your objective/model function - fitting algorithms cannot handle this! Please read https://lmfit.github.io/lmfit-py/faq.html#i-get-errors-from-nan-in-my-fit-what-can-i-do for more information.
ERROR - Chunk 549: No Data! Returning LmfitResult with None.
ERROR - Chunk 557: No Data! Returning LmfitResult with None.
ERROR - NaN value detected in oversampled model function.
ERROR - <ParameterSet (values: 17)>
    cont_intercept  =  16558.895865945073
    cont_slope      =  -1.195483878182917
    iod_depth       =  0.5062938739104695
    lsf_left_1      =  5.576506268318022
    lsf_left_2      =  -19.235620474648133
    lsf_left_3      =  1.2336922985407714
    lsf_left_4      =  -1.6541205200142675
    lsf_left_5      =  0.3900250598658403
    lsf_right1      =  3.918322845200902
    lsf_right2      =  -7.165993998547002
    lsf_right3      =  2.711835613568205
    lsf_right4      =  -2.6818139815720086
    lsf_right5      =  0.6915982226591052
    tem_depth       =  1.0498772492470858
    velocity        =  -1755.1367156629628
    wave_intercept  =  6314.538460544776
    wave_slope      =  0.018135742528375513
ERROR - Evaluated LSF:
ERROR - [nan nan nan nan nan nan nan nan nan nan nan nan nan nan nan nan nan nan
 nan nan nan nan nan nan nan nan nan nan nan nan nan nan nan nan nan nan
 nan nan nan nan nan nan nan nan nan nan nan nan nan nan nan nan nan nan
 nan nan nan nan nan nan nan nan nan nan nan nan nan nan nan nan nan nan
 nan]
WARNING - Chunk 565:
WARNING - NaN values detected in your input data or the output of your objective/model function - fitting algorithms cannot handle this! Please read https://lmfit.github.io/lmfit-py/faq.html#i-get-errors-from-nan-in-my-fit-what-can-i-do for more information.
ERROR - NaN value detected in oversampled model function.
ERROR - <ParameterSet (values: 17)>
    cont_intercept  =  12184.222492010798
    cont_slope      =  -5.676648747510106
    iod_depth       =  0.7567562334754838
    lsf_left_1      =  11.292404514499802
    lsf_left_2      =  -18.62822444846518
    lsf_left_3      =  4.474244821056616
    lsf_left_4      =  -2.6906209732111805
    lsf_left_5      =  0.9084807256593587
    lsf_right1      =  3.8697592118907456
    lsf_right2      =  -18.597415545713364
    lsf_right3      =  1.1467638299685508
    lsf_right4      =  -3.4774565936036073
    lsf_right5      =  0.3162983210984043
    tem_depth       =  -0.0785498772536603
    velocity        =  -15814.541351247806
    wave_intercept  =  6333.694910673649
    wave_slope      =  0.015768232408822715
ERROR - Evaluated LSF:
ERROR - [nan nan nan nan nan nan nan nan nan nan nan nan nan nan nan nan nan nan
 nan nan nan nan nan nan nan nan nan nan nan nan nan nan nan nan nan nan
 nan nan nan nan nan nan nan nan nan nan nan nan nan nan nan nan nan nan
 nan nan nan nan nan nan nan nan nan nan nan nan nan nan nan nan nan nan
 nan]
WARNING - Chunk 574:
WARNING - NaN values detected in your input data or the output of your objective/model function - fitting algorithms cannot handle this! Please read https://lmfit.github.io/lmfit-py/faq.html#i-get-errors-from-nan-in-my-fit-what-can-i-do for more information.
INFO - 
INFO - Number of chunks with no uncertainties: 0
INFO - Number of chunks with outliers: 0
INFO - Number of chunks with nan fitted red. Chi2: 40
INFO - 
INFO - Creating analysis plots...
ERROR - NaN value detected in iodine function.
ERROR - Chunk could not be plotted
Traceback (most recent call last):
  File "/Users/jaklusmeyer/SONG/pyodine/pyodine/plot_lib.py", line 62, in plot_chunkmodel
    sp = fit_results[chunk_nr].fitted_spectrum
  File "/Users/jaklusmeyer/SONG/pyodine/pyodine/fitters/base.py", line 45, in fitted_spectrum
    return self.model.eval_spectrum(self.chunk, self.params, chunk_ind=self.chunk_ind)
  File "/Users/jaklusmeyer/SONG/pyodine/pyodine/models/base.py", line 79, in eval_spectrum
    flux = self.eval(chunk, params, chunk_ind=chunk_ind, **kwargs)
  File "/Users/jaklusmeyer/SONG/pyodine/pyodine/models/spectrum.py", line 138, in eval
    tck = splrep(tem.wave * doppler, flux_tem, s=0)
  File "/Users/jaklusmeyer/miniconda/envs/pyodine_env/lib/python3.9/site-packages/scipy/interpolate/_fitpack_py.py", line 295, in splrep
    res = _impl.splrep(x, y, w, xb, xe, k, task, s, t, full_output, per, quiet)
  File "/Users/jaklusmeyer/miniconda/envs/pyodine_env/lib/python3.9/site-packages/scipy/interpolate/_fitpack_impl.py", line 276, in splrep
    n, c, fp, ier = dfitpack.curfit(task, x, y, w, t, wrk, iwrk,
dfitpack.error: (xb<=x[0]) failed for 1st keyword xb: curfit:xb=nan
INFO - Velocity robust mean: -2739.9773541444133
INFO - Velocity robust std: 613.1584878594098
INFO - 
INFO - Velocity error robust mean: 198.43148060438423
INFO - Velocity error robust std: 185.86346204548647
INFO - 
INFO - Minimum error: 69.80210973205779 in chunk 160
INFO - Maximum error: 12229.036619471504 in chunk 245
INFO - 
INFO - Chunks with nan velocities: [  7  20  29  32  47  60  67  74  80  82  87 109 145 157 188 282 284 286
 292 324 343 347 389 398 436 444 450 482 501 514 519 529 534 540 541 544
 549 557 565 574]
INFO - Chunks with nan velocity errors: [  7  20  29  32  47  60  67  74  80  82  87 109 145 157 188 282 284 286
 292 324 343 347 389 398 436 444 450 482 501 514 519 529 534 540 541 544
 549 557 565 574]
INFO - Velocity error at percentile 80: 699.8688054757855
INFO - 
INFO - Time to model this observation: 146.9629340171814
INFO - 
INFO - Branch: master
INFO - Hash: c2a71ac
INFO - ---------------------------
INFO - Working on: /Users/jaklusmeyer/SONG/reduce/UT260321/sciencestar/HD185144_ec_260325.0301.fits
INFO - 
INFO - Median flux of the observation: 6631
INFO - Loading template from file: /Users/jaklusmeyer/SONG/reduce/0007_sigdra_temp_results_v4/obs_temp_highsnr_test.h5
INFO - 
INFO - Order correction: 0
INFO - 
INFO - Measured velocity rel. to reference spectrum: 29.195 km/s
INFO - Template velocity: 38.044 km/s
INFO - Velocity guess: -8.850 km/s (relative to template)

INFO - (Barycentric velocity of observation: -2.010 km/s)
INFO - (Barycentric velocity of template: -4.628 km/s)

INFO - 
INFO - Barycentric redshift between template and observation: 
INFO - v = -2618.460259639479, z = -8.73424327318961e-06

INFO - Startpixel (order 26, chunk 29): -65
INFO - -> Correcting to 0.
INFO - Startpixel (order 26, chunk 32): -65
INFO - -> Correcting to 0.
INFO - Startpixel (order 26, chunk 47): -65
INFO - -> Correcting to 0.
INFO - Startpixel (order 28, chunk 87): -65
INFO - -> Correcting to 0.
INFO - Startpixel (order 36, chunk 286): -65
INFO - -> Correcting to 0.
INFO - Startpixel (order 38, chunk 343): -65
INFO - -> Correcting to 0.
INFO - Startpixel (order 42, chunk 444): -65
INFO - -> Correcting to 0.
INFO - Startpixel (order 45, chunk 519): -65
INFO - -> Correcting to 0.
INFO - Startpixel (order 46, chunk 529): -65
INFO - -> Correcting to 0.
INFO - Startpixel (order 46, chunk 549): -65
INFO - -> Correcting to 0.
INFO - Startpixel (order 47, chunk 557): -65
INFO - -> Correcting to 0.
INFO - 
INFO - Total number of chunks: 575
INFO - Nr. chunks in order 0: 25
INFO - First and last covered pixel of chunks in order 0: 12, 3261
INFO - Orders: 25 - 47 (23 in total)
INFO - 
INFO - ----------------------
INFO - RUN 0
INFO - ----------------------
INFO - 
INFO - Constraining parameters for RUN 0
WARNING - Chunk 29:
WARNING - (xb<=x[0]) failed for 1st keyword xb: curfit:xb=nan
WARNING - Chunk 32:
WARNING - (xb<=x[0]) failed for 1st keyword xb: curfit:xb=nan
WARNING - Chunk 47:
WARNING - (xb<=x[0]) failed for 1st keyword xb: curfit:xb=nan
WARNING - Chunk 87:
WARNING - (xb<=x[0]) failed for 1st keyword xb: curfit:xb=nan
WARNING - Chunk 286:
WARNING - (xb<=x[0]) failed for 1st keyword xb: curfit:xb=nan
WARNING - Chunk 343:
WARNING - (xb<=x[0]) failed for 1st keyword xb: curfit:xb=nan
WARNING - Chunk 444:
WARNING - (xb<=x[0]) failed for 1st keyword xb: curfit:xb=nan
WARNING - Chunk 519:
WARNING - (xb<=x[0]) failed for 1st keyword xb: curfit:xb=nan
WARNING - Chunk 529:
WARNING - (xb<=x[0]) failed for 1st keyword xb: curfit:xb=nan
WARNING - Chunk 549:
WARNING - (xb<=x[0]) failed for 1st keyword xb: curfit:xb=nan
WARNING - Chunk 557:
WARNING - (xb<=x[0]) failed for 1st keyword xb: curfit:xb=nan
INFO - 
INFO - Number of chunks with no uncertainties: 0
INFO - Number of chunks with outliers: 0
INFO - Number of chunks with nan fitted red. Chi2: 11
INFO - 
INFO - Creating analysis plots...
INFO - 
INFO - ----------------------
INFO - RUN 1
INFO - ----------------------
INFO - 
INFO - Constraining parameters for RUN 1
INFO - 
INFO - Fitted LSF parameters:
INFO - <ParameterSet (values: 10)>
    left_1  =  10.663588482824412
    left_2  =  -10.749854871216256
    left_3  =  5.7334171125664195
    left_4  =  -2.2046969100836176
    left_5  =  0.6655934448148725
    right1  =  10.663588221588508
    right2  =  -10.749850660808015
    right3  =  5.733412948675571
    right4  =  -2.2046940159867545
    right5  =  0.6655922951865486
ERROR - NaN value detected in oversampled model function.
ERROR - <ParameterSet (values: 17)>
    cont_intercept  =  6456.2020647616
    cont_slope      =  2.848827383509115
    iod_depth       =  0.8207729165427147
    lsf_left_1      =  2.1355577812575914
    lsf_left_2      =  -14.22889836527644
    lsf_left_3      =  1.6074612349862418
    lsf_left_4      =  -1.9065026909887308
    lsf_left_5      =  1.1548004324316419
    lsf_right1      =  2.7164624656642555
    lsf_right2      =  -14.728414151243257
    lsf_right3      =  1.3883980045695794
    lsf_right4      =  -3.9650794442778086
    lsf_right5      =  0.20242024806550282
    tem_depth       =  0.9797691738013729
    velocity        =  -2369.185764040987
    wave_intercept  =  5131.975234980338
    wave_slope      =  0.015247091840300386
ERROR - Evaluated LSF:
ERROR - [nan nan nan nan nan nan nan nan nan nan nan nan nan nan nan nan nan nan
 nan nan nan nan nan nan nan nan nan nan nan nan nan nan nan nan nan nan
 nan nan nan nan nan nan nan nan nan nan nan nan nan nan nan nan nan nan
 nan nan nan nan nan nan nan nan nan nan nan nan nan nan nan nan nan nan
 nan]
WARNING - Chunk 7:
WARNING - NaN values detected in your input data or the output of your objective/model function - fitting algorithms cannot handle this! Please read https://lmfit.github.io/lmfit-py/faq.html#i-get-errors-from-nan-in-my-fit-what-can-i-do for more information.
ERROR - NaN value detected in oversampled model function.
ERROR - <ParameterSet (values: 17)>
    cont_intercept  =  7499.6533440873245
    cont_slope      =  -1.940881314199859
    iod_depth       =  0.3453095584701894
    lsf_left_1      =  2.640539234716499
    lsf_left_2      =  -17.898607190977934
    lsf_left_3      =  9.872881502245974
    lsf_left_4      =  -2.487671529665895
    lsf_left_5      =  0.1461124018304172
    lsf_right1      =  7.352433442062959
    lsf_right2      =  -19.233471828543852
    lsf_right3      =  1.6390685615650722
    lsf_right4      =  -3.552438464937124
    lsf_right5      =  0.5378360625431104
    tem_depth       =  -0.2929015011860291
    velocity        =  -29011.72009554563
    wave_intercept  =  5156.0420884750165
    wave_slope      =  0.013254932622919489
ERROR - Evaluated LSF:
ERROR - [nan nan nan nan nan nan nan nan nan nan nan nan nan nan nan nan nan nan
 nan nan nan nan nan nan nan nan nan nan nan nan nan nan nan nan nan nan
 nan nan nan nan nan nan nan nan nan nan nan nan nan nan nan nan nan nan
 nan nan nan nan nan nan nan nan nan nan nan nan nan nan nan nan nan nan
 nan]
WARNING - Chunk 20:
WARNING - NaN values detected in your input data or the output of your objective/model function - fitting algorithms cannot handle this! Please read https://lmfit.github.io/lmfit-py/faq.html#i-get-errors-from-nan-in-my-fit-what-can-i-do for more information.
ERROR - Chunk 29: No Data! Returning LmfitResult with None.
ERROR - Chunk 32: No Data! Returning LmfitResult with None.
ERROR - Chunk 47: No Data! Returning LmfitResult with None.
ERROR - NaN value detected in oversampled model function.
ERROR - <ParameterSet (values: 17)>
    cont_intercept  =  7615.391104641885
    cont_slope      =  7.043698984153801
    iod_depth       =  1.2749239954874194
    lsf_left_1      =  2.3762986116637244
    lsf_left_2      =  -18.08205941924956
    lsf_left_3      =  1.999191717574448
    lsf_left_4      =  -2.8470250965512216
    lsf_left_5      =  0.9799124563985281
    lsf_right1      =  2.589432626489047
    lsf_right2      =  -17.813549161578614
    lsf_right3      =  1.9771078269903253
    lsf_right4      =  -0.6614334282292171
    lsf_right5      =  0.5630621306692882
    tem_depth       =  -0.37593711243968403
    velocity        =  -16959.996859638464
    wave_intercept  =  5225.596317244874
    wave_slope      =  0.014103959082329453
ERROR - Evaluated LSF:
ERROR - [nan nan nan nan nan nan nan nan nan nan nan nan nan nan nan nan nan nan
 nan nan nan nan nan nan nan nan nan nan nan nan nan nan nan nan nan nan
 nan nan nan nan nan nan nan nan nan nan nan nan nan nan nan nan nan nan
 nan nan nan nan nan nan nan nan nan nan nan nan nan nan nan nan nan nan
 nan]
WARNING - Chunk 60:
WARNING - NaN values detected in your input data or the output of your objective/model function - fitting algorithms cannot handle this! Please read https://lmfit.github.io/lmfit-py/faq.html#i-get-errors-from-nan-in-my-fit-what-can-i-do for more information.
ERROR - NaN value detected in oversampled model function.
ERROR - <ParameterSet (values: 17)>
    cont_intercept  =  9882.157230490993
    cont_slope      =  -8.088661753123997
    iod_depth       =  0.7290792172924383
    lsf_left_1      =  7.243067667841683
    lsf_left_2      =  -18.446457614437595
    lsf_left_3      =  8.692082361881223
    lsf_left_4      =  -3.2296242236310717
    lsf_left_5      =  0.34160376173562834
    lsf_right1      =  4.989960736848827
    lsf_right2      =  -11.815921178437454
    lsf_right3      =  4.952275622226026
    lsf_right4      =  -3.961066676236108
    lsf_right5      =  0.8752449048575651
    tem_depth       =  -0.2182894505367454
    velocity        =  -33727.281927674936
    wave_intercept  =  5238.799110754382
    wave_slope      =  0.013976079821445312
ERROR - Evaluated LSF:
ERROR - [nan nan nan nan nan nan nan nan nan nan nan nan nan nan nan nan nan nan
 nan nan nan nan nan nan nan nan nan nan nan nan nan nan nan nan nan nan
 nan nan nan nan nan nan nan nan nan nan nan nan nan nan nan nan nan nan
 nan nan nan nan nan nan nan nan nan nan nan nan nan nan nan nan nan nan
 nan]
WARNING - Chunk 67:
WARNING - NaN values detected in your input data or the output of your objective/model function - fitting algorithms cannot handle this! Please read https://lmfit.github.io/lmfit-py/faq.html#i-get-errors-from-nan-in-my-fit-what-can-i-do for more information.
ERROR - NaN value detected in oversampled model function.
ERROR - <ParameterSet (values: 17)>
    cont_intercept  =  7080.628939550289
    cont_slope      =  -3.731030750363473
    iod_depth       =  0.69573200627571
    lsf_left_1      =  3.49333855453903
    lsf_left_2      =  -12.198979457641226
    lsf_left_3      =  1.7675253859871405
    lsf_left_4      =  -3.6679334600355324
    lsf_left_5      =  0.31115423854256
    lsf_right1      =  5.931163972463622
    lsf_right2      =  -15.483228116594557
    lsf_right3      =  5.378554765741198
    lsf_right4      =  -2.6020882813781405
    lsf_right5      =  0.6482413594903875
    tem_depth       =  0.9924038476078387
    velocity        =  -2827.42675801886
    wave_intercept  =  5251.064629869865
    wave_slope      =  0.01297988945521182
ERROR - Evaluated LSF:
ERROR - [nan nan nan nan nan nan nan nan nan nan nan nan nan nan nan nan nan nan
 nan nan nan nan nan nan nan nan nan nan nan nan nan nan nan nan nan nan
 nan nan nan nan nan nan nan nan nan nan nan nan nan nan nan nan nan nan
 nan nan nan nan nan nan nan nan nan nan nan nan nan nan nan nan nan nan
 nan]
WARNING - Chunk 74:
WARNING - NaN values detected in your input data or the output of your objective/model function - fitting algorithms cannot handle this! Please read https://lmfit.github.io/lmfit-py/faq.html#i-get-errors-from-nan-in-my-fit-what-can-i-do for more information.
ERROR - NaN value detected in oversampled model function.
ERROR - <ParameterSet (values: 17)>
    cont_intercept  =  7061.757761847442
    cont_slope      =  3.85701509660072
    iod_depth       =  0.8376567100367275
    lsf_left_1      =  2.5707677242218403
    lsf_left_2      =  -19.342300654732735
    lsf_left_3      =  10.278160250354901
    lsf_left_4      =  -3.8213701891681895
    lsf_left_5      =  1.1921508146641244
    lsf_right1      =  8.952080059917083
    lsf_right2      =  -18.55084352855951
    lsf_right3      =  2.6724477910127735
    lsf_right4      =  -0.5786902451402405
    lsf_right5      =  0.24422030856402213
    tem_depth       =  0.9023615550135632
    velocity        =  -3087.7502219221865
    wave_intercept  =  5260.590426677347
    wave_slope      =  0.01593338802467979
ERROR - Evaluated LSF:
ERROR - [nan nan nan nan nan nan nan nan nan nan nan nan nan nan nan nan nan nan
 nan nan nan nan nan nan nan nan nan nan nan nan nan nan nan nan nan nan
 nan nan nan nan nan nan nan nan nan nan nan nan nan nan nan nan nan nan
 nan nan nan nan nan nan nan nan nan nan nan nan nan nan nan nan nan nan
 nan]
WARNING - Chunk 80:
WARNING - NaN values detected in your input data or the output of your objective/model function - fitting algorithms cannot handle this! Please read https://lmfit.github.io/lmfit-py/faq.html#i-get-errors-from-nan-in-my-fit-what-can-i-do for more information.
ERROR - NaN value detected in oversampled model function.
ERROR - <ParameterSet (values: 17)>
    cont_intercept  =  7045.511534980442
    cont_slope      =  2.5560604565746865
    iod_depth       =  0.819708525874386
    lsf_left_1      =  2.5633795359469578
    lsf_left_2      =  -12.399662571555163
    lsf_left_3      =  4.409921935875115
    lsf_left_4      =  -3.760425099433508
    lsf_left_5      =  0.3958161809922652
    lsf_right1      =  3.0633163053988253
    lsf_right2      =  -19.336300350336046
    lsf_right3      =  1.4940939826851436
    lsf_right4      =  -2.4145755509858606
    lsf_right5      =  0.6074264274604004
    tem_depth       =  0.921816806354222
    velocity        =  -2737.639019151189
    wave_intercept  =  5264.678035062055
    wave_slope      =  0.01563940841385448
ERROR - Evaluated LSF:
ERROR - [nan nan nan nan nan nan nan nan nan nan nan nan nan nan nan nan nan nan
 nan nan nan nan nan nan nan nan nan nan nan nan nan nan nan nan nan nan
 nan nan nan nan nan nan nan nan nan nan nan nan nan nan nan nan nan nan
 nan nan nan nan nan nan nan nan nan nan nan nan nan nan nan nan nan nan
 nan]
WARNING - Chunk 82:
WARNING - NaN values detected in your input data or the output of your objective/model function - fitting algorithms cannot handle this! Please read https://lmfit.github.io/lmfit-py/faq.html#i-get-errors-from-nan-in-my-fit-what-can-i-do for more information.
ERROR - Chunk 87: No Data! Returning LmfitResult with None.
ERROR - NaN value detected in oversampled model function.
ERROR - <ParameterSet (values: 17)>
    cont_intercept  =  9719.840875020984
    cont_slope      =  2.554099837584531
    iod_depth       =  0.8928622949303286
    lsf_left_1      =  2.134763445593016
    lsf_left_2      =  -12.040543981983337
    lsf_left_3      =  7.258997418303158
    lsf_left_4      =  -3.488421470727869
    lsf_left_5      =  0.14578090337722796
    lsf_right1      =  2.4023674772568206
    lsf_right2      =  -18.776880153331852
    lsf_right3      =  5.342887424532133
    lsf_right4      =  -3.9041116258164488
    lsf_right5      =  0.21785512150026295
    tem_depth       =  1.034928878293427
    velocity        =  -3058.300100803304
    wave_intercept  =  5314.505834605682
    wave_slope      =  0.015428313920549762
ERROR - Evaluated LSF:
ERROR - [nan nan nan nan nan nan nan nan nan nan nan nan nan nan nan nan nan nan
 nan nan nan nan nan nan nan nan nan nan nan nan nan nan nan nan nan nan
 nan nan nan nan nan nan nan nan nan nan nan nan nan nan nan nan nan nan
 nan nan nan nan nan nan nan nan nan nan nan nan nan nan nan nan nan nan
 nan]
WARNING - Chunk 109:
WARNING - NaN values detected in your input data or the output of your objective/model function - fitting algorithms cannot handle this! Please read https://lmfit.github.io/lmfit-py/faq.html#i-get-errors-from-nan-in-my-fit-what-can-i-do for more information.
ERROR - NaN value detected in oversampled model function.
ERROR - <ParameterSet (values: 17)>
    cont_intercept  =  10672.476974109544
    cont_slope      =  -2.2605954372879067
    iod_depth       =  0.914838287126761
    lsf_left_1      =  4.155675180138344
    lsf_left_2      =  -14.885344869170261
    lsf_left_3      =  1.1914838528452174
    lsf_left_4      =  -2.565704762445637
    lsf_left_5      =  0.2556257218588517
    lsf_right1      =  5.385381455973285
    lsf_right2      =  -17.940019161661773
    lsf_right3      =  7.794407783362248
    lsf_right4      =  -3.765794492035381
    lsf_right5      =  0.4921504107980152
    tem_depth       =  1.002015281320321
    velocity        =  -2194.7090489439775
    wave_intercept  =  5382.1700904302415
    wave_slope      =  0.01386380290409798
ERROR - Evaluated LSF:
ERROR - [nan nan nan nan nan nan nan nan nan nan nan nan nan nan nan nan nan nan
 nan nan nan nan nan nan nan nan nan nan nan nan nan nan nan nan nan nan
 nan nan nan nan nan nan nan nan nan nan nan nan nan nan nan nan nan nan
 nan nan nan nan nan nan nan nan nan nan nan nan nan nan nan nan nan nan
 nan]
WARNING - Chunk 145:
WARNING - NaN values detected in your input data or the output of your objective/model function - fitting algorithms cannot handle this! Please read https://lmfit.github.io/lmfit-py/faq.html#i-get-errors-from-nan-in-my-fit-what-can-i-do for more information.
ERROR - NaN value detected in oversampled model function.
ERROR - <ParameterSet (values: 17)>
    cont_intercept  =  8666.910426183202
    cont_slope      =  4.27123261818681
    iod_depth       =  0.8795429630404188
    lsf_left_1      =  2.138802885530475
    lsf_left_2      =  -4.301260103020212
    lsf_left_3      =  1.2115865104765258
    lsf_left_4      =  -2.571882498784297
    lsf_left_5      =  0.38476674155398083
    lsf_right1      =  3.641657632602662
    lsf_right2      =  -17.866393602361057
    lsf_right3      =  1.3951803307013217
    lsf_right4      =  -2.8905769788609943
    lsf_right5      =  1.104498991495749
    tem_depth       =  0.9000079249431319
    velocity        =  -2493.847351827948
    wave_intercept  =  5404.469736425374
    wave_slope      =  0.016045556028383295
ERROR - Evaluated LSF:
ERROR - [nan nan nan nan nan nan nan nan nan nan nan nan nan nan nan nan nan nan
 nan nan nan nan nan nan nan nan nan nan nan nan nan nan nan nan nan nan
 nan nan nan nan nan nan nan nan nan nan nan nan nan nan nan nan nan nan
 nan nan nan nan nan nan nan nan nan nan nan nan nan nan nan nan nan nan
 nan]
WARNING - Chunk 157:
WARNING - NaN values detected in your input data or the output of your objective/model function - fitting algorithms cannot handle this! Please read https://lmfit.github.io/lmfit-py/faq.html#i-get-errors-from-nan-in-my-fit-what-can-i-do for more information.
ERROR - NaN value detected in oversampled model function.
ERROR - <ParameterSet (values: 17)>
    cont_intercept  =  11986.33839815539
    cont_slope      =  6.707182076452464
    iod_depth       =  0.4907105694459979
    lsf_left_1      =  2.204778946693346
    lsf_left_2      =  -19.215705419913327
    lsf_left_3      =  8.299153747620618
    lsf_left_4      =  -3.5434222974531653
    lsf_left_5      =  1.1043076758672123
    lsf_right1      =  5.09951702325672
    lsf_right2      =  -18.593581899797496
    lsf_right3      =  1.1560267928107555
    lsf_right4      =  -2.8803060472360986
    lsf_right5      =  1.1945317792492114
    tem_depth       =  -0.24572897442157196
    velocity        =  -9163.141986714048
    wave_intercept  =  5464.962281967949
    wave_slope      =  0.015222932038025062
ERROR - Evaluated LSF:
ERROR - [nan nan nan nan nan nan nan nan nan nan nan nan nan nan nan nan nan nan
 nan nan nan nan nan nan nan nan nan nan nan nan nan nan nan nan nan nan
 nan nan nan nan nan nan nan nan nan nan nan nan nan nan nan nan nan nan
 nan nan nan nan nan nan nan nan nan nan nan nan nan nan nan nan nan nan
 nan]
WARNING - Chunk 188:
WARNING - NaN values detected in your input data or the output of your objective/model function - fitting algorithms cannot handle this! Please read https://lmfit.github.io/lmfit-py/faq.html#i-get-errors-from-nan-in-my-fit-what-can-i-do for more information.
ERROR - NaN value detected in oversampled model function.
ERROR - <ParameterSet (values: 17)>
    cont_intercept  =  10469.14136925643
    cont_slope      =  -5.2611310009993355
    iod_depth       =  0.9321981740136072
    lsf_left_1      =  3.012461058807393
    lsf_left_2      =  -19.29876327134457
    lsf_left_3      =  1.3982966808112947
    lsf_left_4      =  -1.350098702414753
    lsf_left_5      =  0.2620663919899652
    lsf_right1      =  2.543872582612803
    lsf_right2      =  -16.241081656635508
    lsf_right3      =  1.1531812997202893
    lsf_right4      =  -3.0977701513636293
    lsf_right5      =  0.13346971004241104
    tem_depth       =  -0.06749578422050981
    velocity        =  -16736.048278939907
    wave_intercept  =  5654.671819505618
    wave_slope      =  0.016766483966847164
ERROR - Evaluated LSF:
ERROR - [nan nan nan nan nan nan nan nan nan nan nan nan nan nan nan nan nan nan
 nan nan nan nan nan nan nan nan nan nan nan nan nan nan nan nan nan nan
 nan nan nan nan nan nan nan nan nan nan nan nan nan nan nan nan nan nan
 nan nan nan nan nan nan nan nan nan nan nan nan nan nan nan nan nan nan
 nan]
WARNING - Chunk 282:
WARNING - NaN values detected in your input data or the output of your objective/model function - fitting algorithms cannot handle this! Please read https://lmfit.github.io/lmfit-py/faq.html#i-get-errors-from-nan-in-my-fit-what-can-i-do for more information.
ERROR - NaN value detected in oversampled model function.
ERROR - <ParameterSet (values: 17)>
    cont_intercept  =  10832.763887165236
    cont_slope      =  1.8377657927598812
    iod_depth       =  0.7992663978307308
    lsf_left_1      =  5.14743385084913
    lsf_left_2      =  -15.555576692861662
    lsf_left_3      =  1.2446563771315753
    lsf_left_4      =  -3.423869770663018
    lsf_left_5      =  0.4090014407637768
    lsf_right1      =  5.119186633168083
    lsf_right2      =  -16.6681268724289
    lsf_right3      =  3.3278434038603413
    lsf_right4      =  -2.948509377027495
    lsf_right5      =  0.7786614183953389
    tem_depth       =  0.9732486753974663
    velocity        =  -2699.082757463297
    wave_intercept  =  5658.967179388432
    wave_slope      =  0.01641245216707747
ERROR - Evaluated LSF:
ERROR - [nan nan nan nan nan nan nan nan nan nan nan nan nan nan nan nan nan nan
 nan nan nan nan nan nan nan nan nan nan nan nan nan nan nan nan nan nan
 nan nan nan nan nan nan nan nan nan nan nan nan nan nan nan nan nan nan
 nan nan nan nan nan nan nan nan nan nan nan nan nan nan nan nan nan nan
 nan]
WARNING - Chunk 284:
WARNING - NaN values detected in your input data or the output of your objective/model function - fitting algorithms cannot handle this! Please read https://lmfit.github.io/lmfit-py/faq.html#i-get-errors-from-nan-in-my-fit-what-can-i-do for more information.
ERROR - Chunk 286: No Data! Returning LmfitResult with None.
ERROR - NaN value detected in oversampled model function.
ERROR - <ParameterSet (values: 17)>
    cont_intercept  =  13772.827473360263
    cont_slope      =  -3.8111949998737606
    iod_depth       =  0.8950876003178454
    lsf_left_1      =  2.1329079076930997
    lsf_left_2      =  -18.408749898252992
    lsf_left_3      =  1.3832142448337543
    lsf_left_4      =  -2.981264177880514
    lsf_left_5      =  0.2738114173313769
    lsf_right1      =  4.174745688101893
    lsf_right2      =  -18.18513979491591
    lsf_right3      =  3.0939678571423626
    lsf_right4      =  -3.2699675672762476
    lsf_right5      =  0.7854540043218602
    tem_depth       =  0.951327700859885
    velocity        =  -2651.9338702620807
    wave_intercept  =  5675.347849956186
    wave_slope      =  0.015133880569084109
ERROR - Evaluated LSF:
ERROR - [nan nan nan nan nan nan nan nan nan nan nan nan nan nan nan nan nan nan
 nan nan nan nan nan nan nan nan nan nan nan nan nan nan nan nan nan nan
 nan nan nan nan nan nan nan nan nan nan nan nan nan nan nan nan nan nan
 nan nan nan nan nan nan nan nan nan nan nan nan nan nan nan nan nan nan
 nan]
WARNING - Chunk 292:
WARNING - NaN values detected in your input data or the output of your objective/model function - fitting algorithms cannot handle this! Please read https://lmfit.github.io/lmfit-py/faq.html#i-get-errors-from-nan-in-my-fit-what-can-i-do for more information.
ERROR - NaN value detected in oversampled model function.
ERROR - <ParameterSet (values: 17)>
    cont_intercept  =  10530.587831581977
    cont_slope      =  -3.649868059580228
    iod_depth       =  0.7933964198299099
    lsf_left_1      =  7.162637040456385
    lsf_left_2      =  -19.227556599309043
    lsf_left_3      =  1.2869472628835918
    lsf_left_4      =  -1.6364138452919468
    lsf_left_5      =  1.0072037777551626
    lsf_right1      =  3.2348739464660863
    lsf_right2      =  -11.265341078695727
    lsf_right3      =  2.0483286322098513
    lsf_right4      =  -3.1794260231405747
    lsf_right5      =  0.5058292490539797
    tem_depth       =  1.025515888748518
    velocity        =  -2234.271676125905
    wave_intercept  =  5741.789934369935
    wave_slope      =  0.014253255954897114
ERROR - Evaluated LSF:
ERROR - [nan nan nan nan nan nan nan nan nan nan nan nan nan nan nan nan nan nan
 nan nan nan nan nan nan nan nan nan nan nan nan nan nan nan nan nan nan
 nan nan nan nan nan nan nan nan nan nan nan nan nan nan nan nan nan nan
 nan nan nan nan nan nan nan nan nan nan nan nan nan nan nan nan nan nan
 nan]
WARNING - Chunk 324:
WARNING - NaN values detected in your input data or the output of your objective/model function - fitting algorithms cannot handle this! Please read https://lmfit.github.io/lmfit-py/faq.html#i-get-errors-from-nan-in-my-fit-what-can-i-do for more information.
ERROR - Chunk 343: No Data! Returning LmfitResult with None.
ERROR - NaN value detected in oversampled model function.
ERROR - <ParameterSet (values: 17)>
    cont_intercept  =  11594.906452895619
    cont_slope      =  -4.722286347919325
    iod_depth       =  0.8244337777508519
    lsf_left_1      =  2.1522183006260565
    lsf_left_2      =  -16.789610099018887
    lsf_left_3      =  1.218951314833498
    lsf_left_4      =  -1.8514865799466036
    lsf_left_5      =  1.0295583940484332
    lsf_right1      =  11.229374598801181
    lsf_right2      =  -19.145417723735694
    lsf_right3      =  4.1266916479132085
    lsf_right4      =  -1.2696046798901643
    lsf_right5      =  0.4223627135612562
    tem_depth       =  1.0509929528412747
    velocity        =  -2718.0531835815486
    wave_intercept  =  5792.187834015564
    wave_slope      =  0.01462407035248058
ERROR - Evaluated LSF:
ERROR - [nan nan nan nan nan nan nan nan nan nan nan nan nan nan nan nan nan nan
 nan nan nan nan nan nan nan nan nan nan nan nan nan nan nan nan nan nan
 nan nan nan nan nan nan nan nan nan nan nan nan nan nan nan nan nan nan
 nan nan nan nan nan nan nan nan nan nan nan nan nan nan nan nan nan nan
 nan]
WARNING - Chunk 347:
WARNING - NaN values detected in your input data or the output of your objective/model function - fitting algorithms cannot handle this! Please read https://lmfit.github.io/lmfit-py/faq.html#i-get-errors-from-nan-in-my-fit-what-can-i-do for more information.
ERROR - NaN value detected in oversampled model function.
ERROR - <ParameterSet (values: 17)>
    cont_intercept  =  14497.342146937284
    cont_slope      =  -4.303983354114913
    iod_depth       =  0.8249261377783212
    lsf_left_1      =  3.2365219195961004
    lsf_left_2      =  -17.895130394128703
    lsf_left_3      =  2.728411666693738
    lsf_left_4      =  -3.2082204435166437
    lsf_left_5      =  0.8282422295848003
    lsf_right1      =  3.3407394384004245
    lsf_right2      =  -19.296881545953614
    lsf_right3      =  3.4240753941338404
    lsf_right4      =  -3.4404569062146955
    lsf_right5      =  0.6422483369067165
    tem_depth       =  -0.453689151872791
    velocity        =  -8900.114764059665
    wave_intercept  =  5887.409909333903
    wave_slope      =  0.016186664688658953
ERROR - Evaluated LSF:
ERROR - [nan nan nan nan nan nan nan nan nan nan nan nan nan nan nan nan nan nan
 nan nan nan nan nan nan nan nan nan nan nan nan nan nan nan nan nan nan
 nan nan nan nan nan nan nan nan nan nan nan nan nan nan nan nan nan nan
 nan nan nan nan nan nan nan nan nan nan nan nan nan nan nan nan nan nan
 nan]
WARNING - Chunk 389:
WARNING - NaN values detected in your input data or the output of your objective/model function - fitting algorithms cannot handle this! Please read https://lmfit.github.io/lmfit-py/faq.html#i-get-errors-from-nan-in-my-fit-what-can-i-do for more information.
ERROR - NaN value detected in oversampled model function.
ERROR - <ParameterSet (values: 17)>
    cont_intercept  =  12450.1743263814
    cont_slope      =  -3.6217433520166753
    iod_depth       =  0.8497125730820616
    lsf_left_1      =  2.137331927509463
    lsf_left_2      =  -7.377714697047743
    lsf_left_3      =  4.717377695513771
    lsf_left_4      =  -2.633264767287256
    lsf_left_5      =  0.1533456607675905
    lsf_right1      =  2.214462753412612
    lsf_right2      =  -17.309658300922177
    lsf_right3      =  8.36598609603617
    lsf_right4      =  -3.855635763921478
    lsf_right5      =  0.23580275197979061
    tem_depth       =  1.076185088628102
    velocity        =  -2694.7599662469343
    wave_intercept  =  5905.49543394523
    wave_slope      =  0.014820806283484228
ERROR - Evaluated LSF:
ERROR - [nan nan nan nan nan nan nan nan nan nan nan nan nan nan nan nan nan nan
 nan nan nan nan nan nan nan nan nan nan nan nan nan nan nan nan nan nan
 nan nan nan nan nan nan nan nan nan nan nan nan nan nan nan nan nan nan
 nan nan nan nan nan nan nan nan nan nan nan nan nan nan nan nan nan nan
 nan]
WARNING - Chunk 398:
WARNING - NaN values detected in your input data or the output of your objective/model function - fitting algorithms cannot handle this! Please read https://lmfit.github.io/lmfit-py/faq.html#i-get-errors-from-nan-in-my-fit-what-can-i-do for more information.
ERROR - NaN value detected in oversampled model function.
ERROR - <ParameterSet (values: 17)>
    cont_intercept  =  15299.063677784905
    cont_slope      =  -3.869656629564754
    iod_depth       =  0.747276662841827
    lsf_left_1      =  10.245811276817012
    lsf_left_2      =  -18.556589628000825
    lsf_left_3      =  1.9515545773932303
    lsf_left_4      =  -1.2541157001909191
    lsf_left_5      =  0.7559030890883505
    lsf_right1      =  3.3104140540400815
    lsf_right2      =  -18.15476691338057
    lsf_right3      =  6.712203977543548
    lsf_right4      =  -2.627112144958083
    lsf_right5      =  0.1335830100134646
    tem_depth       =  -0.6339789486068632
    velocity        =  -19059.41650168175
    wave_intercept  =  5996.310142008817
    wave_slope      =  0.01692031963906637
ERROR - Evaluated LSF:
ERROR - [nan nan nan nan nan nan nan nan nan nan nan nan nan nan nan nan nan nan
 nan nan nan nan nan nan nan nan nan nan nan nan nan nan nan nan nan nan
 nan nan nan nan nan nan nan nan nan nan nan nan nan nan nan nan nan nan
 nan nan nan nan nan nan nan nan nan nan nan nan nan nan nan nan nan nan
 nan]
WARNING - Chunk 436:
WARNING - NaN values detected in your input data or the output of your objective/model function - fitting algorithms cannot handle this! Please read https://lmfit.github.io/lmfit-py/faq.html#i-get-errors-from-nan-in-my-fit-what-can-i-do for more information.
ERROR - Chunk 444: No Data! Returning LmfitResult with None.
ERROR - NaN value detected in oversampled model function.
ERROR - <ParameterSet (values: 17)>
    cont_intercept  =  8371.90342210209
    cont_slope      =  9.145477796833344
    iod_depth       =  0.7264202635307557
    lsf_left_1      =  2.3997684003731017
    lsf_left_2      =  -15.273472490426336
    lsf_left_3      =  1.1479790440173998
    lsf_left_4      =  -3.934224805882553
    lsf_left_5      =  0.3180013339501787
    lsf_right1      =  2.5489654943122053
    lsf_right2      =  -16.765150877260393
    lsf_right3      =  1.2022653066596598
    lsf_right4      =  -3.76349140170751
    lsf_right5      =  0.5648031640020232
    tem_depth       =  0.6289923155381186
    velocity        =  3467.1189948422725
    wave_intercept  =  6029.722227271633
    wave_slope      =  0.0192953565983445
ERROR - Evaluated LSF:
ERROR - [nan nan nan nan nan nan nan nan nan nan nan nan nan nan nan nan nan nan
 nan nan nan nan nan nan nan nan nan nan nan nan nan nan nan nan nan nan
 nan nan nan nan nan nan nan nan nan nan nan nan nan nan nan nan nan nan
 nan nan nan nan nan nan nan nan nan nan nan nan nan nan nan nan nan nan
 nan]
WARNING - Chunk 450:
WARNING - NaN values detected in your input data or the output of your objective/model function - fitting algorithms cannot handle this! Please read https://lmfit.github.io/lmfit-py/faq.html#i-get-errors-from-nan-in-my-fit-what-can-i-do for more information.
ERROR - NaN value detected in oversampled model function.
ERROR - <ParameterSet (values: 17)>
    cont_intercept  =  15230.481599514578
    cont_slope      =  6.098461234201293
    iod_depth       =  0.9728904301856568
    lsf_left_1      =  4.256864826987643
    lsf_left_2      =  -14.806139217373513
    lsf_left_3      =  4.755019113704226
    lsf_left_4      =  -2.2438932216939493
    lsf_left_5      =  0.9569947331262117
    lsf_right1      =  4.651582409657866
    lsf_right2      =  -18.904306248726193
    lsf_right3      =  3.124144520202161
    lsf_right4      =  -2.8981389641089907
    lsf_right5      =  0.4713171163426579
    tem_depth       =  0.7147871075329333
    velocity        =  -4877.580960845262
    wave_intercept  =  6107.029573743951
    wave_slope      =  0.017901180087789376
ERROR - Evaluated LSF:
ERROR - [nan nan nan nan nan nan nan nan nan nan nan nan nan nan nan nan nan nan
 nan nan nan nan nan nan nan nan nan nan nan nan nan nan nan nan nan nan
 nan nan nan nan nan nan nan nan nan nan nan nan nan nan nan nan nan nan
 nan nan nan nan nan nan nan nan nan nan nan nan nan nan nan nan nan nan
 nan]
WARNING - Chunk 482:
WARNING - NaN values detected in your input data or the output of your objective/model function - fitting algorithms cannot handle this! Please read https://lmfit.github.io/lmfit-py/faq.html#i-get-errors-from-nan-in-my-fit-what-can-i-do for more information.
ERROR - NaN value detected in oversampled model function.
ERROR - <ParameterSet (values: 17)>
    cont_intercept  =  9414.549920280308
    cont_slope      =  8.14288115255005
    iod_depth       =  1.6281715475171479
    lsf_left_1      =  2.1533574845452
    lsf_left_2      =  -17.972819617846845
    lsf_left_3      =  2.1410883224223016
    lsf_left_4      =  -3.9345778804941265
    lsf_left_5      =  0.3013778843248195
    lsf_right1      =  3.1095095441096596
    lsf_right2      =  -12.744264117798393
    lsf_right3      =  8.544337010845972
    lsf_right4      =  -2.613215443878675
    lsf_right5      =  0.3731229429022861
    tem_depth       =  1.200777369890176
    velocity        =  -4381.368096298533
    wave_intercept  =  6154.07454200287
    wave_slope      =  0.018796006822200485
ERROR - Evaluated LSF:
ERROR - [nan nan nan nan nan nan nan nan nan nan nan nan nan nan nan nan nan nan
 nan nan nan nan nan nan nan nan nan nan nan nan nan nan nan nan nan nan
 nan nan nan nan nan nan nan nan nan nan nan nan nan nan nan nan nan nan
 nan nan nan nan nan nan nan nan nan nan nan nan nan nan nan nan nan nan
 nan]
WARNING - Chunk 501:
WARNING - NaN values detected in your input data or the output of your objective/model function - fitting algorithms cannot handle this! Please read https://lmfit.github.io/lmfit-py/faq.html#i-get-errors-from-nan-in-my-fit-what-can-i-do for more information.
ERROR - NaN value detected in oversampled model function.
ERROR - <ParameterSet (values: 17)>
    cont_intercept  =  17560.24120387189
    cont_slope      =  -0.515087260699417
    iod_depth       =  0.7742586686045141
    lsf_left_1      =  2.141636913856367
    lsf_left_2      =  -18.976173873843543
    lsf_left_3      =  2.041910408337706
    lsf_left_4      =  -2.477490716135174
    lsf_left_5      =  0.21333868864202093
    lsf_right1      =  4.81627640815773
    lsf_right2      =  -7.5960310182818045
    lsf_right3      =  1.933188471300562
    lsf_right4      =  -1.3845464610402636
    lsf_right5      =  0.2973893037545318
    tem_depth       =  1.0096298578311391
    velocity        =  -2684.6332192660034
    wave_intercept  =  6184.753646449454
    wave_slope      =  0.017156216957641312
ERROR - Evaluated LSF:
ERROR - [nan nan nan nan nan nan nan nan nan nan nan nan nan nan nan nan nan nan
 nan nan nan nan nan nan nan nan nan nan nan nan nan nan nan nan nan nan
 nan nan nan nan nan nan nan nan nan nan nan nan nan nan nan nan nan nan
 nan nan nan nan nan nan nan nan nan nan nan nan nan nan nan nan nan nan
 nan]
WARNING - Chunk 514:
WARNING - NaN values detected in your input data or the output of your objective/model function - fitting algorithms cannot handle this! Please read https://lmfit.github.io/lmfit-py/faq.html#i-get-errors-from-nan-in-my-fit-what-can-i-do for more information.
ERROR - Chunk 519: No Data! Returning LmfitResult with None.
ERROR - Chunk 529: No Data! Returning LmfitResult with None.
ERROR - NaN value detected in oversampled model function.
ERROR - <ParameterSet (values: 17)>
    cont_intercept  =  15983.504795055973
    cont_slope      =  3.9241848719104753
    iod_depth       =  0.7868583902717453
    lsf_left_1      =  4.094681879539403
    lsf_left_2      =  -11.524970207505234
    lsf_left_3      =  5.126004927496064
    lsf_left_4      =  -3.8308472171700365
    lsf_left_5      =  0.1479801451299973
    lsf_right1      =  4.2323379706912725
    lsf_right2      =  -16.998726342237408
    lsf_right3      =  5.96272563306986
    lsf_right4      =  -1.3202521901601476
    lsf_right5      =  0.18524418981396232
    tem_depth       =  0.29840741135056503
    velocity        =  -10148.543065480828
    wave_intercept  =  6236.4164100799435
    wave_slope      =  0.018000194334090978
ERROR - Evaluated LSF:
ERROR - [nan nan nan nan nan nan nan nan nan nan nan nan nan nan nan nan nan nan
 nan nan nan nan nan nan nan nan nan nan nan nan nan nan nan nan nan nan
 nan nan nan nan nan nan nan nan nan nan nan nan nan nan nan nan nan nan
 nan nan nan nan nan nan nan nan nan nan nan nan nan nan nan nan nan nan
 nan]
WARNING - Chunk 534:
WARNING - NaN values detected in your input data or the output of your objective/model function - fitting algorithms cannot handle this! Please read https://lmfit.github.io/lmfit-py/faq.html#i-get-errors-from-nan-in-my-fit-what-can-i-do for more information.
ERROR - NaN value detected in oversampled model function.
ERROR - <ParameterSet (values: 17)>
    cont_intercept  =  17036.784269225176
    cont_slope      =  -0.020806180682828496
    iod_depth       =  0.9562577777968133
    lsf_left_1      =  7.185951445389871
    lsf_left_2      =  -18.730848214729907
    lsf_left_3      =  4.517646722533862
    lsf_left_4      =  -3.9435089295954118
    lsf_left_5      =  1.1389807501618225
    lsf_right1      =  2.77350481501826
    lsf_right2      =  -12.955431131221783
    lsf_right3      =  3.631370465600261
    lsf_right4      =  -3.966847145108719
    lsf_right5      =  0.5843986202591254
    tem_depth       =  1.0506353743852572
    velocity        =  -3563.5106306283387
    wave_intercept  =  6250.078266696509
    wave_slope      =  0.017148339655581407
ERROR - Evaluated LSF:
ERROR - [nan nan nan nan nan nan nan nan nan nan nan nan nan nan nan nan nan nan
 nan nan nan nan nan nan nan nan nan nan nan nan nan nan nan nan nan nan
 nan nan nan nan nan nan nan nan nan nan nan nan nan nan nan nan nan nan
 nan nan nan nan nan nan nan nan nan nan nan nan nan nan nan nan nan nan
 nan]
WARNING - Chunk 540:
WARNING - NaN values detected in your input data or the output of your objective/model function - fitting algorithms cannot handle this! Please read https://lmfit.github.io/lmfit-py/faq.html#i-get-errors-from-nan-in-my-fit-what-can-i-do for more information.
ERROR - NaN value detected in oversampled model function.
ERROR - <ParameterSet (values: 17)>
    cont_intercept  =  16032.097772085026
    cont_slope      =  0.984827022519188
    iod_depth       =  0.6323109750703236
    lsf_left_1      =  2.140251261283422
    lsf_left_2      =  -8.758346990409924
    lsf_left_3      =  1.900930835363296
    lsf_left_4      =  -1.3438640265163007
    lsf_left_5      =  0.6975829384261634
    lsf_right1      =  3.0431527284761506
    lsf_right2      =  -19.03269760059654
    lsf_right3      =  2.405023305710789
    lsf_right4      =  -0.530778202377634
    lsf_right5      =  0.2920374500221892
    tem_depth       =  1.008936705720808
    velocity        =  -2567.6540675642636
    wave_intercept  =  6252.287814955114
    wave_slope      =  0.016746440082336504
ERROR - Evaluated LSF:
ERROR - [nan nan nan nan nan nan nan nan nan nan nan nan nan nan nan nan nan nan
 nan nan nan nan nan nan nan nan nan nan nan nan nan nan nan nan nan nan
 nan nan nan nan nan nan nan nan nan nan nan nan nan nan nan nan nan nan
 nan nan nan nan nan nan nan nan nan nan nan nan nan nan nan nan nan nan
 nan]
WARNING - Chunk 541:
WARNING - NaN values detected in your input data or the output of your objective/model function - fitting algorithms cannot handle this! Please read https://lmfit.github.io/lmfit-py/faq.html#i-get-errors-from-nan-in-my-fit-what-can-i-do for more information.
ERROR - NaN value detected in oversampled model function.
ERROR - <ParameterSet (values: 17)>
    cont_intercept  =  14893.759151141725
    cont_slope      =  -4.083257665832482
    iod_depth       =  0.08891682703939563
    lsf_left_1      =  2.176007805104892
    lsf_left_2      =  -16.7945799892345
    lsf_left_3      =  5.50653992649716
    lsf_left_4      =  -2.056940061287337
    lsf_left_5      =  0.37304094669214405
    lsf_right1      =  8.857060471776325
    lsf_right2      =  -18.93644801987837
    lsf_right3      =  10.202206443299168
    lsf_right4      =  -3.946721814466215
    lsf_right5      =  0.6825199254226927
    tem_depth       =  0.9460508885184211
    velocity        =  -3025.1262187509597
    wave_intercept  =  6258.730541926807
    wave_slope      =  0.016646560180392466
ERROR - Evaluated LSF:
ERROR - [nan nan nan nan nan nan nan nan nan nan nan nan nan nan nan nan nan nan
 nan nan nan nan nan nan nan nan nan nan nan nan nan nan nan nan nan nan
 nan nan nan nan nan nan nan nan nan nan nan nan nan nan nan nan nan nan
 nan nan nan nan nan nan nan nan nan nan nan nan nan nan nan nan nan nan
 nan]
WARNING - Chunk 544:
WARNING - NaN values detected in your input data or the output of your objective/model function - fitting algorithms cannot handle this! Please read https://lmfit.github.io/lmfit-py/faq.html#i-get-errors-from-nan-in-my-fit-what-can-i-do for more information.
ERROR - Chunk 549: No Data! Returning LmfitResult with None.
ERROR - Chunk 557: No Data! Returning LmfitResult with None.
ERROR - NaN value detected in oversampled model function.
ERROR - <ParameterSet (values: 17)>
    cont_intercept  =  16558.895865945073
    cont_slope      =  -1.195483878182917
    iod_depth       =  0.5062938739104695
    lsf_left_1      =  5.576506268318022
    lsf_left_2      =  -19.235620474648133
    lsf_left_3      =  1.2336922985407714
    lsf_left_4      =  -1.6541205200142675
    lsf_left_5      =  0.3900250598658403
    lsf_right1      =  3.918322845200902
    lsf_right2      =  -7.165993998547002
    lsf_right3      =  2.711835613568205
    lsf_right4      =  -2.6818139815720086
    lsf_right5      =  0.6915982226591052
    tem_depth       =  1.0498772492470858
    velocity        =  -1755.1367156629628
    wave_intercept  =  6314.538460544776
    wave_slope      =  0.018135742528375513
ERROR - Evaluated LSF:
ERROR - [nan nan nan nan nan nan nan nan nan nan nan nan nan nan nan nan nan nan
 nan nan nan nan nan nan nan nan nan nan nan nan nan nan nan nan nan nan
 nan nan nan nan nan nan nan nan nan nan nan nan nan nan nan nan nan nan
 nan nan nan nan nan nan nan nan nan nan nan nan nan nan nan nan nan nan
 nan]
WARNING - Chunk 565:
WARNING - NaN values detected in your input data or the output of your objective/model function - fitting algorithms cannot handle this! Please read https://lmfit.github.io/lmfit-py/faq.html#i-get-errors-from-nan-in-my-fit-what-can-i-do for more information.
ERROR - NaN value detected in oversampled model function.
ERROR - <ParameterSet (values: 17)>
    cont_intercept  =  12184.222492010798
    cont_slope      =  -5.676648747510106
    iod_depth       =  0.7567562334754838
    lsf_left_1      =  11.292404514499802
    lsf_left_2      =  -18.62822444846518
    lsf_left_3      =  4.474244821056616
    lsf_left_4      =  -2.6906209732111805
    lsf_left_5      =  0.9084807256593587
    lsf_right1      =  3.8697592118907456
    lsf_right2      =  -18.597415545713364
    lsf_right3      =  1.1467638299685508
    lsf_right4      =  -3.4774565936036073
    lsf_right5      =  0.3162983210984043
    tem_depth       =  -0.0785498772536603
    velocity        =  -15814.541351247806
    wave_intercept  =  6333.694910673649
    wave_slope      =  0.015768232408822715
ERROR - Evaluated LSF:
ERROR - [nan nan nan nan nan nan nan nan nan nan nan nan nan nan nan nan nan nan
 nan nan nan nan nan nan nan nan nan nan nan nan nan nan nan nan nan nan
 nan nan nan nan nan nan nan nan nan nan nan nan nan nan nan nan nan nan
 nan nan nan nan nan nan nan nan nan nan nan nan nan nan nan nan nan nan
 nan]
WARNING - Chunk 574:
WARNING - NaN values detected in your input data or the output of your objective/model function - fitting algorithms cannot handle this! Please read https://lmfit.github.io/lmfit-py/faq.html#i-get-errors-from-nan-in-my-fit-what-can-i-do for more information.
INFO - 
INFO - Number of chunks with no uncertainties: 0
INFO - Number of chunks with outliers: 0
INFO - Number of chunks with nan fitted red. Chi2: 40
INFO - 
INFO - Creating analysis plots...
ERROR - NaN value detected in iodine function.
ERROR - Chunk could not be plotted
Traceback (most recent call last):
  File "/Users/jaklusmeyer/SONG/pyodine/pyodine/plot_lib.py", line 62, in plot_chunkmodel
    sp = fit_results[chunk_nr].fitted_spectrum
  File "/Users/jaklusmeyer/SONG/pyodine/pyodine/fitters/base.py", line 45, in fitted_spectrum
    return self.model.eval_spectrum(self.chunk, self.params, chunk_ind=self.chunk_ind)
  File "/Users/jaklusmeyer/SONG/pyodine/pyodine/models/base.py", line 79, in eval_spectrum
    flux = self.eval(chunk, params, chunk_ind=chunk_ind, **kwargs)
  File "/Users/jaklusmeyer/SONG/pyodine/pyodine/models/spectrum.py", line 138, in eval
    tck = splrep(tem.wave * doppler, flux_tem, s=0)
  File "/Users/jaklusmeyer/miniconda/envs/pyodine_env/lib/python3.9/site-packages/scipy/interpolate/_fitpack_py.py", line 295, in splrep
    res = _impl.splrep(x, y, w, xb, xe, k, task, s, t, full_output, per, quiet)
  File "/Users/jaklusmeyer/miniconda/envs/pyodine_env/lib/python3.9/site-packages/scipy/interpolate/_fitpack_impl.py", line 276, in splrep
    n, c, fp, ier = dfitpack.curfit(task, x, y, w, t, wrk, iwrk,
dfitpack.error: (xb<=x[0]) failed for 1st keyword xb: curfit:xb=nan
INFO - Velocity robust mean: -2739.9773541444133
INFO - Velocity robust std: 613.1584878594098
INFO - 
INFO - Velocity error robust mean: 198.43148060438423
INFO - Velocity error robust std: 185.86346204548647
INFO - 
INFO - Minimum error: 69.80210973205779 in chunk 160
INFO - Maximum error: 12229.036619471504 in chunk 245
INFO - 
INFO - Chunks with nan velocities: [  7  20  29  32  47  60  67  74  80  82  87 109 145 157 188 282 284 286
 292 324 343 347 389 398 436 444 450 482 501 514 519 529 534 540 541 544
 549 557 565 574]
INFO - Chunks with nan velocity errors: [  7  20  29  32  47  60  67  74  80  82  87 109 145 157 188 282 284 286
 292 324 343 347 389 398 436 444 450 482 501 514 519 529 534 540 541 544
 549 557 565 574]
INFO - Velocity error at percentile 80: 699.8688054757855
INFO - 
INFO - Time to model this observation: 139.0622718334198
