INFO - 
INFO - Branch: master
INFO - Hash: c2a71ac
INFO - ---------------------------
INFO - Working on: /Users/jaklusmeyer/SONG/reduce/UT260321/sciencestar/HD185144_ec_260325.0272.fits
INFO - 
INFO - Median flux of the observation: 6041
INFO - Loading template from file: /Users/jaklusmeyer/SONG/reduce/0007_sigdra_temp_results_v1/obs_temp_highsnr_test.h5
INFO - 
INFO - Order correction: 0
INFO - 
INFO - Measured velocity rel. to reference spectrum: 29.074 km/s
INFO - Template velocity: 38.044 km/s
INFO - Velocity guess: -8.970 km/s (relative to template)

INFO - (Barycentric velocity of observation: -1.984 km/s)
INFO - (Barycentric velocity of template: -4.628 km/s)

INFO - 
INFO - Barycentric redshift between template and observation: 
INFO - v = -2644.279998854413, z = -8.820368652684428e-06

INFO - Startpixel (order 26, chunk 29): -65
INFO - -> Correcting to 0.
INFO - Startpixel (order 27, chunk 63): -65
INFO - -> Correcting to 0.
INFO - Startpixel (order 32, chunk 190): -65
INFO - -> Correcting to 0.
INFO - Startpixel (order 33, chunk 214): -65
INFO - -> Correcting to 0.
INFO - Startpixel (order 36, chunk 296): -65
INFO - -> Correcting to 0.
INFO - Startpixel (order 39, chunk 357): -65
INFO - -> Correcting to 0.
INFO - Startpixel (order 39, chunk 366): -65
INFO - -> Correcting to 0.
INFO - Startpixel (order 43, chunk 470): -65
INFO - -> Correcting to 0.
INFO - Startpixel (order 46, chunk 537): -65
INFO - -> Correcting to 0.
INFO - Startpixel (order 46, chunk 544): -65
INFO - -> Correcting to 0.
INFO - Startpixel (order 47, chunk 569): -65
INFO - -> Correcting to 0.
INFO - Startpixel (order 47, chunk 570): -65
INFO - -> Correcting to 0.
INFO - 
INFO - Total number of chunks: 575
INFO - Nr. chunks in order 0: 25
INFO - First and last covered pixel of chunks in order 0: 12, 3261
INFO - Orders: 25 - 47 (23 in total)
INFO - 
INFO - ----------------------
INFO - RUN 0
INFO - ----------------------
INFO - 
INFO - Constraining parameters for RUN 0
WARNING - Chunk 29:
WARNING - (xb<=x[0]) failed for 1st keyword xb: curfit:xb=nan
WARNING - Chunk 63:
WARNING - (xb<=x[0]) failed for 1st keyword xb: curfit:xb=nan
WARNING - Chunk 190:
WARNING - (xb<=x[0]) failed for 1st keyword xb: curfit:xb=nan
WARNING - Chunk 214:
WARNING - (xb<=x[0]) failed for 1st keyword xb: curfit:xb=nan
WARNING - Chunk 296:
WARNING - (xb<=x[0]) failed for 1st keyword xb: curfit:xb=nan
WARNING - Chunk 357:
WARNING - (xb<=x[0]) failed for 1st keyword xb: curfit:xb=nan
WARNING - Chunk 366:
WARNING - (xb<=x[0]) failed for 1st keyword xb: curfit:xb=nan
WARNING - Chunk 470:
WARNING - (xb<=x[0]) failed for 1st keyword xb: curfit:xb=nan
WARNING - Chunk 537:
WARNING - (xb<=x[0]) failed for 1st keyword xb: curfit:xb=nan
WARNING - Chunk 544:
WARNING - (xb<=x[0]) failed for 1st keyword xb: curfit:xb=nan
WARNING - Chunk 569:
WARNING - (xb<=x[0]) failed for 1st keyword xb: curfit:xb=nan
WARNING - Chunk 570:
WARNING - (xb<=x[0]) failed for 1st keyword xb: curfit:xb=nan
INFO - 
INFO - Number of chunks with no uncertainties: 0
INFO - Number of chunks with outliers: 0
INFO - Number of chunks with nan fitted red. Chi2: 12
INFO - 
INFO - Creating analysis plots...
INFO - 
INFO - ----------------------
INFO - RUN 1
INFO - ----------------------
INFO - 
INFO - Constraining parameters for RUN 1
INFO - 
INFO - Fitted LSF parameters:
INFO - <ParameterSet (values: 10)>
    left_1  =  10.680715785459325
    left_2  =  -10.746354350891544
    left_3  =  5.737254256908815
    left_4  =  -2.2049294899765064
    left_5  =  0.6657148885728758
    right1  =  10.68071905032473
    right2  =  -10.7463551017531
    right3  =  5.73725430084491
    right4  =  -2.2049290647126654
    right5  =  0.6657146721720092
ERROR - Chunk 29: No Data! Returning LmfitResult with None.
ERROR - NaN value detected in oversampled model function.
ERROR - <ParameterSet (values: 17)>
    cont_intercept  =  5988.919980568772
    cont_slope      =  13.513260514435629
    iod_depth       =  0.6113836837890936
    lsf_left_1      =  7.749536420129878
    lsf_left_2      =  -15.738649308670096
    lsf_left_3      =  7.366718009420632
    lsf_left_4      =  -3.8928592159606983
    lsf_left_5      =  0.743585936115062
    lsf_right1      =  3.500999836100248
    lsf_right2      =  -19.06024977353028
    lsf_right3      =  6.068849084725152
    lsf_right4      =  -2.473900009252845
    lsf_right5      =  0.8260793035972853
    tem_depth       =  -0.44559984581796264
    velocity        =  -11650.23272516953
    wave_intercept  =  5175.4539376356115
    wave_slope      =  0.015518303662367904
ERROR - Evaluated LSF:
ERROR - [nan nan nan nan nan nan nan nan nan nan nan nan nan nan nan nan nan nan
 nan nan nan nan nan nan nan nan nan nan nan nan nan nan nan nan nan nan
 nan nan nan nan nan nan nan nan nan nan nan nan nan nan nan nan nan nan
 nan nan nan nan nan nan nan nan nan nan nan nan nan nan nan nan nan nan
 nan]
WARNING - Chunk 32:
WARNING - NaN values detected in your input data or the output of your objective/model function - fitting algorithms cannot handle this! Please read https://lmfit.github.io/lmfit-py/faq.html#i-get-errors-from-nan-in-my-fit-what-can-i-do for more information.
ERROR - NaN value detected in oversampled model function.
ERROR - <ParameterSet (values: 17)>
    cont_intercept  =  6876.979537808041
    cont_slope      =  0.8304707699166076
    iod_depth       =  0.8145542006337875
    lsf_left_1      =  3.5762177920711586
    lsf_left_2      =  -9.384940484378959
    lsf_left_3      =  4.188894770601435
    lsf_left_4      =  -3.9560429277240767
    lsf_left_5      =  0.1370971113681157
    lsf_right1      =  2.632609198457919
    lsf_right2      =  -15.757148507678885
    lsf_right3      =  5.028518329629976
    lsf_right4      =  -3.228538704763749
    lsf_right5      =  0.7488278801304682
    tem_depth       =  0.8714933257725269
    velocity        =  -2567.998967361379
    wave_intercept  =  5179.3914334143565
    wave_slope      =  0.015033578695142736
ERROR - Evaluated LSF:
ERROR - [nan nan nan nan nan nan nan nan nan nan nan nan nan nan nan nan nan nan
 nan nan nan nan nan nan nan nan nan nan nan nan nan nan nan nan nan nan
 nan nan nan nan nan nan nan nan nan nan nan nan nan nan nan nan nan nan
 nan nan nan nan nan nan nan nan nan nan nan nan nan nan nan nan nan nan
 nan]
WARNING - Chunk 34:
WARNING - NaN values detected in your input data or the output of your objective/model function - fitting algorithms cannot handle this! Please read https://lmfit.github.io/lmfit-py/faq.html#i-get-errors-from-nan-in-my-fit-what-can-i-do for more information.
ERROR - NaN value detected in oversampled model function.
ERROR - <ParameterSet (values: 17)>
    cont_intercept  =  5075.770141149744
    cont_slope      =  26.217803466709455
    iod_depth       =  0.6711186076351867
    lsf_left_1      =  5.897805993422667
    lsf_left_2      =  -18.338456714589014
    lsf_left_3      =  5.168639892470377
    lsf_left_4      =  -1.341029829200676
    lsf_left_5      =  0.3447896550137287
    lsf_right1      =  5.877406413826169
    lsf_right2      =  -19.3248442615668
    lsf_right3      =  2.7123571945278995
    lsf_right4      =  -3.9616865535759667
    lsf_right5      =  1.099392667307339
    tem_depth       =  0.1545583488611387
    velocity        =  -17802.317209756566
    wave_intercept  =  5185.140749016303
    wave_slope      =  0.014593591420530069
ERROR - Evaluated LSF:
ERROR - [nan nan nan nan nan nan nan nan nan nan nan nan nan nan nan nan nan nan
 nan nan nan nan nan nan nan nan nan nan nan nan nan nan nan nan nan nan
 nan nan nan nan nan nan nan nan nan nan nan nan nan nan nan nan nan nan
 nan nan nan nan nan nan nan nan nan nan nan nan nan nan nan nan nan nan
 nan]
WARNING - Chunk 37:
WARNING - NaN values detected in your input data or the output of your objective/model function - fitting algorithms cannot handle this! Please read https://lmfit.github.io/lmfit-py/faq.html#i-get-errors-from-nan-in-my-fit-what-can-i-do for more information.
ERROR - NaN value detected in oversampled model function.
ERROR - <ParameterSet (values: 17)>
    cont_intercept  =  7617.299672467212
    cont_slope      =  0.3404904097907397
    iod_depth       =  0.7365729614649034
    lsf_left_1      =  2.5415879431183566
    lsf_left_2      =  -15.907283591336128
    lsf_left_3      =  7.824666830521054
    lsf_left_4      =  -3.7889295009596764
    lsf_left_5      =  1.184256199090733
    lsf_right1      =  9.383195171225214
    lsf_right2      =  -16.369682907221648
    lsf_right3      =  5.840281503421185
    lsf_right4      =  -2.3535036115452765
    lsf_right5      =  0.5010003195078023
    tem_depth       =  0.9000006044095795
    velocity        =  -2836.922514456398
    wave_intercept  =  5188.918209052848
    wave_slope      =  0.014300351867579771
ERROR - Evaluated LSF:
ERROR - [nan nan nan nan nan nan nan nan nan nan nan nan nan nan nan nan nan nan
 nan nan nan nan nan nan nan nan nan nan nan nan nan nan nan nan nan nan
 nan nan nan nan nan nan nan nan nan nan nan nan nan nan nan nan nan nan
 nan nan nan nan nan nan nan nan nan nan nan nan nan nan nan nan nan nan
 nan]
WARNING - Chunk 39:
WARNING - NaN values detected in your input data or the output of your objective/model function - fitting algorithms cannot handle this! Please read https://lmfit.github.io/lmfit-py/faq.html#i-get-errors-from-nan-in-my-fit-what-can-i-do for more information.
ERROR - Chunk 63: No Data! Returning LmfitResult with None.
ERROR - NaN value detected in oversampled model function.
ERROR - <ParameterSet (values: 17)>
    cont_intercept  =  9379.042610590886
    cont_slope      =  -2.522785675655532
    iod_depth       =  0.7952552795286455
    lsf_left_1      =  7.836866250644521
    lsf_left_2      =  -19.07579575772734
    lsf_left_3      =  6.9672162933890585
    lsf_left_4      =  -2.487986659812071
    lsf_left_5      =  0.3371772134586809
    lsf_right1      =  2.1479200826750158
    lsf_right2      =  -12.201621690996383
    lsf_right3      =  1.3942274665203136
    lsf_right4      =  -3.920742343870984
    lsf_right5      =  0.13357739354736434
    tem_depth       =  0.9994089143280557
    velocity        =  -3139.329044839882
    wave_intercept  =  5285.781199578846
    wave_slope      =  0.013979762119683565
ERROR - Evaluated LSF:
ERROR - [nan nan nan nan nan nan nan nan nan nan nan nan nan nan nan nan nan nan
 nan nan nan nan nan nan nan nan nan nan nan nan nan nan nan nan nan nan
 nan nan nan nan nan nan nan nan nan nan nan nan nan nan nan nan nan nan
 nan nan nan nan nan nan nan nan nan nan nan nan nan nan nan nan nan nan
 nan]
WARNING - Chunk 93:
WARNING - NaN values detected in your input data or the output of your objective/model function - fitting algorithms cannot handle this! Please read https://lmfit.github.io/lmfit-py/faq.html#i-get-errors-from-nan-in-my-fit-what-can-i-do for more information.
ERROR - NaN value detected in oversampled model function.
ERROR - <ParameterSet (values: 17)>
    cont_intercept  =  3983.490552720291
    cont_slope      =  2.7095431574954656
    iod_depth       =  0.7574745123996413
    lsf_left_1      =  2.9144224853607357
    lsf_left_2      =  -18.938138697440415
    lsf_left_3      =  2.0947619211437023
    lsf_left_4      =  -1.79084862673214
    lsf_left_5      =  0.32147870104358756
    lsf_right1      =  5.78639648917901
    lsf_right2      =  -18.679043456652078
    lsf_right3      =  7.535433675087827
    lsf_right4      =  -3.9033059449519714
    lsf_right5      =  0.18741152088408353
    tem_depth       =  0.4305843717813056
    velocity        =  -9733.926715653553
    wave_intercept  =  5295.601041441207
    wave_slope      =  0.01680075975804868
ERROR - Evaluated LSF:
ERROR - [nan nan nan nan nan nan nan nan nan nan nan nan nan nan nan nan nan nan
 nan nan nan nan nan nan nan nan nan nan nan nan nan nan nan nan nan nan
 nan nan nan nan nan nan nan nan nan nan nan nan nan nan nan nan nan nan
 nan nan nan nan nan nan nan nan nan nan nan nan nan nan nan nan nan nan
 nan]
WARNING - Chunk 100:
WARNING - NaN values detected in your input data or the output of your objective/model function - fitting algorithms cannot handle this! Please read https://lmfit.github.io/lmfit-py/faq.html#i-get-errors-from-nan-in-my-fit-what-can-i-do for more information.
ERROR - NaN value detected in oversampled model function.
ERROR - <ParameterSet (values: 17)>
    cont_intercept  =  9838.950862354572
    cont_slope      =  0.7742650712847952
    iod_depth       =  0.8504036551978595
    lsf_left_1      =  2.332398994089343
    lsf_left_2      =  -14.727539754952659
    lsf_left_3      =  6.953788119272746
    lsf_left_4      =  -3.8399579857336263
    lsf_left_5      =  0.4045950029560961
    lsf_right1      =  10.716497317333763
    lsf_right2      =  -19.300948875149235
    lsf_right3      =  1.976676843140398
    lsf_right4      =  -1.5398070042111591
    lsf_right5      =  0.13586098706848287
    tem_depth       =  0.8778971420967827
    velocity        =  -2762.6330930737895
    wave_intercept  =  5326.170360444714
    wave_slope      =  0.014533662935874816
ERROR - Evaluated LSF:
ERROR - [nan nan nan nan nan nan nan nan nan nan nan nan nan nan nan nan nan nan
 nan nan nan nan nan nan nan nan nan nan nan nan nan nan nan nan nan nan
 nan nan nan nan nan nan nan nan nan nan nan nan nan nan nan nan nan nan
 nan nan nan nan nan nan nan nan nan nan nan nan nan nan nan nan nan nan
 nan]
WARNING - Chunk 115:
WARNING - NaN values detected in your input data or the output of your objective/model function - fitting algorithms cannot handle this! Please read https://lmfit.github.io/lmfit-py/faq.html#i-get-errors-from-nan-in-my-fit-what-can-i-do for more information.
ERROR - NaN value detected in oversampled model function.
ERROR - <ParameterSet (values: 17)>
    cont_intercept  =  8680.371089620632
    cont_slope      =  -5.280335496528948
    iod_depth       =  0.67216954339489
    lsf_left_1      =  4.226728929930354
    lsf_left_2      =  -16.26024403499434
    lsf_left_3      =  10.311696844420931
    lsf_left_4      =  -3.2974026982077995
    lsf_left_5      =  0.4645323942132068
    lsf_right1      =  5.497673246434673
    lsf_right2      =  -11.105478847834123
    lsf_right3      =  1.2985290010430521
    lsf_right4      =  -3.716780933512837
    lsf_right5      =  0.4613385836022508
    tem_depth       =  0.5144813984991219
    velocity        =  -7393.577339843797
    wave_intercept  =  5337.144004137811
    wave_slope      =  0.01363437413049474
ERROR - Evaluated LSF:
ERROR - [nan nan nan nan nan nan nan nan nan nan nan nan nan nan nan nan nan nan
 nan nan nan nan nan nan nan nan nan nan nan nan nan nan nan nan nan nan
 nan nan nan nan nan nan nan nan nan nan nan nan nan nan nan nan nan nan
 nan nan nan nan nan nan nan nan nan nan nan nan nan nan nan nan nan nan
 nan]
WARNING - Chunk 121:
WARNING - NaN values detected in your input data or the output of your objective/model function - fitting algorithms cannot handle this! Please read https://lmfit.github.io/lmfit-py/faq.html#i-get-errors-from-nan-in-my-fit-what-can-i-do for more information.
ERROR - NaN value detected in oversampled model function.
ERROR - <ParameterSet (values: 17)>
    cont_intercept  =  7067.799874963782
    cont_slope      =  -2.573607365194612
    iod_depth       =  0.7587988884994672
    lsf_left_1      =  3.7453790061984646
    lsf_left_2      =  -17.36249600501719
    lsf_left_3      =  4.336107941694274
    lsf_left_4      =  -3.772648521263945
    lsf_left_5      =  0.5356617933928125
    lsf_right1      =  3.0710669551152123
    lsf_right2      =  -9.55147384344592
    lsf_right3      =  6.4846455393677935
    lsf_right4      =  -3.944878566561469
    lsf_right5      =  0.8736868009664988
    tem_depth       =  0.9631573840608352
    velocity        =  -3163.542519966601
    wave_intercept  =  5342.379789876187
    wave_slope      =  0.013181933721762695
ERROR - Evaluated LSF:
ERROR - [nan nan nan nan nan nan nan nan nan nan nan nan nan nan nan nan nan nan
 nan nan nan nan nan nan nan nan nan nan nan nan nan nan nan nan nan nan
 nan nan nan nan nan nan nan nan nan nan nan nan nan nan nan nan nan nan
 nan nan nan nan nan nan nan nan nan nan nan nan nan nan nan nan nan nan
 nan]
WARNING - Chunk 124:
WARNING - NaN values detected in your input data or the output of your objective/model function - fitting algorithms cannot handle this! Please read https://lmfit.github.io/lmfit-py/faq.html#i-get-errors-from-nan-in-my-fit-what-can-i-do for more information.
ERROR - NaN value detected in oversampled model function.
ERROR - <ParameterSet (values: 17)>
    cont_intercept  =  6191.061857168704
    cont_slope      =  4.908438471492991
    iod_depth       =  0.7857484650693315
    lsf_left_1      =  5.455801498860488
    lsf_left_2      =  -19.205013585117452
    lsf_left_3      =  6.831857566219032
    lsf_left_4      =  -3.9221917234776837
    lsf_left_5      =  0.7195208928988486
    lsf_right1      =  2.2143930496753192
    lsf_right2      =  -5.404693387134477
    lsf_right3      =  1.194855966376342
    lsf_right4      =  -1.9123820988336084
    lsf_right5      =  0.9388156287521244
    tem_depth       =  0.8469619670456459
    velocity        =  -2898.6082437088826
    wave_intercept  =  5350.776633113746
    wave_slope      =  0.01635034763880183
ERROR - Evaluated LSF:
ERROR - [nan nan nan nan nan nan nan nan nan nan nan nan nan nan nan nan nan nan
 nan nan nan nan nan nan nan nan nan nan nan nan nan nan nan nan nan nan
 nan nan nan nan nan nan nan nan nan nan nan nan nan nan nan nan nan nan
 nan nan nan nan nan nan nan nan nan nan nan nan nan nan nan nan nan nan
 nan]
WARNING - Chunk 129:
WARNING - NaN values detected in your input data or the output of your objective/model function - fitting algorithms cannot handle this! Please read https://lmfit.github.io/lmfit-py/faq.html#i-get-errors-from-nan-in-my-fit-what-can-i-do for more information.
ERROR - NaN value detected in oversampled model function.
ERROR - <ParameterSet (values: 17)>
    cont_intercept  =  9805.084221746907
    cont_slope      =  0.694287555405392
    iod_depth       =  0.798400735975676
    lsf_left_1      =  6.42142437346133
    lsf_left_2      =  -11.623762961108953
    lsf_left_3      =  1.8040964162688633
    lsf_left_4      =  -2.193073596497837
    lsf_left_5      =  1.1158074202496169
    lsf_right1      =  2.417031449987677
    lsf_right2      =  -11.57976655086091
    lsf_right3      =  1.8391068202372782
    lsf_right4      =  -1.2124140414186022
    lsf_right5      =  0.21699691904732132
    tem_depth       =  0.9299712761552157
    velocity        =  -2637.5133069142153
    wave_intercept  =  5365.147897609338
    wave_slope      =  0.015342305125341625
ERROR - Evaluated LSF:
ERROR - [nan nan nan nan nan nan nan nan nan nan nan nan nan nan nan nan nan nan
 nan nan nan nan nan nan nan nan nan nan nan nan nan nan nan nan nan nan
 nan nan nan nan nan nan nan nan nan nan nan nan nan nan nan nan nan nan
 nan nan nan nan nan nan nan nan nan nan nan nan nan nan nan nan nan nan
 nan]
WARNING - Chunk 136:
WARNING - NaN values detected in your input data or the output of your objective/model function - fitting algorithms cannot handle this! Please read https://lmfit.github.io/lmfit-py/faq.html#i-get-errors-from-nan-in-my-fit-what-can-i-do for more information.
ERROR - NaN value detected in oversampled model function.
ERROR - <ParameterSet (values: 17)>
    cont_intercept  =  10306.99961244927
    cont_slope      =  -6.104078820236318
    iod_depth       =  0.7528355180229314
    lsf_left_1      =  2.349825006981124
    lsf_left_2      =  -19.29878170984875
    lsf_left_3      =  2.47570212777256
    lsf_left_4      =  -2.2509417713458317
    lsf_left_5      =  1.1902685673089624
    lsf_right1      =  2.2179853775174494
    lsf_right2      =  -17.390068303945124
    lsf_right3      =  1.157924657671684
    lsf_right4      =  -3.5744067346132007
    lsf_right5      =  0.3172487417073633
    tem_depth       =  -0.6785043475393158
    velocity        =  -9255.690720569919
    wave_intercept  =  5376.662749704743
    wave_slope      =  0.014353049680270392
ERROR - Evaluated LSF:
ERROR - [nan nan nan nan nan nan nan nan nan nan nan nan nan nan nan nan nan nan
 nan nan nan nan nan nan nan nan nan nan nan nan nan nan nan nan nan nan
 nan nan nan nan nan nan nan nan nan nan nan nan nan nan nan nan nan nan
 nan nan nan nan nan nan nan nan nan nan nan nan nan nan nan nan nan nan
 nan]
WARNING - Chunk 142:
WARNING - NaN values detected in your input data or the output of your objective/model function - fitting algorithms cannot handle this! Please read https://lmfit.github.io/lmfit-py/faq.html#i-get-errors-from-nan-in-my-fit-what-can-i-do for more information.
ERROR - NaN value detected in oversampled model function.
ERROR - <ParameterSet (values: 17)>
    cont_intercept  =  9066.220400533935
    cont_slope      =  -3.3926450405975763
    iod_depth       =  0.8334832470830286
    lsf_left_1      =  4.606426157401405
    lsf_left_2      =  -17.947090184422347
    lsf_left_3      =  3.3139945286869894
    lsf_left_4      =  -2.1349956194914723
    lsf_left_5      =  1.1804882704238995
    lsf_right1      =  2.14036602375607
    lsf_right2      =  -16.474362584412994
    lsf_right3      =  1.9273528358910406
    lsf_right4      =  -3.3439995720037143
    lsf_right5      =  1.091869452275658
    tem_depth       =  -0.0115148468841193
    velocity        =  -15073.833510965338
    wave_intercept  =  5385.735635163434
    wave_slope      =  0.01357071528114666
ERROR - Evaluated LSF:
ERROR - [nan nan nan nan nan nan nan nan nan nan nan nan nan nan nan nan nan nan
 nan nan nan nan nan nan nan nan nan nan nan nan nan nan nan nan nan nan
 nan nan nan nan nan nan nan nan nan nan nan nan nan nan nan nan nan nan
 nan nan nan nan nan nan nan nan nan nan nan nan nan nan nan nan nan nan
 nan]
WARNING - Chunk 147:
WARNING - NaN values detected in your input data or the output of your objective/model function - fitting algorithms cannot handle this! Please read https://lmfit.github.io/lmfit-py/faq.html#i-get-errors-from-nan-in-my-fit-what-can-i-do for more information.
ERROR - Chunk 190: No Data! Returning LmfitResult with None.
ERROR - Chunk 214: No Data! Returning LmfitResult with None.
ERROR - NaN value detected in oversampled model function.
ERROR - <ParameterSet (values: 17)>
    cont_intercept  =  9642.431608151077
    cont_slope      =  4.454173536355086
    iod_depth       =  0.9072472845459028
    lsf_left_1      =  7.737410733433891
    lsf_left_2      =  -19.256454264673582
    lsf_left_3      =  1.9580044383809416
    lsf_left_4      =  -3.3402010944519445
    lsf_left_5      =  0.4850134485759349
    lsf_right1      =  2.6391846575054774
    lsf_right2      =  -18.673722076765866
    lsf_right3      =  5.318566126663136
    lsf_right4      =  -3.910957070519671
    lsf_right5      =  0.522277230976247
    tem_depth       =  0.016814497065512538
    velocity        =  -9339.89294082376
    wave_intercept  =  5551.845925309905
    wave_slope      =  0.016417019491286846
ERROR - Evaluated LSF:
ERROR - [nan nan nan nan nan nan nan nan nan nan nan nan nan nan nan nan nan nan
 nan nan nan nan nan nan nan nan nan nan nan nan nan nan nan nan nan nan
 nan nan nan nan nan nan nan nan nan nan nan nan nan nan nan nan nan nan
 nan nan nan nan nan nan nan nan nan nan nan nan nan nan nan nan nan nan
 nan]
WARNING - Chunk 232:
WARNING - NaN values detected in your input data or the output of your objective/model function - fitting algorithms cannot handle this! Please read https://lmfit.github.io/lmfit-py/faq.html#i-get-errors-from-nan-in-my-fit-what-can-i-do for more information.
ERROR - Chunk 296: No Data! Returning LmfitResult with None.
ERROR - NaN value detected in oversampled model function.
ERROR - <ParameterSet (values: 17)>
    cont_intercept  =  12904.621596453879
    cont_slope      =  -1.495493943124337
    iod_depth       =  0.7465676764409717
    lsf_left_1      =  2.378202984077276
    lsf_left_2      =  -6.592888922277718
    lsf_left_3      =  1.1526266858921144
    lsf_left_4      =  -1.995604109916977
    lsf_left_5      =  0.8204109136700566
    lsf_right1      =  7.260077319220224
    lsf_right2      =  -17.11599791802386
    lsf_right3      =  2.2780844405571394
    lsf_right4      =  -3.7321757084599847
    lsf_right5      =  0.6839783557544487
    tem_depth       =  1.0319528354107705
    velocity        =  -3101.6484566729555
    wave_intercept  =  5728.388354516168
    wave_slope      =  0.015272065226903903
ERROR - Evaluated LSF:
ERROR - [nan nan nan nan nan nan nan nan nan nan nan nan nan nan nan nan nan nan
 nan nan nan nan nan nan nan nan nan nan nan nan nan nan nan nan nan nan
 nan nan nan nan nan nan nan nan nan nan nan nan nan nan nan nan nan nan
 nan nan nan nan nan nan nan nan nan nan nan nan nan nan nan nan nan nan
 nan]
WARNING - Chunk 317:
WARNING - NaN values detected in your input data or the output of your objective/model function - fitting algorithms cannot handle this! Please read https://lmfit.github.io/lmfit-py/faq.html#i-get-errors-from-nan-in-my-fit-what-can-i-do for more information.
ERROR - Chunk 357: No Data! Returning LmfitResult with None.
ERROR - Chunk 366: No Data! Returning LmfitResult with None.
ERROR - NaN value detected in oversampled model function.
ERROR - <ParameterSet (values: 17)>
    cont_intercept  =  14039.612371767435
    cont_slope      =  -4.504910076041821
    iod_depth       =  0.8796666659575
    lsf_left_1      =  9.727413000581354
    lsf_left_2      =  -19.32349630903082
    lsf_left_3      =  1.4634674694914582
    lsf_left_4      =  -3.930988046053176
    lsf_left_5      =  0.3708348829115279
    lsf_right1      =  4.108316696870618
    lsf_right2      =  -10.600586642113846
    lsf_right3      =  1.8198323809428847
    lsf_right4      =  -3.9687662281832212
    lsf_right5      =  0.9223070858630559
    tem_depth       =  0.1724458726348237
    velocity        =  -24673.41272346222
    wave_intercept  =  5841.497541743928
    wave_slope      =  0.01520209718771008
ERROR - Evaluated LSF:
ERROR - [nan nan nan nan nan nan nan nan nan nan nan nan nan nan nan nan nan nan
 nan nan nan nan nan nan nan nan nan nan nan nan nan nan nan nan nan nan
 nan nan nan nan nan nan nan nan nan nan nan nan nan nan nan nan nan nan
 nan nan nan nan nan nan nan nan nan nan nan nan nan nan nan nan nan nan
 nan]
WARNING - Chunk 369:
WARNING - NaN values detected in your input data or the output of your objective/model function - fitting algorithms cannot handle this! Please read https://lmfit.github.io/lmfit-py/faq.html#i-get-errors-from-nan-in-my-fit-what-can-i-do for more information.
ERROR - NaN value detected in oversampled model function.
ERROR - <ParameterSet (values: 17)>
    cont_intercept  =  12142.777353866311
    cont_slope      =  -5.8874679646974055
    iod_depth       =  0.8105652092896294
    lsf_left_1      =  2.577891123564631
    lsf_left_2      =  -18.131209810917927
    lsf_left_3      =  1.2381154589633196
    lsf_left_4      =  -2.403016924555501
    lsf_left_5      =  0.415235737884741
    lsf_right1      =  5.196396996969714
    lsf_right2      =  -18.77721151261049
    lsf_right3      =  1.6995327100101654
    lsf_right4      =  -3.9688486817377835
    lsf_right5      =  0.17083436429943913
    tem_depth       =  -0.36664562125192846
    velocity        =  -10824.751659979667
    wave_intercept  =  5845.422255066459
    wave_slope      =  0.014960598753150691
ERROR - Evaluated LSF:
ERROR - [nan nan nan nan nan nan nan nan nan nan nan nan nan nan nan nan nan nan
 nan nan nan nan nan nan nan nan nan nan nan nan nan nan nan nan nan nan
 nan nan nan nan nan nan nan nan nan nan nan nan nan nan nan nan nan nan
 nan nan nan nan nan nan nan nan nan nan nan nan nan nan nan nan nan nan
 nan]
WARNING - Chunk 371:
WARNING - NaN values detected in your input data or the output of your objective/model function - fitting algorithms cannot handle this! Please read https://lmfit.github.io/lmfit-py/faq.html#i-get-errors-from-nan-in-my-fit-what-can-i-do for more information.
ERROR - NaN value detected in oversampled model function.
ERROR - <ParameterSet (values: 17)>
    cont_intercept  =  7084.174613533087
    cont_slope      =  5.878852029061401
    iod_depth       =  0.6562635924610104
    lsf_left_1      =  3.2081357530883157
    lsf_left_2      =  -16.007733255630345
    lsf_left_3      =  2.297693844965635
    lsf_left_4      =  -0.45376088784484025
    lsf_left_5      =  0.1430994629586455
    lsf_right1      =  6.888682053992592
    lsf_right2      =  -11.322128204542398
    lsf_right3      =  1.1657236745608326
    lsf_right4      =  -1.1902764718176715
    lsf_right5      =  0.6502293010011047
    tem_depth       =  0.9872357779117432
    velocity        =  -2854.4606789739632
    wave_intercept  =  5858.188671753299
    wave_slope      =  0.018487959011764983
ERROR - Evaluated LSF:
ERROR - [nan nan nan nan nan nan nan nan nan nan nan nan nan nan nan nan nan nan
 nan nan nan nan nan nan nan nan nan nan nan nan nan nan nan nan nan nan
 nan nan nan nan nan nan nan nan nan nan nan nan nan nan nan nan nan nan
 nan nan nan nan nan nan nan nan nan nan nan nan nan nan nan nan nan nan
 nan]
WARNING - Chunk 376:
WARNING - NaN values detected in your input data or the output of your objective/model function - fitting algorithms cannot handle this! Please read https://lmfit.github.io/lmfit-py/faq.html#i-get-errors-from-nan-in-my-fit-what-can-i-do for more information.
ERROR - NaN value detected in oversampled model function.
ERROR - <ParameterSet (values: 17)>
    cont_intercept  =  11972.2555255859
    cont_slope      =  4.162462940943973
    iod_depth       =  0.9004989389938716
    lsf_left_1      =  2.20522366907801
    lsf_left_2      =  -15.612173262242894
    lsf_left_3      =  5.203045929094237
    lsf_left_4      =  -1.2744443677934316
    lsf_left_5      =  0.23201891763765026
    lsf_right1      =  3.7410533665149925
    lsf_right2      =  -17.750580682448874
    lsf_right3      =  6.516233589563133
    lsf_right4      =  -3.2513341366399966
    lsf_right5      =  0.8258315286693213
    tem_depth       =  0.6282052431557872
    velocity        =  -8436.397233635606
    wave_intercept  =  5926.885065394023
    wave_slope      =  0.017714638224677753
ERROR - Evaluated LSF:
ERROR - [nan nan nan nan nan nan nan nan nan nan nan nan nan nan nan nan nan nan
 nan nan nan nan nan nan nan nan nan nan nan nan nan nan nan nan nan nan
 nan nan nan nan nan nan nan nan nan nan nan nan nan nan nan nan nan nan
 nan nan nan nan nan nan nan nan nan nan nan nan nan nan nan nan nan nan
 nan]
WARNING - Chunk 406:
WARNING - NaN values detected in your input data or the output of your objective/model function - fitting algorithms cannot handle this! Please read https://lmfit.github.io/lmfit-py/faq.html#i-get-errors-from-nan-in-my-fit-what-can-i-do for more information.
ERROR - NaN value detected in oversampled model function.
ERROR - <ParameterSet (values: 17)>
    cont_intercept  =  8249.755783765577
    cont_slope      =  6.055586729253205
    iod_depth       =  0.8246109881266459
    lsf_left_1      =  2.2057550889426185
    lsf_left_2      =  -17.49945138559139
    lsf_left_3      =  1.2523117498457927
    lsf_left_4      =  -2.6366290207420984
    lsf_left_5      =  0.14986285163819235
    lsf_right1      =  4.647044070229383
    lsf_right2      =  -15.39948731538729
    lsf_right3      =  6.400884867837987
    lsf_right4      =  -2.983653634690821
    lsf_right5      =  0.9139386680378632
    tem_depth       =  -0.29956676866826637
    velocity        =  -9450.614541359375
    wave_intercept  =  5973.063242593749
    wave_slope      =  0.01886732394896881
ERROR - Evaluated LSF:
ERROR - [nan nan nan nan nan nan nan nan nan nan nan nan nan nan nan nan nan nan
 nan nan nan nan nan nan nan nan nan nan nan nan nan nan nan nan nan nan
 nan nan nan nan nan nan nan nan nan nan nan nan nan nan nan nan nan nan
 nan nan nan nan nan nan nan nan nan nan nan nan nan nan nan nan nan nan
 nan]
WARNING - Chunk 426:
WARNING - NaN values detected in your input data or the output of your objective/model function - fitting algorithms cannot handle this! Please read https://lmfit.github.io/lmfit-py/faq.html#i-get-errors-from-nan-in-my-fit-what-can-i-do for more information.
ERROR - NaN value detected in oversampled model function.
ERROR - <ParameterSet (values: 17)>
    cont_intercept  =  10973.932958937508
    cont_slope      =  1.864815250833226
    iod_depth       =  1.0469856696888353
    lsf_left_1      =  3.8445665707011125
    lsf_left_2      =  -12.507761245075002
    lsf_left_3      =  10.261503643617507
    lsf_left_4      =  -3.7397632293280085
    lsf_left_5      =  0.2593886893794304
    lsf_right1      =  2.6196631819346257
    lsf_right2      =  -12.163126296000446
    lsf_right3      =  3.1819286027139486
    lsf_right4      =  -3.960588352219061
    lsf_right5      =  0.4005932011236048
    tem_depth       =  -0.11298123370423041
    velocity        =  -11938.555735184882
    wave_intercept  =  6039.521640674716
    wave_slope      =  0.018665200581122494
ERROR - Evaluated LSF:
ERROR - [nan nan nan nan nan nan nan nan nan nan nan nan nan nan nan nan nan nan
 nan nan nan nan nan nan nan nan nan nan nan nan nan nan nan nan nan nan
 nan nan nan nan nan nan nan nan nan nan nan nan nan nan nan nan nan nan
 nan nan nan nan nan nan nan nan nan nan nan nan nan nan nan nan nan nan
 nan]
WARNING - Chunk 454:
WARNING - NaN values detected in your input data or the output of your objective/model function - fitting algorithms cannot handle this! Please read https://lmfit.github.io/lmfit-py/faq.html#i-get-errors-from-nan-in-my-fit-what-can-i-do for more information.
ERROR - NaN value detected in oversampled model function.
ERROR - <ParameterSet (values: 17)>
    cont_intercept  =  13543.672006907536
    cont_slope      =  4.712777079761666
    iod_depth       =  0.8543849411316768
    lsf_left_1      =  3.3534049090486784
    lsf_left_2      =  -17.82655284426422
    lsf_left_3      =  1.6980221275473832
    lsf_left_4      =  -0.44109879485145864
    lsf_left_5      =  0.18317604361881318
    lsf_right1      =  4.30056600694419
    lsf_right2      =  -14.298540450832274
    lsf_right3      =  4.1142098896490715
    lsf_right4      =  -3.811958284129054
    lsf_right5      =  1.1241965376377003
    tem_depth       =  0.6879822675096843
    velocity        =  -10976.895493794364
    wave_intercept  =  6046.560665241448
    wave_slope      =  0.017872287753418162
ERROR - Evaluated LSF:
ERROR - [nan nan nan nan nan nan nan nan nan nan nan nan nan nan nan nan nan nan
 nan nan nan nan nan nan nan nan nan nan nan nan nan nan nan nan nan nan
 nan nan nan nan nan nan nan nan nan nan nan nan nan nan nan nan nan nan
 nan nan nan nan nan nan nan nan nan nan nan nan nan nan nan nan nan nan
 nan]
WARNING - Chunk 457:
WARNING - NaN values detected in your input data or the output of your objective/model function - fitting algorithms cannot handle this! Please read https://lmfit.github.io/lmfit-py/faq.html#i-get-errors-from-nan-in-my-fit-what-can-i-do for more information.
ERROR - Chunk 470: No Data! Returning LmfitResult with None.
ERROR - NaN value detected in oversampled model function.
ERROR - <ParameterSet (values: 17)>
    cont_intercept  =  11400.1718081382
    cont_slope      =  5.327645437419653
    iod_depth       =  0.6419686353181616
    lsf_left_1      =  6.6897808193975745
    lsf_left_2      =  -15.058399602740455
    lsf_left_3      =  7.213921943546902
    lsf_left_4      =  -3.2625464985516346
    lsf_left_5      =  0.8059261988549496
    lsf_right1      =  2.5356594247182738
    lsf_right2      =  -10.219547339655612
    lsf_right3      =  4.567768762806457
    lsf_right4      =  -3.949274573822321
    lsf_right5      =  1.0388541098173596
    tem_depth       =  0.9661055872604678
    velocity        =  -2568.4890354459553
    wave_intercept  =  6102.304514125634
    wave_slope      =  0.01845709842183889
ERROR - Evaluated LSF:
ERROR - [nan nan nan nan nan nan nan nan nan nan nan nan nan nan nan nan nan nan
 nan nan nan nan nan nan nan nan nan nan nan nan nan nan nan nan nan nan
 nan nan nan nan nan nan nan nan nan nan nan nan nan nan nan nan nan nan
 nan nan nan nan nan nan nan nan nan nan nan nan nan nan nan nan nan nan
 nan]
WARNING - Chunk 480:
WARNING - NaN values detected in your input data or the output of your objective/model function - fitting algorithms cannot handle this! Please read https://lmfit.github.io/lmfit-py/faq.html#i-get-errors-from-nan-in-my-fit-what-can-i-do for more information.
ERROR - NaN value detected in oversampled model function.
ERROR - <ParameterSet (values: 17)>
    cont_intercept  =  11763.593089311638
    cont_slope      =  -3.9879875112243868
    iod_depth       =  0.3740649728884008
    lsf_left_1      =  8.399891581979475
    lsf_left_2      =  -13.499891017145135
    lsf_left_3      =  1.2319480329150587
    lsf_left_4      =  -1.8213575420276187
    lsf_left_5      =  0.6937406349559814
    lsf_right1      =  2.502780454197741
    lsf_right2      =  -18.751123180794593
    lsf_right3      =  1.3305116984932484
    lsf_right4      =  -0.5191464512626047
    lsf_right5      =  0.6008985054963796
    tem_depth       =  0.9847674245861388
    velocity        =  -3546.053606075379
    wave_intercept  =  6137.696414237846
    wave_slope      =  0.015656870476099052
ERROR - Evaluated LSF:
ERROR - [nan nan nan nan nan nan nan nan nan nan nan nan nan nan nan nan nan nan
 nan nan nan nan nan nan nan nan nan nan nan nan nan nan nan nan nan nan
 nan nan nan nan nan nan nan nan nan nan nan nan nan nan nan nan nan nan
 nan nan nan nan nan nan nan nan nan nan nan nan nan nan nan nan nan nan
 nan]
WARNING - Chunk 496:
WARNING - NaN values detected in your input data or the output of your objective/model function - fitting algorithms cannot handle this! Please read https://lmfit.github.io/lmfit-py/faq.html#i-get-errors-from-nan-in-my-fit-what-can-i-do for more information.
ERROR - NaN value detected in oversampled model function.
ERROR - <ParameterSet (values: 17)>
    cont_intercept  =  10101.237247512745
    cont_slope      =  5.461123586173912
    iod_depth       =  0.54086441710556
    lsf_left_1      =  2.138200311412729
    lsf_left_2      =  -7.93910733108101
    lsf_left_3      =  1.1559142609952122
    lsf_left_4      =  -2.4366394355086203
    lsf_left_5      =  0.17110269336696426
    lsf_right1      =  2.139805440107224
    lsf_right2      =  -18.095007230743654
    lsf_right3      =  1.1848040435504796
    lsf_right4      =  -3.920018300737306
    lsf_right5      =  1.1863295784416472
    tem_depth       =  0.9650506976489579
    velocity        =  -3197.0794711618873
    wave_intercept  =  6161.510619989859
    wave_slope      =  0.018871701086420247
ERROR - Evaluated LSF:
ERROR - [nan nan nan nan nan nan nan nan nan nan nan nan nan nan nan nan nan nan
 nan nan nan nan nan nan nan nan nan nan nan nan nan nan nan nan nan nan
 nan nan nan nan nan nan nan nan nan nan nan nan nan nan nan nan nan nan
 nan nan nan nan nan nan nan nan nan nan nan nan nan nan nan nan nan nan
 nan]
WARNING - Chunk 504:
WARNING - NaN values detected in your input data or the output of your objective/model function - fitting algorithms cannot handle this! Please read https://lmfit.github.io/lmfit-py/faq.html#i-get-errors-from-nan-in-my-fit-what-can-i-do for more information.
ERROR - Chunk 537: No Data! Returning LmfitResult with None.
ERROR - NaN value detected in oversampled model function.
ERROR - <ParameterSet (values: 17)>
    cont_intercept  =  14684.642110043964
    cont_slope      =  -3.172779315146635
    iod_depth       =  0.48049518288704324
    lsf_left_1      =  4.471006165770548
    lsf_left_2      =  -17.30790989798291
    lsf_left_3      =  5.883916802381981
    lsf_left_4      =  -2.9290751329396265
    lsf_left_5      =  0.16749697565532268
    lsf_right1      =  5.125837585041074
    lsf_right2      =  -17.994127746391317
    lsf_right3      =  8.71836016578193
    lsf_right4      =  -3.8424559634269726
    lsf_right5      =  1.1826803468608946
    tem_depth       =  0.9795532234030385
    velocity        =  -2215.900690542416
    wave_intercept  =  6256.615979670578
    wave_slope      =  0.016633294184220215
ERROR - Evaluated LSF:
ERROR - [nan nan nan nan nan nan nan nan nan nan nan nan nan nan nan nan nan nan
 nan nan nan nan nan nan nan nan nan nan nan nan nan nan nan nan nan nan
 nan nan nan nan nan nan nan nan nan nan nan nan nan nan nan nan nan nan
 nan nan nan nan nan nan nan nan nan nan nan nan nan nan nan nan nan nan
 nan]
WARNING - Chunk 543:
WARNING - NaN values detected in your input data or the output of your objective/model function - fitting algorithms cannot handle this! Please read https://lmfit.github.io/lmfit-py/faq.html#i-get-errors-from-nan-in-my-fit-what-can-i-do for more information.
ERROR - Chunk 544: No Data! Returning LmfitResult with None.
ERROR - NaN value detected in oversampled model function.
ERROR - <ParameterSet (values: 17)>
    cont_intercept  =  15380.77580929178
    cont_slope      =  -1.1940780214514939
    iod_depth       =  0.8728778858578676
    lsf_left_1      =  2.92444234850711
    lsf_left_2      =  -16.296204370513756
    lsf_left_3      =  7.85049938027037
    lsf_left_4      =  -1.8727291281157168
    lsf_left_5      =  0.14742830218030353
    lsf_right1      =  9.003868463779288
    lsf_right2      =  -19.175466334967055
    lsf_right3      =  1.2765125167754563
    lsf_right4      =  -0.8893213164489766
    lsf_right5      =  0.44632547644756104
    tem_depth       =  1.0432635091552005
    velocity        =  -1767.2691741940018
    wave_intercept  =  6314.540724908888
    wave_slope      =  0.017743839187659535
ERROR - Evaluated LSF:
ERROR - [nan nan nan nan nan nan nan nan nan nan nan nan nan nan nan nan nan nan
 nan nan nan nan nan nan nan nan nan nan nan nan nan nan nan nan nan nan
 nan nan nan nan nan nan nan nan nan nan nan nan nan nan nan nan nan nan
 nan nan nan nan nan nan nan nan nan nan nan nan nan nan nan nan nan nan
 nan]
WARNING - Chunk 565:
WARNING - NaN values detected in your input data or the output of your objective/model function - fitting algorithms cannot handle this! Please read https://lmfit.github.io/lmfit-py/faq.html#i-get-errors-from-nan-in-my-fit-what-can-i-do for more information.
ERROR - NaN value detected in oversampled model function.
ERROR - <ParameterSet (values: 17)>
    cont_intercept  =  14437.181366719298
    cont_slope      =  5.7404285477458785
    iod_depth       =  0.6671563720964565
    lsf_left_1      =  2.1533644304731565
    lsf_left_2      =  -14.226878171835768
    lsf_left_3      =  2.0350288760722517
    lsf_left_4      =  -1.461081583786744
    lsf_left_5      =  0.7276055420569602
    lsf_right1      =  10.924600497431223
    lsf_right2      =  -17.337115679386123
    lsf_right3      =  1.9915853151989509
    lsf_right4      =  -2.8964543879814055
    lsf_right5      =  1.1923413174038089
    tem_depth       =  1.0603293838614152
    velocity        =  -26191.30722742741
    wave_intercept  =  6316.674783252952
    wave_slope      =  0.015716910609709284
ERROR - Evaluated LSF:
ERROR - [nan nan nan nan nan nan nan nan nan nan nan nan nan nan nan nan nan nan
 nan nan nan nan nan nan nan nan nan nan nan nan nan nan nan nan nan nan
 nan nan nan nan nan nan nan nan nan nan nan nan nan nan nan nan nan nan
 nan nan nan nan nan nan nan nan nan nan nan nan nan nan nan nan nan nan
 nan]
WARNING - Chunk 566:
WARNING - NaN values detected in your input data or the output of your objective/model function - fitting algorithms cannot handle this! Please read https://lmfit.github.io/lmfit-py/faq.html#i-get-errors-from-nan-in-my-fit-what-can-i-do for more information.
ERROR - Chunk 569: No Data! Returning LmfitResult with None.
ERROR - Chunk 570: No Data! Returning LmfitResult with None.
INFO - 
INFO - Number of chunks with no uncertainties: 0
INFO - Number of chunks with outliers: 0
INFO - Number of chunks with nan fitted red. Chi2: 40
INFO - 
INFO - Creating analysis plots...
ERROR - NaN value detected in iodine function.
ERROR - Chunk could not be plotted
Traceback (most recent call last):
  File "/Users/jaklusmeyer/SONG/pyodine/pyodine/plot_lib.py", line 62, in plot_chunkmodel
    sp = fit_results[chunk_nr].fitted_spectrum
  File "/Users/jaklusmeyer/SONG/pyodine/pyodine/fitters/base.py", line 45, in fitted_spectrum
    return self.model.eval_spectrum(self.chunk, self.params, chunk_ind=self.chunk_ind)
  File "/Users/jaklusmeyer/SONG/pyodine/pyodine/models/base.py", line 79, in eval_spectrum
    flux = self.eval(chunk, params, chunk_ind=chunk_ind, **kwargs)
  File "/Users/jaklusmeyer/SONG/pyodine/pyodine/models/spectrum.py", line 138, in eval
    tck = splrep(tem.wave * doppler, flux_tem, s=0)
  File "/Users/jaklusmeyer/miniconda/envs/pyodine_env/lib/python3.9/site-packages/scipy/interpolate/_fitpack_py.py", line 295, in splrep
    res = _impl.splrep(x, y, w, xb, xe, k, task, s, t, full_output, per, quiet)
  File "/Users/jaklusmeyer/miniconda/envs/pyodine_env/lib/python3.9/site-packages/scipy/interpolate/_fitpack_impl.py", line 276, in splrep
    n, c, fp, ier = dfitpack.curfit(task, x, y, w, t, wrk, iwrk,
dfitpack.error: (xb<=x[0]) failed for 1st keyword xb: curfit:xb=nan
INFO - Velocity robust mean: -2773.0913490255307
INFO - Velocity robust std: 721.4172474974355
INFO - 
INFO - Velocity error robust mean: 218.36352234339455
INFO - Velocity error robust std: 215.3397606042469
INFO - 
INFO - Minimum error: 68.0723560363853 in chunk 187
INFO - Maximum error: 5716.518270442085 in chunk 362
INFO - 
INFO - Chunks with nan velocities: [ 29  32  34  37  39  63  93 100 115 121 124 129 136 142 147 190 214 232
 296 317 357 366 369 371 376 406 426 454 457 470 480 496 504 537 543 544
 565 566 569 570]
INFO - Chunks with nan velocity errors: [ 29  32  34  37  39  63  93 100 115 121 124 129 136 142 147 190 214 232
 296 317 357 366 369 371 376 406 426 454 457 470 480 496 504 537 543 544
 565 566 569 570]
INFO - Velocity error at percentile 80: 744.1845608993177
INFO - 
INFO - Time to model this observation: 140.83592224121094
